lambda_00/bar.xvg: 0.0 - 412.3; lambda = (0, 0)
    dH/dl & foreign lambdas:
        dH/dl (coul-lambda) (4124 pts)
        dH/dl (vdw-lambda) (4124 pts)
        delta H to (0, 0) (4124 pts)
        delta H to (0, 0.1) (4124 pts)


lambda_01/bar.xvg: 0.0 - 411.9; lambda = (0, 0.1)
    dH/dl & foreign lambdas:
        dH/dl (coul-lambda) (4120 pts)
        dH/dl (vdw-lambda) (4120 pts)
        delta H to (0, 0) (4120 pts)
        delta H to (0, 0.1) (4120 pts)
        delta H to (0, 0.2) (4120 pts)


lambda_02/bar.xvg: 0.0 - 412.0; lambda = (0, 0.2)
    dH/dl & foreign lambdas:
        dH/dl (coul-lambda) (4121 pts)
        dH/dl (vdw-lambda) (4121 pts)
        delta H to (0, 0.1) (4121 pts)
        delta H to (0, 0.2) (4121 pts)
        delta H to (0, 0.3) (4121 pts)


lambda_03/bar.xvg: 0.0 - 418.8; lambda = (0, 0.3)
    dH/dl & foreign lambdas:
        dH/dl (coul-lambda) (4189 pts)
        dH/dl (vdw-lambda) (4189 pts)
        delta H to (0, 0.2) (4189 pts)
        delta H to (0, 0.3) (4189 pts)
        delta H to (0, 0.4) (4189 pts)


lambda_04/bar.xvg: 0.0 - 418.4; lambda = (0, 0.4)
    dH/dl & foreign lambdas:
        dH/dl (coul-lambda) (4185 pts)
        dH/dl (vdw-lambda) (4185 pts)
        delta H to (0, 0.3) (4185 pts)
        delta H to (0, 0.4) (4185 pts)
        delta H to (0, 0.5) (4185 pts)


lambda_05/bar.xvg: 0.0 - 418.3; lambda = (0, 0.5)
    dH/dl & foreign lambdas:
        dH/dl (coul-lambda) (4184 pts)
        dH/dl (vdw-lambda) (4184 pts)
        delta H to (0, 0.4) (4184 pts)
        delta H to (0, 0.5) (4184 pts)
        delta H to (0, 0.55) (4184 pts)


lambda_06/bar.xvg: 0.0 - 418.0; lambda = (0, 0.55)
    dH/dl & foreign lambdas:
        dH/dl (coul-lambda) (4181 pts)
        dH/dl (vdw-lambda) (4181 pts)
        delta H to (0, 0.5) (4181 pts)
        delta H to (0, 0.55) (4181 pts)
        delta H to (0, 0.6) (4181 pts)


lambda_07/bar.xvg: 0.0 - 417.6; lambda = (0, 0.6)
    dH/dl & foreign lambdas:
        dH/dl (coul-lambda) (4177 pts)
        dH/dl (vdw-lambda) (4177 pts)
        delta H to (0, 0.55) (4177 pts)
        delta H to (0, 0.6) (4177 pts)
        delta H to (0, 0.65) (4177 pts)


lambda_08/bar.xvg: 0.0 - 416.5; lambda = (0, 0.65)
    dH/dl & foreign lambdas:
        dH/dl (coul-lambda) (4166 pts)
        dH/dl (vdw-lambda) (4166 pts)
        delta H to (0, 0.6) (4166 pts)
        delta H to (0, 0.65) (4166 pts)
        delta H to (0, 0.7) (4166 pts)


lambda_09/bar.xvg: 0.0 - 415.7; lambda = (0, 0.7)
    dH/dl & foreign lambdas:
        dH/dl (coul-lambda) (4158 pts)
        dH/dl (vdw-lambda) (4158 pts)
        delta H to (0, 0.65) (4158 pts)
        delta H to (0, 0.7) (4158 pts)
        delta H to (0, 0.75) (4158 pts)


lambda_10/bar.xvg: 0.0 - 414.9; lambda = (0, 0.75)
    dH/dl & foreign lambdas:
        dH/dl (coul-lambda) (4150 pts)
        dH/dl (vdw-lambda) (4150 pts)
        delta H to (0, 0.7) (4150 pts)
        delta H to (0, 0.75) (4150 pts)
        delta H to (0, 0.8) (4150 pts)


lambda_11/bar.xvg: 0.0 - 413.7; lambda = (0, 0.8)
    dH/dl & foreign lambdas:
        dH/dl (coul-lambda) (4138 pts)
        dH/dl (vdw-lambda) (4138 pts)
        delta H to (0, 0.75) (4138 pts)
        delta H to (0, 0.8) (4138 pts)
        delta H to (0, 0.85) (4138 pts)


lambda_12/bar.xvg: 0.0 - 413.3; lambda = (0, 0.85)
    dH/dl & foreign lambdas:
        dH/dl (coul-lambda) (4134 pts)
        dH/dl (vdw-lambda) (4134 pts)
        delta H to (0, 0.8) (4134 pts)
        delta H to (0, 0.85) (4134 pts)
        delta H to (0, 0.9) (4134 pts)


lambda_13/bar.xvg: 0.0 - 412.9; lambda = (0, 0.9)
    dH/dl & foreign lambdas:
        dH/dl (coul-lambda) (4130 pts)
        dH/dl (vdw-lambda) (4130 pts)
        delta H to (0, 0.85) (4130 pts)
        delta H to (0, 0.9) (4130 pts)
        delta H to (0, 0.95) (4130 pts)


lambda_14/bar.xvg: 0.0 - 412.4; lambda = (0, 0.95)
    dH/dl & foreign lambdas:
        dH/dl (coul-lambda) (4125 pts)
        dH/dl (vdw-lambda) (4125 pts)
        delta H to (0, 0.9) (4125 pts)
        delta H to (0, 0.95) (4125 pts)
        delta H to (0, 1) (4125 pts)


lambda_15/bar.xvg: 0.0 - 412.3; lambda = (0, 1)
    dH/dl & foreign lambdas:
        dH/dl (coul-lambda) (4124 pts)
        dH/dl (vdw-lambda) (4124 pts)
        delta H to (0, 0.95) (4124 pts)
        delta H to (0, 1) (4124 pts)
        delta H to (0.2, 1) (4124 pts)


lambda_16/bar.xvg: 0.0 - 408.3; lambda = (0.2, 1)
    dH/dl & foreign lambdas:
        dH/dl (coul-lambda) (4084 pts)
        dH/dl (vdw-lambda) (4084 pts)
        delta H to (0, 1) (4084 pts)
        delta H to (0.2, 1) (4084 pts)
        delta H to (0.4, 1) (4084 pts)


lambda_17/bar.xvg: 0.0 - 410.1; lambda = (0.4, 1)
    dH/dl & foreign lambdas:
        dH/dl (coul-lambda) (4102 pts)
        dH/dl (vdw-lambda) (4102 pts)
        delta H to (0.2, 1) (4102 pts)
        delta H to (0.4, 1) (4102 pts)
        delta H to (0.5, 1) (4102 pts)


lambda_18/bar.xvg: 0.0 - 411.0; lambda = (0.5, 1)
    dH/dl & foreign lambdas:
        dH/dl (coul-lambda) (4111 pts)
        dH/dl (vdw-lambda) (4111 pts)
        delta H to (0.4, 1) (4111 pts)
        delta H to (0.5, 1) (4111 pts)
        delta H to (0.6, 1) (4111 pts)


lambda_19/bar.xvg: 0.0 - 412.0; lambda = (0.6, 1)
    dH/dl & foreign lambdas:
        dH/dl (coul-lambda) (4121 pts)
        dH/dl (vdw-lambda) (4121 pts)
        delta H to (0.5, 1) (4121 pts)
        delta H to (0.6, 1) (4121 pts)
        delta H to (0.7, 1) (4121 pts)


lambda_20/bar.xvg: 0.0 - 412.9; lambda = (0.7, 1)
    dH/dl & foreign lambdas:
        dH/dl (coul-lambda) (4130 pts)
        dH/dl (vdw-lambda) (4130 pts)
        delta H to (0.6, 1) (4130 pts)
        delta H to (0.7, 1) (4130 pts)
        delta H to (0.8, 1) (4130 pts)


lambda_21/bar.xvg: 0.0 - 413.8; lambda = (0.8, 1)
    dH/dl & foreign lambdas:
        dH/dl (coul-lambda) (4139 pts)
        dH/dl (vdw-lambda) (4139 pts)
        delta H to (0.7, 1) (4139 pts)
        delta H to (0.8, 1) (4139 pts)
        delta H to (0.9, 1) (4139 pts)


lambda_22/bar.xvg: 0.0 - 414.6; lambda = (0.9, 1)
    dH/dl & foreign lambdas:
        dH/dl (coul-lambda) (4147 pts)
        dH/dl (vdw-lambda) (4147 pts)
        delta H to (0.8, 1) (4147 pts)
        delta H to (0.9, 1) (4147 pts)
        delta H to (1, 1) (4147 pts)


lambda_23/bar.xvg: 0.0 - 408.3; lambda = (1, 1)
    dH/dl & foreign lambdas:
        dH/dl (coul-lambda) (4084 pts)
        dH/dl (vdw-lambda) (4084 pts)
        delta H to (0.9, 1) (4084 pts)
        delta H to (1, 1) (4084 pts)



   Samples in time interval: 0.000 - 418.800
Removing samples outside of: 100.000 - 418.800

Temperature: 300 K

Detailed results in kT (see help for explanation):

 lam_A  lam_B      DG   +/-     s_A   +/-     s_B   +/-   stdev   +/- 
     0      1   -7.30  0.01    0.02  0.00    0.02  0.00    0.24  0.00
     1      2   -5.75  0.01    0.01  0.00    0.01  0.00    0.24  0.00
     2      3   -2.91  0.02    0.09  0.01    0.09  0.01    0.38  0.01
     3      4    2.04  0.04    0.38  0.03    0.41  0.03    0.89  0.02
     4      5    8.96  0.09    2.54  0.12    2.97  0.15    2.74  0.11
     5      6    5.03  0.12    2.66  0.11    2.20  0.08    2.54  0.07
     6      7    3.20  0.06    2.47  0.09    1.73  0.04    2.23  0.04
     7      8    1.97  0.06    1.69  0.05    1.17  0.05    1.74  0.04
     8      9    1.30  0.03    1.34  0.04    0.94  0.02    1.56  0.02
     9     10    0.81  0.04    1.18  0.02    0.83  0.02    1.42  0.02
    10     11    0.41  0.03    0.99  0.03    0.70  0.02    1.30  0.02
    11     12    0.12  0.02    0.84  0.03    0.58  0.02    1.19  0.01
    12     13   -0.07  0.02    0.76  0.03    0.52  0.02    1.12  0.00
    13     14   -0.25  0.02    0.69  0.04    0.49  0.03    1.05  0.01
    14     15   -0.41  0.01    0.61  0.02    0.44  0.02    1.00  0.01
    15     16   -0.54  0.04    0.57  0.02    0.60  0.03    1.08  0.02
    16     17   -1.84  0.02    0.69  0.04    0.79  0.05    1.25  0.02
    17     18   -1.57  0.02    0.25  0.02    0.27  0.02    0.71  0.01
    18     19   -2.13  0.02    0.30  0.02    0.31  0.02    0.77  0.01
    19     20   -2.75  0.04    0.31  0.02    0.32  0.03    0.83  0.01
    20     21   -3.44  0.03    0.37  0.03    0.39  0.03    0.87  0.02
    21     22   -4.22  0.04    0.40  0.03    0.41  0.04    0.90  0.02
    22     23   -5.06  0.04    0.42  0.03    0.43  0.04    0.92  0.03


Final results in kJ/mol:

point      0 -      1,   DG -18.20 +/-  0.03
point      1 -      2,   DG -14.33 +/-  0.02
point      2 -      3,   DG -7.26 +/-  0.05
point      3 -      4,   DG  5.08 +/-  0.10
point      4 -      5,   DG 22.36 +/-  0.22
point      5 -      6,   DG 12.55 +/-  0.30
point      6 -      7,   DG  7.99 +/-  0.15
point      7 -      8,   DG  4.90 +/-  0.15
point      8 -      9,   DG  3.24 +/-  0.08
point      9 -     10,   DG  2.01 +/-  0.11
point     10 -     11,   DG  1.03 +/-  0.09
point     11 -     12,   DG  0.31 +/-  0.05
point     12 -     13,   DG -0.18 +/-  0.06
point     13 -     14,   DG -0.63 +/-  0.04
point     14 -     15,   DG -1.02 +/-  0.03
point     15 -     16,   DG -1.34 +/-  0.09
point     16 -     17,   DG -4.58 +/-  0.04
point     17 -     18,   DG -3.91 +/-  0.05
point     18 -     19,   DG -5.31 +/-  0.05
point     19 -     20,   DG -6.85 +/-  0.10
point     20 -     21,   DG -8.58 +/-  0.08
point     21 -     22,   DG -10.53 +/-  0.09
point     22 -     23,   DG -12.61 +/-  0.11

total      0 -     23,   DG -35.89 +/-  0.64

