lambda_00/bar.xvg: 0.0 - 970.0; lambda = (0, 0)
    dH/dl & foreign lambdas:
        dH/dl (coul-lambda) (9701 pts)
        dH/dl (vdw-lambda) (9701 pts)
        delta H to (0, 0) (9701 pts)
        delta H to (0, 0.1) (9701 pts)


lambda_01/bar.xvg: 0.0 - 971.2; lambda = (0, 0.1)
    dH/dl & foreign lambdas:
        dH/dl (coul-lambda) (9713 pts)
        dH/dl (vdw-lambda) (9713 pts)
        delta H to (0, 0) (9713 pts)
        delta H to (0, 0.1) (9713 pts)
        delta H to (0, 0.2) (9713 pts)


lambda_02/bar.xvg: 0.0 - 970.9; lambda = (0, 0.2)
    dH/dl & foreign lambdas:
        dH/dl (coul-lambda) (9710 pts)
        dH/dl (vdw-lambda) (9710 pts)
        delta H to (0, 0.1) (9710 pts)
        delta H to (0, 0.2) (9710 pts)
        delta H to (0, 0.3) (9710 pts)


lambda_03/bar.xvg: 0.0 - 974.2; lambda = (0, 0.3)
    dH/dl & foreign lambdas:
        dH/dl (coul-lambda) (9743 pts)
        dH/dl (vdw-lambda) (9743 pts)
        delta H to (0, 0.2) (9743 pts)
        delta H to (0, 0.3) (9743 pts)
        delta H to (0, 0.4) (9743 pts)


lambda_04/bar.xvg: 0.0 - 972.9; lambda = (0, 0.4)
    dH/dl & foreign lambdas:
        dH/dl (coul-lambda) (9730 pts)
        dH/dl (vdw-lambda) (9730 pts)
        delta H to (0, 0.3) (9730 pts)
        delta H to (0, 0.4) (9730 pts)
        delta H to (0, 0.5) (9730 pts)


lambda_05/bar.xvg: 0.0 - 973.1; lambda = (0, 0.5)
    dH/dl & foreign lambdas:
        dH/dl (coul-lambda) (9732 pts)
        dH/dl (vdw-lambda) (9732 pts)
        delta H to (0, 0.4) (9732 pts)
        delta H to (0, 0.5) (9732 pts)
        delta H to (0, 0.55) (9732 pts)


lambda_06/bar.xvg: 0.0 - 972.0; lambda = (0, 0.55)
    dH/dl & foreign lambdas:
        dH/dl (coul-lambda) (9721 pts)
        dH/dl (vdw-lambda) (9721 pts)
        delta H to (0, 0.5) (9721 pts)
        delta H to (0, 0.55) (9721 pts)
        delta H to (0, 0.6) (9721 pts)


lambda_07/bar.xvg: 0.0 - 970.8; lambda = (0, 0.6)
    dH/dl & foreign lambdas:
        dH/dl (coul-lambda) (9709 pts)
        dH/dl (vdw-lambda) (9709 pts)
        delta H to (0, 0.55) (9709 pts)
        delta H to (0, 0.6) (9709 pts)
        delta H to (0, 0.65) (9709 pts)


lambda_08/bar.xvg: 0.0 - 970.0; lambda = (0, 0.65)
    dH/dl & foreign lambdas:
        dH/dl (coul-lambda) (9701 pts)
        dH/dl (vdw-lambda) (9701 pts)
        delta H to (0, 0.6) (9701 pts)
        delta H to (0, 0.65) (9701 pts)
        delta H to (0, 0.7) (9701 pts)


lambda_09/bar.xvg: 0.0 - 970.0; lambda = (0, 0.7)
    dH/dl & foreign lambdas:
        dH/dl (coul-lambda) (9701 pts)
        dH/dl (vdw-lambda) (9701 pts)
        delta H to (0, 0.65) (9701 pts)
        delta H to (0, 0.7) (9701 pts)
        delta H to (0, 0.75) (9701 pts)


lambda_10/bar.xvg: 0.0 - 977.7; lambda = (0, 0.75)
    dH/dl & foreign lambdas:
        dH/dl (coul-lambda) (9778 pts)
        dH/dl (vdw-lambda) (9778 pts)
        delta H to (0, 0.7) (9778 pts)
        delta H to (0, 0.75) (9778 pts)
        delta H to (0, 0.8) (9778 pts)


lambda_11/bar.xvg: 0.0 - 975.6; lambda = (0, 0.8)
    dH/dl & foreign lambdas:
        dH/dl (coul-lambda) (9757 pts)
        dH/dl (vdw-lambda) (9757 pts)
        delta H to (0, 0.75) (9757 pts)
        delta H to (0, 0.8) (9757 pts)
        delta H to (0, 0.85) (9757 pts)


lambda_12/bar.xvg: 0.0 - 974.0; lambda = (0, 0.85)
    dH/dl & foreign lambdas:
        dH/dl (coul-lambda) (9741 pts)
        dH/dl (vdw-lambda) (9741 pts)
        delta H to (0, 0.8) (9741 pts)
        delta H to (0, 0.85) (9741 pts)
        delta H to (0, 0.9) (9741 pts)


lambda_13/bar.xvg: 0.0 - 973.0; lambda = (0, 0.9)
    dH/dl & foreign lambdas:
        dH/dl (coul-lambda) (9731 pts)
        dH/dl (vdw-lambda) (9731 pts)
        delta H to (0, 0.85) (9731 pts)
        delta H to (0, 0.9) (9731 pts)
        delta H to (0, 0.95) (9731 pts)


lambda_14/bar.xvg: 0.0 - 972.0; lambda = (0, 0.95)
    dH/dl & foreign lambdas:
        dH/dl (coul-lambda) (9721 pts)
        dH/dl (vdw-lambda) (9721 pts)
        delta H to (0, 0.9) (9721 pts)
        delta H to (0, 0.95) (9721 pts)
        delta H to (0, 1) (9721 pts)


lambda_15/bar.xvg: 0.0 - 971.3; lambda = (0, 1)
    dH/dl & foreign lambdas:
        dH/dl (coul-lambda) (9714 pts)
        dH/dl (vdw-lambda) (9714 pts)
        delta H to (0, 0.95) (9714 pts)
        delta H to (0, 1) (9714 pts)
        delta H to (0.2, 1) (9714 pts)


lambda_16/bar.xvg: 0.0 - 975.7; lambda = (0.2, 1)
    dH/dl & foreign lambdas:
        dH/dl (coul-lambda) (9758 pts)
        dH/dl (vdw-lambda) (9758 pts)
        delta H to (0, 1) (9758 pts)
        delta H to (0.2, 1) (9758 pts)
        delta H to (0.4, 1) (9758 pts)


lambda_17/bar.xvg: 0.0 - 970.0; lambda = (0.4, 1)
    dH/dl & foreign lambdas:
        dH/dl (coul-lambda) (9701 pts)
        dH/dl (vdw-lambda) (9701 pts)
        delta H to (0.2, 1) (9701 pts)
        delta H to (0.4, 1) (9701 pts)
        delta H to (0.5, 1) (9701 pts)


lambda_18/bar.xvg: 0.0 - 970.0; lambda = (0.5, 1)
    dH/dl & foreign lambdas:
        dH/dl (coul-lambda) (9701 pts)
        dH/dl (vdw-lambda) (9701 pts)
        delta H to (0.4, 1) (9701 pts)
        delta H to (0.5, 1) (9701 pts)
        delta H to (0.6, 1) (9701 pts)


lambda_19/bar.xvg: 0.0 - 970.8; lambda = (0.6, 1)
    dH/dl & foreign lambdas:
        dH/dl (coul-lambda) (9709 pts)
        dH/dl (vdw-lambda) (9709 pts)
        delta H to (0.5, 1) (9709 pts)
        delta H to (0.6, 1) (9709 pts)
        delta H to (0.7, 1) (9709 pts)


lambda_20/bar.xvg: 0.0 - 972.9; lambda = (0.7, 1)
    dH/dl & foreign lambdas:
        dH/dl (coul-lambda) (9730 pts)
        dH/dl (vdw-lambda) (9730 pts)
        delta H to (0.6, 1) (9730 pts)
        delta H to (0.7, 1) (9730 pts)
        delta H to (0.8, 1) (9730 pts)


lambda_21/bar.xvg: 0.0 - 975.1; lambda = (0.8, 1)
    dH/dl & foreign lambdas:
        dH/dl (coul-lambda) (9752 pts)
        dH/dl (vdw-lambda) (9752 pts)
        delta H to (0.7, 1) (9752 pts)
        delta H to (0.8, 1) (9752 pts)
        delta H to (0.9, 1) (9752 pts)


lambda_22/bar.xvg: 0.0 - 977.2; lambda = (0.9, 1)
    dH/dl & foreign lambdas:
        dH/dl (coul-lambda) (9773 pts)
        dH/dl (vdw-lambda) (9773 pts)
        delta H to (0.8, 1) (9773 pts)
        delta H to (0.9, 1) (9773 pts)
        delta H to (1, 1) (9773 pts)


lambda_23/bar.xvg: 0.0 - 970.0; lambda = (1, 1)
    dH/dl & foreign lambdas:
        dH/dl (coul-lambda) (9701 pts)
        dH/dl (vdw-lambda) (9701 pts)
        delta H to (0.9, 1) (9701 pts)
        delta H to (1, 1) (9701 pts)



   Samples in time interval: 0.000 - 977.700
Removing samples outside of: 100.000 - 977.700

Temperature: 300 K

Detailed results in kT (see help for explanation):

 lam_A  lam_B      DG   +/-     s_A   +/-     s_B   +/-   stdev   +/- 
     0      1   -7.28  0.01    0.04  0.01    0.03  0.01    0.25  0.01
     1      2   -5.76  0.00    0.03  0.00    0.02  0.00    0.24  0.00
     2      3   -2.91  0.01    0.07  0.00    0.07  0.00    0.39  0.00
     3      4    2.12  0.02    0.35  0.02    0.37  0.02    0.87  0.01
     4      5    9.11  0.07    2.70  0.05    3.32  0.04    2.94  0.03
     5      6    4.94  0.05    2.56  0.06    2.13  0.05    2.45  0.04
     6      7    3.18  0.08    2.46  0.07    1.63  0.05    2.19  0.05
     7      8    2.06  0.03    1.72  0.06    1.19  0.05    1.77  0.03
     8      9    1.31  0.01    1.43  0.01    1.01  0.02    1.57  0.01
     9     10    0.78  0.01    1.12  0.02    0.79  0.02    1.40  0.01
    10     11    0.40  0.02    1.00  0.02    0.69  0.02    1.29  0.01
    11     12    0.12  0.01    0.84  0.02    0.59  0.01    1.18  0.01
    12     13   -0.10  0.01    0.75  0.02    0.54  0.01    1.12  0.01
    13     14   -0.30  0.01    0.67  0.01    0.48  0.01    1.05  0.01
    14     15   -0.43  0.01    0.58  0.01    0.42  0.01    0.97  0.01
    15     16   -0.51  0.02    0.52  0.01    0.54  0.02    1.03  0.01
    16     17   -1.67  0.03    0.63  0.02    0.70  0.02    1.17  0.01
    17     18   -1.40  0.02    0.21  0.01    0.23  0.01    0.67  0.01
    18     19   -1.89  0.02    0.25  0.01    0.27  0.00    0.74  0.00
    19     20   -2.46  0.02    0.31  0.00    0.32  0.00    0.79  0.00
    20     21   -3.12  0.01    0.34  0.01    0.35  0.01    0.82  0.01
    21     22   -3.85  0.02    0.38  0.02    0.39  0.02    0.86  0.01
    22     23   -4.62  0.04    0.38  0.02    0.39  0.02    0.89  0.01


Final results in kJ/mol:

point      0 -      1,   DG -18.15 +/-  0.01
point      1 -      2,   DG -14.36 +/-  0.01
point      2 -      3,   DG -7.26 +/-  0.02
point      3 -      4,   DG  5.30 +/-  0.04
point      4 -      5,   DG 22.71 +/-  0.17
point      5 -      6,   DG 12.32 +/-  0.11
point      6 -      7,   DG  7.93 +/-  0.21
point      7 -      8,   DG  5.13 +/-  0.08
point      8 -      9,   DG  3.28 +/-  0.04
point      9 -     10,   DG  1.94 +/-  0.04
point     10 -     11,   DG  1.00 +/-  0.05
point     11 -     12,   DG  0.29 +/-  0.03
point     12 -     13,   DG -0.25 +/-  0.03
point     13 -     14,   DG -0.75 +/-  0.03
point     14 -     15,   DG -1.08 +/-  0.02
point     15 -     16,   DG -1.26 +/-  0.04
point     16 -     17,   DG -4.17 +/-  0.08
point     17 -     18,   DG -3.50 +/-  0.05
point     18 -     19,   DG -4.70 +/-  0.05
point     19 -     20,   DG -6.15 +/-  0.05
point     20 -     21,   DG -7.79 +/-  0.03
point     21 -     22,   DG -9.61 +/-  0.04
point     22 -     23,   DG -11.51 +/-  0.09

total      0 -     23,   DG -30.65 +/-  0.53

