lambda_00/bar.xvg: 0.0 - 988.0; lambda = (0, 0)
    dH/dl & foreign lambdas:
        dH/dl (coul-lambda) (9881 pts)
        dH/dl (vdw-lambda) (9881 pts)
        delta H to (0, 0) (9881 pts)
        delta H to (0, 0.1) (9881 pts)


lambda_01/bar.xvg: 0.0 - 988.0; lambda = (0, 0.1)
    dH/dl & foreign lambdas:
        dH/dl (coul-lambda) (9881 pts)
        dH/dl (vdw-lambda) (9881 pts)
        delta H to (0, 0) (9881 pts)
        delta H to (0, 0.1) (9881 pts)
        delta H to (0, 0.2) (9881 pts)


lambda_02/bar.xvg: 0.0 - 988.0; lambda = (0, 0.2)
    dH/dl & foreign lambdas:
        dH/dl (coul-lambda) (9881 pts)
        dH/dl (vdw-lambda) (9881 pts)
        delta H to (0, 0.1) (9881 pts)
        delta H to (0, 0.2) (9881 pts)
        delta H to (0, 0.3) (9881 pts)


lambda_03/bar.xvg: 0.0 - 988.0; lambda = (0, 0.3)
    dH/dl & foreign lambdas:
        dH/dl (coul-lambda) (9881 pts)
        dH/dl (vdw-lambda) (9881 pts)
        delta H to (0, 0.2) (9881 pts)
        delta H to (0, 0.3) (9881 pts)
        delta H to (0, 0.4) (9881 pts)


lambda_04/bar.xvg: 0.0 - 988.0; lambda = (0, 0.4)
    dH/dl & foreign lambdas:
        dH/dl (coul-lambda) (9881 pts)
        dH/dl (vdw-lambda) (9881 pts)
        delta H to (0, 0.3) (9881 pts)
        delta H to (0, 0.4) (9881 pts)
        delta H to (0, 0.5) (9881 pts)


lambda_05/bar.xvg: 0.0 - 988.0; lambda = (0, 0.5)
    dH/dl & foreign lambdas:
        dH/dl (coul-lambda) (9881 pts)
        dH/dl (vdw-lambda) (9881 pts)
        delta H to (0, 0.4) (9881 pts)
        delta H to (0, 0.5) (9881 pts)
        delta H to (0, 0.55) (9881 pts)


lambda_06/bar.xvg: 0.0 - 988.0; lambda = (0, 0.55)
    dH/dl & foreign lambdas:
        dH/dl (coul-lambda) (9881 pts)
        dH/dl (vdw-lambda) (9881 pts)
        delta H to (0, 0.5) (9881 pts)
        delta H to (0, 0.55) (9881 pts)
        delta H to (0, 0.6) (9881 pts)


lambda_07/bar.xvg: 0.0 - 993.9; lambda = (0, 0.6)
    dH/dl & foreign lambdas:
        dH/dl (coul-lambda) (9940 pts)
        dH/dl (vdw-lambda) (9940 pts)
        delta H to (0, 0.55) (9940 pts)
        delta H to (0, 0.6) (9940 pts)
        delta H to (0, 0.65) (9940 pts)


lambda_08/bar.xvg: 0.0 - 989.6; lambda = (0, 0.65)
    dH/dl & foreign lambdas:
        dH/dl (coul-lambda) (9897 pts)
        dH/dl (vdw-lambda) (9897 pts)
        delta H to (0, 0.6) (9897 pts)
        delta H to (0, 0.65) (9897 pts)
        delta H to (0, 0.7) (9897 pts)


lambda_09/bar.xvg: 0.0 - 988.0; lambda = (0, 0.7)
    dH/dl & foreign lambdas:
        dH/dl (coul-lambda) (9881 pts)
        dH/dl (vdw-lambda) (9881 pts)
        delta H to (0, 0.65) (9881 pts)
        delta H to (0, 0.7) (9881 pts)
        delta H to (0, 0.75) (9881 pts)


lambda_10/bar.xvg: 0.0 - 988.0; lambda = (0, 0.75)
    dH/dl & foreign lambdas:
        dH/dl (coul-lambda) (9881 pts)
        dH/dl (vdw-lambda) (9881 pts)
        delta H to (0, 0.7) (9881 pts)
        delta H to (0, 0.75) (9881 pts)
        delta H to (0, 0.8) (9881 pts)


lambda_11/bar.xvg: 0.0 - 988.0; lambda = (0, 0.8)
    dH/dl & foreign lambdas:
        dH/dl (coul-lambda) (9881 pts)
        dH/dl (vdw-lambda) (9881 pts)
        delta H to (0, 0.75) (9881 pts)
        delta H to (0, 0.8) (9881 pts)
        delta H to (0, 0.85) (9881 pts)


lambda_12/bar.xvg: 0.0 - 994.2; lambda = (0, 0.85)
    dH/dl & foreign lambdas:
        dH/dl (coul-lambda) (9943 pts)
        dH/dl (vdw-lambda) (9943 pts)
        delta H to (0, 0.8) (9943 pts)
        delta H to (0, 0.85) (9943 pts)
        delta H to (0, 0.9) (9943 pts)


lambda_13/bar.xvg: 0.0 - 993.2; lambda = (0, 0.9)
    dH/dl & foreign lambdas:
        dH/dl (coul-lambda) (9933 pts)
        dH/dl (vdw-lambda) (9933 pts)
        delta H to (0, 0.85) (9933 pts)
        delta H to (0, 0.9) (9933 pts)
        delta H to (0, 0.95) (9933 pts)


lambda_14/bar.xvg: 0.0 - 992.8; lambda = (0, 0.95)
    dH/dl & foreign lambdas:
        dH/dl (coul-lambda) (9929 pts)
        dH/dl (vdw-lambda) (9929 pts)
        delta H to (0, 0.9) (9929 pts)
        delta H to (0, 0.95) (9929 pts)
        delta H to (0, 1) (9929 pts)


lambda_15/bar.xvg: 0.0 - 993.7; lambda = (0, 1)
    dH/dl & foreign lambdas:
        dH/dl (coul-lambda) (9938 pts)
        dH/dl (vdw-lambda) (9938 pts)
        delta H to (0, 0.95) (9938 pts)
        delta H to (0, 1) (9938 pts)
        delta H to (0.2, 1) (9938 pts)


lambda_16/bar.xvg: 0.0 - 990.4; lambda = (0.2, 1)
    dH/dl & foreign lambdas:
        dH/dl (coul-lambda) (9905 pts)
        dH/dl (vdw-lambda) (9905 pts)
        delta H to (0, 1) (9905 pts)
        delta H to (0.2, 1) (9905 pts)
        delta H to (0.4, 1) (9905 pts)


lambda_17/bar.xvg: 0.0 - 994.5; lambda = (0.4, 1)
    dH/dl & foreign lambdas:
        dH/dl (coul-lambda) (9946 pts)
        dH/dl (vdw-lambda) (9946 pts)
        delta H to (0.2, 1) (9946 pts)
        delta H to (0.4, 1) (9946 pts)
        delta H to (0.5, 1) (9946 pts)


lambda_18/bar.xvg: 0.0 - 988.0; lambda = (0.5, 1)
    dH/dl & foreign lambdas:
        dH/dl (coul-lambda) (9881 pts)
        dH/dl (vdw-lambda) (9881 pts)
        delta H to (0.4, 1) (9881 pts)
        delta H to (0.5, 1) (9881 pts)
        delta H to (0.6, 1) (9881 pts)


lambda_19/bar.xvg: 0.0 - 988.0; lambda = (0.6, 1)
    dH/dl & foreign lambdas:
        dH/dl (coul-lambda) (9881 pts)
        dH/dl (vdw-lambda) (9881 pts)
        delta H to (0.5, 1) (9881 pts)
        delta H to (0.6, 1) (9881 pts)
        delta H to (0.7, 1) (9881 pts)


lambda_20/bar.xvg: 0.0 - 988.5; lambda = (0.7, 1)
    dH/dl & foreign lambdas:
        dH/dl (coul-lambda) (9886 pts)
        dH/dl (vdw-lambda) (9886 pts)
        delta H to (0.6, 1) (9886 pts)
        delta H to (0.7, 1) (9886 pts)
        delta H to (0.8, 1) (9886 pts)


lambda_21/bar.xvg: 0.0 - 990.6; lambda = (0.8, 1)
    dH/dl & foreign lambdas:
        dH/dl (coul-lambda) (9907 pts)
        dH/dl (vdw-lambda) (9907 pts)
        delta H to (0.7, 1) (9907 pts)
        delta H to (0.8, 1) (9907 pts)
        delta H to (0.9, 1) (9907 pts)


lambda_22/bar.xvg: 0.0 - 991.8; lambda = (0.9, 1)
    dH/dl & foreign lambdas:
        dH/dl (coul-lambda) (9919 pts)
        dH/dl (vdw-lambda) (9919 pts)
        delta H to (0.8, 1) (9919 pts)
        delta H to (0.9, 1) (9919 pts)
        delta H to (1, 1) (9919 pts)


lambda_23/bar.xvg: 0.0 - 988.0; lambda = (1, 1)
    dH/dl & foreign lambdas:
        dH/dl (coul-lambda) (9881 pts)
        dH/dl (vdw-lambda) (9881 pts)
        delta H to (0.9, 1) (9881 pts)
        delta H to (1, 1) (9881 pts)



Temperature: 300 K

Detailed results in kT (see help for explanation):

 lam_A  lam_B      DG   +/-     s_A   +/-     s_B   +/-   stdev   +/- 
     0      1   -3.32  0.00    0.01  0.00    0.01  0.00    0.15  0.00
     1      2   -2.62  0.00    0.01  0.00    0.01  0.01    0.16  0.00
     2      3   -1.33  0.01    0.03  0.00    0.03  0.00    0.27  0.00
     3      4    0.96  0.01    0.18  0.01    0.20  0.01    0.61  0.01
     4      5    4.10  0.01    1.21  0.04    1.36  0.03    1.71  0.02
     5      6    2.47  0.04    1.05  0.02    0.93  0.02    1.47  0.02
     6      7    1.79  0.04    1.19  0.04    0.82  0.03    1.45  0.03
     7      8    1.19  0.02    0.96  0.01    0.65  0.01    1.23  0.00
     8      9    0.81  0.01    0.69  0.02    0.48  0.02    1.08  0.01
     9     10    0.55  0.01    0.62  0.02    0.44  0.01    1.00  0.01
    10     11    0.33  0.00    0.50  0.02    0.35  0.01    0.90  0.01
    11     12    0.17  0.01    0.45  0.01    0.32  0.00    0.84  0.01
    12     13    0.04  0.01    0.38  0.01    0.27  0.01    0.78  0.01
    13     14   -0.05  0.01    0.34  0.01    0.24  0.01    0.73  0.01
    14     15   -0.11  0.01    0.30  0.01    0.22  0.01    0.70  0.00
    15     16   -0.54  0.01    0.50  0.02    0.53  0.02    1.02  0.01
    16     17   -1.68  0.01    0.61  0.02    0.69  0.03    1.16  0.01
    17     18   -1.39  0.02    0.21  0.01    0.22  0.01    0.66  0.01
    18     19   -1.86  0.01    0.25  0.01    0.26  0.01    0.72  0.01
    19     20   -2.41  0.01    0.29  0.01    0.30  0.01    0.78  0.01
    20     21   -3.04  0.01    0.33  0.02    0.34  0.02    0.82  0.01
    21     22   -3.76  0.02    0.38  0.02    0.39  0.02    0.87  0.01
    22     23   -4.51  0.02    0.37  0.01    0.37  0.01    0.88  0.00


Final results in kJ/mol:

point      0 -      1,   DG -8.29 +/-  0.01
point      1 -      2,   DG -6.54 +/-  0.01
point      2 -      3,   DG -3.32 +/-  0.02
point      3 -      4,   DG  2.39 +/-  0.02
point      4 -      5,   DG 10.22 +/-  0.03
point      5 -      6,   DG  6.16 +/-  0.09
point      6 -      7,   DG  4.48 +/-  0.09
point      7 -      8,   DG  2.97 +/-  0.06
point      8 -      9,   DG  2.02 +/-  0.02
point      9 -     10,   DG  1.36 +/-  0.02
point     10 -     11,   DG  0.83 +/-  0.01
point     11 -     12,   DG  0.43 +/-  0.02
point     12 -     13,   DG  0.10 +/-  0.02
point     13 -     14,   DG -0.12 +/-  0.02
point     14 -     15,   DG -0.29 +/-  0.02
point     15 -     16,   DG -1.34 +/-  0.02
point     16 -     17,   DG -4.18 +/-  0.02
point     17 -     18,   DG -3.46 +/-  0.04
point     18 -     19,   DG -4.64 +/-  0.03
point     19 -     20,   DG -6.02 +/-  0.03
point     20 -     21,   DG -7.59 +/-  0.02
point     21 -     22,   DG -9.37 +/-  0.05
point     22 -     23,   DG -11.26 +/-  0.05

total      0 -     23,   DG -35.46 +/-  0.16

