lambda_00/bar.xvg: 0.0 - 937.0; lambda = (0, 0)
    dH/dl & foreign lambdas:
        dH/dl (coul-lambda) (9371 pts)
        dH/dl (vdw-lambda) (9371 pts)
        delta H to (0, 0) (9371 pts)
        delta H to (0, 0.1) (9371 pts)


lambda_01/bar.xvg: 0.0 - 931.2; lambda = (0, 0.1)
    dH/dl & foreign lambdas:
        dH/dl (coul-lambda) (9313 pts)
        dH/dl (vdw-lambda) (9313 pts)
        delta H to (0, 0) (9313 pts)
        delta H to (0, 0.1) (9313 pts)
        delta H to (0, 0.2) (9313 pts)


lambda_02/bar.xvg: 0.0 - 931.1; lambda = (0, 0.2)
    dH/dl & foreign lambdas:
        dH/dl (coul-lambda) (9312 pts)
        dH/dl (vdw-lambda) (9312 pts)
        delta H to (0, 0.1) (9312 pts)
        delta H to (0, 0.2) (9312 pts)
        delta H to (0, 0.3) (9312 pts)


lambda_03/bar.xvg: 0.0 - 933.2; lambda = (0, 0.3)
    dH/dl & foreign lambdas:
        dH/dl (coul-lambda) (9333 pts)
        dH/dl (vdw-lambda) (9333 pts)
        delta H to (0, 0.2) (9333 pts)
        delta H to (0, 0.3) (9333 pts)
        delta H to (0, 0.4) (9333 pts)


lambda_04/bar.xvg: 0.0 - 932.4; lambda = (0, 0.4)
    dH/dl & foreign lambdas:
        dH/dl (coul-lambda) (9325 pts)
        dH/dl (vdw-lambda) (9325 pts)
        delta H to (0, 0.3) (9325 pts)
        delta H to (0, 0.4) (9325 pts)
        delta H to (0, 0.5) (9325 pts)


lambda_05/bar.xvg: 0.0 - 932.4; lambda = (0, 0.5)
    dH/dl & foreign lambdas:
        dH/dl (coul-lambda) (9325 pts)
        dH/dl (vdw-lambda) (9325 pts)
        delta H to (0, 0.4) (9325 pts)
        delta H to (0, 0.5) (9325 pts)
        delta H to (0, 0.55) (9325 pts)


lambda_06/bar.xvg: 0.0 - 931.4; lambda = (0, 0.55)
    dH/dl & foreign lambdas:
        dH/dl (coul-lambda) (9315 pts)
        dH/dl (vdw-lambda) (9315 pts)
        delta H to (0, 0.5) (9315 pts)
        delta H to (0, 0.55) (9315 pts)
        delta H to (0, 0.6) (9315 pts)


lambda_07/bar.xvg: 0.0 - 930.0; lambda = (0, 0.6)
    dH/dl & foreign lambdas:
        dH/dl (coul-lambda) (9301 pts)
        dH/dl (vdw-lambda) (9301 pts)
        delta H to (0, 0.55) (9301 pts)
        delta H to (0, 0.6) (9301 pts)
        delta H to (0, 0.65) (9301 pts)


lambda_08/bar.xvg: 0.0 - 941.4; lambda = (0, 0.65)
    dH/dl & foreign lambdas:
        dH/dl (coul-lambda) (9415 pts)
        dH/dl (vdw-lambda) (9415 pts)
        delta H to (0, 0.6) (9415 pts)
        delta H to (0, 0.65) (9415 pts)
        delta H to (0, 0.7) (9415 pts)


lambda_09/bar.xvg: 0.0 - 940.0; lambda = (0, 0.7)
    dH/dl & foreign lambdas:
        dH/dl (coul-lambda) (9401 pts)
        dH/dl (vdw-lambda) (9401 pts)
        delta H to (0, 0.65) (9401 pts)
        delta H to (0, 0.7) (9401 pts)
        delta H to (0, 0.75) (9401 pts)


lambda_10/bar.xvg: 0.0 - 937.3; lambda = (0, 0.75)
    dH/dl & foreign lambdas:
        dH/dl (coul-lambda) (9374 pts)
        dH/dl (vdw-lambda) (9374 pts)
        delta H to (0, 0.7) (9374 pts)
        delta H to (0, 0.75) (9374 pts)
        delta H to (0, 0.8) (9374 pts)


lambda_11/bar.xvg: 0.0 - 935.7; lambda = (0, 0.8)
    dH/dl & foreign lambdas:
        dH/dl (coul-lambda) (9358 pts)
        dH/dl (vdw-lambda) (9358 pts)
        delta H to (0, 0.75) (9358 pts)
        delta H to (0, 0.8) (9358 pts)
        delta H to (0, 0.85) (9358 pts)


lambda_12/bar.xvg: 0.0 - 934.3; lambda = (0, 0.85)
    dH/dl & foreign lambdas:
        dH/dl (coul-lambda) (9344 pts)
        dH/dl (vdw-lambda) (9344 pts)
        delta H to (0, 0.8) (9344 pts)
        delta H to (0, 0.85) (9344 pts)
        delta H to (0, 0.9) (9344 pts)


lambda_13/bar.xvg: 0.0 - 933.2; lambda = (0, 0.9)
    dH/dl & foreign lambdas:
        dH/dl (coul-lambda) (9333 pts)
        dH/dl (vdw-lambda) (9333 pts)
        delta H to (0, 0.85) (9333 pts)
        delta H to (0, 0.9) (9333 pts)
        delta H to (0, 0.95) (9333 pts)


lambda_14/bar.xvg: 0.0 - 932.2; lambda = (0, 0.95)
    dH/dl & foreign lambdas:
        dH/dl (coul-lambda) (9323 pts)
        dH/dl (vdw-lambda) (9323 pts)
        delta H to (0, 0.9) (9323 pts)
        delta H to (0, 0.95) (9323 pts)
        delta H to (0, 1) (9323 pts)


lambda_15/bar.xvg: 0.0 - 931.5; lambda = (0, 1)
    dH/dl & foreign lambdas:
        dH/dl (coul-lambda) (9316 pts)
        dH/dl (vdw-lambda) (9316 pts)
        delta H to (0, 0.95) (9316 pts)
        delta H to (0, 1) (9316 pts)
        delta H to (0.2, 1) (9316 pts)


lambda_16/bar.xvg: 0.0 - 936.4; lambda = (0.2, 1)
    dH/dl & foreign lambdas:
        dH/dl (coul-lambda) (9365 pts)
        dH/dl (vdw-lambda) (9365 pts)
        delta H to (0, 1) (9365 pts)
        delta H to (0.2, 1) (9365 pts)
        delta H to (0.4, 1) (9365 pts)


lambda_17/bar.xvg: 0.0 - 940.4; lambda = (0.4, 1)
    dH/dl & foreign lambdas:
        dH/dl (coul-lambda) (9405 pts)
        dH/dl (vdw-lambda) (9405 pts)
        delta H to (0.2, 1) (9405 pts)
        delta H to (0.4, 1) (9405 pts)
        delta H to (0.5, 1) (9405 pts)


lambda_18/bar.xvg: 0.0 - 929.0; lambda = (0.5, 1)
    dH/dl & foreign lambdas:
        dH/dl (coul-lambda) (9291 pts)
        dH/dl (vdw-lambda) (9291 pts)
        delta H to (0.4, 1) (9291 pts)
        delta H to (0.5, 1) (9291 pts)
        delta H to (0.6, 1) (9291 pts)


lambda_19/bar.xvg: 0.0 - 931.1; lambda = (0.6, 1)
    dH/dl & foreign lambdas:
        dH/dl (coul-lambda) (9312 pts)
        dH/dl (vdw-lambda) (9312 pts)
        delta H to (0.5, 1) (9312 pts)
        delta H to (0.6, 1) (9312 pts)
        delta H to (0.7, 1) (9312 pts)


lambda_20/bar.xvg: 0.0 - 933.1; lambda = (0.7, 1)
    dH/dl & foreign lambdas:
        dH/dl (coul-lambda) (9332 pts)
        dH/dl (vdw-lambda) (9332 pts)
        delta H to (0.6, 1) (9332 pts)
        delta H to (0.7, 1) (9332 pts)
        delta H to (0.8, 1) (9332 pts)


lambda_21/bar.xvg: 0.0 - 935.3; lambda = (0.8, 1)
    dH/dl & foreign lambdas:
        dH/dl (coul-lambda) (9354 pts)
        dH/dl (vdw-lambda) (9354 pts)
        delta H to (0.7, 1) (9354 pts)
        delta H to (0.8, 1) (9354 pts)
        delta H to (0.9, 1) (9354 pts)


lambda_22/bar.xvg: 0.0 - 937.0; lambda = (0.9, 1)
    dH/dl & foreign lambdas:
        dH/dl (coul-lambda) (9371 pts)
        dH/dl (vdw-lambda) (9371 pts)
        delta H to (0.8, 1) (9371 pts)
        delta H to (0.9, 1) (9371 pts)
        delta H to (1, 1) (9371 pts)


lambda_23/bar.xvg: 0.0 - 931.9; lambda = (1, 1)
    dH/dl & foreign lambdas:
        dH/dl (coul-lambda) (9320 pts)
        dH/dl (vdw-lambda) (9320 pts)
        delta H to (0.9, 1) (9320 pts)
        delta H to (1, 1) (9320 pts)



   Samples in time interval: 0.000 - 941.400
Removing samples outside of: 100.000 - 941.400

Temperature: 300 K

Detailed results in kT (see help for explanation):

 lam_A  lam_B      DG   +/-     s_A   +/-     s_B   +/-   stdev   +/- 
     0      1   -7.29  0.01    0.02  0.01    0.02  0.01    0.24  0.00
     1      2   -5.76  0.01    0.02  0.00    0.02  0.00    0.24  0.00
     2      3   -2.91  0.00    0.09  0.01    0.09  0.01    0.38  0.00
     3      4    2.07  0.02    0.39  0.02    0.43  0.02    0.88  0.01
     4      5    8.90  0.09    2.67  0.03    3.04  0.11    2.88  0.04
     5      6    5.05  0.14    2.51  0.04    2.28  0.08    2.55  0.05
     6      7    3.11  0.04    2.48  0.09    1.60  0.05    2.17  0.03
     7      8    1.97  0.03    1.74  0.07    1.22  0.05    1.78  0.03
     8      9    1.29  0.01    1.29  0.06    0.89  0.03    1.52  0.02
     9     10    0.83  0.01    1.22  0.03    0.86  0.02    1.43  0.02
    10     11    0.39  0.02    0.98  0.01    0.69  0.02    1.28  0.01
    11     12    0.10  0.02    0.85  0.02    0.59  0.01    1.18  0.01
    12     13   -0.12  0.01    0.75  0.02    0.53  0.02    1.12  0.01
    13     14   -0.30  0.01    0.67  0.02    0.47  0.02    1.05  0.01
    14     15   -0.43  0.01    0.60  0.02    0.43  0.01    0.98  0.01
    15     16   -0.55  0.01    0.54  0.01    0.57  0.02    1.05  0.01
    16     17   -1.78  0.02    0.67  0.01    0.75  0.02    1.21  0.01
    17     18   -1.49  0.02    0.22  0.01    0.24  0.01    0.69  0.00
    18     19   -2.00  0.02    0.28  0.01    0.29  0.01    0.76  0.01
    19     20   -2.61  0.03    0.32  0.01    0.33  0.01    0.81  0.00
    20     21   -3.29  0.01    0.34  0.03    0.35  0.03    0.85  0.02
    21     22   -4.00  0.02    0.36  0.01    0.37  0.01    0.88  0.00
    22     23   -4.77  0.04    0.39  0.03    0.40  0.02    0.91  0.01


Final results in kJ/mol:

point      0 -      1,   DG -18.18 +/-  0.02
point      1 -      2,   DG -14.36 +/-  0.01
point      2 -      3,   DG -7.25 +/-  0.01
point      3 -      4,   DG  5.17 +/-  0.04
point      4 -      5,   DG 22.20 +/-  0.22
point      5 -      6,   DG 12.60 +/-  0.35
point      6 -      7,   DG  7.76 +/-  0.10
point      7 -      8,   DG  4.92 +/-  0.08
point      8 -      9,   DG  3.21 +/-  0.04
point      9 -     10,   DG  2.06 +/-  0.03
point     10 -     11,   DG  0.97 +/-  0.05
point     11 -     12,   DG  0.26 +/-  0.05
point     12 -     13,   DG -0.30 +/-  0.02
point     13 -     14,   DG -0.74 +/-  0.02
point     14 -     15,   DG -1.07 +/-  0.03
point     15 -     16,   DG -1.37 +/-  0.02
point     16 -     17,   DG -4.45 +/-  0.04
point     17 -     18,   DG -3.71 +/-  0.05
point     18 -     19,   DG -4.99 +/-  0.06
point     19 -     20,   DG -6.52 +/-  0.08
point     20 -     21,   DG -8.20 +/-  0.04
point     21 -     22,   DG -9.99 +/-  0.04
point     22 -     23,   DG -11.89 +/-  0.10

total      0 -     23,   DG -33.87 +/-  0.83

