lambda_00/bar.xvg: 0.0 - 921.1; lambda = (0, 0)
    dH/dl & foreign lambdas:
        dH/dl (coul-lambda) (9212 pts)
        dH/dl (vdw-lambda) (9212 pts)
        delta H to (0, 0) (9212 pts)
        delta H to (0, 0.1) (9212 pts)


lambda_01/bar.xvg: 0.0 - 917.8; lambda = (0, 0.1)
    dH/dl & foreign lambdas:
        dH/dl (coul-lambda) (9179 pts)
        dH/dl (vdw-lambda) (9179 pts)
        delta H to (0, 0) (9179 pts)
        delta H to (0, 0.1) (9179 pts)
        delta H to (0, 0.2) (9179 pts)


lambda_02/bar.xvg: 0.0 - 917.8; lambda = (0, 0.2)
    dH/dl & foreign lambdas:
        dH/dl (coul-lambda) (9179 pts)
        dH/dl (vdw-lambda) (9179 pts)
        delta H to (0, 0.1) (9179 pts)
        delta H to (0, 0.2) (9179 pts)
        delta H to (0, 0.3) (9179 pts)


lambda_03/bar.xvg: 0.0 - 919.4; lambda = (0, 0.3)
    dH/dl & foreign lambdas:
        dH/dl (coul-lambda) (9195 pts)
        dH/dl (vdw-lambda) (9195 pts)
        delta H to (0, 0.2) (9195 pts)
        delta H to (0, 0.3) (9195 pts)
        delta H to (0, 0.4) (9195 pts)


lambda_04/bar.xvg: 0.0 - 918.6; lambda = (0, 0.4)
    dH/dl & foreign lambdas:
        dH/dl (coul-lambda) (9187 pts)
        dH/dl (vdw-lambda) (9187 pts)
        delta H to (0, 0.3) (9187 pts)
        delta H to (0, 0.4) (9187 pts)
        delta H to (0, 0.5) (9187 pts)


lambda_05/bar.xvg: 0.0 - 919.1; lambda = (0, 0.5)
    dH/dl & foreign lambdas:
        dH/dl (coul-lambda) (9192 pts)
        dH/dl (vdw-lambda) (9192 pts)
        delta H to (0, 0.4) (9192 pts)
        delta H to (0, 0.5) (9192 pts)
        delta H to (0, 0.55) (9192 pts)


lambda_06/bar.xvg: 0.0 - 918.0; lambda = (0, 0.55)
    dH/dl & foreign lambdas:
        dH/dl (coul-lambda) (9181 pts)
        dH/dl (vdw-lambda) (9181 pts)
        delta H to (0, 0.5) (9181 pts)
        delta H to (0, 0.55) (9181 pts)
        delta H to (0, 0.6) (9181 pts)


lambda_07/bar.xvg: 0.0 - 916.0; lambda = (0, 0.6)
    dH/dl & foreign lambdas:
        dH/dl (coul-lambda) (9161 pts)
        dH/dl (vdw-lambda) (9161 pts)
        delta H to (0, 0.55) (9161 pts)
        delta H to (0, 0.6) (9161 pts)
        delta H to (0, 0.65) (9161 pts)


lambda_08/bar.xvg: 0.0 - 914.3; lambda = (0, 0.65)
    dH/dl & foreign lambdas:
        dH/dl (coul-lambda) (9144 pts)
        dH/dl (vdw-lambda) (9144 pts)
        delta H to (0, 0.6) (9144 pts)
        delta H to (0, 0.65) (9144 pts)
        delta H to (0, 0.7) (9144 pts)


lambda_09/bar.xvg: 0.0 - 925.2; lambda = (0, 0.7)
    dH/dl & foreign lambdas:
        dH/dl (coul-lambda) (9253 pts)
        dH/dl (vdw-lambda) (9253 pts)
        delta H to (0, 0.65) (9253 pts)
        delta H to (0, 0.7) (9253 pts)
        delta H to (0, 0.75) (9253 pts)


lambda_10/bar.xvg: 0.0 - 923.2; lambda = (0, 0.75)
    dH/dl & foreign lambdas:
        dH/dl (coul-lambda) (9233 pts)
        dH/dl (vdw-lambda) (9233 pts)
        delta H to (0, 0.7) (9233 pts)
        delta H to (0, 0.75) (9233 pts)
        delta H to (0, 0.8) (9233 pts)


lambda_11/bar.xvg: 0.0 - 921.5; lambda = (0, 0.8)
    dH/dl & foreign lambdas:
        dH/dl (coul-lambda) (9216 pts)
        dH/dl (vdw-lambda) (9216 pts)
        delta H to (0, 0.75) (9216 pts)
        delta H to (0, 0.8) (9216 pts)
        delta H to (0, 0.85) (9216 pts)


lambda_12/bar.xvg: 0.0 - 920.3; lambda = (0, 0.85)
    dH/dl & foreign lambdas:
        dH/dl (coul-lambda) (9204 pts)
        dH/dl (vdw-lambda) (9204 pts)
        delta H to (0, 0.8) (9204 pts)
        delta H to (0, 0.85) (9204 pts)
        delta H to (0, 0.9) (9204 pts)


lambda_13/bar.xvg: 0.0 - 918.9; lambda = (0, 0.9)
    dH/dl & foreign lambdas:
        dH/dl (coul-lambda) (9190 pts)
        dH/dl (vdw-lambda) (9190 pts)
        delta H to (0, 0.85) (9190 pts)
        delta H to (0, 0.9) (9190 pts)
        delta H to (0, 0.95) (9190 pts)


lambda_14/bar.xvg: 0.0 - 918.6; lambda = (0, 0.95)
    dH/dl & foreign lambdas:
        dH/dl (coul-lambda) (9187 pts)
        dH/dl (vdw-lambda) (9187 pts)
        delta H to (0, 0.9) (9187 pts)
        delta H to (0, 0.95) (9187 pts)
        delta H to (0, 1) (9187 pts)


lambda_15/bar.xvg: 0.0 - 917.6; lambda = (0, 1)
    dH/dl & foreign lambdas:
        dH/dl (coul-lambda) (9177 pts)
        dH/dl (vdw-lambda) (9177 pts)
        delta H to (0, 0.95) (9177 pts)
        delta H to (0, 1) (9177 pts)
        delta H to (0.2, 1) (9177 pts)


lambda_16/bar.xvg: 0.0 - 923.4; lambda = (0.2, 1)
    dH/dl & foreign lambdas:
        dH/dl (coul-lambda) (9235 pts)
        dH/dl (vdw-lambda) (9235 pts)
        delta H to (0, 1) (9235 pts)
        delta H to (0.2, 1) (9235 pts)
        delta H to (0.4, 1) (9235 pts)


lambda_17/bar.xvg: 0.0 - 913.5; lambda = (0.4, 1)
    dH/dl & foreign lambdas:
        dH/dl (coul-lambda) (9136 pts)
        dH/dl (vdw-lambda) (9136 pts)
        delta H to (0.2, 1) (9136 pts)
        delta H to (0.4, 1) (9136 pts)
        delta H to (0.5, 1) (9136 pts)


lambda_18/bar.xvg: 0.0 - 915.6; lambda = (0.5, 1)
    dH/dl & foreign lambdas:
        dH/dl (coul-lambda) (9157 pts)
        dH/dl (vdw-lambda) (9157 pts)
        delta H to (0.4, 1) (9157 pts)
        delta H to (0.5, 1) (9157 pts)
        delta H to (0.6, 1) (9157 pts)


lambda_19/bar.xvg: 0.0 - 917.8; lambda = (0.6, 1)
    dH/dl & foreign lambdas:
        dH/dl (coul-lambda) (9179 pts)
        dH/dl (vdw-lambda) (9179 pts)
        delta H to (0.5, 1) (9179 pts)
        delta H to (0.6, 1) (9179 pts)
        delta H to (0.7, 1) (9179 pts)


lambda_20/bar.xvg: 0.0 - 919.6; lambda = (0.7, 1)
    dH/dl & foreign lambdas:
        dH/dl (coul-lambda) (9197 pts)
        dH/dl (vdw-lambda) (9197 pts)
        delta H to (0.6, 1) (9197 pts)
        delta H to (0.7, 1) (9197 pts)
        delta H to (0.8, 1) (9197 pts)


lambda_21/bar.xvg: 0.0 - 922.0; lambda = (0.8, 1)
    dH/dl & foreign lambdas:
        dH/dl (coul-lambda) (9221 pts)
        dH/dl (vdw-lambda) (9221 pts)
        delta H to (0.7, 1) (9221 pts)
        delta H to (0.8, 1) (9221 pts)
        delta H to (0.9, 1) (9221 pts)


lambda_22/bar.xvg: 0.0 - 923.8; lambda = (0.9, 1)
    dH/dl & foreign lambdas:
        dH/dl (coul-lambda) (9239 pts)
        dH/dl (vdw-lambda) (9239 pts)
        delta H to (0.8, 1) (9239 pts)
        delta H to (0.9, 1) (9239 pts)
        delta H to (1, 1) (9239 pts)


lambda_23/bar.xvg: 0.0 - 915.6; lambda = (1, 1)
    dH/dl & foreign lambdas:
        dH/dl (coul-lambda) (9157 pts)
        dH/dl (vdw-lambda) (9157 pts)
        delta H to (0.9, 1) (9157 pts)
        delta H to (1, 1) (9157 pts)



   Samples in time interval: 0.000 - 925.200
Removing samples outside of: 100.000 - 925.200

Temperature: 300 K

Detailed results in kT (see help for explanation):

 lam_A  lam_B      DG   +/-     s_A   +/-     s_B   +/-   stdev   +/- 
     0      1   -6.82  0.01    0.03  0.01    0.03  0.01    0.23  0.00
     1      2   -5.40  0.01    0.02  0.01    0.02  0.01    0.23  0.00
     2      3   -2.73  0.02    0.08  0.01    0.08  0.01    0.38  0.00
     3      4    1.90  0.03    0.37  0.01    0.40  0.01    0.88  0.00
     4      5    8.24  0.09    2.49  0.06    2.92  0.07    2.72  0.04
     5      6    4.59  0.14    2.35  0.08    1.97  0.07    2.38  0.04
     6      7    2.97  0.04    2.31  0.09    1.58  0.03    2.10  0.03
     7      8    1.85  0.03    1.58  0.05    1.07  0.02    1.67  0.02
     8      9    1.26  0.03    1.29  0.02    0.92  0.03    1.51  0.01
     9     10    0.75  0.01    1.12  0.02    0.77  0.01    1.37  0.01
    10     11    0.36  0.01    0.95  0.02    0.66  0.01    1.25  0.01
    11     12    0.09  0.01    0.78  0.02    0.55  0.02    1.14  0.01
    12     13   -0.13  0.01    0.72  0.02    0.50  0.01    1.08  0.01
    13     14   -0.29  0.01    0.60  0.01    0.43  0.01    1.00  0.01
    14     15   -0.42  0.01    0.58  0.01    0.41  0.00    0.96  0.01
    15     16   -0.52  0.01    0.50  0.01    0.53  0.01    1.02  0.01
    16     17   -1.72  0.02    0.66  0.01    0.74  0.01    1.19  0.01
    17     18   -1.46  0.02    0.23  0.02    0.25  0.02    0.68  0.01
    18     19   -1.95  0.03    0.25  0.02    0.26  0.02    0.74  0.01
    19     20   -2.52  0.02    0.31  0.01    0.33  0.01    0.80  0.00
    20     21   -3.18  0.02    0.33  0.01    0.34  0.01    0.84  0.00
    21     22   -3.92  0.02    0.40  0.01    0.41  0.01    0.89  0.01
    22     23   -4.76  0.03    0.43  0.02    0.43  0.02    0.92  0.01


Final results in kJ/mol:

point      0 -      1,   DG -17.02 +/-  0.02
point      1 -      2,   DG -13.46 +/-  0.02
point      2 -      3,   DG -6.81 +/-  0.04
point      3 -      4,   DG  4.74 +/-  0.08
point      4 -      5,   DG 20.56 +/-  0.22
point      5 -      6,   DG 11.44 +/-  0.35
point      6 -      7,   DG  7.40 +/-  0.11
point      7 -      8,   DG  4.62 +/-  0.06
point      8 -      9,   DG  3.13 +/-  0.07
point      9 -     10,   DG  1.88 +/-  0.04
point     10 -     11,   DG  0.91 +/-  0.03
point     11 -     12,   DG  0.21 +/-  0.02
point     12 -     13,   DG -0.32 +/-  0.03
point     13 -     14,   DG -0.73 +/-  0.04
point     14 -     15,   DG -1.06 +/-  0.03
point     15 -     16,   DG -1.31 +/-  0.04
point     16 -     17,   DG -4.28 +/-  0.06
point     17 -     18,   DG -3.64 +/-  0.06
point     18 -     19,   DG -4.86 +/-  0.07
point     19 -     20,   DG -6.29 +/-  0.06
point     20 -     21,   DG -7.94 +/-  0.05
point     21 -     22,   DG -9.79 +/-  0.06
point     22 -     23,   DG -11.88 +/-  0.07

total      0 -     23,   DG -34.49 +/-  0.83

