lambda_00/bar.xvg: 0.0 - 682.6; lambda = (0, 0)
    dH/dl & foreign lambdas:
        dH/dl (coul-lambda) (6827 pts)
        dH/dl (vdw-lambda) (6827 pts)
        delta H to (0, 0) (6827 pts)
        delta H to (0, 0.1) (6827 pts)


lambda_01/bar.xvg: 0.0 - 691.6; lambda = (0, 0.1)
    dH/dl & foreign lambdas:
        dH/dl (coul-lambda) (6917 pts)
        dH/dl (vdw-lambda) (6917 pts)
        delta H to (0, 0) (6917 pts)
        delta H to (0, 0.1) (6917 pts)
        delta H to (0, 0.2) (6917 pts)


lambda_02/bar.xvg: 0.0 - 691.4; lambda = (0, 0.2)
    dH/dl & foreign lambdas:
        dH/dl (coul-lambda) (6915 pts)
        dH/dl (vdw-lambda) (6915 pts)
        delta H to (0, 0.1) (6915 pts)
        delta H to (0, 0.2) (6915 pts)
        delta H to (0, 0.3) (6915 pts)


lambda_03/bar.xvg: 0.0 - 689.6; lambda = (0, 0.3)
    dH/dl & foreign lambdas:
        dH/dl (coul-lambda) (6897 pts)
        dH/dl (vdw-lambda) (6897 pts)
        delta H to (0, 0.2) (6897 pts)
        delta H to (0, 0.3) (6897 pts)
        delta H to (0, 0.4) (6897 pts)


lambda_04/bar.xvg: 0.0 - 688.3; lambda = (0, 0.4)
    dH/dl & foreign lambdas:
        dH/dl (coul-lambda) (6884 pts)
        dH/dl (vdw-lambda) (6884 pts)
        delta H to (0, 0.3) (6884 pts)
        delta H to (0, 0.4) (6884 pts)
        delta H to (0, 0.5) (6884 pts)


lambda_05/bar.xvg: 0.0 - 689.0; lambda = (0, 0.5)
    dH/dl & foreign lambdas:
        dH/dl (coul-lambda) (6891 pts)
        dH/dl (vdw-lambda) (6891 pts)
        delta H to (0, 0.4) (6891 pts)
        delta H to (0, 0.5) (6891 pts)
        delta H to (0, 0.55) (6891 pts)


lambda_06/bar.xvg: 0.0 - 687.4; lambda = (0, 0.55)
    dH/dl & foreign lambdas:
        dH/dl (coul-lambda) (6875 pts)
        dH/dl (vdw-lambda) (6875 pts)
        delta H to (0, 0.5) (6875 pts)
        delta H to (0, 0.55) (6875 pts)
        delta H to (0, 0.6) (6875 pts)


lambda_07/bar.xvg: 0.0 - 685.6; lambda = (0, 0.6)
    dH/dl & foreign lambdas:
        dH/dl (coul-lambda) (6857 pts)
        dH/dl (vdw-lambda) (6857 pts)
        delta H to (0, 0.55) (6857 pts)
        delta H to (0, 0.6) (6857 pts)
        delta H to (0, 0.65) (6857 pts)


lambda_08/bar.xvg: 0.0 - 683.9; lambda = (0, 0.65)
    dH/dl & foreign lambdas:
        dH/dl (coul-lambda) (6840 pts)
        dH/dl (vdw-lambda) (6840 pts)
        delta H to (0, 0.6) (6840 pts)
        delta H to (0, 0.65) (6840 pts)
        delta H to (0, 0.7) (6840 pts)


lambda_09/bar.xvg: 0.0 - 681.8; lambda = (0, 0.7)
    dH/dl & foreign lambdas:
        dH/dl (coul-lambda) (6819 pts)
        dH/dl (vdw-lambda) (6819 pts)
        delta H to (0, 0.65) (6819 pts)
        delta H to (0, 0.7) (6819 pts)
        delta H to (0, 0.75) (6819 pts)


lambda_10/bar.xvg: 0.0 - 693.6; lambda = (0, 0.75)
    dH/dl & foreign lambdas:
        dH/dl (coul-lambda) (6937 pts)
        dH/dl (vdw-lambda) (6937 pts)
        delta H to (0, 0.7) (6937 pts)
        delta H to (0, 0.75) (6937 pts)
        delta H to (0, 0.8) (6937 pts)


lambda_11/bar.xvg: 0.0 - 692.4; lambda = (0, 0.8)
    dH/dl & foreign lambdas:
        dH/dl (coul-lambda) (6925 pts)
        dH/dl (vdw-lambda) (6925 pts)
        delta H to (0, 0.75) (6925 pts)
        delta H to (0, 0.8) (6925 pts)
        delta H to (0, 0.85) (6925 pts)


lambda_12/bar.xvg: 0.0 - 691.4; lambda = (0, 0.85)
    dH/dl & foreign lambdas:
        dH/dl (coul-lambda) (6915 pts)
        dH/dl (vdw-lambda) (6915 pts)
        delta H to (0, 0.8) (6915 pts)
        delta H to (0, 0.85) (6915 pts)
        delta H to (0, 0.9) (6915 pts)


lambda_13/bar.xvg: 0.0 - 690.4; lambda = (0, 0.9)
    dH/dl & foreign lambdas:
        dH/dl (coul-lambda) (6905 pts)
        dH/dl (vdw-lambda) (6905 pts)
        delta H to (0, 0.85) (6905 pts)
        delta H to (0, 0.9) (6905 pts)
        delta H to (0, 0.95) (6905 pts)


lambda_14/bar.xvg: 0.0 - 690.0; lambda = (0, 0.95)
    dH/dl & foreign lambdas:
        dH/dl (coul-lambda) (6901 pts)
        dH/dl (vdw-lambda) (6901 pts)
        delta H to (0, 0.9) (6901 pts)
        delta H to (0, 0.95) (6901 pts)
        delta H to (0, 1) (6901 pts)


lambda_15/bar.xvg: 0.0 - 690.4; lambda = (0, 1)
    dH/dl & foreign lambdas:
        dH/dl (coul-lambda) (6905 pts)
        dH/dl (vdw-lambda) (6905 pts)
        delta H to (0, 0.95) (6905 pts)
        delta H to (0, 1) (6905 pts)
        delta H to (0.2, 1) (6905 pts)


lambda_16/bar.xvg: 0.0 - 685.7; lambda = (0.2, 1)
    dH/dl & foreign lambdas:
        dH/dl (coul-lambda) (6858 pts)
        dH/dl (vdw-lambda) (6858 pts)
        delta H to (0, 1) (6858 pts)
        delta H to (0.2, 1) (6858 pts)
        delta H to (0.4, 1) (6858 pts)


lambda_17/bar.xvg: 0.0 - 688.6; lambda = (0.4, 1)
    dH/dl & foreign lambdas:
        dH/dl (coul-lambda) (6887 pts)
        dH/dl (vdw-lambda) (6887 pts)
        delta H to (0.2, 1) (6887 pts)
        delta H to (0.4, 1) (6887 pts)
        delta H to (0.5, 1) (6887 pts)


lambda_18/bar.xvg: 0.0 - 690.0; lambda = (0.5, 1)
    dH/dl & foreign lambdas:
        dH/dl (coul-lambda) (6901 pts)
        dH/dl (vdw-lambda) (6901 pts)
        delta H to (0.4, 1) (6901 pts)
        delta H to (0.5, 1) (6901 pts)
        delta H to (0.6, 1) (6901 pts)


lambda_19/bar.xvg: 0.0 - 692.1; lambda = (0.6, 1)
    dH/dl & foreign lambdas:
        dH/dl (coul-lambda) (6922 pts)
        dH/dl (vdw-lambda) (6922 pts)
        delta H to (0.5, 1) (6922 pts)
        delta H to (0.6, 1) (6922 pts)
        delta H to (0.7, 1) (6922 pts)


lambda_20/bar.xvg: 0.0 - 693.4; lambda = (0.7, 1)
    dH/dl & foreign lambdas:
        dH/dl (coul-lambda) (6935 pts)
        dH/dl (vdw-lambda) (6935 pts)
        delta H to (0.6, 1) (6935 pts)
        delta H to (0.7, 1) (6935 pts)
        delta H to (0.8, 1) (6935 pts)


lambda_21/bar.xvg: 0.0 - 681.8; lambda = (0.8, 1)
    dH/dl & foreign lambdas:
        dH/dl (coul-lambda) (6819 pts)
        dH/dl (vdw-lambda) (6819 pts)
        delta H to (0.7, 1) (6819 pts)
        delta H to (0.8, 1) (6819 pts)
        delta H to (0.9, 1) (6819 pts)


lambda_22/bar.xvg: 0.0 - 683.1; lambda = (0.9, 1)
    dH/dl & foreign lambdas:
        dH/dl (coul-lambda) (6832 pts)
        dH/dl (vdw-lambda) (6832 pts)
        delta H to (0.8, 1) (6832 pts)
        delta H to (0.9, 1) (6832 pts)
        delta H to (1, 1) (6832 pts)


lambda_23/bar.xvg: 0.0 - 686.8; lambda = (1, 1)
    dH/dl & foreign lambdas:
        dH/dl (coul-lambda) (6869 pts)
        dH/dl (vdw-lambda) (6869 pts)
        delta H to (0.9, 1) (6869 pts)
        delta H to (1, 1) (6869 pts)



   Samples in time interval: 0.000 - 693.600
Removing samples outside of: 100.000 - 693.600

Temperature: 300 K

Detailed results in kT (see help for explanation):

 lam_A  lam_B      DG   +/-     s_A   +/-     s_B   +/-   stdev   +/- 
     0      1   -5.07  0.00    0.02  0.01    0.02  0.01    0.20  0.00
     1      2   -4.01  0.01    0.02  0.01    0.02  0.01    0.20  0.00
     2      3   -2.03  0.01    0.05  0.01    0.05  0.01    0.33  0.00
     3      4    1.46  0.03    0.27  0.01    0.30  0.01    0.76  0.01
     4      5    6.17  0.18    1.92  0.14    2.26  0.12    2.31  0.10
     5      6    3.45  0.10    1.66  0.20    1.39  0.15    1.92  0.11
     6      7    2.28  0.08    1.82  0.10    1.21  0.06    1.82  0.05
     7      8    1.45  0.05    1.16  0.07    0.79  0.04    1.43  0.04
     8      9    0.97  0.02    1.02  0.04    0.72  0.03    1.30  0.02
     9     10    0.56  0.01    0.82  0.02    0.58  0.02    1.16  0.01
    10     11    0.28  0.02    0.67  0.02    0.47  0.02    1.06  0.01
    11     12    0.09  0.02    0.60  0.02    0.42  0.01    0.98  0.01
    12     13   -0.07  0.01    0.51  0.01    0.36  0.01    0.91  0.01
    13     14   -0.19  0.01    0.46  0.02    0.33  0.01    0.85  0.00
    14     15   -0.29  0.01    0.41  0.01    0.30  0.01    0.81  0.01
    15     16   -0.49  0.02    0.49  0.02    0.51  0.02    1.02  0.01
    16     17   -1.66  0.02    0.65  0.01    0.74  0.02    1.19  0.01
    17     18   -1.39  0.01    0.19  0.01    0.20  0.01    0.67  0.01
    18     19   -1.91  0.01    0.32  0.01    0.33  0.01    0.76  0.01
    19     20   -2.51  0.02    0.27  0.01    0.28  0.01    0.79  0.01
    20     21   -3.13  0.01    0.34  0.03    0.35  0.03    0.84  0.01
    21     22   -3.88  0.03    0.40  0.02    0.41  0.02    0.90  0.01
    22     23   -4.77  0.03    0.48  0.01    0.48  0.01    0.94  0.01


Final results in kJ/mol:

point      0 -      1,   DG -12.64 +/-  0.01
point      1 -      2,   DG -10.01 +/-  0.02
point      2 -      3,   DG -5.05 +/-  0.03
point      3 -      4,   DG  3.65 +/-  0.07
point      4 -      5,   DG 15.38 +/-  0.46
point      5 -      6,   DG  8.62 +/-  0.24
point      6 -      7,   DG  5.68 +/-  0.21
point      7 -      8,   DG  3.61 +/-  0.11
point      8 -      9,   DG  2.43 +/-  0.05
point      9 -     10,   DG  1.40 +/-  0.02
point     10 -     11,   DG  0.70 +/-  0.04
point     11 -     12,   DG  0.22 +/-  0.04
point     12 -     13,   DG -0.17 +/-  0.02
point     13 -     14,   DG -0.47 +/-  0.03
point     14 -     15,   DG -0.72 +/-  0.03
point     15 -     16,   DG -1.23 +/-  0.05
point     16 -     17,   DG -4.14 +/-  0.05
point     17 -     18,   DG -3.46 +/-  0.03
point     18 -     19,   DG -4.76 +/-  0.03
point     19 -     20,   DG -6.27 +/-  0.05
point     20 -     21,   DG -7.82 +/-  0.01
point     21 -     22,   DG -9.69 +/-  0.07
point     22 -     23,   DG -11.91 +/-  0.07

total      0 -     23,   DG -36.66 +/-  0.48

