lambda_00/bar.xvg: 0.0 - 984.8; lambda = (0, 0)
    dH/dl & foreign lambdas:
        dH/dl (coul-lambda) (9849 pts)
        dH/dl (vdw-lambda) (9849 pts)
        delta H to (0, 0) (9849 pts)
        delta H to (0, 0.1) (9849 pts)


lambda_01/bar.xvg: 0.0 - 984.1; lambda = (0, 0.1)
    dH/dl & foreign lambdas:
        dH/dl (coul-lambda) (9842 pts)
        dH/dl (vdw-lambda) (9842 pts)
        delta H to (0, 0) (9842 pts)
        delta H to (0, 0.1) (9842 pts)
        delta H to (0, 0.2) (9842 pts)


lambda_02/bar.xvg: 0.0 - 984.3; lambda = (0, 0.2)
    dH/dl & foreign lambdas:
        dH/dl (coul-lambda) (9844 pts)
        dH/dl (vdw-lambda) (9844 pts)
        delta H to (0, 0.1) (9844 pts)
        delta H to (0, 0.2) (9844 pts)
        delta H to (0, 0.3) (9844 pts)


lambda_03/bar.xvg: 0.0 - 987.5; lambda = (0, 0.3)
    dH/dl & foreign lambdas:
        dH/dl (coul-lambda) (9876 pts)
        dH/dl (vdw-lambda) (9876 pts)
        delta H to (0, 0.2) (9876 pts)
        delta H to (0, 0.3) (9876 pts)
        delta H to (0, 0.4) (9876 pts)


lambda_04/bar.xvg: 0.0 - 986.2; lambda = (0, 0.4)
    dH/dl & foreign lambdas:
        dH/dl (coul-lambda) (9863 pts)
        dH/dl (vdw-lambda) (9863 pts)
        delta H to (0, 0.3) (9863 pts)
        delta H to (0, 0.4) (9863 pts)
        delta H to (0, 0.5) (9863 pts)


lambda_05/bar.xvg: 0.0 - 986.7; lambda = (0, 0.5)
    dH/dl & foreign lambdas:
        dH/dl (coul-lambda) (9868 pts)
        dH/dl (vdw-lambda) (9868 pts)
        delta H to (0, 0.4) (9868 pts)
        delta H to (0, 0.5) (9868 pts)
        delta H to (0, 0.55) (9868 pts)


lambda_06/bar.xvg: 0.0 - 985.8; lambda = (0, 0.55)
    dH/dl & foreign lambdas:
        dH/dl (coul-lambda) (9859 pts)
        dH/dl (vdw-lambda) (9859 pts)
        delta H to (0, 0.5) (9859 pts)
        delta H to (0, 0.55) (9859 pts)
        delta H to (0, 0.6) (9859 pts)


lambda_07/bar.xvg: 0.0 - 983.7; lambda = (0, 0.6)
    dH/dl & foreign lambdas:
        dH/dl (coul-lambda) (9838 pts)
        dH/dl (vdw-lambda) (9838 pts)
        delta H to (0, 0.55) (9838 pts)
        delta H to (0, 0.6) (9838 pts)
        delta H to (0, 0.65) (9838 pts)


lambda_08/bar.xvg: 0.0 - 994.5; lambda = (0, 0.65)
    dH/dl & foreign lambdas:
        dH/dl (coul-lambda) (9946 pts)
        dH/dl (vdw-lambda) (9946 pts)
        delta H to (0, 0.6) (9946 pts)
        delta H to (0, 0.65) (9946 pts)
        delta H to (0, 0.7) (9946 pts)


lambda_09/bar.xvg: 0.0 - 992.2; lambda = (0, 0.7)
    dH/dl & foreign lambdas:
        dH/dl (coul-lambda) (9923 pts)
        dH/dl (vdw-lambda) (9923 pts)
        delta H to (0, 0.65) (9923 pts)
        delta H to (0, 0.7) (9923 pts)
        delta H to (0, 0.75) (9923 pts)


lambda_10/bar.xvg: 0.0 - 989.7; lambda = (0, 0.75)
    dH/dl & foreign lambdas:
        dH/dl (coul-lambda) (9898 pts)
        dH/dl (vdw-lambda) (9898 pts)
        delta H to (0, 0.7) (9898 pts)
        delta H to (0, 0.75) (9898 pts)
        delta H to (0, 0.8) (9898 pts)


lambda_11/bar.xvg: 0.0 - 988.0; lambda = (0, 0.8)
    dH/dl & foreign lambdas:
        dH/dl (coul-lambda) (9881 pts)
        dH/dl (vdw-lambda) (9881 pts)
        delta H to (0, 0.75) (9881 pts)
        delta H to (0, 0.8) (9881 pts)
        delta H to (0, 0.85) (9881 pts)


lambda_12/bar.xvg: 0.0 - 986.3; lambda = (0, 0.85)
    dH/dl & foreign lambdas:
        dH/dl (coul-lambda) (9864 pts)
        dH/dl (vdw-lambda) (9864 pts)
        delta H to (0, 0.8) (9864 pts)
        delta H to (0, 0.85) (9864 pts)
        delta H to (0, 0.9) (9864 pts)


lambda_13/bar.xvg: 0.0 - 985.2; lambda = (0, 0.9)
    dH/dl & foreign lambdas:
        dH/dl (coul-lambda) (9853 pts)
        dH/dl (vdw-lambda) (9853 pts)
        delta H to (0, 0.85) (9853 pts)
        delta H to (0, 0.9) (9853 pts)
        delta H to (0, 0.95) (9853 pts)


lambda_14/bar.xvg: 0.0 - 984.2; lambda = (0, 0.95)
    dH/dl & foreign lambdas:
        dH/dl (coul-lambda) (9843 pts)
        dH/dl (vdw-lambda) (9843 pts)
        delta H to (0, 0.9) (9843 pts)
        delta H to (0, 0.95) (9843 pts)
        delta H to (0, 1) (9843 pts)


lambda_15/bar.xvg: 0.0 - 984.3; lambda = (0, 1)
    dH/dl & foreign lambdas:
        dH/dl (coul-lambda) (9844 pts)
        dH/dl (vdw-lambda) (9844 pts)
        delta H to (0, 0.95) (9844 pts)
        delta H to (0, 1) (9844 pts)
        delta H to (0.2, 1) (9844 pts)


lambda_16/bar.xvg: 0.0 - 989.2; lambda = (0.2, 1)
    dH/dl & foreign lambdas:
        dH/dl (coul-lambda) (9893 pts)
        dH/dl (vdw-lambda) (9893 pts)
        delta H to (0, 1) (9893 pts)
        delta H to (0.2, 1) (9893 pts)
        delta H to (0.4, 1) (9893 pts)


lambda_17/bar.xvg: 0.0 - 993.4; lambda = (0.4, 1)
    dH/dl & foreign lambdas:
        dH/dl (coul-lambda) (9935 pts)
        dH/dl (vdw-lambda) (9935 pts)
        delta H to (0.2, 1) (9935 pts)
        delta H to (0.4, 1) (9935 pts)
        delta H to (0.5, 1) (9935 pts)


lambda_18/bar.xvg: 0.0 - 982.4; lambda = (0.5, 1)
    dH/dl & foreign lambdas:
        dH/dl (coul-lambda) (9825 pts)
        dH/dl (vdw-lambda) (9825 pts)
        delta H to (0.4, 1) (9825 pts)
        delta H to (0.5, 1) (9825 pts)
        delta H to (0.6, 1) (9825 pts)


lambda_19/bar.xvg: 0.0 - 984.7; lambda = (0.6, 1)
    dH/dl & foreign lambdas:
        dH/dl (coul-lambda) (9848 pts)
        dH/dl (vdw-lambda) (9848 pts)
        delta H to (0.5, 1) (9848 pts)
        delta H to (0.6, 1) (9848 pts)
        delta H to (0.7, 1) (9848 pts)


lambda_20/bar.xvg: 0.0 - 986.9; lambda = (0.7, 1)
    dH/dl & foreign lambdas:
        dH/dl (coul-lambda) (9870 pts)
        dH/dl (vdw-lambda) (9870 pts)
        delta H to (0.6, 1) (9870 pts)
        delta H to (0.7, 1) (9870 pts)
        delta H to (0.8, 1) (9870 pts)


lambda_21/bar.xvg: 0.0 - 989.3; lambda = (0.8, 1)
    dH/dl & foreign lambdas:
        dH/dl (coul-lambda) (9894 pts)
        dH/dl (vdw-lambda) (9894 pts)
        delta H to (0.7, 1) (9894 pts)
        delta H to (0.8, 1) (9894 pts)
        delta H to (0.9, 1) (9894 pts)


lambda_22/bar.xvg: 0.0 - 991.2; lambda = (0.9, 1)
    dH/dl & foreign lambdas:
        dH/dl (coul-lambda) (9913 pts)
        dH/dl (vdw-lambda) (9913 pts)
        delta H to (0.8, 1) (9913 pts)
        delta H to (0.9, 1) (9913 pts)
        delta H to (1, 1) (9913 pts)


lambda_23/bar.xvg: 0.0 - 981.2; lambda = (1, 1)
    dH/dl & foreign lambdas:
        dH/dl (coul-lambda) (9813 pts)
        dH/dl (vdw-lambda) (9813 pts)
        delta H to (0.9, 1) (9813 pts)
        delta H to (1, 1) (9813 pts)



   Samples in time interval: 0.000 - 994.500
Removing samples outside of: 100.000 - 994.500

Temperature: 300 K

Detailed results in kT (see help for explanation):

 lam_A  lam_B      DG   +/-     s_A   +/-     s_B   +/-   stdev   +/- 
     0      1   -6.41  0.00    0.02  0.00    0.02  0.00    0.23  0.00
     1      2   -5.07  0.00    0.04  0.00    0.04  0.00    0.23  0.00
     2      3   -2.57  0.01    0.06  0.01    0.06  0.01    0.36  0.00
     3      4    1.79  0.03    0.39  0.02    0.43  0.02    0.87  0.01
     4      5    7.82  0.13    2.18  0.12    2.50  0.10    2.50  0.07
     5      6    4.56  0.08    2.25  0.14    1.95  0.13    2.32  0.10
     6      7    2.99  0.05    2.19  0.13    1.45  0.08    2.02  0.05
     7      8    1.94  0.03    1.65  0.04    1.15  0.02    1.70  0.03
     8      9    1.21  0.01    1.25  0.03    0.88  0.02    1.48  0.01
     9     10    0.73  0.01    1.04  0.02    0.73  0.02    1.32  0.01
    10     11    0.39  0.01    0.86  0.02    0.60  0.02    1.19  0.01
    11     12    0.14  0.01    0.77  0.01    0.55  0.01    1.12  0.01
    12     13   -0.08  0.02    0.66  0.01    0.47  0.01    1.04  0.00
    13     14   -0.23  0.02    0.58  0.01    0.41  0.01    0.97  0.01
    14     15   -0.34  0.01    0.53  0.01    0.39  0.01    0.92  0.00
    15     16   -0.50  0.01    0.52  0.01    0.54  0.01    1.02  0.01
    16     17   -1.69  0.01    0.65  0.01    0.74  0.01    1.18  0.00
    17     18   -1.43  0.01    0.21  0.01    0.23  0.01    0.67  0.00
    18     19   -1.93  0.01    0.28  0.02    0.29  0.02    0.75  0.01
    19     20   -2.52  0.01    0.30  0.03    0.31  0.03    0.81  0.01
    20     21   -3.19  0.01    0.36  0.01    0.37  0.02    0.86  0.01
    21     22   -3.95  0.02    0.39  0.02    0.40  0.02    0.90  0.01
    22     23   -4.78  0.03    0.43  0.02    0.43  0.02    0.93  0.01


Final results in kJ/mol:

point      0 -      1,   DG -15.99 +/-  0.01
point      1 -      2,   DG -12.64 +/-  0.01
point      2 -      3,   DG -6.40 +/-  0.02
point      3 -      4,   DG  4.46 +/-  0.06
point      4 -      5,   DG 19.51 +/-  0.31
point      5 -      6,   DG 11.38 +/-  0.19
point      6 -      7,   DG  7.45 +/-  0.13
point      7 -      8,   DG  4.83 +/-  0.09
point      8 -      9,   DG  3.03 +/-  0.04
point      9 -     10,   DG  1.81 +/-  0.03
point     10 -     11,   DG  0.97 +/-  0.03
point     11 -     12,   DG  0.34 +/-  0.03
point     12 -     13,   DG -0.20 +/-  0.04
point     13 -     14,   DG -0.57 +/-  0.04
point     14 -     15,   DG -0.84 +/-  0.02
point     15 -     16,   DG -1.24 +/-  0.02
point     16 -     17,   DG -4.21 +/-  0.03
point     17 -     18,   DG -3.56 +/-  0.02
point     18 -     19,   DG -4.81 +/-  0.03
point     19 -     20,   DG -6.28 +/-  0.03
point     20 -     21,   DG -7.96 +/-  0.03
point     21 -     22,   DG -9.86 +/-  0.04
point     22 -     23,   DG -11.91 +/-  0.06

total      0 -     23,   DG -32.70 +/-  0.59

