lambda_00/bar.xvg: 0.0 - 937.1; lambda = (0, 0)
    dH/dl & foreign lambdas:
        dH/dl (coul-lambda) (9372 pts)
        dH/dl (vdw-lambda) (9372 pts)
        delta H to (0, 0) (9372 pts)
        delta H to (0, 0.1) (9372 pts)


lambda_01/bar.xvg: 0.0 - 930.9; lambda = (0, 0.1)
    dH/dl & foreign lambdas:
        dH/dl (coul-lambda) (9310 pts)
        dH/dl (vdw-lambda) (9310 pts)
        delta H to (0, 0) (9310 pts)
        delta H to (0, 0.1) (9310 pts)
        delta H to (0, 0.2) (9310 pts)


lambda_02/bar.xvg: 0.0 - 931.2; lambda = (0, 0.2)
    dH/dl & foreign lambdas:
        dH/dl (coul-lambda) (9313 pts)
        dH/dl (vdw-lambda) (9313 pts)
        delta H to (0, 0.1) (9313 pts)
        delta H to (0, 0.2) (9313 pts)
        delta H to (0, 0.3) (9313 pts)


lambda_03/bar.xvg: 0.0 - 933.1; lambda = (0, 0.3)
    dH/dl & foreign lambdas:
        dH/dl (coul-lambda) (9332 pts)
        dH/dl (vdw-lambda) (9332 pts)
        delta H to (0, 0.2) (9332 pts)
        delta H to (0, 0.3) (9332 pts)
        delta H to (0, 0.4) (9332 pts)


lambda_04/bar.xvg: 0.0 - 932.2; lambda = (0, 0.4)
    dH/dl & foreign lambdas:
        dH/dl (coul-lambda) (9323 pts)
        dH/dl (vdw-lambda) (9323 pts)
        delta H to (0, 0.3) (9323 pts)
        delta H to (0, 0.4) (9323 pts)
        delta H to (0, 0.5) (9323 pts)


lambda_05/bar.xvg: 0.0 - 932.5; lambda = (0, 0.5)
    dH/dl & foreign lambdas:
        dH/dl (coul-lambda) (9326 pts)
        dH/dl (vdw-lambda) (9326 pts)
        delta H to (0, 0.4) (9326 pts)
        delta H to (0, 0.5) (9326 pts)
        delta H to (0, 0.55) (9326 pts)


lambda_06/bar.xvg: 0.0 - 931.4; lambda = (0, 0.55)
    dH/dl & foreign lambdas:
        dH/dl (coul-lambda) (9315 pts)
        dH/dl (vdw-lambda) (9315 pts)
        delta H to (0, 0.5) (9315 pts)
        delta H to (0, 0.55) (9315 pts)
        delta H to (0, 0.6) (9315 pts)


lambda_07/bar.xvg: 0.0 - 929.5; lambda = (0, 0.6)
    dH/dl & foreign lambdas:
        dH/dl (coul-lambda) (9296 pts)
        dH/dl (vdw-lambda) (9296 pts)
        delta H to (0, 0.55) (9296 pts)
        delta H to (0, 0.6) (9296 pts)
        delta H to (0, 0.65) (9296 pts)


lambda_08/bar.xvg: 0.0 - 927.8; lambda = (0, 0.65)
    dH/dl & foreign lambdas:
        dH/dl (coul-lambda) (9279 pts)
        dH/dl (vdw-lambda) (9279 pts)
        delta H to (0, 0.6) (9279 pts)
        delta H to (0, 0.65) (9279 pts)
        delta H to (0, 0.7) (9279 pts)


lambda_09/bar.xvg: 0.0 - 939.0; lambda = (0, 0.7)
    dH/dl & foreign lambdas:
        dH/dl (coul-lambda) (9391 pts)
        dH/dl (vdw-lambda) (9391 pts)
        delta H to (0, 0.65) (9391 pts)
        delta H to (0, 0.7) (9391 pts)
        delta H to (0, 0.75) (9391 pts)


lambda_10/bar.xvg: 0.0 - 936.9; lambda = (0, 0.75)
    dH/dl & foreign lambdas:
        dH/dl (coul-lambda) (9370 pts)
        dH/dl (vdw-lambda) (9370 pts)
        delta H to (0, 0.7) (9370 pts)
        delta H to (0, 0.75) (9370 pts)
        delta H to (0, 0.8) (9370 pts)


lambda_11/bar.xvg: 0.0 - 934.9; lambda = (0, 0.8)
    dH/dl & foreign lambdas:
        dH/dl (coul-lambda) (9350 pts)
        dH/dl (vdw-lambda) (9350 pts)
        delta H to (0, 0.75) (9350 pts)
        delta H to (0, 0.8) (9350 pts)
        delta H to (0, 0.85) (9350 pts)


lambda_12/bar.xvg: 0.0 - 933.3; lambda = (0, 0.85)
    dH/dl & foreign lambdas:
        dH/dl (coul-lambda) (9334 pts)
        dH/dl (vdw-lambda) (9334 pts)
        delta H to (0, 0.8) (9334 pts)
        delta H to (0, 0.85) (9334 pts)
        delta H to (0, 0.9) (9334 pts)


lambda_13/bar.xvg: 0.0 - 932.5; lambda = (0, 0.9)
    dH/dl & foreign lambdas:
        dH/dl (coul-lambda) (9326 pts)
        dH/dl (vdw-lambda) (9326 pts)
        delta H to (0, 0.85) (9326 pts)
        delta H to (0, 0.9) (9326 pts)
        delta H to (0, 0.95) (9326 pts)


lambda_14/bar.xvg: 0.0 - 931.4; lambda = (0, 0.95)
    dH/dl & foreign lambdas:
        dH/dl (coul-lambda) (9315 pts)
        dH/dl (vdw-lambda) (9315 pts)
        delta H to (0, 0.9) (9315 pts)
        delta H to (0, 0.95) (9315 pts)
        delta H to (0, 1) (9315 pts)


lambda_15/bar.xvg: 0.0 - 931.3; lambda = (0, 1)
    dH/dl & foreign lambdas:
        dH/dl (coul-lambda) (9314 pts)
        dH/dl (vdw-lambda) (9314 pts)
        delta H to (0, 0.95) (9314 pts)
        delta H to (0, 1) (9314 pts)
        delta H to (0.2, 1) (9314 pts)


lambda_16/bar.xvg: 0.0 - 936.9; lambda = (0.2, 1)
    dH/dl & foreign lambdas:
        dH/dl (coul-lambda) (9370 pts)
        dH/dl (vdw-lambda) (9370 pts)
        delta H to (0, 1) (9370 pts)
        delta H to (0.2, 1) (9370 pts)
        delta H to (0.4, 1) (9370 pts)


lambda_17/bar.xvg: 0.0 - 927.5; lambda = (0.4, 1)
    dH/dl & foreign lambdas:
        dH/dl (coul-lambda) (9276 pts)
        dH/dl (vdw-lambda) (9276 pts)
        delta H to (0.2, 1) (9276 pts)
        delta H to (0.4, 1) (9276 pts)
        delta H to (0.5, 1) (9276 pts)


lambda_18/bar.xvg: 0.0 - 929.5; lambda = (0.5, 1)
    dH/dl & foreign lambdas:
        dH/dl (coul-lambda) (9296 pts)
        dH/dl (vdw-lambda) (9296 pts)
        delta H to (0.4, 1) (9296 pts)
        delta H to (0.5, 1) (9296 pts)
        delta H to (0.6, 1) (9296 pts)


lambda_19/bar.xvg: 0.0 - 931.6; lambda = (0.6, 1)
    dH/dl & foreign lambdas:
        dH/dl (coul-lambda) (9317 pts)
        dH/dl (vdw-lambda) (9317 pts)
        delta H to (0.5, 1) (9317 pts)
        delta H to (0.6, 1) (9317 pts)
        delta H to (0.7, 1) (9317 pts)


lambda_20/bar.xvg: 0.0 - 933.8; lambda = (0.7, 1)
    dH/dl & foreign lambdas:
        dH/dl (coul-lambda) (9339 pts)
        dH/dl (vdw-lambda) (9339 pts)
        delta H to (0.6, 1) (9339 pts)
        delta H to (0.7, 1) (9339 pts)
        delta H to (0.8, 1) (9339 pts)


lambda_21/bar.xvg: 0.0 - 935.8; lambda = (0.8, 1)
    dH/dl & foreign lambdas:
        dH/dl (coul-lambda) (9359 pts)
        dH/dl (vdw-lambda) (9359 pts)
        delta H to (0.7, 1) (9359 pts)
        delta H to (0.8, 1) (9359 pts)
        delta H to (0.9, 1) (9359 pts)


lambda_22/bar.xvg: 0.0 - 937.6; lambda = (0.9, 1)
    dH/dl & foreign lambdas:
        dH/dl (coul-lambda) (9377 pts)
        dH/dl (vdw-lambda) (9377 pts)
        delta H to (0.8, 1) (9377 pts)
        delta H to (0.9, 1) (9377 pts)
        delta H to (1, 1) (9377 pts)


lambda_23/bar.xvg: 0.0 - 932.1; lambda = (1, 1)
    dH/dl & foreign lambdas:
        dH/dl (coul-lambda) (9322 pts)
        dH/dl (vdw-lambda) (9322 pts)
        delta H to (0.9, 1) (9322 pts)
        delta H to (1, 1) (9322 pts)



   Samples in time interval: 0.000 - 939.000
Removing samples outside of: 100.000 - 939.000

Temperature: 300 K

Detailed results in kT (see help for explanation):

 lam_A  lam_B      DG   +/-     s_A   +/-     s_B   +/-   stdev   +/- 
     0      1   -6.41  0.01    0.03  0.01    0.03  0.01    0.22  0.00
     1      2   -5.07  0.01    0.03  0.01    0.03  0.01    0.22  0.00
     2      3   -2.58  0.01    0.08  0.02    0.08  0.02    0.37  0.01
     3      4    1.80  0.03    0.34  0.04    0.37  0.04    0.86  0.01
     4      5    7.89  0.10    2.28  0.10    2.62  0.12    2.56  0.05
     5      6    4.59  0.08    2.17  0.14    1.90  0.08    2.31  0.07
     6      7    2.94  0.04    2.37  0.16    1.54  0.07    2.09  0.05
     7      8    1.86  0.05    1.51  0.07    1.05  0.03    1.66  0.03
     8      9    1.23  0.03    1.28  0.05    0.89  0.03    1.47  0.02
     9     10    0.77  0.02    1.01  0.02    0.72  0.01    1.33  0.01
    10     11    0.42  0.02    0.93  0.03    0.65  0.02    1.23  0.01
    11     12    0.15  0.01    0.74  0.01    0.53  0.01    1.11  0.01
    12     13   -0.05  0.01    0.70  0.01    0.49  0.01    1.07  0.00
    13     14   -0.23  0.01    0.60  0.01    0.43  0.01    0.99  0.01
    14     15   -0.35  0.01    0.52  0.01    0.37  0.01    0.93  0.01
    15     16   -0.50  0.02    0.55  0.01    0.58  0.01    1.06  0.00
    16     17   -1.75  0.01    0.67  0.01    0.76  0.02    1.23  0.01
    17     18   -1.48  0.01    0.23  0.01    0.25  0.01    0.70  0.01
    18     19   -2.04  0.02    0.31  0.01    0.32  0.01    0.78  0.01
    19     20   -2.69  0.02    0.33  0.01    0.34  0.01    0.81  0.00
    20     21   -3.35  0.01    0.32  0.02    0.33  0.02    0.83  0.01
    21     22   -4.04  0.02    0.36  0.01    0.37  0.01    0.86  0.01
    22     23   -4.79  0.01    0.38  0.02    0.39  0.02    0.89  0.01


Final results in kJ/mol:

point      0 -      1,   DG -15.98 +/-  0.02
point      1 -      2,   DG -12.64 +/-  0.02
point      2 -      3,   DG -6.43 +/-  0.02
point      3 -      4,   DG  4.48 +/-  0.07
point      4 -      5,   DG 19.68 +/-  0.26
point      5 -      6,   DG 11.45 +/-  0.20
point      6 -      7,   DG  7.32 +/-  0.10
point      7 -      8,   DG  4.64 +/-  0.11
point      8 -      9,   DG  3.07 +/-  0.07
point      9 -     10,   DG  1.93 +/-  0.04
point     10 -     11,   DG  1.05 +/-  0.05
point     11 -     12,   DG  0.38 +/-  0.03
point     12 -     13,   DG -0.13 +/-  0.01
point     13 -     14,   DG -0.58 +/-  0.01
point     14 -     15,   DG -0.87 +/-  0.02
point     15 -     16,   DG -1.25 +/-  0.04
point     16 -     17,   DG -4.36 +/-  0.03
point     17 -     18,   DG -3.70 +/-  0.03
point     18 -     19,   DG -5.09 +/-  0.06
point     19 -     20,   DG -6.71 +/-  0.05
point     20 -     21,   DG -8.37 +/-  0.03
point     21 -     22,   DG -10.09 +/-  0.05
point     22 -     23,   DG -11.96 +/-  0.02

total      0 -     23,   DG -34.17 +/-  0.49

