lambda_00/bar.xvg: 0.0 - 539.8; lambda = (0, 0)
    dH/dl & foreign lambdas:
        dH/dl (coul-lambda) (5399 pts)
        dH/dl (vdw-lambda) (5399 pts)
        delta H to (0, 0) (5399 pts)
        delta H to (0, 0.1) (5399 pts)


lambda_01/bar.xvg: 0.0 - 545.0; lambda = (0, 0.1)
    dH/dl & foreign lambdas:
        dH/dl (coul-lambda) (5451 pts)
        dH/dl (vdw-lambda) (5451 pts)
        delta H to (0, 0) (5451 pts)
        delta H to (0, 0.1) (5451 pts)
        delta H to (0, 0.2) (5451 pts)


lambda_02/bar.xvg: 0.0 - 544.9; lambda = (0, 0.2)
    dH/dl & foreign lambdas:
        dH/dl (coul-lambda) (5450 pts)
        dH/dl (vdw-lambda) (5450 pts)
        delta H to (0, 0.1) (5450 pts)
        delta H to (0, 0.2) (5450 pts)
        delta H to (0, 0.3) (5450 pts)


lambda_03/bar.xvg: 0.0 - 540.2; lambda = (0, 0.3)
    dH/dl & foreign lambdas:
        dH/dl (coul-lambda) (5403 pts)
        dH/dl (vdw-lambda) (5403 pts)
        delta H to (0, 0.2) (5403 pts)
        delta H to (0, 0.3) (5403 pts)
        delta H to (0, 0.4) (5403 pts)


lambda_04/bar.xvg: 0.0 - 539.3; lambda = (0, 0.4)
    dH/dl & foreign lambdas:
        dH/dl (coul-lambda) (5394 pts)
        dH/dl (vdw-lambda) (5394 pts)
        delta H to (0, 0.3) (5394 pts)
        delta H to (0, 0.4) (5394 pts)
        delta H to (0, 0.5) (5394 pts)


lambda_05/bar.xvg: 0.0 - 539.7; lambda = (0, 0.5)
    dH/dl & foreign lambdas:
        dH/dl (coul-lambda) (5398 pts)
        dH/dl (vdw-lambda) (5398 pts)
        delta H to (0, 0.4) (5398 pts)
        delta H to (0, 0.5) (5398 pts)
        delta H to (0, 0.55) (5398 pts)


lambda_06/bar.xvg: 0.0 - 538.1; lambda = (0, 0.55)
    dH/dl & foreign lambdas:
        dH/dl (coul-lambda) (5382 pts)
        dH/dl (vdw-lambda) (5382 pts)
        delta H to (0, 0.5) (5382 pts)
        delta H to (0, 0.55) (5382 pts)
        delta H to (0, 0.6) (5382 pts)


lambda_07/bar.xvg: 0.0 - 536.0; lambda = (0, 0.6)
    dH/dl & foreign lambdas:
        dH/dl (coul-lambda) (5361 pts)
        dH/dl (vdw-lambda) (5361 pts)
        delta H to (0, 0.55) (5361 pts)
        delta H to (0, 0.6) (5361 pts)
        delta H to (0, 0.65) (5361 pts)


lambda_08/bar.xvg: 0.0 - 547.0; lambda = (0, 0.65)
    dH/dl & foreign lambdas:
        dH/dl (coul-lambda) (5471 pts)
        dH/dl (vdw-lambda) (5471 pts)
        delta H to (0, 0.6) (5471 pts)
        delta H to (0, 0.65) (5471 pts)
        delta H to (0, 0.7) (5471 pts)


lambda_09/bar.xvg: 0.0 - 545.5; lambda = (0, 0.7)
    dH/dl & foreign lambdas:
        dH/dl (coul-lambda) (5456 pts)
        dH/dl (vdw-lambda) (5456 pts)
        delta H to (0, 0.65) (5456 pts)
        delta H to (0, 0.7) (5456 pts)
        delta H to (0, 0.75) (5456 pts)


lambda_10/bar.xvg: 0.0 - 543.8; lambda = (0, 0.75)
    dH/dl & foreign lambdas:
        dH/dl (coul-lambda) (5439 pts)
        dH/dl (vdw-lambda) (5439 pts)
        delta H to (0, 0.7) (5439 pts)
        delta H to (0, 0.75) (5439 pts)
        delta H to (0, 0.8) (5439 pts)


lambda_11/bar.xvg: 0.0 - 542.4; lambda = (0, 0.8)
    dH/dl & foreign lambdas:
        dH/dl (coul-lambda) (5425 pts)
        dH/dl (vdw-lambda) (5425 pts)
        delta H to (0, 0.75) (5425 pts)
        delta H to (0, 0.8) (5425 pts)
        delta H to (0, 0.85) (5425 pts)


lambda_12/bar.xvg: 0.0 - 541.4; lambda = (0, 0.85)
    dH/dl & foreign lambdas:
        dH/dl (coul-lambda) (5415 pts)
        dH/dl (vdw-lambda) (5415 pts)
        delta H to (0, 0.8) (5415 pts)
        delta H to (0, 0.85) (5415 pts)
        delta H to (0, 0.9) (5415 pts)


lambda_13/bar.xvg: 0.0 - 540.3; lambda = (0, 0.9)
    dH/dl & foreign lambdas:
        dH/dl (coul-lambda) (5404 pts)
        dH/dl (vdw-lambda) (5404 pts)
        delta H to (0, 0.85) (5404 pts)
        delta H to (0, 0.9) (5404 pts)
        delta H to (0, 0.95) (5404 pts)


lambda_14/bar.xvg: 0.0 - 539.8; lambda = (0, 0.95)
    dH/dl & foreign lambdas:
        dH/dl (coul-lambda) (5399 pts)
        dH/dl (vdw-lambda) (5399 pts)
        delta H to (0, 0.9) (5399 pts)
        delta H to (0, 0.95) (5399 pts)
        delta H to (0, 1) (5399 pts)


lambda_15/bar.xvg: 0.0 - 545.5; lambda = (0, 1)
    dH/dl & foreign lambdas:
        dH/dl (coul-lambda) (5456 pts)
        dH/dl (vdw-lambda) (5456 pts)
        delta H to (0, 0.95) (5456 pts)
        delta H to (0, 1) (5456 pts)
        delta H to (0.2, 1) (5456 pts)


lambda_16/bar.xvg: 0.0 - 546.6; lambda = (0.2, 1)
    dH/dl & foreign lambdas:
        dH/dl (coul-lambda) (5467 pts)
        dH/dl (vdw-lambda) (5467 pts)
        delta H to (0, 1) (5467 pts)
        delta H to (0.2, 1) (5467 pts)
        delta H to (0.4, 1) (5467 pts)


lambda_17/bar.xvg: 0.0 - 543.8; lambda = (0.4, 1)
    dH/dl & foreign lambdas:
        dH/dl (coul-lambda) (5439 pts)
        dH/dl (vdw-lambda) (5439 pts)
        delta H to (0.2, 1) (5439 pts)
        delta H to (0.4, 1) (5439 pts)
        delta H to (0.5, 1) (5439 pts)


lambda_18/bar.xvg: 0.0 - 541.1; lambda = (0.5, 1)
    dH/dl & foreign lambdas:
        dH/dl (coul-lambda) (5412 pts)
        dH/dl (vdw-lambda) (5412 pts)
        delta H to (0.4, 1) (5412 pts)
        delta H to (0.5, 1) (5412 pts)
        delta H to (0.6, 1) (5412 pts)


lambda_19/bar.xvg: 0.0 - 540.0; lambda = (0.6, 1)
    dH/dl & foreign lambdas:
        dH/dl (coul-lambda) (5401 pts)
        dH/dl (vdw-lambda) (5401 pts)
        delta H to (0.5, 1) (5401 pts)
        delta H to (0.6, 1) (5401 pts)
        delta H to (0.7, 1) (5401 pts)


lambda_20/bar.xvg: 0.0 - 540.9; lambda = (0.7, 1)
    dH/dl & foreign lambdas:
        dH/dl (coul-lambda) (5410 pts)
        dH/dl (vdw-lambda) (5410 pts)
        delta H to (0.6, 1) (5410 pts)
        delta H to (0.7, 1) (5410 pts)
        delta H to (0.8, 1) (5410 pts)


lambda_21/bar.xvg: 0.0 - 540.6; lambda = (0.8, 1)
    dH/dl & foreign lambdas:
        dH/dl (coul-lambda) (5407 pts)
        dH/dl (vdw-lambda) (5407 pts)
        delta H to (0.7, 1) (5407 pts)
        delta H to (0.8, 1) (5407 pts)
        delta H to (0.9, 1) (5407 pts)


lambda_22/bar.xvg: 0.0 - 540.6; lambda = (0.9, 1)
    dH/dl & foreign lambdas:
        dH/dl (coul-lambda) (5407 pts)
        dH/dl (vdw-lambda) (5407 pts)
        delta H to (0.8, 1) (5407 pts)
        delta H to (0.9, 1) (5407 pts)
        delta H to (1, 1) (5407 pts)


lambda_23/bar.xvg: 0.0 - 541.7; lambda = (1, 1)
    dH/dl & foreign lambdas:
        dH/dl (coul-lambda) (5418 pts)
        dH/dl (vdw-lambda) (5418 pts)
        delta H to (0.9, 1) (5418 pts)
        delta H to (1, 1) (5418 pts)



   Samples in time interval: 0.000 - 547.000
Removing samples outside of: 100.000 - 547.000

Temperature: 300 K

Detailed results in kT (see help for explanation):

 lam_A  lam_B      DG   +/-     s_A   +/-     s_B   +/-   stdev   +/- 
     0      1   -4.20  0.01    0.01  0.00    0.01  0.00    0.18  0.00
     1      2   -3.32  0.01    0.02  0.01    0.02  0.01    0.17  0.00
     2      3   -1.68  0.00    0.04  0.01    0.04  0.01    0.28  0.01
     3      4    1.25  0.03    0.17  0.02    0.19  0.02    0.63  0.01
     4      5    5.28  0.07    1.62  0.11    1.94  0.12    2.04  0.08
     5      6    3.03  0.16    1.28  0.08    1.10  0.08    1.70  0.04
     6      7    2.08  0.10    1.63  0.16    1.05  0.09    1.66  0.07
     7      8    1.30  0.06    1.04  0.04    0.73  0.03    1.33  0.03
     8      9    0.87  0.04    0.79  0.04    0.55  0.03    1.15  0.03
     9     10    0.59  0.03    0.69  0.02    0.49  0.01    1.07  0.01
    10     11    0.35  0.02    0.60  0.02    0.42  0.02    0.98  0.01
    11     12    0.17  0.02    0.50  0.02    0.36  0.02    0.90  0.01
    12     13    0.02  0.01    0.45  0.01    0.32  0.00    0.84  0.01
    13     14   -0.08  0.01    0.38  0.01    0.26  0.01    0.79  0.00
    14     15   -0.15  0.00    0.36  0.01    0.25  0.01    0.76  0.00
    15     16    0.02  0.00    0.01  0.00    0.00  0.00    0.11  0.00
    16     17    0.01  0.00    0.01  0.00    0.01  0.00    0.11  0.00
    17     18   -0.00  0.00    0.00  0.00    0.00  0.00    0.06  0.00
    18     19   -0.01  0.00    0.00  0.00    0.00  0.00    0.06  0.00
    19     20   -0.01  0.00    0.00  0.00    0.00  0.00    0.06  0.00
    20     21   -0.01  0.00    0.00  0.00    0.00  0.00    0.06  0.00
    21     22   -0.02  0.00    0.00  0.00    0.00  0.00    0.06  0.00
    22     23   -0.02  0.00    0.00  0.00    0.00  0.00    0.06  0.00


Final results in kJ/mol:

point      0 -      1,   DG -10.47 +/-  0.03
point      1 -      2,   DG -8.29 +/-  0.02
point      2 -      3,   DG -4.19 +/-  0.01
point      3 -      4,   DG  3.12 +/-  0.07
point      4 -      5,   DG 13.16 +/-  0.17
point      5 -      6,   DG  7.56 +/-  0.39
point      6 -      7,   DG  5.18 +/-  0.24
point      7 -      8,   DG  3.25 +/-  0.15
point      8 -      9,   DG  2.17 +/-  0.10
point      9 -     10,   DG  1.47 +/-  0.09
point     10 -     11,   DG  0.87 +/-  0.05
point     11 -     12,   DG  0.42 +/-  0.05
point     12 -     13,   DG  0.06 +/-  0.02
point     13 -     14,   DG -0.21 +/-  0.02
point     14 -     15,   DG -0.37 +/-  0.01
point     15 -     16,   DG  0.05 +/-  0.00
point     16 -     17,   DG  0.02 +/-  0.01
point     17 -     18,   DG -0.00 +/-  0.00
point     18 -     19,   DG -0.01 +/-  0.00
point     19 -     20,   DG -0.02 +/-  0.00
point     20 -     21,   DG -0.03 +/-  0.00
point     21 -     22,   DG -0.04 +/-  0.00
point     22 -     23,   DG -0.05 +/-  0.00

total      0 -     23,   DG 13.65 +/-  0.75

