lambda_00/bar.xvg: 0.0 - 961.2; lambda = (0, 0)
    dH/dl & foreign lambdas:
        dH/dl (coul-lambda) (9613 pts)
        dH/dl (vdw-lambda) (9613 pts)
        delta H to (0, 0) (9613 pts)
        delta H to (0, 0.1) (9613 pts)


lambda_01/bar.xvg: 0.0 - 961.2; lambda = (0, 0.1)
    dH/dl & foreign lambdas:
        dH/dl (coul-lambda) (9613 pts)
        dH/dl (vdw-lambda) (9613 pts)
        delta H to (0, 0) (9613 pts)
        delta H to (0, 0.1) (9613 pts)
        delta H to (0, 0.2) (9613 pts)


lambda_02/bar.xvg: 0.0 - 961.2; lambda = (0, 0.2)
    dH/dl & foreign lambdas:
        dH/dl (coul-lambda) (9613 pts)
        dH/dl (vdw-lambda) (9613 pts)
        delta H to (0, 0.1) (9613 pts)
        delta H to (0, 0.2) (9613 pts)
        delta H to (0, 0.3) (9613 pts)


lambda_03/bar.xvg: 0.0 - 961.2; lambda = (0, 0.3)
    dH/dl & foreign lambdas:
        dH/dl (coul-lambda) (9613 pts)
        dH/dl (vdw-lambda) (9613 pts)
        delta H to (0, 0.2) (9613 pts)
        delta H to (0, 0.3) (9613 pts)
        delta H to (0, 0.4) (9613 pts)


lambda_04/bar.xvg: 0.0 - 961.2; lambda = (0, 0.4)
    dH/dl & foreign lambdas:
        dH/dl (coul-lambda) (9613 pts)
        dH/dl (vdw-lambda) (9613 pts)
        delta H to (0, 0.3) (9613 pts)
        delta H to (0, 0.4) (9613 pts)
        delta H to (0, 0.5) (9613 pts)


lambda_05/bar.xvg: 0.0 - 961.2; lambda = (0, 0.5)
    dH/dl & foreign lambdas:
        dH/dl (coul-lambda) (9613 pts)
        dH/dl (vdw-lambda) (9613 pts)
        delta H to (0, 0.4) (9613 pts)
        delta H to (0, 0.5) (9613 pts)
        delta H to (0, 0.55) (9613 pts)


lambda_06/bar.xvg: 0.0 - 961.2; lambda = (0, 0.55)
    dH/dl & foreign lambdas:
        dH/dl (coul-lambda) (9613 pts)
        dH/dl (vdw-lambda) (9613 pts)
        delta H to (0, 0.5) (9613 pts)
        delta H to (0, 0.55) (9613 pts)
        delta H to (0, 0.6) (9613 pts)


lambda_07/bar.xvg: 0.0 - 970.4; lambda = (0, 0.6)
    dH/dl & foreign lambdas:
        dH/dl (coul-lambda) (9705 pts)
        dH/dl (vdw-lambda) (9705 pts)
        delta H to (0, 0.55) (9705 pts)
        delta H to (0, 0.6) (9705 pts)
        delta H to (0, 0.65) (9705 pts)


lambda_08/bar.xvg: 0.0 - 968.4; lambda = (0, 0.65)
    dH/dl & foreign lambdas:
        dH/dl (coul-lambda) (9685 pts)
        dH/dl (vdw-lambda) (9685 pts)
        delta H to (0, 0.6) (9685 pts)
        delta H to (0, 0.65) (9685 pts)
        delta H to (0, 0.7) (9685 pts)


lambda_09/bar.xvg: 0.0 - 966.0; lambda = (0, 0.7)
    dH/dl & foreign lambdas:
        dH/dl (coul-lambda) (9661 pts)
        dH/dl (vdw-lambda) (9661 pts)
        delta H to (0, 0.65) (9661 pts)
        delta H to (0, 0.7) (9661 pts)
        delta H to (0, 0.75) (9661 pts)


lambda_10/bar.xvg: 0.0 - 964.3; lambda = (0, 0.75)
    dH/dl & foreign lambdas:
        dH/dl (coul-lambda) (9644 pts)
        dH/dl (vdw-lambda) (9644 pts)
        delta H to (0, 0.7) (9644 pts)
        delta H to (0, 0.75) (9644 pts)
        delta H to (0, 0.8) (9644 pts)


lambda_11/bar.xvg: 0.0 - 962.3; lambda = (0, 0.8)
    dH/dl & foreign lambdas:
        dH/dl (coul-lambda) (9624 pts)
        dH/dl (vdw-lambda) (9624 pts)
        delta H to (0, 0.75) (9624 pts)
        delta H to (0, 0.8) (9624 pts)
        delta H to (0, 0.85) (9624 pts)


lambda_12/bar.xvg: 0.0 - 961.2; lambda = (0, 0.85)
    dH/dl & foreign lambdas:
        dH/dl (coul-lambda) (9613 pts)
        dH/dl (vdw-lambda) (9613 pts)
        delta H to (0, 0.8) (9613 pts)
        delta H to (0, 0.85) (9613 pts)
        delta H to (0, 0.9) (9613 pts)


lambda_13/bar.xvg: 0.0 - 961.2; lambda = (0, 0.9)
    dH/dl & foreign lambdas:
        dH/dl (coul-lambda) (9613 pts)
        dH/dl (vdw-lambda) (9613 pts)
        delta H to (0, 0.85) (9613 pts)
        delta H to (0, 0.9) (9613 pts)
        delta H to (0, 0.95) (9613 pts)


lambda_14/bar.xvg: 0.0 - 961.2; lambda = (0, 0.95)
    dH/dl & foreign lambdas:
        dH/dl (coul-lambda) (9613 pts)
        dH/dl (vdw-lambda) (9613 pts)
        delta H to (0, 0.9) (9613 pts)
        delta H to (0, 0.95) (9613 pts)
        delta H to (0, 1) (9613 pts)


lambda_15/bar.xvg: 0.0 - 961.2; lambda = (0, 1)
    dH/dl & foreign lambdas:
        dH/dl (coul-lambda) (9613 pts)
        dH/dl (vdw-lambda) (9613 pts)
        delta H to (0, 0.95) (9613 pts)
        delta H to (0, 1) (9613 pts)
        delta H to (0.2, 1) (9613 pts)


lambda_16/bar.xvg: 0.0 - 963.2; lambda = (0.2, 1)
    dH/dl & foreign lambdas:
        dH/dl (coul-lambda) (9633 pts)
        dH/dl (vdw-lambda) (9633 pts)
        delta H to (0, 1) (9633 pts)
        delta H to (0.2, 1) (9633 pts)
        delta H to (0.4, 1) (9633 pts)


lambda_17/bar.xvg: 0.0 - 967.0; lambda = (0.4, 1)
    dH/dl & foreign lambdas:
        dH/dl (coul-lambda) (9671 pts)
        dH/dl (vdw-lambda) (9671 pts)
        delta H to (0.2, 1) (9671 pts)
        delta H to (0.4, 1) (9671 pts)
        delta H to (0.5, 1) (9671 pts)


lambda_18/bar.xvg: 0.0 - 969.1; lambda = (0.5, 1)
    dH/dl & foreign lambdas:
        dH/dl (coul-lambda) (9692 pts)
        dH/dl (vdw-lambda) (9692 pts)
        delta H to (0.4, 1) (9692 pts)
        delta H to (0.5, 1) (9692 pts)
        delta H to (0.6, 1) (9692 pts)


lambda_19/bar.xvg: 0.0 - 961.2; lambda = (0.6, 1)
    dH/dl & foreign lambdas:
        dH/dl (coul-lambda) (9613 pts)
        dH/dl (vdw-lambda) (9613 pts)
        delta H to (0.5, 1) (9613 pts)
        delta H to (0.6, 1) (9613 pts)
        delta H to (0.7, 1) (9613 pts)


lambda_20/bar.xvg: 0.0 - 961.2; lambda = (0.7, 1)
    dH/dl & foreign lambdas:
        dH/dl (coul-lambda) (9613 pts)
        dH/dl (vdw-lambda) (9613 pts)
        delta H to (0.6, 1) (9613 pts)
        delta H to (0.7, 1) (9613 pts)
        delta H to (0.8, 1) (9613 pts)


lambda_21/bar.xvg: 0.0 - 962.4; lambda = (0.8, 1)
    dH/dl & foreign lambdas:
        dH/dl (coul-lambda) (9625 pts)
        dH/dl (vdw-lambda) (9625 pts)
        delta H to (0.7, 1) (9625 pts)
        delta H to (0.8, 1) (9625 pts)
        delta H to (0.9, 1) (9625 pts)


lambda_22/bar.xvg: 0.0 - 964.2; lambda = (0.9, 1)
    dH/dl & foreign lambdas:
        dH/dl (coul-lambda) (9643 pts)
        dH/dl (vdw-lambda) (9643 pts)
        delta H to (0.8, 1) (9643 pts)
        delta H to (0.9, 1) (9643 pts)
        delta H to (1, 1) (9643 pts)


lambda_23/bar.xvg: 0.0 - 964.9; lambda = (1, 1)
    dH/dl & foreign lambdas:
        dH/dl (coul-lambda) (9650 pts)
        dH/dl (vdw-lambda) (9650 pts)
        delta H to (0.9, 1) (9650 pts)
        delta H to (1, 1) (9650 pts)



Temperature: 300 K

Detailed results in kT (see help for explanation):

 lam_A  lam_B      DG   +/-     s_A   +/-     s_B   +/-   stdev   +/- 
     0      1   -7.28  0.01    0.03  0.01    0.03  0.01    0.25  0.01
     1      2   -5.75  0.01    0.03  0.01    0.03  0.01    0.24  0.00
     2      3   -2.93  0.01    0.09  0.01    0.09  0.01    0.40  0.00
     3      4    2.07  0.02    0.34  0.01    0.37  0.02    0.89  0.00
     4      5    9.05  0.09    2.63  0.04    3.15  0.10    2.87  0.03
     5      6    5.03  0.07    2.57  0.09    2.20  0.07    2.53  0.05
     6      7    3.14  0.06    2.53  0.07    1.65  0.03    2.20  0.04
     7      8    1.97  0.04    1.71  0.06    1.19  0.02    1.76  0.02
     8      9    1.26  0.02    1.35  0.03    0.94  0.02    1.54  0.02
     9     10    0.77  0.03    1.12  0.03    0.78  0.02    1.39  0.01
    10     11    0.40  0.02    1.00  0.03    0.69  0.02    1.29  0.01
    11     12    0.10  0.02    0.85  0.03    0.59  0.01    1.18  0.01
    12     13   -0.12  0.01    0.73  0.02    0.52  0.01    1.10  0.01
    13     14   -0.29  0.01    0.64  0.01    0.46  0.01    1.03  0.01
    14     15   -0.42  0.01    0.59  0.01    0.42  0.01    0.98  0.01
    15     16   -0.57  0.01    0.57  0.03    0.60  0.03    1.09  0.01
    16     17   -1.85  0.03    0.68  0.02    0.76  0.02    1.24  0.01
    17     18   -1.57  0.01    0.27  0.02    0.28  0.02    0.72  0.00
    18     19   -2.14  0.02    0.29  0.01    0.30  0.01    0.77  0.01
    19     20   -2.79  0.01    0.35  0.02    0.36  0.02    0.84  0.01
    20     21   -3.48  0.02    0.33  0.02    0.34  0.02    0.86  0.01
    21     22   -4.25  0.03    0.42  0.01    0.43  0.01    0.92  0.00
    22     23   -5.13  0.03    0.44  0.02    0.44  0.01    0.93  0.01


Final results in kJ/mol:

point      0 -      1,   DG -18.15 +/-  0.02
point      1 -      2,   DG -14.35 +/-  0.02
point      2 -      3,   DG -7.30 +/-  0.02
point      3 -      4,   DG  5.17 +/-  0.05
point      4 -      5,   DG 22.58 +/-  0.22
point      5 -      6,   DG 12.55 +/-  0.17
point      6 -      7,   DG  7.84 +/-  0.16
point      7 -      8,   DG  4.91 +/-  0.09
point      8 -      9,   DG  3.14 +/-  0.04
point      9 -     10,   DG  1.93 +/-  0.07
point     10 -     11,   DG  1.01 +/-  0.04
point     11 -     12,   DG  0.25 +/-  0.04
point     12 -     13,   DG -0.30 +/-  0.02
point     13 -     14,   DG -0.72 +/-  0.02
point     14 -     15,   DG -1.05 +/-  0.01
point     15 -     16,   DG -1.43 +/-  0.03
point     16 -     17,   DG -4.62 +/-  0.07
point     17 -     18,   DG -3.93 +/-  0.02
point     18 -     19,   DG -5.34 +/-  0.04
point     19 -     20,   DG -6.96 +/-  0.04
point     20 -     21,   DG -8.69 +/-  0.06
point     21 -     22,   DG -10.60 +/-  0.07
point     22 -     23,   DG -12.79 +/-  0.07

total      0 -     23,   DG -36.85 +/-  0.27

