lambda_00/bar.xvg: 0.0 - 926.0; lambda = (0, 0)
    dH/dl & foreign lambdas:
        dH/dl (coul-lambda) (9261 pts)
        dH/dl (vdw-lambda) (9261 pts)
        delta H to (0, 0) (9261 pts)
        delta H to (0, 0.1) (9261 pts)


lambda_01/bar.xvg: 0.0 - 931.0; lambda = (0, 0.1)
    dH/dl & foreign lambdas:
        dH/dl (coul-lambda) (9311 pts)
        dH/dl (vdw-lambda) (9311 pts)
        delta H to (0, 0) (9311 pts)
        delta H to (0, 0.1) (9311 pts)
        delta H to (0, 0.2) (9311 pts)


lambda_02/bar.xvg: 0.0 - 931.2; lambda = (0, 0.2)
    dH/dl & foreign lambdas:
        dH/dl (coul-lambda) (9313 pts)
        dH/dl (vdw-lambda) (9313 pts)
        delta H to (0, 0.1) (9313 pts)
        delta H to (0, 0.2) (9313 pts)
        delta H to (0, 0.3) (9313 pts)


lambda_03/bar.xvg: 0.0 - 926.0; lambda = (0, 0.3)
    dH/dl & foreign lambdas:
        dH/dl (coul-lambda) (9261 pts)
        dH/dl (vdw-lambda) (9261 pts)
        delta H to (0, 0.2) (9261 pts)
        delta H to (0, 0.3) (9261 pts)
        delta H to (0, 0.4) (9261 pts)


lambda_04/bar.xvg: 0.0 - 926.0; lambda = (0, 0.4)
    dH/dl & foreign lambdas:
        dH/dl (coul-lambda) (9261 pts)
        dH/dl (vdw-lambda) (9261 pts)
        delta H to (0, 0.3) (9261 pts)
        delta H to (0, 0.4) (9261 pts)
        delta H to (0, 0.5) (9261 pts)


lambda_05/bar.xvg: 0.0 - 926.0; lambda = (0, 0.5)
    dH/dl & foreign lambdas:
        dH/dl (coul-lambda) (9261 pts)
        dH/dl (vdw-lambda) (9261 pts)
        delta H to (0, 0.4) (9261 pts)
        delta H to (0, 0.5) (9261 pts)
        delta H to (0, 0.55) (9261 pts)


lambda_06/bar.xvg: 0.0 - 931.3; lambda = (0, 0.55)
    dH/dl & foreign lambdas:
        dH/dl (coul-lambda) (9314 pts)
        dH/dl (vdw-lambda) (9314 pts)
        delta H to (0, 0.5) (9314 pts)
        delta H to (0, 0.55) (9314 pts)
        delta H to (0, 0.6) (9314 pts)


lambda_07/bar.xvg: 0.0 - 929.9; lambda = (0, 0.6)
    dH/dl & foreign lambdas:
        dH/dl (coul-lambda) (9300 pts)
        dH/dl (vdw-lambda) (9300 pts)
        delta H to (0, 0.55) (9300 pts)
        delta H to (0, 0.6) (9300 pts)
        delta H to (0, 0.65) (9300 pts)


lambda_08/bar.xvg: 0.0 - 927.7; lambda = (0, 0.65)
    dH/dl & foreign lambdas:
        dH/dl (coul-lambda) (9278 pts)
        dH/dl (vdw-lambda) (9278 pts)
        delta H to (0, 0.6) (9278 pts)
        delta H to (0, 0.65) (9278 pts)
        delta H to (0, 0.7) (9278 pts)


lambda_09/bar.xvg: 0.0 - 926.0; lambda = (0, 0.7)
    dH/dl & foreign lambdas:
        dH/dl (coul-lambda) (9261 pts)
        dH/dl (vdw-lambda) (9261 pts)
        delta H to (0, 0.65) (9261 pts)
        delta H to (0, 0.7) (9261 pts)
        delta H to (0, 0.75) (9261 pts)


lambda_10/bar.xvg: 0.0 - 926.0; lambda = (0, 0.75)
    dH/dl & foreign lambdas:
        dH/dl (coul-lambda) (9261 pts)
        dH/dl (vdw-lambda) (9261 pts)
        delta H to (0, 0.7) (9261 pts)
        delta H to (0, 0.75) (9261 pts)
        delta H to (0, 0.8) (9261 pts)


lambda_11/bar.xvg: 0.0 - 926.0; lambda = (0, 0.8)
    dH/dl & foreign lambdas:
        dH/dl (coul-lambda) (9261 pts)
        dH/dl (vdw-lambda) (9261 pts)
        delta H to (0, 0.75) (9261 pts)
        delta H to (0, 0.8) (9261 pts)
        delta H to (0, 0.85) (9261 pts)


lambda_12/bar.xvg: 0.0 - 926.0; lambda = (0, 0.85)
    dH/dl & foreign lambdas:
        dH/dl (coul-lambda) (9261 pts)
        dH/dl (vdw-lambda) (9261 pts)
        delta H to (0, 0.8) (9261 pts)
        delta H to (0, 0.85) (9261 pts)
        delta H to (0, 0.9) (9261 pts)


lambda_13/bar.xvg: 0.0 - 926.0; lambda = (0, 0.9)
    dH/dl & foreign lambdas:
        dH/dl (coul-lambda) (9261 pts)
        dH/dl (vdw-lambda) (9261 pts)
        delta H to (0, 0.85) (9261 pts)
        delta H to (0, 0.9) (9261 pts)
        delta H to (0, 0.95) (9261 pts)


lambda_14/bar.xvg: 0.0 - 926.0; lambda = (0, 0.95)
    dH/dl & foreign lambdas:
        dH/dl (coul-lambda) (9261 pts)
        dH/dl (vdw-lambda) (9261 pts)
        delta H to (0, 0.9) (9261 pts)
        delta H to (0, 0.95) (9261 pts)
        delta H to (0, 1) (9261 pts)


lambda_15/bar.xvg: 0.0 - 930.9; lambda = (0, 1)
    dH/dl & foreign lambdas:
        dH/dl (coul-lambda) (9310 pts)
        dH/dl (vdw-lambda) (9310 pts)
        delta H to (0, 0.95) (9310 pts)
        delta H to (0, 1) (9310 pts)
        delta H to (0.2, 1) (9310 pts)


lambda_16/bar.xvg: 0.0 - 926.0; lambda = (0.2, 1)
    dH/dl & foreign lambdas:
        dH/dl (coul-lambda) (9261 pts)
        dH/dl (vdw-lambda) (9261 pts)
        delta H to (0, 1) (9261 pts)
        delta H to (0.2, 1) (9261 pts)
        delta H to (0.4, 1) (9261 pts)


lambda_17/bar.xvg: 0.0 - 926.8; lambda = (0.4, 1)
    dH/dl & foreign lambdas:
        dH/dl (coul-lambda) (9269 pts)
        dH/dl (vdw-lambda) (9269 pts)
        delta H to (0.2, 1) (9269 pts)
        delta H to (0.4, 1) (9269 pts)
        delta H to (0.5, 1) (9269 pts)


lambda_18/bar.xvg: 0.0 - 928.9; lambda = (0.5, 1)
    dH/dl & foreign lambdas:
        dH/dl (coul-lambda) (9290 pts)
        dH/dl (vdw-lambda) (9290 pts)
        delta H to (0.4, 1) (9290 pts)
        delta H to (0.5, 1) (9290 pts)
        delta H to (0.6, 1) (9290 pts)


lambda_19/bar.xvg: 0.0 - 931.1; lambda = (0.6, 1)
    dH/dl & foreign lambdas:
        dH/dl (coul-lambda) (9312 pts)
        dH/dl (vdw-lambda) (9312 pts)
        delta H to (0.5, 1) (9312 pts)
        delta H to (0.6, 1) (9312 pts)
        delta H to (0.7, 1) (9312 pts)


lambda_20/bar.xvg: 0.0 - 926.0; lambda = (0.7, 1)
    dH/dl & foreign lambdas:
        dH/dl (coul-lambda) (9261 pts)
        dH/dl (vdw-lambda) (9261 pts)
        delta H to (0.6, 1) (9261 pts)
        delta H to (0.7, 1) (9261 pts)
        delta H to (0.8, 1) (9261 pts)


lambda_21/bar.xvg: 0.0 - 926.0; lambda = (0.8, 1)
    dH/dl & foreign lambdas:
        dH/dl (coul-lambda) (9261 pts)
        dH/dl (vdw-lambda) (9261 pts)
        delta H to (0.7, 1) (9261 pts)
        delta H to (0.8, 1) (9261 pts)
        delta H to (0.9, 1) (9261 pts)


lambda_22/bar.xvg: 0.0 - 926.0; lambda = (0.9, 1)
    dH/dl & foreign lambdas:
        dH/dl (coul-lambda) (9261 pts)
        dH/dl (vdw-lambda) (9261 pts)
        delta H to (0.8, 1) (9261 pts)
        delta H to (0.9, 1) (9261 pts)
        delta H to (1, 1) (9261 pts)


lambda_23/bar.xvg: 0.0 - 926.0; lambda = (1, 1)
    dH/dl & foreign lambdas:
        dH/dl (coul-lambda) (9261 pts)
        dH/dl (vdw-lambda) (9261 pts)
        delta H to (0.9, 1) (9261 pts)
        delta H to (1, 1) (9261 pts)



   Samples in time interval: 0.000 - 931.300
Removing samples outside of: 100.000 - 931.300

Temperature: 300 K

Detailed results in kT (see help for explanation):

 lam_A  lam_B      DG   +/-     s_A   +/-     s_B   +/-   stdev   +/- 
     0      1   -6.80  0.01    0.03  0.00    0.03  0.00    0.23  0.00
     1      2   -5.38  0.01    0.03  0.01    0.03  0.01    0.24  0.00
     2      3   -2.73  0.01    0.07  0.01    0.08  0.01    0.38  0.01
     3      4    1.92  0.03    0.36  0.01    0.39  0.01    0.87  0.01
     4      5    8.27  0.08    2.53  0.04    2.89  0.08    2.73  0.04
     5      6    4.70  0.05    2.29  0.04    2.02  0.07    2.34  0.06
     6      7    3.09  0.09    2.28  0.07    1.49  0.06    2.10  0.05
     7      8    1.98  0.03    1.77  0.08    1.22  0.04    1.78  0.04
     8      9    1.19  0.04    1.31  0.05    0.91  0.03    1.52  0.03
     9     10    0.73  0.02    1.04  0.04    0.72  0.02    1.34  0.02
    10     11    0.40  0.02    0.95  0.03    0.67  0.02    1.26  0.01
    11     12    0.11  0.01    0.79  0.01    0.56  0.01    1.15  0.01
    12     13   -0.09  0.01    0.71  0.02    0.50  0.01    1.07  0.01
    13     14   -0.27  0.01    0.63  0.01    0.46  0.01    1.01  0.01
    14     15   -0.42  0.01    0.55  0.00    0.39  0.00    0.95  0.00
    15     16   -0.52  0.01    0.52  0.01    0.55  0.01    1.04  0.01
    16     17   -1.73  0.02    0.66  0.02    0.74  0.03    1.21  0.01
    17     18   -1.45  0.01    0.22  0.02    0.23  0.02    0.68  0.01
    18     19   -1.97  0.01    0.29  0.01    0.30  0.01    0.76  0.01
    19     20   -2.60  0.02    0.32  0.01    0.33  0.01    0.81  0.01
    20     21   -3.28  0.01    0.35  0.03    0.36  0.03    0.84  0.01
    21     22   -4.00  0.02    0.36  0.02    0.37  0.03    0.87  0.01
    22     23   -4.78  0.01    0.41  0.02    0.42  0.02    0.91  0.00


Final results in kJ/mol:

point      0 -      1,   DG -16.97 +/-  0.02
point      1 -      2,   DG -13.43 +/-  0.02
point      2 -      3,   DG -6.82 +/-  0.02
point      3 -      4,   DG  4.79 +/-  0.07
point      4 -      5,   DG 20.64 +/-  0.20
point      5 -      6,   DG 11.73 +/-  0.13
point      6 -      7,   DG  7.70 +/-  0.22
point      7 -      8,   DG  4.95 +/-  0.08
point      8 -      9,   DG  2.97 +/-  0.11
point      9 -     10,   DG  1.82 +/-  0.05
point     10 -     11,   DG  0.99 +/-  0.04
point     11 -     12,   DG  0.28 +/-  0.02
point     12 -     13,   DG -0.23 +/-  0.03
point     13 -     14,   DG -0.67 +/-  0.03
point     14 -     15,   DG -1.04 +/-  0.03
point     15 -     16,   DG -1.31 +/-  0.03
point     16 -     17,   DG -4.33 +/-  0.05
point     17 -     18,   DG -3.63 +/-  0.03
point     18 -     19,   DG -4.92 +/-  0.03
point     19 -     20,   DG -6.49 +/-  0.04
point     20 -     21,   DG -8.18 +/-  0.04
point     21 -     22,   DG -9.98 +/-  0.06
point     22 -     23,   DG -11.93 +/-  0.02

total      0 -     23,   DG -34.04 +/-  0.38

