lambda_00/bar.xvg: 0.0 - 953.2; lambda = (0, 0)
    dH/dl & foreign lambdas:
        dH/dl (coul-lambda) (9533 pts)
        dH/dl (vdw-lambda) (9533 pts)
        delta H to (0, 0) (9533 pts)
        delta H to (0, 0.1) (9533 pts)


lambda_01/bar.xvg: 0.0 - 957.8; lambda = (0, 0.1)
    dH/dl & foreign lambdas:
        dH/dl (coul-lambda) (9579 pts)
        dH/dl (vdw-lambda) (9579 pts)
        delta H to (0, 0) (9579 pts)
        delta H to (0, 0.1) (9579 pts)
        delta H to (0, 0.2) (9579 pts)


lambda_02/bar.xvg: 0.0 - 957.5; lambda = (0, 0.2)
    dH/dl & foreign lambdas:
        dH/dl (coul-lambda) (9576 pts)
        dH/dl (vdw-lambda) (9576 pts)
        delta H to (0, 0.1) (9576 pts)
        delta H to (0, 0.2) (9576 pts)
        delta H to (0, 0.3) (9576 pts)


lambda_03/bar.xvg: 0.0 - 946.5; lambda = (0, 0.3)
    dH/dl & foreign lambdas:
        dH/dl (coul-lambda) (9466 pts)
        dH/dl (vdw-lambda) (9466 pts)
        delta H to (0, 0.2) (9466 pts)
        delta H to (0, 0.3) (9466 pts)
        delta H to (0, 0.4) (9466 pts)


lambda_04/bar.xvg: 0.0 - 945.8; lambda = (0, 0.4)
    dH/dl & foreign lambdas:
        dH/dl (coul-lambda) (9459 pts)
        dH/dl (vdw-lambda) (9459 pts)
        delta H to (0, 0.3) (9459 pts)
        delta H to (0, 0.4) (9459 pts)
        delta H to (0, 0.5) (9459 pts)


lambda_05/bar.xvg: 0.0 - 946.1; lambda = (0, 0.5)
    dH/dl & foreign lambdas:
        dH/dl (coul-lambda) (9462 pts)
        dH/dl (vdw-lambda) (9462 pts)
        delta H to (0, 0.4) (9462 pts)
        delta H to (0, 0.5) (9462 pts)
        delta H to (0, 0.55) (9462 pts)


lambda_06/bar.xvg: 0.0 - 958.1; lambda = (0, 0.55)
    dH/dl & foreign lambdas:
        dH/dl (coul-lambda) (9582 pts)
        dH/dl (vdw-lambda) (9582 pts)
        delta H to (0, 0.5) (9582 pts)
        delta H to (0, 0.55) (9582 pts)
        delta H to (0, 0.6) (9582 pts)


lambda_07/bar.xvg: 0.0 - 956.8; lambda = (0, 0.6)
    dH/dl & foreign lambdas:
        dH/dl (coul-lambda) (9569 pts)
        dH/dl (vdw-lambda) (9569 pts)
        delta H to (0, 0.55) (9569 pts)
        delta H to (0, 0.6) (9569 pts)
        delta H to (0, 0.65) (9569 pts)


lambda_08/bar.xvg: 0.0 - 955.4; lambda = (0, 0.65)
    dH/dl & foreign lambdas:
        dH/dl (coul-lambda) (9555 pts)
        dH/dl (vdw-lambda) (9555 pts)
        delta H to (0, 0.6) (9555 pts)
        delta H to (0, 0.65) (9555 pts)
        delta H to (0, 0.7) (9555 pts)


lambda_09/bar.xvg: 0.0 - 953.2; lambda = (0, 0.7)
    dH/dl & foreign lambdas:
        dH/dl (coul-lambda) (9533 pts)
        dH/dl (vdw-lambda) (9533 pts)
        delta H to (0, 0.65) (9533 pts)
        delta H to (0, 0.7) (9533 pts)
        delta H to (0, 0.75) (9533 pts)


lambda_10/bar.xvg: 0.0 - 950.9; lambda = (0, 0.75)
    dH/dl & foreign lambdas:
        dH/dl (coul-lambda) (9510 pts)
        dH/dl (vdw-lambda) (9510 pts)
        delta H to (0, 0.7) (9510 pts)
        delta H to (0, 0.75) (9510 pts)
        delta H to (0, 0.8) (9510 pts)


lambda_11/bar.xvg: 0.0 - 948.9; lambda = (0, 0.8)
    dH/dl & foreign lambdas:
        dH/dl (coul-lambda) (9490 pts)
        dH/dl (vdw-lambda) (9490 pts)
        delta H to (0, 0.75) (9490 pts)
        delta H to (0, 0.8) (9490 pts)
        delta H to (0, 0.85) (9490 pts)


lambda_12/bar.xvg: 0.0 - 947.5; lambda = (0, 0.85)
    dH/dl & foreign lambdas:
        dH/dl (coul-lambda) (9476 pts)
        dH/dl (vdw-lambda) (9476 pts)
        delta H to (0, 0.8) (9476 pts)
        delta H to (0, 0.85) (9476 pts)
        delta H to (0, 0.9) (9476 pts)


lambda_13/bar.xvg: 0.0 - 946.4; lambda = (0, 0.9)
    dH/dl & foreign lambdas:
        dH/dl (coul-lambda) (9465 pts)
        dH/dl (vdw-lambda) (9465 pts)
        delta H to (0, 0.85) (9465 pts)
        delta H to (0, 0.9) (9465 pts)
        delta H to (0, 0.95) (9465 pts)


lambda_14/bar.xvg: 0.0 - 958.8; lambda = (0, 0.95)
    dH/dl & foreign lambdas:
        dH/dl (coul-lambda) (9589 pts)
        dH/dl (vdw-lambda) (9589 pts)
        delta H to (0, 0.9) (9589 pts)
        delta H to (0, 0.95) (9589 pts)
        delta H to (0, 1) (9589 pts)


lambda_15/bar.xvg: 0.0 - 958.1; lambda = (0, 1)
    dH/dl & foreign lambdas:
        dH/dl (coul-lambda) (9582 pts)
        dH/dl (vdw-lambda) (9582 pts)
        delta H to (0, 0.95) (9582 pts)
        delta H to (0, 1) (9582 pts)
        delta H to (0.2, 1) (9582 pts)


lambda_16/bar.xvg: 0.0 - 949.7; lambda = (0.2, 1)
    dH/dl & foreign lambdas:
        dH/dl (coul-lambda) (9498 pts)
        dH/dl (vdw-lambda) (9498 pts)
        delta H to (0, 1) (9498 pts)
        delta H to (0.2, 1) (9498 pts)
        delta H to (0.4, 1) (9498 pts)


lambda_17/bar.xvg: 0.0 - 953.2; lambda = (0.4, 1)
    dH/dl & foreign lambdas:
        dH/dl (coul-lambda) (9533 pts)
        dH/dl (vdw-lambda) (9533 pts)
        delta H to (0.2, 1) (9533 pts)
        delta H to (0.4, 1) (9533 pts)
        delta H to (0.5, 1) (9533 pts)


lambda_18/bar.xvg: 0.0 - 955.6; lambda = (0.5, 1)
    dH/dl & foreign lambdas:
        dH/dl (coul-lambda) (9557 pts)
        dH/dl (vdw-lambda) (9557 pts)
        delta H to (0.4, 1) (9557 pts)
        delta H to (0.5, 1) (9557 pts)
        delta H to (0.6, 1) (9557 pts)


lambda_19/bar.xvg: 0.0 - 957.7; lambda = (0.6, 1)
    dH/dl & foreign lambdas:
        dH/dl (coul-lambda) (9578 pts)
        dH/dl (vdw-lambda) (9578 pts)
        delta H to (0.5, 1) (9578 pts)
        delta H to (0.6, 1) (9578 pts)
        delta H to (0.7, 1) (9578 pts)


lambda_20/bar.xvg: 0.0 - 946.6; lambda = (0.7, 1)
    dH/dl & foreign lambdas:
        dH/dl (coul-lambda) (9467 pts)
        dH/dl (vdw-lambda) (9467 pts)
        delta H to (0.6, 1) (9467 pts)
        delta H to (0.7, 1) (9467 pts)
        delta H to (0.8, 1) (9467 pts)


lambda_21/bar.xvg: 0.0 - 948.7; lambda = (0.8, 1)
    dH/dl & foreign lambdas:
        dH/dl (coul-lambda) (9488 pts)
        dH/dl (vdw-lambda) (9488 pts)
        delta H to (0.7, 1) (9488 pts)
        delta H to (0.8, 1) (9488 pts)
        delta H to (0.9, 1) (9488 pts)


lambda_22/bar.xvg: 0.0 - 950.6; lambda = (0.9, 1)
    dH/dl & foreign lambdas:
        dH/dl (coul-lambda) (9507 pts)
        dH/dl (vdw-lambda) (9507 pts)
        delta H to (0.8, 1) (9507 pts)
        delta H to (0.9, 1) (9507 pts)
        delta H to (1, 1) (9507 pts)


lambda_23/bar.xvg: 0.0 - 948.4; lambda = (1, 1)
    dH/dl & foreign lambdas:
        dH/dl (coul-lambda) (9485 pts)
        dH/dl (vdw-lambda) (9485 pts)
        delta H to (0.9, 1) (9485 pts)
        delta H to (1, 1) (9485 pts)



   Samples in time interval: 0.000 - 958.800
Removing samples outside of: 100.000 - 958.800

Temperature: 300 K

Detailed results in kT (see help for explanation):

 lam_A  lam_B      DG   +/-     s_A   +/-     s_B   +/-   stdev   +/- 
     0      1   -7.28  0.01    0.04  0.00    0.04  0.00    0.24  0.00
     1      2   -5.77  0.01    0.02  0.00    0.02  0.00    0.24  0.00
     2      3   -2.92  0.01    0.09  0.01    0.09  0.01    0.39  0.01
     3      4    2.05  0.02    0.37  0.02    0.40  0.02    0.89  0.02
     4      5    8.88  0.04    2.70  0.08    3.14  0.06    2.86  0.05
     5      6    5.07  0.04    2.38  0.04    2.08  0.04    2.43  0.04
     6      7    3.26  0.06    2.66  0.06    1.74  0.02    2.29  0.01
     7      8    2.02  0.01    1.70  0.06    1.16  0.04    1.76  0.02
     8      9    1.34  0.01    1.41  0.04    0.97  0.02    1.57  0.02
     9     10    0.84  0.01    1.17  0.02    0.82  0.03    1.42  0.02
    10     11    0.44  0.02    1.02  0.02    0.71  0.02    1.31  0.01
    11     12    0.13  0.01    0.86  0.01    0.60  0.01    1.20  0.01
    12     13   -0.11  0.01    0.76  0.01    0.53  0.01    1.11  0.01
    13     14   -0.27  0.01    0.66  0.01    0.47  0.01    1.04  0.01
    14     15   -0.40  0.01    0.61  0.01    0.44  0.01    1.00  0.00
    15     16   -0.51  0.01    0.52  0.02    0.54  0.02    1.04  0.01
    16     17   -1.72  0.02    0.67  0.01    0.76  0.01    1.21  0.01
    17     18   -1.48  0.00    0.25  0.02    0.26  0.01    0.70  0.00
    18     19   -2.02  0.01    0.27  0.01    0.29  0.01    0.76  0.01
    19     20   -2.62  0.01    0.31  0.02    0.32  0.01    0.80  0.01
    20     21   -3.29  0.03    0.35  0.01    0.36  0.01    0.85  0.01
    21     22   -4.03  0.02    0.38  0.03    0.38  0.03    0.88  0.01
    22     23   -4.83  0.03    0.42  0.02    0.43  0.02    0.93  0.01


Final results in kJ/mol:

point      0 -      1,   DG -18.17 +/-  0.02
point      1 -      2,   DG -14.38 +/-  0.03
point      2 -      3,   DG -7.29 +/-  0.02
point      3 -      4,   DG  5.11 +/-  0.05
point      4 -      5,   DG 22.14 +/-  0.10
point      5 -      6,   DG 12.66 +/-  0.10
point      6 -      7,   DG  8.13 +/-  0.14
point      7 -      8,   DG  5.05 +/-  0.03
point      8 -      9,   DG  3.35 +/-  0.03
point      9 -     10,   DG  2.08 +/-  0.04
point     10 -     11,   DG  1.09 +/-  0.06
point     11 -     12,   DG  0.32 +/-  0.02
point     12 -     13,   DG -0.27 +/-  0.03
point     13 -     14,   DG -0.68 +/-  0.03
point     14 -     15,   DG -1.01 +/-  0.03
point     15 -     16,   DG -1.26 +/-  0.02
point     16 -     17,   DG -4.29 +/-  0.06
point     17 -     18,   DG -3.70 +/-  0.01
point     18 -     19,   DG -5.04 +/-  0.02
point     19 -     20,   DG -6.54 +/-  0.04
point     20 -     21,   DG -8.21 +/-  0.07
point     21 -     22,   DG -10.06 +/-  0.06
point     22 -     23,   DG -12.06 +/-  0.08

total      0 -     23,   DG -33.03 +/-  0.42

