lambda_00/bar.xvg: 0.0 - 253.3; lambda = (0, 0)
    dH/dl & foreign lambdas:
        dH/dl (coul-lambda) (2534 pts)
        dH/dl (vdw-lambda) (2534 pts)
        delta H to (0, 0) (2534 pts)
        delta H to (0, 0.1) (2534 pts)


lambda_01/bar.xvg: 0.0 - 252.1; lambda = (0, 0.1)
    dH/dl & foreign lambdas:
        dH/dl (coul-lambda) (2522 pts)
        dH/dl (vdw-lambda) (2522 pts)
        delta H to (0, 0) (2522 pts)
        delta H to (0, 0.1) (2522 pts)
        delta H to (0, 0.2) (2522 pts)


lambda_02/bar.xvg: 0.0 - 252.0; lambda = (0, 0.2)
    dH/dl & foreign lambdas:
        dH/dl (coul-lambda) (2521 pts)
        dH/dl (vdw-lambda) (2521 pts)
        delta H to (0, 0.1) (2521 pts)
        delta H to (0, 0.2) (2521 pts)
        delta H to (0, 0.3) (2521 pts)


lambda_03/bar.xvg: 0.0 - 255.9; lambda = (0, 0.3)
    dH/dl & foreign lambdas:
        dH/dl (coul-lambda) (2560 pts)
        dH/dl (vdw-lambda) (2560 pts)
        delta H to (0, 0.2) (2560 pts)
        delta H to (0, 0.3) (2560 pts)
        delta H to (0, 0.4) (2560 pts)


lambda_04/bar.xvg: 0.0 - 255.7; lambda = (0, 0.4)
    dH/dl & foreign lambdas:
        dH/dl (coul-lambda) (2558 pts)
        dH/dl (vdw-lambda) (2558 pts)
        delta H to (0, 0.3) (2558 pts)
        delta H to (0, 0.4) (2558 pts)
        delta H to (0, 0.5) (2558 pts)


lambda_05/bar.xvg: 0.0 - 255.9; lambda = (0, 0.5)
    dH/dl & foreign lambdas:
        dH/dl (coul-lambda) (2560 pts)
        dH/dl (vdw-lambda) (2560 pts)
        delta H to (0, 0.4) (2560 pts)
        delta H to (0, 0.5) (2560 pts)
        delta H to (0, 0.55) (2560 pts)


lambda_06/bar.xvg: 0.0 - 255.1; lambda = (0, 0.55)
    dH/dl & foreign lambdas:
        dH/dl (coul-lambda) (2552 pts)
        dH/dl (vdw-lambda) (2552 pts)
        delta H to (0, 0.5) (2552 pts)
        delta H to (0, 0.55) (2552 pts)
        delta H to (0, 0.6) (2552 pts)


lambda_07/bar.xvg: 0.0 - 254.2; lambda = (0, 0.6)
    dH/dl & foreign lambdas:
        dH/dl (coul-lambda) (2543 pts)
        dH/dl (vdw-lambda) (2543 pts)
        delta H to (0, 0.55) (2543 pts)
        delta H to (0, 0.6) (2543 pts)
        delta H to (0, 0.65) (2543 pts)


lambda_08/bar.xvg: 0.0 - 253.3; lambda = (0, 0.65)
    dH/dl & foreign lambdas:
        dH/dl (coul-lambda) (2534 pts)
        dH/dl (vdw-lambda) (2534 pts)
        delta H to (0, 0.6) (2534 pts)
        delta H to (0, 0.65) (2534 pts)
        delta H to (0, 0.7) (2534 pts)


lambda_09/bar.xvg: 0.0 - 252.6; lambda = (0, 0.7)
    dH/dl & foreign lambdas:
        dH/dl (coul-lambda) (2527 pts)
        dH/dl (vdw-lambda) (2527 pts)
        delta H to (0, 0.65) (2527 pts)
        delta H to (0, 0.7) (2527 pts)
        delta H to (0, 0.75) (2527 pts)


lambda_10/bar.xvg: 0.0 - 251.7; lambda = (0, 0.75)
    dH/dl & foreign lambdas:
        dH/dl (coul-lambda) (2518 pts)
        dH/dl (vdw-lambda) (2518 pts)
        delta H to (0, 0.7) (2518 pts)
        delta H to (0, 0.75) (2518 pts)
        delta H to (0, 0.8) (2518 pts)


lambda_11/bar.xvg: 0.0 - 251.3; lambda = (0, 0.8)
    dH/dl & foreign lambdas:
        dH/dl (coul-lambda) (2514 pts)
        dH/dl (vdw-lambda) (2514 pts)
        delta H to (0, 0.75) (2514 pts)
        delta H to (0, 0.8) (2514 pts)
        delta H to (0, 0.85) (2514 pts)


lambda_12/bar.xvg: 0.0 - 251.0; lambda = (0, 0.85)
    dH/dl & foreign lambdas:
        dH/dl (coul-lambda) (2511 pts)
        dH/dl (vdw-lambda) (2511 pts)
        delta H to (0, 0.8) (2511 pts)
        delta H to (0, 0.85) (2511 pts)
        delta H to (0, 0.9) (2511 pts)


lambda_13/bar.xvg: 0.0 - 250.6; lambda = (0, 0.9)
    dH/dl & foreign lambdas:
        dH/dl (coul-lambda) (2507 pts)
        dH/dl (vdw-lambda) (2507 pts)
        delta H to (0, 0.85) (2507 pts)
        delta H to (0, 0.9) (2507 pts)
        delta H to (0, 0.95) (2507 pts)


lambda_14/bar.xvg: 0.0 - 250.6; lambda = (0, 0.95)
    dH/dl & foreign lambdas:
        dH/dl (coul-lambda) (2507 pts)
        dH/dl (vdw-lambda) (2507 pts)
        delta H to (0, 0.9) (2507 pts)
        delta H to (0, 0.95) (2507 pts)
        delta H to (0, 1) (2507 pts)


lambda_15/bar.xvg: 0.0 - 250.6; lambda = (0, 1)
    dH/dl & foreign lambdas:
        dH/dl (coul-lambda) (2507 pts)
        dH/dl (vdw-lambda) (2507 pts)
        delta H to (0, 0.95) (2507 pts)
        delta H to (0, 1) (2507 pts)
        delta H to (0.2, 1) (2507 pts)


lambda_16/bar.xvg: 0.0 - 250.3; lambda = (0.2, 1)
    dH/dl & foreign lambdas:
        dH/dl (coul-lambda) (2504 pts)
        dH/dl (vdw-lambda) (2504 pts)
        delta H to (0, 1) (2504 pts)
        delta H to (0.2, 1) (2504 pts)
        delta H to (0.4, 1) (2504 pts)


lambda_17/bar.xvg: 0.0 - 251.5; lambda = (0.4, 1)
    dH/dl & foreign lambdas:
        dH/dl (coul-lambda) (2516 pts)
        dH/dl (vdw-lambda) (2516 pts)
        delta H to (0.2, 1) (2516 pts)
        delta H to (0.4, 1) (2516 pts)
        delta H to (0.5, 1) (2516 pts)


lambda_18/bar.xvg: 0.0 - 252.1; lambda = (0.5, 1)
    dH/dl & foreign lambdas:
        dH/dl (coul-lambda) (2522 pts)
        dH/dl (vdw-lambda) (2522 pts)
        delta H to (0.4, 1) (2522 pts)
        delta H to (0.5, 1) (2522 pts)
        delta H to (0.6, 1) (2522 pts)


lambda_19/bar.xvg: 0.0 - 252.7; lambda = (0.6, 1)
    dH/dl & foreign lambdas:
        dH/dl (coul-lambda) (2528 pts)
        dH/dl (vdw-lambda) (2528 pts)
        delta H to (0.5, 1) (2528 pts)
        delta H to (0.6, 1) (2528 pts)
        delta H to (0.7, 1) (2528 pts)


lambda_20/bar.xvg: 0.0 - 253.3; lambda = (0.7, 1)
    dH/dl & foreign lambdas:
        dH/dl (coul-lambda) (2534 pts)
        dH/dl (vdw-lambda) (2534 pts)
        delta H to (0.6, 1) (2534 pts)
        delta H to (0.7, 1) (2534 pts)
        delta H to (0.8, 1) (2534 pts)


lambda_21/bar.xvg: 0.0 - 253.8; lambda = (0.8, 1)
    dH/dl & foreign lambdas:
        dH/dl (coul-lambda) (2539 pts)
        dH/dl (vdw-lambda) (2539 pts)
        delta H to (0.7, 1) (2539 pts)
        delta H to (0.8, 1) (2539 pts)
        delta H to (0.9, 1) (2539 pts)


lambda_22/bar.xvg: 0.0 - 254.1; lambda = (0.9, 1)
    dH/dl & foreign lambdas:
        dH/dl (coul-lambda) (2542 pts)
        dH/dl (vdw-lambda) (2542 pts)
        delta H to (0.8, 1) (2542 pts)
        delta H to (0.9, 1) (2542 pts)
        delta H to (1, 1) (2542 pts)


lambda_23/bar.xvg: 0.0 - 261.1; lambda = (1, 1)
    dH/dl & foreign lambdas:
        dH/dl (coul-lambda) (2612 pts)
        dH/dl (vdw-lambda) (2612 pts)
        delta H to (0.9, 1) (2612 pts)
        delta H to (1, 1) (2612 pts)



Temperature: 300 K

Detailed results in kT (see help for explanation):

 lam_A  lam_B      DG   +/-     s_A   +/-     s_B   +/-   stdev   +/- 
     0      1   -2.90  0.01    0.00  0.00    0.00  0.00    0.13  0.00
     1      2   -2.28  0.00    0.01  0.00    0.01  0.00    0.13  0.00
     2      3   -1.16  0.01    0.04  0.01    0.04  0.01    0.25  0.01
     3      4    0.83  0.02    0.14  0.02    0.16  0.02    0.57  0.01
     4      5    3.71  0.08    0.97  0.05    1.13  0.03    1.54  0.05
     5      6    2.28  0.04    0.96  0.09    0.87  0.08    1.37  0.03
     6      7    1.66  0.06    1.04  0.12    0.75  0.09    1.37  0.04
     7      8    1.14  0.05    0.83  0.09    0.56  0.07    1.18  0.03
     8      9    0.82  0.04    0.66  0.09    0.45  0.05    1.05  0.03
     9     10    0.55  0.04    0.60  0.03    0.42  0.03    0.96  0.02
    10     11    0.33  0.02    0.46  0.03    0.33  0.02    0.85  0.01
    11     12    0.18  0.02    0.41  0.03    0.30  0.03    0.79  0.01
    12     13    0.05  0.01    0.34  0.02    0.24  0.02    0.74  0.01
    13     14   -0.02  0.02    0.30  0.01    0.21  0.01    0.70  0.01
    14     15   -0.07  0.01    0.28  0.01    0.20  0.01    0.66  0.01
    15     16   -0.55  0.02    0.50  0.02    0.52  0.02    1.02  0.02
    16     17   -1.76  0.02    0.69  0.02    0.78  0.03    1.21  0.01
    17     18   -1.47  0.03    0.20  0.03    0.21  0.03    0.68  0.01
    18     19   -1.92  0.03    0.24  0.04    0.26  0.04    0.74  0.01
    19     20   -2.49  0.05    0.30  0.02    0.31  0.02    0.79  0.01
    20     21   -3.17  0.02    0.37  0.03    0.38  0.04    0.85  0.02
    21     22   -3.95  0.03    0.40  0.04    0.40  0.04    0.90  0.01
    22     23   -4.75  0.04    0.40  0.04    0.40  0.04    0.92  0.02


Final results in kJ/mol:

point      0 -      1,   DG -7.23 +/-  0.02
point      1 -      2,   DG -5.69 +/-  0.01
point      2 -      3,   DG -2.88 +/-  0.02
point      3 -      4,   DG  2.07 +/-  0.04
point      4 -      5,   DG  9.25 +/-  0.19
point      5 -      6,   DG  5.68 +/-  0.11
point      6 -      7,   DG  4.15 +/-  0.16
point      7 -      8,   DG  2.85 +/-  0.12
point      8 -      9,   DG  2.04 +/-  0.10
point      9 -     10,   DG  1.38 +/-  0.09
point     10 -     11,   DG  0.83 +/-  0.06
point     11 -     12,   DG  0.44 +/-  0.04
point     12 -     13,   DG  0.14 +/-  0.02
point     13 -     14,   DG -0.05 +/-  0.05
point     14 -     15,   DG -0.18 +/-  0.04
point     15 -     16,   DG -1.38 +/-  0.05
point     16 -     17,   DG -4.40 +/-  0.05
point     17 -     18,   DG -3.66 +/-  0.08
point     18 -     19,   DG -4.80 +/-  0.08
point     19 -     20,   DG -6.20 +/-  0.12
point     20 -     21,   DG -7.91 +/-  0.06
point     21 -     22,   DG -9.86 +/-  0.07
point     22 -     23,   DG -11.86 +/-  0.11

total      0 -     23,   DG -37.27 +/-  0.24

