lambda_00/bar.xvg: 0.0 - 972.0; lambda = (0, 0)
    dH/dl & foreign lambdas:
        dH/dl (coul-lambda) (9721 pts)
        dH/dl (vdw-lambda) (9721 pts)
        delta H to (0, 0) (9721 pts)
        delta H to (0, 0.1) (9721 pts)


lambda_01/bar.xvg: 0.0 - 972.0; lambda = (0, 0.1)
    dH/dl & foreign lambdas:
        dH/dl (coul-lambda) (9721 pts)
        dH/dl (vdw-lambda) (9721 pts)
        delta H to (0, 0) (9721 pts)
        delta H to (0, 0.1) (9721 pts)
        delta H to (0, 0.2) (9721 pts)


lambda_02/bar.xvg: 0.0 - 972.0; lambda = (0, 0.2)
    dH/dl & foreign lambdas:
        dH/dl (coul-lambda) (9721 pts)
        dH/dl (vdw-lambda) (9721 pts)
        delta H to (0, 0.1) (9721 pts)
        delta H to (0, 0.2) (9721 pts)
        delta H to (0, 0.3) (9721 pts)


lambda_03/bar.xvg: 0.0 - 973.6; lambda = (0, 0.3)
    dH/dl & foreign lambdas:
        dH/dl (coul-lambda) (9737 pts)
        dH/dl (vdw-lambda) (9737 pts)
        delta H to (0, 0.2) (9737 pts)
        delta H to (0, 0.3) (9737 pts)
        delta H to (0, 0.4) (9737 pts)


lambda_04/bar.xvg: 0.0 - 973.1; lambda = (0, 0.4)
    dH/dl & foreign lambdas:
        dH/dl (coul-lambda) (9732 pts)
        dH/dl (vdw-lambda) (9732 pts)
        delta H to (0, 0.3) (9732 pts)
        delta H to (0, 0.4) (9732 pts)
        delta H to (0, 0.5) (9732 pts)


lambda_05/bar.xvg: 0.0 - 973.0; lambda = (0, 0.5)
    dH/dl & foreign lambdas:
        dH/dl (coul-lambda) (9731 pts)
        dH/dl (vdw-lambda) (9731 pts)
        delta H to (0, 0.4) (9731 pts)
        delta H to (0, 0.5) (9731 pts)
        delta H to (0, 0.55) (9731 pts)


lambda_06/bar.xvg: 0.0 - 972.2; lambda = (0, 0.55)
    dH/dl & foreign lambdas:
        dH/dl (coul-lambda) (9723 pts)
        dH/dl (vdw-lambda) (9723 pts)
        delta H to (0, 0.5) (9723 pts)
        delta H to (0, 0.55) (9723 pts)
        delta H to (0, 0.6) (9723 pts)


lambda_07/bar.xvg: 0.0 - 972.0; lambda = (0, 0.6)
    dH/dl & foreign lambdas:
        dH/dl (coul-lambda) (9721 pts)
        dH/dl (vdw-lambda) (9721 pts)
        delta H to (0, 0.55) (9721 pts)
        delta H to (0, 0.6) (9721 pts)
        delta H to (0, 0.65) (9721 pts)


lambda_08/bar.xvg: 0.0 - 972.0; lambda = (0, 0.65)
    dH/dl & foreign lambdas:
        dH/dl (coul-lambda) (9721 pts)
        dH/dl (vdw-lambda) (9721 pts)
        delta H to (0, 0.6) (9721 pts)
        delta H to (0, 0.65) (9721 pts)
        delta H to (0, 0.7) (9721 pts)


lambda_09/bar.xvg: 0.0 - 979.9; lambda = (0, 0.7)
    dH/dl & foreign lambdas:
        dH/dl (coul-lambda) (9800 pts)
        dH/dl (vdw-lambda) (9800 pts)
        delta H to (0, 0.65) (9800 pts)
        delta H to (0, 0.7) (9800 pts)
        delta H to (0, 0.75) (9800 pts)


lambda_10/bar.xvg: 0.0 - 977.3; lambda = (0, 0.75)
    dH/dl & foreign lambdas:
        dH/dl (coul-lambda) (9774 pts)
        dH/dl (vdw-lambda) (9774 pts)
        delta H to (0, 0.7) (9774 pts)
        delta H to (0, 0.75) (9774 pts)
        delta H to (0, 0.8) (9774 pts)


lambda_11/bar.xvg: 0.0 - 975.5; lambda = (0, 0.8)
    dH/dl & foreign lambdas:
        dH/dl (coul-lambda) (9756 pts)
        dH/dl (vdw-lambda) (9756 pts)
        delta H to (0, 0.75) (9756 pts)
        delta H to (0, 0.8) (9756 pts)
        delta H to (0, 0.85) (9756 pts)


lambda_12/bar.xvg: 0.0 - 973.9; lambda = (0, 0.85)
    dH/dl & foreign lambdas:
        dH/dl (coul-lambda) (9740 pts)
        dH/dl (vdw-lambda) (9740 pts)
        delta H to (0, 0.8) (9740 pts)
        delta H to (0, 0.85) (9740 pts)
        delta H to (0, 0.9) (9740 pts)


lambda_13/bar.xvg: 0.0 - 973.1; lambda = (0, 0.9)
    dH/dl & foreign lambdas:
        dH/dl (coul-lambda) (9732 pts)
        dH/dl (vdw-lambda) (9732 pts)
        delta H to (0, 0.85) (9732 pts)
        delta H to (0, 0.9) (9732 pts)
        delta H to (0, 0.95) (9732 pts)


lambda_14/bar.xvg: 0.0 - 972.1; lambda = (0, 0.95)
    dH/dl & foreign lambdas:
        dH/dl (coul-lambda) (9722 pts)
        dH/dl (vdw-lambda) (9722 pts)
        delta H to (0, 0.9) (9722 pts)
        delta H to (0, 0.95) (9722 pts)
        delta H to (0, 1) (9722 pts)


lambda_15/bar.xvg: 0.0 - 972.0; lambda = (0, 1)
    dH/dl & foreign lambdas:
        dH/dl (coul-lambda) (9721 pts)
        dH/dl (vdw-lambda) (9721 pts)
        delta H to (0, 0.95) (9721 pts)
        delta H to (0, 1) (9721 pts)
        delta H to (0.2, 1) (9721 pts)


lambda_16/bar.xvg: 0.0 - 975.7; lambda = (0.2, 1)
    dH/dl & foreign lambdas:
        dH/dl (coul-lambda) (9758 pts)
        dH/dl (vdw-lambda) (9758 pts)
        delta H to (0, 1) (9758 pts)
        delta H to (0.2, 1) (9758 pts)
        delta H to (0.4, 1) (9758 pts)


lambda_17/bar.xvg: 0.0 - 972.0; lambda = (0.4, 1)
    dH/dl & foreign lambdas:
        dH/dl (coul-lambda) (9721 pts)
        dH/dl (vdw-lambda) (9721 pts)
        delta H to (0.2, 1) (9721 pts)
        delta H to (0.4, 1) (9721 pts)
        delta H to (0.5, 1) (9721 pts)


lambda_18/bar.xvg: 0.0 - 972.0; lambda = (0.5, 1)
    dH/dl & foreign lambdas:
        dH/dl (coul-lambda) (9721 pts)
        dH/dl (vdw-lambda) (9721 pts)
        delta H to (0.4, 1) (9721 pts)
        delta H to (0.5, 1) (9721 pts)
        delta H to (0.6, 1) (9721 pts)


lambda_19/bar.xvg: 0.0 - 972.0; lambda = (0.6, 1)
    dH/dl & foreign lambdas:
        dH/dl (coul-lambda) (9721 pts)
        dH/dl (vdw-lambda) (9721 pts)
        delta H to (0.5, 1) (9721 pts)
        delta H to (0.6, 1) (9721 pts)
        delta H to (0.7, 1) (9721 pts)


lambda_20/bar.xvg: 0.0 - 972.9; lambda = (0.7, 1)
    dH/dl & foreign lambdas:
        dH/dl (coul-lambda) (9730 pts)
        dH/dl (vdw-lambda) (9730 pts)
        delta H to (0.6, 1) (9730 pts)
        delta H to (0.7, 1) (9730 pts)
        delta H to (0.8, 1) (9730 pts)


lambda_21/bar.xvg: 0.0 - 975.1; lambda = (0.8, 1)
    dH/dl & foreign lambdas:
        dH/dl (coul-lambda) (9752 pts)
        dH/dl (vdw-lambda) (9752 pts)
        delta H to (0.7, 1) (9752 pts)
        delta H to (0.8, 1) (9752 pts)
        delta H to (0.9, 1) (9752 pts)


lambda_22/bar.xvg: 0.0 - 977.0; lambda = (0.9, 1)
    dH/dl & foreign lambdas:
        dH/dl (coul-lambda) (9771 pts)
        dH/dl (vdw-lambda) (9771 pts)
        delta H to (0.8, 1) (9771 pts)
        delta H to (0.9, 1) (9771 pts)
        delta H to (1, 1) (9771 pts)


lambda_23/bar.xvg: 0.0 - 972.0; lambda = (1, 1)
    dH/dl & foreign lambdas:
        dH/dl (coul-lambda) (9721 pts)
        dH/dl (vdw-lambda) (9721 pts)
        delta H to (0.9, 1) (9721 pts)
        delta H to (1, 1) (9721 pts)



   Samples in time interval: 0.000 - 979.900
Removing samples outside of: 100.000 - 979.900

Temperature: 300 K

Detailed results in kT (see help for explanation):

 lam_A  lam_B      DG   +/-     s_A   +/-     s_B   +/-   stdev   +/- 
     0      1   -7.28  0.01    0.04  0.00    0.04  0.00    0.25  0.00
     1      2   -5.76  0.01    0.03  0.00    0.03  0.00    0.24  0.00
     2      3   -2.95  0.01    0.08  0.01    0.08  0.01    0.39  0.00
     3      4    2.05  0.02    0.34  0.03    0.37  0.03    0.87  0.01
     4      5    8.94  0.10    2.71  0.08    3.25  0.06    2.91  0.05
     5      6    4.96  0.05    2.44  0.09    2.06  0.07    2.43  0.05
     6      7    3.24  0.06    2.52  0.04    1.70  0.03    2.26  0.03
     7      8    2.04  0.02    1.72  0.05    1.18  0.03    1.76  0.02
     8      9    1.32  0.01    1.41  0.03    0.99  0.02    1.58  0.01
     9     10    0.79  0.02    1.14  0.02    0.80  0.02    1.41  0.01
    10     11    0.41  0.02    0.97  0.02    0.67  0.01    1.29  0.01
    11     12    0.14  0.02    0.86  0.01    0.59  0.01    1.19  0.01
    12     13   -0.10  0.01    0.76  0.01    0.54  0.01    1.11  0.01
    13     14   -0.28  0.00    0.65  0.01    0.46  0.01    1.03  0.01
    14     15   -0.42  0.01    0.60  0.01    0.43  0.01    0.98  0.01
    15     16   -0.54  0.01    0.50  0.02    0.53  0.02    1.02  0.01
    16     17   -1.69  0.02    0.62  0.01    0.70  0.01    1.17  0.01
    17     18   -1.40  0.01    0.20  0.01    0.21  0.01    0.66  0.01
    18     19   -1.90  0.01    0.29  0.02    0.31  0.02    0.74  0.01
    19     20   -2.49  0.02    0.28  0.02    0.29  0.02    0.78  0.01
    20     21   -3.13  0.02    0.35  0.01    0.36  0.01    0.83  0.01
    21     22   -3.84  0.01    0.35  0.01    0.36  0.02    0.85  0.01
    22     23   -4.57  0.02    0.37  0.02    0.38  0.01    0.88  0.01


Final results in kJ/mol:

point      0 -      1,   DG -18.15 +/-  0.02
point      1 -      2,   DG -14.37 +/-  0.02
point      2 -      3,   DG -7.35 +/-  0.03
point      3 -      4,   DG  5.10 +/-  0.06
point      4 -      5,   DG 22.30 +/-  0.26
point      5 -      6,   DG 12.36 +/-  0.11
point      6 -      7,   DG  8.09 +/-  0.15
point      7 -      8,   DG  5.09 +/-  0.04
point      8 -      9,   DG  3.30 +/-  0.03
point      9 -     10,   DG  1.96 +/-  0.05
point     10 -     11,   DG  1.03 +/-  0.04
point     11 -     12,   DG  0.35 +/-  0.04
point     12 -     13,   DG -0.25 +/-  0.04
point     13 -     14,   DG -0.71 +/-  0.01
point     14 -     15,   DG -1.04 +/-  0.02
point     15 -     16,   DG -1.34 +/-  0.04
point     16 -     17,   DG -4.22 +/-  0.05
point     17 -     18,   DG -3.48 +/-  0.02
point     18 -     19,   DG -4.74 +/-  0.04
point     19 -     20,   DG -6.20 +/-  0.04
point     20 -     21,   DG -7.80 +/-  0.04
point     21 -     22,   DG -9.58 +/-  0.03
point     22 -     23,   DG -11.41 +/-  0.04

total      0 -     23,   DG -31.05 +/-  0.55

