lambda_00/bar.xvg: 0.0 - 952.9; lambda = (0, 0)
    dH/dl & foreign lambdas:
        dH/dl (coul-lambda) (9530 pts)
        dH/dl (vdw-lambda) (9530 pts)
        delta H to (0, 0) (9530 pts)
        delta H to (0, 0.1) (9530 pts)


lambda_01/bar.xvg: 0.0 - 957.9; lambda = (0, 0.1)
    dH/dl & foreign lambdas:
        dH/dl (coul-lambda) (9580 pts)
        dH/dl (vdw-lambda) (9580 pts)
        delta H to (0, 0) (9580 pts)
        delta H to (0, 0.1) (9580 pts)
        delta H to (0, 0.2) (9580 pts)


lambda_02/bar.xvg: 0.0 - 957.8; lambda = (0, 0.2)
    dH/dl & foreign lambdas:
        dH/dl (coul-lambda) (9579 pts)
        dH/dl (vdw-lambda) (9579 pts)
        delta H to (0, 0.1) (9579 pts)
        delta H to (0, 0.2) (9579 pts)
        delta H to (0, 0.3) (9579 pts)


lambda_03/bar.xvg: 0.0 - 960.8; lambda = (0, 0.3)
    dH/dl & foreign lambdas:
        dH/dl (coul-lambda) (9609 pts)
        dH/dl (vdw-lambda) (9609 pts)
        delta H to (0, 0.2) (9609 pts)
        delta H to (0, 0.3) (9609 pts)
        delta H to (0, 0.4) (9609 pts)


lambda_04/bar.xvg: 0.0 - 959.6; lambda = (0, 0.4)
    dH/dl & foreign lambdas:
        dH/dl (coul-lambda) (9597 pts)
        dH/dl (vdw-lambda) (9597 pts)
        delta H to (0, 0.3) (9597 pts)
        delta H to (0, 0.4) (9597 pts)
        delta H to (0, 0.5) (9597 pts)


lambda_05/bar.xvg: 0.0 - 959.8; lambda = (0, 0.5)
    dH/dl & foreign lambdas:
        dH/dl (coul-lambda) (9599 pts)
        dH/dl (vdw-lambda) (9599 pts)
        delta H to (0, 0.4) (9599 pts)
        delta H to (0, 0.5) (9599 pts)
        delta H to (0, 0.55) (9599 pts)


lambda_06/bar.xvg: 0.0 - 958.2; lambda = (0, 0.55)
    dH/dl & foreign lambdas:
        dH/dl (coul-lambda) (9583 pts)
        dH/dl (vdw-lambda) (9583 pts)
        delta H to (0, 0.5) (9583 pts)
        delta H to (0, 0.55) (9583 pts)
        delta H to (0, 0.6) (9583 pts)


lambda_07/bar.xvg: 0.0 - 956.5; lambda = (0, 0.6)
    dH/dl & foreign lambdas:
        dH/dl (coul-lambda) (9566 pts)
        dH/dl (vdw-lambda) (9566 pts)
        delta H to (0, 0.55) (9566 pts)
        delta H to (0, 0.6) (9566 pts)
        delta H to (0, 0.65) (9566 pts)


lambda_08/bar.xvg: 0.0 - 954.1; lambda = (0, 0.65)
    dH/dl & foreign lambdas:
        dH/dl (coul-lambda) (9542 pts)
        dH/dl (vdw-lambda) (9542 pts)
        delta H to (0, 0.6) (9542 pts)
        delta H to (0, 0.65) (9542 pts)
        delta H to (0, 0.7) (9542 pts)


lambda_09/bar.xvg: 0.0 - 951.7; lambda = (0, 0.7)
    dH/dl & foreign lambdas:
        dH/dl (coul-lambda) (9518 pts)
        dH/dl (vdw-lambda) (9518 pts)
        delta H to (0, 0.65) (9518 pts)
        delta H to (0, 0.7) (9518 pts)
        delta H to (0, 0.75) (9518 pts)


lambda_10/bar.xvg: 0.0 - 962.8; lambda = (0, 0.75)
    dH/dl & foreign lambdas:
        dH/dl (coul-lambda) (9629 pts)
        dH/dl (vdw-lambda) (9629 pts)
        delta H to (0, 0.7) (9629 pts)
        delta H to (0, 0.75) (9629 pts)
        delta H to (0, 0.8) (9629 pts)


lambda_11/bar.xvg: 0.0 - 961.1; lambda = (0, 0.8)
    dH/dl & foreign lambdas:
        dH/dl (coul-lambda) (9612 pts)
        dH/dl (vdw-lambda) (9612 pts)
        delta H to (0, 0.75) (9612 pts)
        delta H to (0, 0.8) (9612 pts)
        delta H to (0, 0.85) (9612 pts)


lambda_12/bar.xvg: 0.0 - 960.0; lambda = (0, 0.85)
    dH/dl & foreign lambdas:
        dH/dl (coul-lambda) (9601 pts)
        dH/dl (vdw-lambda) (9601 pts)
        delta H to (0, 0.8) (9601 pts)
        delta H to (0, 0.85) (9601 pts)
        delta H to (0, 0.9) (9601 pts)


lambda_13/bar.xvg: 0.0 - 958.7; lambda = (0, 0.9)
    dH/dl & foreign lambdas:
        dH/dl (coul-lambda) (9588 pts)
        dH/dl (vdw-lambda) (9588 pts)
        delta H to (0, 0.85) (9588 pts)
        delta H to (0, 0.9) (9588 pts)
        delta H to (0, 0.95) (9588 pts)


lambda_14/bar.xvg: 0.0 - 958.1; lambda = (0, 0.95)
    dH/dl & foreign lambdas:
        dH/dl (coul-lambda) (9582 pts)
        dH/dl (vdw-lambda) (9582 pts)
        delta H to (0, 0.9) (9582 pts)
        delta H to (0, 0.95) (9582 pts)
        delta H to (0, 1) (9582 pts)


lambda_15/bar.xvg: 0.0 - 957.1; lambda = (0, 1)
    dH/dl & foreign lambdas:
        dH/dl (coul-lambda) (9572 pts)
        dH/dl (vdw-lambda) (9572 pts)
        delta H to (0, 0.95) (9572 pts)
        delta H to (0, 1) (9572 pts)
        delta H to (0.2, 1) (9572 pts)


lambda_16/bar.xvg: 0.0 - 962.0; lambda = (0.2, 1)
    dH/dl & foreign lambdas:
        dH/dl (coul-lambda) (9621 pts)
        dH/dl (vdw-lambda) (9621 pts)
        delta H to (0, 1) (9621 pts)
        delta H to (0.2, 1) (9621 pts)
        delta H to (0.4, 1) (9621 pts)


lambda_17/bar.xvg: 0.0 - 952.5; lambda = (0.4, 1)
    dH/dl & foreign lambdas:
        dH/dl (coul-lambda) (9526 pts)
        dH/dl (vdw-lambda) (9526 pts)
        delta H to (0.2, 1) (9526 pts)
        delta H to (0.4, 1) (9526 pts)
        delta H to (0.5, 1) (9526 pts)


lambda_18/bar.xvg: 0.0 - 954.9; lambda = (0.5, 1)
    dH/dl & foreign lambdas:
        dH/dl (coul-lambda) (9550 pts)
        dH/dl (vdw-lambda) (9550 pts)
        delta H to (0.4, 1) (9550 pts)
        delta H to (0.5, 1) (9550 pts)
        delta H to (0.6, 1) (9550 pts)


lambda_19/bar.xvg: 0.0 - 957.3; lambda = (0.6, 1)
    dH/dl & foreign lambdas:
        dH/dl (coul-lambda) (9574 pts)
        dH/dl (vdw-lambda) (9574 pts)
        delta H to (0.5, 1) (9574 pts)
        delta H to (0.6, 1) (9574 pts)
        delta H to (0.7, 1) (9574 pts)


lambda_20/bar.xvg: 0.0 - 959.1; lambda = (0.7, 1)
    dH/dl & foreign lambdas:
        dH/dl (coul-lambda) (9592 pts)
        dH/dl (vdw-lambda) (9592 pts)
        delta H to (0.6, 1) (9592 pts)
        delta H to (0.7, 1) (9592 pts)
        delta H to (0.8, 1) (9592 pts)


lambda_21/bar.xvg: 0.0 - 961.4; lambda = (0.8, 1)
    dH/dl & foreign lambdas:
        dH/dl (coul-lambda) (9615 pts)
        dH/dl (vdw-lambda) (9615 pts)
        delta H to (0.7, 1) (9615 pts)
        delta H to (0.8, 1) (9615 pts)
        delta H to (0.9, 1) (9615 pts)


lambda_22/bar.xvg: 0.0 - 950.1; lambda = (0.9, 1)
    dH/dl & foreign lambdas:
        dH/dl (coul-lambda) (9502 pts)
        dH/dl (vdw-lambda) (9502 pts)
        delta H to (0.8, 1) (9502 pts)
        delta H to (0.9, 1) (9502 pts)
        delta H to (1, 1) (9502 pts)


lambda_23/bar.xvg: 0.0 - 947.9; lambda = (1, 1)
    dH/dl & foreign lambdas:
        dH/dl (coul-lambda) (9480 pts)
        dH/dl (vdw-lambda) (9480 pts)
        delta H to (0.9, 1) (9480 pts)
        delta H to (1, 1) (9480 pts)



   Samples in time interval: 0.000 - 962.800
Removing samples outside of: 100.000 - 962.800

Temperature: 300 K

Detailed results in kT (see help for explanation):

 lam_A  lam_B      DG   +/-     s_A   +/-     s_B   +/-   stdev   +/- 
     0      1   -6.82  0.01    0.03  0.00    0.03  0.00    0.24  0.01
     1      2   -5.40  0.01    0.03  0.01    0.03  0.01    0.23  0.00
     2      3   -2.72  0.01    0.05  0.01    0.05  0.01    0.37  0.00
     3      4    1.98  0.02    0.39  0.03    0.43  0.03    0.88  0.02
     4      5    8.28  0.05    2.56  0.09    3.08  0.08    2.83  0.07
     5      6    4.55  0.05    2.27  0.10    1.90  0.07    2.33  0.06
     6      7    2.87  0.02    2.44  0.11    1.57  0.06    2.14  0.05
     7      8    1.73  0.04    1.55  0.03    1.07  0.02    1.63  0.02
     8      9    1.12  0.02    1.20  0.03    0.86  0.02    1.45  0.02
     9     10    0.68  0.01    1.03  0.03    0.72  0.02    1.33  0.02
    10     11    0.33  0.02    0.92  0.02    0.64  0.02    1.23  0.01
    11     12    0.04  0.00    0.76  0.02    0.53  0.01    1.12  0.00
    12     13   -0.16  0.01    0.67  0.01    0.47  0.01    1.04  0.01
    13     14   -0.30  0.01    0.58  0.01    0.41  0.01    0.98  0.01
    14     15   -0.42  0.01    0.55  0.01    0.39  0.01    0.94  0.00
    15     16   -0.46  0.01    0.44  0.02    0.46  0.02    0.97  0.01
    16     17   -1.51  0.02    0.59  0.01    0.67  0.01    1.13  0.01
    17     18   -1.30  0.01    0.21  0.01    0.23  0.01    0.65  0.00
    18     19   -1.76  0.01    0.23  0.02    0.24  0.02    0.71  0.01
    19     20   -2.27  0.03    0.27  0.01    0.28  0.01    0.76  0.00
    20     21   -2.86  0.04    0.31  0.01    0.32  0.01    0.80  0.01
    21     22   -3.55  0.03    0.36  0.02    0.37  0.02    0.83  0.01
    22     23   -4.28  0.01    0.36  0.02    0.36  0.02    0.84  0.01


Final results in kJ/mol:

point      0 -      1,   DG -17.02 +/-  0.02
point      1 -      2,   DG -13.46 +/-  0.02
point      2 -      3,   DG -6.78 +/-  0.03
point      3 -      4,   DG  4.93 +/-  0.05
point      4 -      5,   DG 20.66 +/-  0.12
point      5 -      6,   DG 11.35 +/-  0.13
point      6 -      7,   DG  7.15 +/-  0.06
point      7 -      8,   DG  4.32 +/-  0.10
point      8 -      9,   DG  2.79 +/-  0.05
point      9 -     10,   DG  1.69 +/-  0.04
point     10 -     11,   DG  0.81 +/-  0.05
point     11 -     12,   DG  0.10 +/-  0.01
point     12 -     13,   DG -0.39 +/-  0.03
point     13 -     14,   DG -0.76 +/-  0.03
point     14 -     15,   DG -1.04 +/-  0.02
point     15 -     16,   DG -1.14 +/-  0.03
point     16 -     17,   DG -3.77 +/-  0.04
point     17 -     18,   DG -3.25 +/-  0.02
point     18 -     19,   DG -4.39 +/-  0.02
point     19 -     20,   DG -5.67 +/-  0.06
point     20 -     21,   DG -7.14 +/-  0.09
point     21 -     22,   DG -8.85 +/-  0.08
point     22 -     23,   DG -10.67 +/-  0.03

total      0 -     23,   DG -30.52 +/-  0.19

