lambda_00/bar.xvg: 0.0 - 603.4; lambda = (0, 0)
    dH/dl & foreign lambdas:
        dH/dl (coul-lambda) (6035 pts)
        dH/dl (vdw-lambda) (6035 pts)
        delta H to (0, 0) (6035 pts)
        delta H to (0, 0.1) (6035 pts)


lambda_01/bar.xvg: 0.0 - 598.3; lambda = (0, 0.1)
    dH/dl & foreign lambdas:
        dH/dl (coul-lambda) (5984 pts)
        dH/dl (vdw-lambda) (5984 pts)
        delta H to (0, 0) (5984 pts)
        delta H to (0, 0.1) (5984 pts)
        delta H to (0, 0.2) (5984 pts)


lambda_02/bar.xvg: 0.0 - 598.1; lambda = (0, 0.2)
    dH/dl & foreign lambdas:
        dH/dl (coul-lambda) (5982 pts)
        dH/dl (vdw-lambda) (5982 pts)
        delta H to (0, 0.1) (5982 pts)
        delta H to (0, 0.2) (5982 pts)
        delta H to (0, 0.3) (5982 pts)


lambda_03/bar.xvg: 0.0 - 607.6; lambda = (0, 0.3)
    dH/dl & foreign lambdas:
        dH/dl (coul-lambda) (6077 pts)
        dH/dl (vdw-lambda) (6077 pts)
        delta H to (0, 0.2) (6077 pts)
        delta H to (0, 0.3) (6077 pts)
        delta H to (0, 0.4) (6077 pts)


lambda_04/bar.xvg: 0.0 - 606.9; lambda = (0, 0.4)
    dH/dl & foreign lambdas:
        dH/dl (coul-lambda) (6070 pts)
        dH/dl (vdw-lambda) (6070 pts)
        delta H to (0, 0.3) (6070 pts)
        delta H to (0, 0.4) (6070 pts)
        delta H to (0, 0.5) (6070 pts)


lambda_05/bar.xvg: 0.0 - 607.3; lambda = (0, 0.5)
    dH/dl & foreign lambdas:
        dH/dl (coul-lambda) (6074 pts)
        dH/dl (vdw-lambda) (6074 pts)
        delta H to (0, 0.4) (6074 pts)
        delta H to (0, 0.5) (6074 pts)
        delta H to (0, 0.55) (6074 pts)


lambda_06/bar.xvg: 0.0 - 605.4; lambda = (0, 0.55)
    dH/dl & foreign lambdas:
        dH/dl (coul-lambda) (6055 pts)
        dH/dl (vdw-lambda) (6055 pts)
        delta H to (0, 0.5) (6055 pts)
        delta H to (0, 0.55) (6055 pts)
        delta H to (0, 0.6) (6055 pts)


lambda_07/bar.xvg: 0.0 - 603.1; lambda = (0, 0.6)
    dH/dl & foreign lambdas:
        dH/dl (coul-lambda) (6032 pts)
        dH/dl (vdw-lambda) (6032 pts)
        delta H to (0, 0.55) (6032 pts)
        delta H to (0, 0.6) (6032 pts)
        delta H to (0, 0.65) (6032 pts)


lambda_08/bar.xvg: 0.0 - 600.8; lambda = (0, 0.65)
    dH/dl & foreign lambdas:
        dH/dl (coul-lambda) (6009 pts)
        dH/dl (vdw-lambda) (6009 pts)
        delta H to (0, 0.6) (6009 pts)
        delta H to (0, 0.65) (6009 pts)
        delta H to (0, 0.7) (6009 pts)


lambda_09/bar.xvg: 0.0 - 598.2; lambda = (0, 0.7)
    dH/dl & foreign lambdas:
        dH/dl (coul-lambda) (5983 pts)
        dH/dl (vdw-lambda) (5983 pts)
        delta H to (0, 0.65) (5983 pts)
        delta H to (0, 0.7) (5983 pts)
        delta H to (0, 0.75) (5983 pts)


lambda_10/bar.xvg: 0.0 - 596.5; lambda = (0, 0.75)
    dH/dl & foreign lambdas:
        dH/dl (coul-lambda) (5966 pts)
        dH/dl (vdw-lambda) (5966 pts)
        delta H to (0, 0.7) (5966 pts)
        delta H to (0, 0.75) (5966 pts)
        delta H to (0, 0.8) (5966 pts)


lambda_11/bar.xvg: 0.0 - 595.6; lambda = (0, 0.8)
    dH/dl & foreign lambdas:
        dH/dl (coul-lambda) (5957 pts)
        dH/dl (vdw-lambda) (5957 pts)
        delta H to (0, 0.75) (5957 pts)
        delta H to (0, 0.8) (5957 pts)
        delta H to (0, 0.85) (5957 pts)


lambda_12/bar.xvg: 0.0 - 606.8; lambda = (0, 0.85)
    dH/dl & foreign lambdas:
        dH/dl (coul-lambda) (6069 pts)
        dH/dl (vdw-lambda) (6069 pts)
        delta H to (0, 0.8) (6069 pts)
        delta H to (0, 0.85) (6069 pts)
        delta H to (0, 0.9) (6069 pts)


lambda_13/bar.xvg: 0.0 - 606.2; lambda = (0, 0.9)
    dH/dl & foreign lambdas:
        dH/dl (coul-lambda) (6063 pts)
        dH/dl (vdw-lambda) (6063 pts)
        delta H to (0, 0.85) (6063 pts)
        delta H to (0, 0.9) (6063 pts)
        delta H to (0, 0.95) (6063 pts)


lambda_14/bar.xvg: 0.0 - 605.7; lambda = (0, 0.95)
    dH/dl & foreign lambdas:
        dH/dl (coul-lambda) (6058 pts)
        dH/dl (vdw-lambda) (6058 pts)
        delta H to (0, 0.9) (6058 pts)
        delta H to (0, 0.95) (6058 pts)
        delta H to (0, 1) (6058 pts)


lambda_15/bar.xvg: 0.0 - 597.4; lambda = (0, 1)
    dH/dl & foreign lambdas:
        dH/dl (coul-lambda) (5975 pts)
        dH/dl (vdw-lambda) (5975 pts)
        delta H to (0, 0.95) (5975 pts)
        delta H to (0, 1) (5975 pts)
        delta H to (0.2, 1) (5975 pts)


lambda_16/bar.xvg: 0.0 - 597.4; lambda = (0.2, 1)
    dH/dl & foreign lambdas:
        dH/dl (coul-lambda) (5975 pts)
        dH/dl (vdw-lambda) (5975 pts)
        delta H to (0, 1) (5975 pts)
        delta H to (0.2, 1) (5975 pts)
        delta H to (0.4, 1) (5975 pts)


lambda_17/bar.xvg: 0.0 - 607.2; lambda = (0.4, 1)
    dH/dl & foreign lambdas:
        dH/dl (coul-lambda) (6073 pts)
        dH/dl (vdw-lambda) (6073 pts)
        delta H to (0.2, 1) (6073 pts)
        delta H to (0.4, 1) (6073 pts)
        delta H to (0.5, 1) (6073 pts)


lambda_18/bar.xvg: 0.0 - 604.5; lambda = (0.5, 1)
    dH/dl & foreign lambdas:
        dH/dl (coul-lambda) (6046 pts)
        dH/dl (vdw-lambda) (6046 pts)
        delta H to (0.4, 1) (6046 pts)
        delta H to (0.5, 1) (6046 pts)
        delta H to (0.6, 1) (6046 pts)


lambda_19/bar.xvg: 0.0 - 604.5; lambda = (0.6, 1)
    dH/dl & foreign lambdas:
        dH/dl (coul-lambda) (6046 pts)
        dH/dl (vdw-lambda) (6046 pts)
        delta H to (0.5, 1) (6046 pts)
        delta H to (0.6, 1) (6046 pts)
        delta H to (0.7, 1) (6046 pts)


lambda_20/bar.xvg: 0.0 - 604.1; lambda = (0.7, 1)
    dH/dl & foreign lambdas:
        dH/dl (coul-lambda) (6042 pts)
        dH/dl (vdw-lambda) (6042 pts)
        delta H to (0.6, 1) (6042 pts)
        delta H to (0.7, 1) (6042 pts)
        delta H to (0.8, 1) (6042 pts)


lambda_21/bar.xvg: 0.0 - 604.4; lambda = (0.8, 1)
    dH/dl & foreign lambdas:
        dH/dl (coul-lambda) (6045 pts)
        dH/dl (vdw-lambda) (6045 pts)
        delta H to (0.7, 1) (6045 pts)
        delta H to (0.8, 1) (6045 pts)
        delta H to (0.9, 1) (6045 pts)


lambda_22/bar.xvg: 0.0 - 603.9; lambda = (0.9, 1)
    dH/dl & foreign lambdas:
        dH/dl (coul-lambda) (6040 pts)
        dH/dl (vdw-lambda) (6040 pts)
        delta H to (0.8, 1) (6040 pts)
        delta H to (0.9, 1) (6040 pts)
        delta H to (1, 1) (6040 pts)


lambda_23/bar.xvg: 0.0 - 603.9; lambda = (1, 1)
    dH/dl & foreign lambdas:
        dH/dl (coul-lambda) (6040 pts)
        dH/dl (vdw-lambda) (6040 pts)
        delta H to (0.9, 1) (6040 pts)
        delta H to (1, 1) (6040 pts)



   Samples in time interval: 0.000 - 607.600
Removing samples outside of: 100.000 - 607.600

Temperature: 300 K

Detailed results in kT (see help for explanation):

 lam_A  lam_B      DG   +/-     s_A   +/-     s_B   +/-   stdev   +/- 
     0      1   -3.75  0.01    0.01  0.00    0.01  0.00    0.16  0.00
     1      2   -2.96  0.00    0.01  0.00    0.01  0.00    0.16  0.00
     2      3   -1.50  0.00    0.05  0.00    0.05  0.00    0.28  0.00
     3      4    1.09  0.02    0.17  0.01    0.19  0.01    0.62  0.01
     4      5    4.91  0.10    1.16  0.08    1.32  0.09    1.68  0.06
     5      6    3.01  0.06    1.39  0.11    1.27  0.10    1.69  0.07
     6      7    2.06  0.09    1.30  0.06    0.92  0.02    1.54  0.03
     7      8    1.39  0.04    1.07  0.09    0.73  0.05    1.33  0.05
     8      9    0.93  0.03    0.82  0.05    0.56  0.04    1.17  0.02
     9     10    0.62  0.03    0.69  0.04    0.46  0.02    1.06  0.02
    10     11    0.39  0.01    0.60  0.01    0.41  0.01    0.98  0.00
    11     12    0.21  0.01    0.51  0.01    0.35  0.01    0.89  0.01
    12     13    0.07  0.02    0.43  0.02    0.30  0.01    0.83  0.01
    13     14   -0.03  0.02    0.39  0.01    0.28  0.01    0.78  0.01
    14     15   -0.10  0.01    0.34  0.01    0.24  0.01    0.74  0.00
    15     16    0.02  0.00    0.01  0.00    0.01  0.00    0.11  0.00
    16     17    0.00  0.00    0.01  0.00    0.01  0.00    0.12  0.00
    17     18   -0.00  0.00    0.00  0.00    0.00  0.00    0.06  0.00
    18     19   -0.01  0.00    0.00  0.00    0.00  0.00    0.06  0.00
    19     20   -0.01  0.00    0.00  0.00    0.00  0.00    0.06  0.00
    20     21   -0.01  0.00    0.00  0.00    0.00  0.00    0.06  0.00
    21     22   -0.02  0.00    0.00  0.00    0.00  0.00    0.06  0.00
    22     23   -0.02  0.00    0.00  0.00    0.00  0.00    0.06  0.00


Final results in kJ/mol:

point      0 -      1,   DG -9.36 +/-  0.02
point      1 -      2,   DG -7.38 +/-  0.01
point      2 -      3,   DG -3.73 +/-  0.01
point      3 -      4,   DG  2.72 +/-  0.04
point      4 -      5,   DG 12.25 +/-  0.24
point      5 -      6,   DG  7.52 +/-  0.14
point      6 -      7,   DG  5.13 +/-  0.23
point      7 -      8,   DG  3.47 +/-  0.10
point      8 -      9,   DG  2.32 +/-  0.08
point      9 -     10,   DG  1.56 +/-  0.07
point     10 -     11,   DG  0.98 +/-  0.02
point     11 -     12,   DG  0.52 +/-  0.04
point     12 -     13,   DG  0.19 +/-  0.04
point     13 -     14,   DG -0.07 +/-  0.04
point     14 -     15,   DG -0.25 +/-  0.02
point     15 -     16,   DG  0.04 +/-  0.01
point     16 -     17,   DG  0.01 +/-  0.01
point     17 -     18,   DG -0.01 +/-  0.00
point     18 -     19,   DG -0.01 +/-  0.00
point     19 -     20,   DG -0.02 +/-  0.00
point     20 -     21,   DG -0.03 +/-  0.00
point     21 -     22,   DG -0.04 +/-  0.00
point     22 -     23,   DG -0.05 +/-  0.00

total      0 -     23,   DG 15.75 +/-  0.27

