lambda_00/bar.xvg: 0.0 - 984.9; lambda = (0, 0)
    dH/dl & foreign lambdas:
        dH/dl (coul-lambda) (9850 pts)
        dH/dl (vdw-lambda) (9850 pts)
        delta H to (0, 0) (9850 pts)
        delta H to (0, 0.1) (9850 pts)


lambda_01/bar.xvg: 0.0 - 984.2; lambda = (0, 0.1)
    dH/dl & foreign lambdas:
        dH/dl (coul-lambda) (9843 pts)
        dH/dl (vdw-lambda) (9843 pts)
        delta H to (0, 0) (9843 pts)
        delta H to (0, 0.1) (9843 pts)
        delta H to (0, 0.2) (9843 pts)


lambda_02/bar.xvg: 0.0 - 984.5; lambda = (0, 0.2)
    dH/dl & foreign lambdas:
        dH/dl (coul-lambda) (9846 pts)
        dH/dl (vdw-lambda) (9846 pts)
        delta H to (0, 0.1) (9846 pts)
        delta H to (0, 0.2) (9846 pts)
        delta H to (0, 0.3) (9846 pts)


lambda_03/bar.xvg: 0.0 - 987.5; lambda = (0, 0.3)
    dH/dl & foreign lambdas:
        dH/dl (coul-lambda) (9876 pts)
        dH/dl (vdw-lambda) (9876 pts)
        delta H to (0, 0.2) (9876 pts)
        delta H to (0, 0.3) (9876 pts)
        delta H to (0, 0.4) (9876 pts)


lambda_04/bar.xvg: 0.0 - 986.6; lambda = (0, 0.4)
    dH/dl & foreign lambdas:
        dH/dl (coul-lambda) (9867 pts)
        dH/dl (vdw-lambda) (9867 pts)
        delta H to (0, 0.3) (9867 pts)
        delta H to (0, 0.4) (9867 pts)
        delta H to (0, 0.5) (9867 pts)


lambda_05/bar.xvg: 0.0 - 986.5; lambda = (0, 0.5)
    dH/dl & foreign lambdas:
        dH/dl (coul-lambda) (9866 pts)
        dH/dl (vdw-lambda) (9866 pts)
        delta H to (0, 0.4) (9866 pts)
        delta H to (0, 0.5) (9866 pts)
        delta H to (0, 0.55) (9866 pts)


lambda_06/bar.xvg: 0.0 - 985.7; lambda = (0, 0.55)
    dH/dl & foreign lambdas:
        dH/dl (coul-lambda) (9858 pts)
        dH/dl (vdw-lambda) (9858 pts)
        delta H to (0, 0.5) (9858 pts)
        delta H to (0, 0.55) (9858 pts)
        delta H to (0, 0.6) (9858 pts)


lambda_07/bar.xvg: 0.0 - 983.8; lambda = (0, 0.6)
    dH/dl & foreign lambdas:
        dH/dl (coul-lambda) (9839 pts)
        dH/dl (vdw-lambda) (9839 pts)
        delta H to (0, 0.55) (9839 pts)
        delta H to (0, 0.6) (9839 pts)
        delta H to (0, 0.65) (9839 pts)


lambda_08/bar.xvg: 0.0 - 981.6; lambda = (0, 0.65)
    dH/dl & foreign lambdas:
        dH/dl (coul-lambda) (9817 pts)
        dH/dl (vdw-lambda) (9817 pts)
        delta H to (0, 0.6) (9817 pts)
        delta H to (0, 0.65) (9817 pts)
        delta H to (0, 0.7) (9817 pts)


lambda_09/bar.xvg: 0.0 - 978.9; lambda = (0, 0.7)
    dH/dl & foreign lambdas:
        dH/dl (coul-lambda) (9790 pts)
        dH/dl (vdw-lambda) (9790 pts)
        delta H to (0, 0.65) (9790 pts)
        delta H to (0, 0.7) (9790 pts)
        delta H to (0, 0.75) (9790 pts)


lambda_10/bar.xvg: 0.0 - 976.9; lambda = (0, 0.75)
    dH/dl & foreign lambdas:
        dH/dl (coul-lambda) (9770 pts)
        dH/dl (vdw-lambda) (9770 pts)
        delta H to (0, 0.7) (9770 pts)
        delta H to (0, 0.75) (9770 pts)
        delta H to (0, 0.8) (9770 pts)


lambda_11/bar.xvg: 0.0 - 974.6; lambda = (0, 0.8)
    dH/dl & foreign lambdas:
        dH/dl (coul-lambda) (9747 pts)
        dH/dl (vdw-lambda) (9747 pts)
        delta H to (0, 0.75) (9747 pts)
        delta H to (0, 0.8) (9747 pts)
        delta H to (0, 0.85) (9747 pts)


lambda_12/bar.xvg: 0.0 - 986.6; lambda = (0, 0.85)
    dH/dl & foreign lambdas:
        dH/dl (coul-lambda) (9867 pts)
        dH/dl (vdw-lambda) (9867 pts)
        delta H to (0, 0.8) (9867 pts)
        delta H to (0, 0.85) (9867 pts)
        delta H to (0, 0.9) (9867 pts)


lambda_13/bar.xvg: 0.0 - 985.3; lambda = (0, 0.9)
    dH/dl & foreign lambdas:
        dH/dl (coul-lambda) (9854 pts)
        dH/dl (vdw-lambda) (9854 pts)
        delta H to (0, 0.85) (9854 pts)
        delta H to (0, 0.9) (9854 pts)
        delta H to (0, 0.95) (9854 pts)


lambda_14/bar.xvg: 0.0 - 984.8; lambda = (0, 0.95)
    dH/dl & foreign lambdas:
        dH/dl (coul-lambda) (9849 pts)
        dH/dl (vdw-lambda) (9849 pts)
        delta H to (0, 0.9) (9849 pts)
        delta H to (0, 0.95) (9849 pts)
        delta H to (0, 1) (9849 pts)


lambda_15/bar.xvg: 0.0 - 984.2; lambda = (0, 1)
    dH/dl & foreign lambdas:
        dH/dl (coul-lambda) (9843 pts)
        dH/dl (vdw-lambda) (9843 pts)
        delta H to (0, 0.95) (9843 pts)
        delta H to (0, 1) (9843 pts)
        delta H to (0.2, 1) (9843 pts)


lambda_16/bar.xvg: 0.0 - 975.7; lambda = (0.2, 1)
    dH/dl & foreign lambdas:
        dH/dl (coul-lambda) (9758 pts)
        dH/dl (vdw-lambda) (9758 pts)
        delta H to (0, 1) (9758 pts)
        delta H to (0.2, 1) (9758 pts)
        delta H to (0.4, 1) (9758 pts)


lambda_17/bar.xvg: 0.0 - 980.3; lambda = (0.4, 1)
    dH/dl & foreign lambdas:
        dH/dl (coul-lambda) (9804 pts)
        dH/dl (vdw-lambda) (9804 pts)
        delta H to (0.2, 1) (9804 pts)
        delta H to (0.4, 1) (9804 pts)
        delta H to (0.5, 1) (9804 pts)


lambda_18/bar.xvg: 0.0 - 982.4; lambda = (0.5, 1)
    dH/dl & foreign lambdas:
        dH/dl (coul-lambda) (9825 pts)
        dH/dl (vdw-lambda) (9825 pts)
        delta H to (0.4, 1) (9825 pts)
        delta H to (0.5, 1) (9825 pts)
        delta H to (0.6, 1) (9825 pts)


lambda_19/bar.xvg: 0.0 - 984.8; lambda = (0.6, 1)
    dH/dl & foreign lambdas:
        dH/dl (coul-lambda) (9849 pts)
        dH/dl (vdw-lambda) (9849 pts)
        delta H to (0.5, 1) (9849 pts)
        delta H to (0.6, 1) (9849 pts)
        delta H to (0.7, 1) (9849 pts)


lambda_20/bar.xvg: 0.0 - 987.0; lambda = (0.7, 1)
    dH/dl & foreign lambdas:
        dH/dl (coul-lambda) (9871 pts)
        dH/dl (vdw-lambda) (9871 pts)
        delta H to (0.6, 1) (9871 pts)
        delta H to (0.7, 1) (9871 pts)
        delta H to (0.8, 1) (9871 pts)


lambda_21/bar.xvg: 0.0 - 975.8; lambda = (0.8, 1)
    dH/dl & foreign lambdas:
        dH/dl (coul-lambda) (9759 pts)
        dH/dl (vdw-lambda) (9759 pts)
        delta H to (0.7, 1) (9759 pts)
        delta H to (0.8, 1) (9759 pts)
        delta H to (0.9, 1) (9759 pts)


lambda_22/bar.xvg: 0.0 - 977.7; lambda = (0.9, 1)
    dH/dl & foreign lambdas:
        dH/dl (coul-lambda) (9778 pts)
        dH/dl (vdw-lambda) (9778 pts)
        delta H to (0.8, 1) (9778 pts)
        delta H to (0.9, 1) (9778 pts)
        delta H to (1, 1) (9778 pts)


lambda_23/bar.xvg: 0.0 - 981.2; lambda = (1, 1)
    dH/dl & foreign lambdas:
        dH/dl (coul-lambda) (9813 pts)
        dH/dl (vdw-lambda) (9813 pts)
        delta H to (0.9, 1) (9813 pts)
        delta H to (1, 1) (9813 pts)



   Samples in time interval: 0.000 - 987.500
Removing samples outside of: 100.000 - 987.500

Temperature: 300 K

Detailed results in kT (see help for explanation):

 lam_A  lam_B      DG   +/-     s_A   +/-     s_B   +/-   stdev   +/- 
     0      1   -6.42  0.01    0.03  0.01    0.03  0.01    0.23  0.00
     1      2   -5.09  0.01    0.03  0.00    0.03  0.00    0.22  0.00
     2      3   -2.58  0.00    0.06  0.01    0.06  0.01    0.37  0.00
     3      4    1.81  0.03    0.36  0.03    0.39  0.03    0.85  0.01
     4      5    7.91  0.08    2.20  0.06    2.54  0.08    2.52  0.05
     5      6    4.70  0.09    2.15  0.08    1.91  0.05    2.29  0.05
     6      7    3.08  0.07    2.36  0.12    1.57  0.08    2.13  0.06
     7      8    1.91  0.02    1.62  0.04    1.09  0.02    1.68  0.02
     8      9    1.24  0.03    1.24  0.02    0.87  0.02    1.47  0.02
     9     10    0.75  0.01    1.06  0.02    0.73  0.02    1.34  0.00
    10     11    0.39  0.01    0.88  0.02    0.61  0.01    1.21  0.01
    11     12    0.12  0.02    0.76  0.01    0.53  0.01    1.11  0.01
    12     13   -0.09  0.02    0.65  0.02    0.46  0.01    1.03  0.01
    13     14   -0.23  0.01    0.57  0.01    0.40  0.01    0.97  0.00
    14     15   -0.34  0.00    0.53  0.01    0.38  0.01    0.93  0.00
    15     16   -0.48  0.01    0.48  0.01    0.51  0.02    1.02  0.01
    16     17   -1.67  0.01    0.68  0.03    0.76  0.03    1.21  0.01
    17     18   -1.42  0.01    0.20  0.01    0.22  0.01    0.67  0.00
    18     19   -1.92  0.01    0.28  0.02    0.30  0.02    0.75  0.01
    19     20   -2.53  0.02    0.32  0.02    0.32  0.02    0.80  0.00
    20     21   -3.19  0.02    0.33  0.01    0.34  0.01    0.83  0.01
    21     22   -3.90  0.03    0.38  0.02    0.39  0.02    0.87  0.01
    22     23   -4.67  0.03    0.38  0.02    0.38  0.02    0.89  0.01


Final results in kJ/mol:

point      0 -      1,   DG -16.02 +/-  0.02
point      1 -      2,   DG -12.68 +/-  0.02
point      2 -      3,   DG -6.43 +/-  0.01
point      3 -      4,   DG  4.50 +/-  0.08
point      4 -      5,   DG 19.73 +/-  0.21
point      5 -      6,   DG 11.72 +/-  0.22
point      6 -      7,   DG  7.68 +/-  0.17
point      7 -      8,   DG  4.76 +/-  0.06
point      8 -      9,   DG  3.10 +/-  0.07
point      9 -     10,   DG  1.88 +/-  0.03
point     10 -     11,   DG  0.97 +/-  0.03
point     11 -     12,   DG  0.30 +/-  0.04
point     12 -     13,   DG -0.22 +/-  0.05
point     13 -     14,   DG -0.57 +/-  0.02
point     14 -     15,   DG -0.86 +/-  0.01
point     15 -     16,   DG -1.19 +/-  0.03
point     16 -     17,   DG -4.17 +/-  0.02
point     17 -     18,   DG -3.55 +/-  0.03
point     18 -     19,   DG -4.79 +/-  0.03
point     19 -     20,   DG -6.32 +/-  0.05
point     20 -     21,   DG -7.95 +/-  0.06
point     21 -     22,   DG -9.73 +/-  0.08
point     22 -     23,   DG -11.64 +/-  0.08

total      0 -     23,   DG -31.48 +/-  0.74

