lambda_00/bar.xvg: 0.0 - 491.9; lambda = (0, 0)
    dH/dl & foreign lambdas:
        dH/dl (coul-lambda) (4920 pts)
        dH/dl (vdw-lambda) (4920 pts)
        delta H to (0, 0) (4920 pts)
        delta H to (0, 0.1) (4920 pts)


lambda_01/bar.xvg: 0.0 - 505.0; lambda = (0, 0.1)
    dH/dl & foreign lambdas:
        dH/dl (coul-lambda) (5051 pts)
        dH/dl (vdw-lambda) (5051 pts)
        delta H to (0, 0) (5051 pts)
        delta H to (0, 0.1) (5051 pts)
        delta H to (0, 0.2) (5051 pts)


lambda_02/bar.xvg: 0.0 - 505.1; lambda = (0, 0.2)
    dH/dl & foreign lambdas:
        dH/dl (coul-lambda) (5052 pts)
        dH/dl (vdw-lambda) (5052 pts)
        delta H to (0, 0.1) (5052 pts)
        delta H to (0, 0.2) (5052 pts)
        delta H to (0, 0.3) (5052 pts)


lambda_03/bar.xvg: 0.0 - 499.8; lambda = (0, 0.3)
    dH/dl & foreign lambdas:
        dH/dl (coul-lambda) (4999 pts)
        dH/dl (vdw-lambda) (4999 pts)
        delta H to (0, 0.2) (4999 pts)
        delta H to (0, 0.3) (4999 pts)
        delta H to (0, 0.4) (4999 pts)


lambda_04/bar.xvg: 0.0 - 499.4; lambda = (0, 0.4)
    dH/dl & foreign lambdas:
        dH/dl (coul-lambda) (4995 pts)
        dH/dl (vdw-lambda) (4995 pts)
        delta H to (0, 0.3) (4995 pts)
        delta H to (0, 0.4) (4995 pts)
        delta H to (0, 0.5) (4995 pts)


lambda_05/bar.xvg: 0.0 - 499.5; lambda = (0, 0.5)
    dH/dl & foreign lambdas:
        dH/dl (coul-lambda) (4996 pts)
        dH/dl (vdw-lambda) (4996 pts)
        delta H to (0, 0.4) (4996 pts)
        delta H to (0, 0.5) (4996 pts)
        delta H to (0, 0.55) (4996 pts)


lambda_06/bar.xvg: 0.0 - 498.9; lambda = (0, 0.55)
    dH/dl & foreign lambdas:
        dH/dl (coul-lambda) (4990 pts)
        dH/dl (vdw-lambda) (4990 pts)
        delta H to (0, 0.5) (4990 pts)
        delta H to (0, 0.55) (4990 pts)
        delta H to (0, 0.6) (4990 pts)


lambda_07/bar.xvg: 0.0 - 497.8; lambda = (0, 0.6)
    dH/dl & foreign lambdas:
        dH/dl (coul-lambda) (4979 pts)
        dH/dl (vdw-lambda) (4979 pts)
        delta H to (0, 0.55) (4979 pts)
        delta H to (0, 0.6) (4979 pts)
        delta H to (0, 0.65) (4979 pts)


lambda_08/bar.xvg: 0.0 - 496.1; lambda = (0, 0.65)
    dH/dl & foreign lambdas:
        dH/dl (coul-lambda) (4962 pts)
        dH/dl (vdw-lambda) (4962 pts)
        delta H to (0, 0.6) (4962 pts)
        delta H to (0, 0.65) (4962 pts)
        delta H to (0, 0.7) (4962 pts)


lambda_09/bar.xvg: 0.0 - 495.1; lambda = (0, 0.7)
    dH/dl & foreign lambdas:
        dH/dl (coul-lambda) (4952 pts)
        dH/dl (vdw-lambda) (4952 pts)
        delta H to (0, 0.65) (4952 pts)
        delta H to (0, 0.7) (4952 pts)
        delta H to (0, 0.75) (4952 pts)


lambda_10/bar.xvg: 0.0 - 507.1; lambda = (0, 0.75)
    dH/dl & foreign lambdas:
        dH/dl (coul-lambda) (5072 pts)
        dH/dl (vdw-lambda) (5072 pts)
        delta H to (0, 0.7) (5072 pts)
        delta H to (0, 0.75) (5072 pts)
        delta H to (0, 0.8) (5072 pts)


lambda_11/bar.xvg: 0.0 - 506.3; lambda = (0, 0.8)
    dH/dl & foreign lambdas:
        dH/dl (coul-lambda) (5064 pts)
        dH/dl (vdw-lambda) (5064 pts)
        delta H to (0, 0.75) (5064 pts)
        delta H to (0, 0.8) (5064 pts)
        delta H to (0, 0.85) (5064 pts)


lambda_12/bar.xvg: 0.0 - 505.4; lambda = (0, 0.85)
    dH/dl & foreign lambdas:
        dH/dl (coul-lambda) (5055 pts)
        dH/dl (vdw-lambda) (5055 pts)
        delta H to (0, 0.8) (5055 pts)
        delta H to (0, 0.85) (5055 pts)
        delta H to (0, 0.9) (5055 pts)


lambda_13/bar.xvg: 0.0 - 505.0; lambda = (0, 0.9)
    dH/dl & foreign lambdas:
        dH/dl (coul-lambda) (5051 pts)
        dH/dl (vdw-lambda) (5051 pts)
        delta H to (0, 0.85) (5051 pts)
        delta H to (0, 0.9) (5051 pts)
        delta H to (0, 0.95) (5051 pts)


lambda_14/bar.xvg: 0.0 - 504.7; lambda = (0, 0.95)
    dH/dl & foreign lambdas:
        dH/dl (coul-lambda) (5048 pts)
        dH/dl (vdw-lambda) (5048 pts)
        delta H to (0, 0.9) (5048 pts)
        delta H to (0, 0.95) (5048 pts)
        delta H to (0, 1) (5048 pts)


lambda_15/bar.xvg: 0.0 - 504.9; lambda = (0, 1)
    dH/dl & foreign lambdas:
        dH/dl (coul-lambda) (5050 pts)
        dH/dl (vdw-lambda) (5050 pts)
        delta H to (0, 0.95) (5050 pts)
        delta H to (0, 1) (5050 pts)
        delta H to (0.2, 1) (5050 pts)


lambda_16/bar.xvg: 0.0 - 501.2; lambda = (0.2, 1)
    dH/dl & foreign lambdas:
        dH/dl (coul-lambda) (5013 pts)
        dH/dl (vdw-lambda) (5013 pts)
        delta H to (0, 1) (5013 pts)
        delta H to (0.2, 1) (5013 pts)
        delta H to (0.4, 1) (5013 pts)


lambda_17/bar.xvg: 0.0 - 503.3; lambda = (0.4, 1)
    dH/dl & foreign lambdas:
        dH/dl (coul-lambda) (5034 pts)
        dH/dl (vdw-lambda) (5034 pts)
        delta H to (0.2, 1) (5034 pts)
        delta H to (0.4, 1) (5034 pts)
        delta H to (0.5, 1) (5034 pts)


lambda_18/bar.xvg: 0.0 - 504.4; lambda = (0.5, 1)
    dH/dl & foreign lambdas:
        dH/dl (coul-lambda) (5045 pts)
        dH/dl (vdw-lambda) (5045 pts)
        delta H to (0.4, 1) (5045 pts)
        delta H to (0.5, 1) (5045 pts)
        delta H to (0.6, 1) (5045 pts)


lambda_19/bar.xvg: 0.0 - 505.6; lambda = (0.6, 1)
    dH/dl & foreign lambdas:
        dH/dl (coul-lambda) (5057 pts)
        dH/dl (vdw-lambda) (5057 pts)
        delta H to (0.5, 1) (5057 pts)
        delta H to (0.6, 1) (5057 pts)
        delta H to (0.7, 1) (5057 pts)


lambda_20/bar.xvg: 0.0 - 506.7; lambda = (0.7, 1)
    dH/dl & foreign lambdas:
        dH/dl (coul-lambda) (5068 pts)
        dH/dl (vdw-lambda) (5068 pts)
        delta H to (0.6, 1) (5068 pts)
        delta H to (0.7, 1) (5068 pts)
        delta H to (0.8, 1) (5068 pts)


lambda_21/bar.xvg: 0.0 - 494.6; lambda = (0.8, 1)
    dH/dl & foreign lambdas:
        dH/dl (coul-lambda) (4947 pts)
        dH/dl (vdw-lambda) (4947 pts)
        delta H to (0.7, 1) (4947 pts)
        delta H to (0.8, 1) (4947 pts)
        delta H to (0.9, 1) (4947 pts)


lambda_22/bar.xvg: 0.0 - 495.3; lambda = (0.9, 1)
    dH/dl & foreign lambdas:
        dH/dl (coul-lambda) (4954 pts)
        dH/dl (vdw-lambda) (4954 pts)
        delta H to (0.8, 1) (4954 pts)
        delta H to (0.9, 1) (4954 pts)
        delta H to (1, 1) (4954 pts)


lambda_23/bar.xvg: 0.0 - 506.7; lambda = (1, 1)
    dH/dl & foreign lambdas:
        dH/dl (coul-lambda) (5068 pts)
        dH/dl (vdw-lambda) (5068 pts)
        delta H to (0.9, 1) (5068 pts)
        delta H to (1, 1) (5068 pts)



   Samples in time interval: 0.000 - 507.100
Removing samples outside of: 100.000 - 507.100

Temperature: 300 K

Detailed results in kT (see help for explanation):

 lam_A  lam_B      DG   +/-     s_A   +/-     s_B   +/-   stdev   +/- 
     0      1   -5.51  0.01    0.02  0.01    0.02  0.01    0.21  0.01
     1      2   -4.35  0.01    0.01  0.01    0.01  0.01    0.21  0.00
     2      3   -2.20  0.02    0.08  0.01    0.08  0.01    0.35  0.01
     3      4    1.55  0.03    0.30  0.03    0.32  0.03    0.78  0.02
     4      5    6.77  0.08    1.97  0.06    2.27  0.06    2.31  0.04
     5      6    3.83  0.07    1.97  0.04    1.66  0.03    2.04  0.02
     6      7    2.58  0.04    1.78  0.09    1.29  0.06    1.83  0.04
     7      8    1.62  0.04    1.43  0.05    1.00  0.04    1.54  0.02
     8      9    1.05  0.03    1.00  0.05    0.72  0.04    1.32  0.02
     9     10    0.69  0.02    0.91  0.04    0.65  0.03    1.25  0.02
    10     11    0.35  0.01    0.81  0.03    0.56  0.01    1.14  0.01
    11     12    0.10  0.01    0.65  0.03    0.45  0.02    1.03  0.01
    12     13   -0.06  0.02    0.58  0.02    0.42  0.02    0.98  0.01
    13     14   -0.22  0.01    0.51  0.03    0.36  0.02    0.91  0.01
    14     15   -0.32  0.01    0.45  0.02    0.33  0.02    0.85  0.01
    15     16   -0.56  0.02    0.60  0.02    0.63  0.02    1.10  0.02
    16     17   -1.91  0.03    0.71  0.01    0.80  0.02    1.27  0.01
    17     18   -1.60  0.02    0.24  0.02    0.26  0.01    0.72  0.00
    18     19   -2.15  0.04    0.29  0.01    0.31  0.01    0.78  0.01
    19     20   -2.76  0.02    0.30  0.02    0.32  0.02    0.82  0.01
    20     21   -3.52  0.02    0.44  0.01    0.46  0.01    0.90  0.01
    21     22   -4.35  0.02    0.38  0.03    0.38  0.03    0.91  0.02
    22     23   -5.18  0.02    0.44  0.04    0.44  0.04    0.94  0.01


Final results in kJ/mol:

point      0 -      1,   DG -13.75 +/-  0.02
point      1 -      2,   DG -10.85 +/-  0.02
point      2 -      3,   DG -5.48 +/-  0.05
point      3 -      4,   DG  3.86 +/-  0.07
point      4 -      5,   DG 16.90 +/-  0.20
point      5 -      6,   DG  9.56 +/-  0.18
point      6 -      7,   DG  6.44 +/-  0.10
point      7 -      8,   DG  4.05 +/-  0.11
point      8 -      9,   DG  2.61 +/-  0.07
point      9 -     10,   DG  1.72 +/-  0.06
point     10 -     11,   DG  0.87 +/-  0.02
point     11 -     12,   DG  0.26 +/-  0.04
point     12 -     13,   DG -0.16 +/-  0.04
point     13 -     14,   DG -0.55 +/-  0.02
point     14 -     15,   DG -0.79 +/-  0.02
point     15 -     16,   DG -1.40 +/-  0.05
point     16 -     17,   DG -4.75 +/-  0.07
point     17 -     18,   DG -3.99 +/-  0.06
point     18 -     19,   DG -5.36 +/-  0.09
point     19 -     20,   DG -6.89 +/-  0.05
point     20 -     21,   DG -8.78 +/-  0.06
point     21 -     22,   DG -10.86 +/-  0.06
point     22 -     23,   DG -12.92 +/-  0.06

total      0 -     23,   DG -40.26 +/-  0.23

