lambda_00/bar.xvg: 0.0 - 937.2; lambda = (0, 0)
    dH/dl & foreign lambdas:
        dH/dl (coul-lambda) (9373 pts)
        dH/dl (vdw-lambda) (9373 pts)
        delta H to (0, 0) (9373 pts)
        delta H to (0, 0.1) (9373 pts)


lambda_01/bar.xvg: 0.0 - 944.4; lambda = (0, 0.1)
    dH/dl & foreign lambdas:
        dH/dl (coul-lambda) (9445 pts)
        dH/dl (vdw-lambda) (9445 pts)
        delta H to (0, 0) (9445 pts)
        delta H to (0, 0.1) (9445 pts)
        delta H to (0, 0.2) (9445 pts)


lambda_02/bar.xvg: 0.0 - 944.4; lambda = (0, 0.2)
    dH/dl & foreign lambdas:
        dH/dl (coul-lambda) (9445 pts)
        dH/dl (vdw-lambda) (9445 pts)
        delta H to (0, 0.1) (9445 pts)
        delta H to (0, 0.2) (9445 pts)
        delta H to (0, 0.3) (9445 pts)


lambda_03/bar.xvg: 0.0 - 946.8; lambda = (0, 0.3)
    dH/dl & foreign lambdas:
        dH/dl (coul-lambda) (9469 pts)
        dH/dl (vdw-lambda) (9469 pts)
        delta H to (0, 0.2) (9469 pts)
        delta H to (0, 0.3) (9469 pts)
        delta H to (0, 0.4) (9469 pts)


lambda_04/bar.xvg: 0.0 - 946.1; lambda = (0, 0.4)
    dH/dl & foreign lambdas:
        dH/dl (coul-lambda) (9462 pts)
        dH/dl (vdw-lambda) (9462 pts)
        delta H to (0, 0.3) (9462 pts)
        delta H to (0, 0.4) (9462 pts)
        delta H to (0, 0.5) (9462 pts)


lambda_05/bar.xvg: 0.0 - 946.1; lambda = (0, 0.5)
    dH/dl & foreign lambdas:
        dH/dl (coul-lambda) (9462 pts)
        dH/dl (vdw-lambda) (9462 pts)
        delta H to (0, 0.4) (9462 pts)
        delta H to (0, 0.5) (9462 pts)
        delta H to (0, 0.55) (9462 pts)


lambda_06/bar.xvg: 0.0 - 945.1; lambda = (0, 0.55)
    dH/dl & foreign lambdas:
        dH/dl (coul-lambda) (9452 pts)
        dH/dl (vdw-lambda) (9452 pts)
        delta H to (0, 0.5) (9452 pts)
        delta H to (0, 0.55) (9452 pts)
        delta H to (0, 0.6) (9452 pts)


lambda_07/bar.xvg: 0.0 - 943.5; lambda = (0, 0.6)
    dH/dl & foreign lambdas:
        dH/dl (coul-lambda) (9436 pts)
        dH/dl (vdw-lambda) (9436 pts)
        delta H to (0, 0.55) (9436 pts)
        delta H to (0, 0.6) (9436 pts)
        delta H to (0, 0.65) (9436 pts)


lambda_08/bar.xvg: 0.0 - 941.6; lambda = (0, 0.65)
    dH/dl & foreign lambdas:
        dH/dl (coul-lambda) (9417 pts)
        dH/dl (vdw-lambda) (9417 pts)
        delta H to (0, 0.6) (9417 pts)
        delta H to (0, 0.65) (9417 pts)
        delta H to (0, 0.7) (9417 pts)


lambda_09/bar.xvg: 0.0 - 939.6; lambda = (0, 0.7)
    dH/dl & foreign lambdas:
        dH/dl (coul-lambda) (9397 pts)
        dH/dl (vdw-lambda) (9397 pts)
        delta H to (0, 0.65) (9397 pts)
        delta H to (0, 0.7) (9397 pts)
        delta H to (0, 0.75) (9397 pts)


lambda_10/bar.xvg: 0.0 - 937.4; lambda = (0, 0.75)
    dH/dl & foreign lambdas:
        dH/dl (coul-lambda) (9375 pts)
        dH/dl (vdw-lambda) (9375 pts)
        delta H to (0, 0.7) (9375 pts)
        delta H to (0, 0.75) (9375 pts)
        delta H to (0, 0.8) (9375 pts)


lambda_11/bar.xvg: 0.0 - 949.2; lambda = (0, 0.8)
    dH/dl & foreign lambdas:
        dH/dl (coul-lambda) (9493 pts)
        dH/dl (vdw-lambda) (9493 pts)
        delta H to (0, 0.75) (9493 pts)
        delta H to (0, 0.8) (9493 pts)
        delta H to (0, 0.85) (9493 pts)


lambda_12/bar.xvg: 0.0 - 947.0; lambda = (0, 0.85)
    dH/dl & foreign lambdas:
        dH/dl (coul-lambda) (9471 pts)
        dH/dl (vdw-lambda) (9471 pts)
        delta H to (0, 0.8) (9471 pts)
        delta H to (0, 0.85) (9471 pts)
        delta H to (0, 0.9) (9471 pts)


lambda_13/bar.xvg: 0.0 - 946.0; lambda = (0, 0.9)
    dH/dl & foreign lambdas:
        dH/dl (coul-lambda) (9461 pts)
        dH/dl (vdw-lambda) (9461 pts)
        delta H to (0, 0.85) (9461 pts)
        delta H to (0, 0.9) (9461 pts)
        delta H to (0, 0.95) (9461 pts)


lambda_14/bar.xvg: 0.0 - 945.7; lambda = (0, 0.95)
    dH/dl & foreign lambdas:
        dH/dl (coul-lambda) (9458 pts)
        dH/dl (vdw-lambda) (9458 pts)
        delta H to (0, 0.9) (9458 pts)
        delta H to (0, 0.95) (9458 pts)
        delta H to (0, 1) (9458 pts)


lambda_15/bar.xvg: 0.0 - 944.6; lambda = (0, 1)
    dH/dl & foreign lambdas:
        dH/dl (coul-lambda) (9447 pts)
        dH/dl (vdw-lambda) (9447 pts)
        delta H to (0, 0.95) (9447 pts)
        delta H to (0, 1) (9447 pts)
        delta H to (0.2, 1) (9447 pts)


lambda_16/bar.xvg: 0.0 - 949.5; lambda = (0.2, 1)
    dH/dl & foreign lambdas:
        dH/dl (coul-lambda) (9496 pts)
        dH/dl (vdw-lambda) (9496 pts)
        delta H to (0, 1) (9496 pts)
        delta H to (0.2, 1) (9496 pts)
        delta H to (0.4, 1) (9496 pts)


lambda_17/bar.xvg: 0.0 - 940.4; lambda = (0.4, 1)
    dH/dl & foreign lambdas:
        dH/dl (coul-lambda) (9405 pts)
        dH/dl (vdw-lambda) (9405 pts)
        delta H to (0.2, 1) (9405 pts)
        delta H to (0.4, 1) (9405 pts)
        delta H to (0.5, 1) (9405 pts)


lambda_18/bar.xvg: 0.0 - 942.6; lambda = (0.5, 1)
    dH/dl & foreign lambdas:
        dH/dl (coul-lambda) (9427 pts)
        dH/dl (vdw-lambda) (9427 pts)
        delta H to (0.4, 1) (9427 pts)
        delta H to (0.5, 1) (9427 pts)
        delta H to (0.6, 1) (9427 pts)


lambda_19/bar.xvg: 0.0 - 944.4; lambda = (0.6, 1)
    dH/dl & foreign lambdas:
        dH/dl (coul-lambda) (9445 pts)
        dH/dl (vdw-lambda) (9445 pts)
        delta H to (0.5, 1) (9445 pts)
        delta H to (0.6, 1) (9445 pts)
        delta H to (0.7, 1) (9445 pts)


lambda_20/bar.xvg: 0.0 - 946.7; lambda = (0.7, 1)
    dH/dl & foreign lambdas:
        dH/dl (coul-lambda) (9468 pts)
        dH/dl (vdw-lambda) (9468 pts)
        delta H to (0.6, 1) (9468 pts)
        delta H to (0.7, 1) (9468 pts)
        delta H to (0.8, 1) (9468 pts)


lambda_21/bar.xvg: 0.0 - 948.7; lambda = (0.8, 1)
    dH/dl & foreign lambdas:
        dH/dl (coul-lambda) (9488 pts)
        dH/dl (vdw-lambda) (9488 pts)
        delta H to (0.7, 1) (9488 pts)
        delta H to (0.8, 1) (9488 pts)
        delta H to (0.9, 1) (9488 pts)


lambda_22/bar.xvg: 0.0 - 950.6; lambda = (0.9, 1)
    dH/dl & foreign lambdas:
        dH/dl (coul-lambda) (9507 pts)
        dH/dl (vdw-lambda) (9507 pts)
        delta H to (0.8, 1) (9507 pts)
        delta H to (0.9, 1) (9507 pts)
        delta H to (1, 1) (9507 pts)


lambda_23/bar.xvg: 0.0 - 948.4; lambda = (1, 1)
    dH/dl & foreign lambdas:
        dH/dl (coul-lambda) (9485 pts)
        dH/dl (vdw-lambda) (9485 pts)
        delta H to (0.9, 1) (9485 pts)
        delta H to (1, 1) (9485 pts)



   Samples in time interval: 0.000 - 950.600
Removing samples outside of: 100.000 - 950.600

Temperature: 300 K

Detailed results in kT (see help for explanation):

 lam_A  lam_B      DG   +/-     s_A   +/-     s_B   +/-   stdev   +/- 
     0      1   -7.29  0.00    0.03  0.00    0.03  0.00    0.25  0.00
     1      2   -5.76  0.00    0.03  0.00    0.03  0.01    0.24  0.00
     2      3   -2.92  0.01    0.07  0.01    0.07  0.01    0.39  0.01
     3      4    2.08  0.02    0.37  0.03    0.40  0.03    0.89  0.01
     4      5    9.05  0.10    2.60  0.08    3.14  0.07    2.87  0.04
     5      6    5.07  0.11    2.53  0.05    2.14  0.08    2.51  0.04
     6      7    3.25  0.05    2.57  0.08    1.71  0.03    2.24  0.03
     7      8    1.98  0.05    1.75  0.06    1.16  0.03    1.76  0.02
     8      9    1.30  0.05    1.33  0.05    0.94  0.03    1.53  0.02
     9     10    0.80  0.02    1.16  0.04    0.81  0.03    1.40  0.02
    10     11    0.40  0.02    0.97  0.01    0.68  0.01    1.26  0.00
    11     12    0.11  0.01    0.84  0.01    0.59  0.01    1.17  0.01
    12     13   -0.13  0.01    0.73  0.01    0.51  0.01    1.08  0.00
    13     14   -0.30  0.01    0.62  0.02    0.45  0.02    1.02  0.01
    14     15   -0.42  0.01    0.57  0.02    0.41  0.01    0.97  0.01
    15     16   -0.55  0.02    0.51  0.02    0.55  0.02    1.06  0.01
    16     17   -1.79  0.02    0.70  0.02    0.79  0.03    1.24  0.01
    17     18   -1.54  0.01    0.25  0.01    0.27  0.02    0.70  0.01
    18     19   -2.07  0.02    0.26  0.02    0.28  0.02    0.75  0.01
    19     20   -2.68  0.02    0.33  0.02    0.34  0.02    0.80  0.00
    20     21   -3.34  0.02    0.32  0.01    0.33  0.01    0.82  0.01
    21     22   -4.05  0.02    0.38  0.01    0.39  0.01    0.87  0.01
    22     23   -4.84  0.02    0.40  0.02    0.40  0.02    0.90  0.01


Final results in kJ/mol:

point      0 -      1,   DG -18.17 +/-  0.01
point      1 -      2,   DG -14.38 +/-  0.01
point      2 -      3,   DG -7.29 +/-  0.02
point      3 -      4,   DG  5.20 +/-  0.04
point      4 -      5,   DG 22.57 +/-  0.26
point      5 -      6,   DG 12.64 +/-  0.26
point      6 -      7,   DG  8.10 +/-  0.13
point      7 -      8,   DG  4.93 +/-  0.12
point      8 -      9,   DG  3.25 +/-  0.11
point      9 -     10,   DG  1.99 +/-  0.05
point     10 -     11,   DG  1.01 +/-  0.05
point     11 -     12,   DG  0.27 +/-  0.03
point     12 -     13,   DG -0.33 +/-  0.03
point     13 -     14,   DG -0.74 +/-  0.03
point     14 -     15,   DG -1.04 +/-  0.02
point     15 -     16,   DG -1.36 +/-  0.04
point     16 -     17,   DG -4.47 +/-  0.04
point     17 -     18,   DG -3.84 +/-  0.02
point     18 -     19,   DG -5.16 +/-  0.04
point     19 -     20,   DG -6.68 +/-  0.05
point     20 -     21,   DG -8.33 +/-  0.04
point     21 -     22,   DG -10.11 +/-  0.06
point     22 -     23,   DG -12.08 +/-  0.05

total      0 -     23,   DG -34.04 +/-  0.82

