lambda_00/bar.xvg: 0.0 - 984.8; lambda = (0, 0)
    dH/dl & foreign lambdas:
        dH/dl (coul-lambda) (9849 pts)
        dH/dl (vdw-lambda) (9849 pts)
        delta H to (0, 0) (9849 pts)
        delta H to (0, 0.1) (9849 pts)


lambda_01/bar.xvg: 0.0 - 984.4; lambda = (0, 0.1)
    dH/dl & foreign lambdas:
        dH/dl (coul-lambda) (9845 pts)
        dH/dl (vdw-lambda) (9845 pts)
        delta H to (0, 0) (9845 pts)
        delta H to (0, 0.1) (9845 pts)
        delta H to (0, 0.2) (9845 pts)


lambda_02/bar.xvg: 0.0 - 984.4; lambda = (0, 0.2)
    dH/dl & foreign lambdas:
        dH/dl (coul-lambda) (9845 pts)
        dH/dl (vdw-lambda) (9845 pts)
        delta H to (0, 0.1) (9845 pts)
        delta H to (0, 0.2) (9845 pts)
        delta H to (0, 0.3) (9845 pts)


lambda_03/bar.xvg: 0.0 - 981.6; lambda = (0, 0.3)
    dH/dl & foreign lambdas:
        dH/dl (coul-lambda) (9817 pts)
        dH/dl (vdw-lambda) (9817 pts)
        delta H to (0, 0.2) (9817 pts)
        delta H to (0, 0.3) (9817 pts)
        delta H to (0, 0.4) (9817 pts)


lambda_04/bar.xvg: 0.0 - 986.3; lambda = (0, 0.4)
    dH/dl & foreign lambdas:
        dH/dl (coul-lambda) (9864 pts)
        dH/dl (vdw-lambda) (9864 pts)
        delta H to (0, 0.3) (9864 pts)
        delta H to (0, 0.4) (9864 pts)
        delta H to (0, 0.5) (9864 pts)


lambda_05/bar.xvg: 0.0 - 986.6; lambda = (0, 0.5)
    dH/dl & foreign lambdas:
        dH/dl (coul-lambda) (9867 pts)
        dH/dl (vdw-lambda) (9867 pts)
        delta H to (0, 0.4) (9867 pts)
        delta H to (0, 0.5) (9867 pts)
        delta H to (0, 0.55) (9867 pts)


lambda_06/bar.xvg: 0.0 - 986.0; lambda = (0, 0.55)
    dH/dl & foreign lambdas:
        dH/dl (coul-lambda) (9861 pts)
        dH/dl (vdw-lambda) (9861 pts)
        delta H to (0, 0.5) (9861 pts)
        delta H to (0, 0.55) (9861 pts)
        delta H to (0, 0.6) (9861 pts)


lambda_07/bar.xvg: 0.0 - 984.0; lambda = (0, 0.6)
    dH/dl & foreign lambdas:
        dH/dl (coul-lambda) (9841 pts)
        dH/dl (vdw-lambda) (9841 pts)
        delta H to (0, 0.55) (9841 pts)
        delta H to (0, 0.6) (9841 pts)
        delta H to (0, 0.65) (9841 pts)


lambda_08/bar.xvg: 0.0 - 982.0; lambda = (0, 0.65)
    dH/dl & foreign lambdas:
        dH/dl (coul-lambda) (9821 pts)
        dH/dl (vdw-lambda) (9821 pts)
        delta H to (0, 0.6) (9821 pts)
        delta H to (0, 0.65) (9821 pts)
        delta H to (0, 0.7) (9821 pts)


lambda_09/bar.xvg: 0.0 - 981.6; lambda = (0, 0.7)
    dH/dl & foreign lambdas:
        dH/dl (coul-lambda) (9817 pts)
        dH/dl (vdw-lambda) (9817 pts)
        delta H to (0, 0.65) (9817 pts)
        delta H to (0, 0.7) (9817 pts)
        delta H to (0, 0.75) (9817 pts)


lambda_10/bar.xvg: 0.0 - 981.6; lambda = (0, 0.75)
    dH/dl & foreign lambdas:
        dH/dl (coul-lambda) (9817 pts)
        dH/dl (vdw-lambda) (9817 pts)
        delta H to (0, 0.7) (9817 pts)
        delta H to (0, 0.75) (9817 pts)
        delta H to (0, 0.8) (9817 pts)


lambda_11/bar.xvg: 0.0 - 981.6; lambda = (0, 0.8)
    dH/dl & foreign lambdas:
        dH/dl (coul-lambda) (9817 pts)
        dH/dl (vdw-lambda) (9817 pts)
        delta H to (0, 0.75) (9817 pts)
        delta H to (0, 0.8) (9817 pts)
        delta H to (0, 0.85) (9817 pts)


lambda_12/bar.xvg: 0.0 - 981.6; lambda = (0, 0.85)
    dH/dl & foreign lambdas:
        dH/dl (coul-lambda) (9817 pts)
        dH/dl (vdw-lambda) (9817 pts)
        delta H to (0, 0.8) (9817 pts)
        delta H to (0, 0.85) (9817 pts)
        delta H to (0, 0.9) (9817 pts)


lambda_13/bar.xvg: 0.0 - 986.2; lambda = (0, 0.9)
    dH/dl & foreign lambdas:
        dH/dl (coul-lambda) (9863 pts)
        dH/dl (vdw-lambda) (9863 pts)
        delta H to (0, 0.85) (9863 pts)
        delta H to (0, 0.9) (9863 pts)
        delta H to (0, 0.95) (9863 pts)


lambda_14/bar.xvg: 0.0 - 985.5; lambda = (0, 0.95)
    dH/dl & foreign lambdas:
        dH/dl (coul-lambda) (9856 pts)
        dH/dl (vdw-lambda) (9856 pts)
        delta H to (0, 0.9) (9856 pts)
        delta H to (0, 0.95) (9856 pts)
        delta H to (0, 1) (9856 pts)


lambda_15/bar.xvg: 0.0 - 984.8; lambda = (0, 1)
    dH/dl & foreign lambdas:
        dH/dl (coul-lambda) (9849 pts)
        dH/dl (vdw-lambda) (9849 pts)
        delta H to (0, 0.95) (9849 pts)
        delta H to (0, 1) (9849 pts)
        delta H to (0.2, 1) (9849 pts)


lambda_16/bar.xvg: 0.0 - 981.6; lambda = (0.2, 1)
    dH/dl & foreign lambdas:
        dH/dl (coul-lambda) (9817 pts)
        dH/dl (vdw-lambda) (9817 pts)
        delta H to (0, 1) (9817 pts)
        delta H to (0.2, 1) (9817 pts)
        delta H to (0.4, 1) (9817 pts)


lambda_17/bar.xvg: 0.0 - 981.6; lambda = (0.4, 1)
    dH/dl & foreign lambdas:
        dH/dl (coul-lambda) (9817 pts)
        dH/dl (vdw-lambda) (9817 pts)
        delta H to (0.2, 1) (9817 pts)
        delta H to (0.4, 1) (9817 pts)
        delta H to (0.5, 1) (9817 pts)


lambda_18/bar.xvg: 0.0 - 981.8; lambda = (0.5, 1)
    dH/dl & foreign lambdas:
        dH/dl (coul-lambda) (9819 pts)
        dH/dl (vdw-lambda) (9819 pts)
        delta H to (0.4, 1) (9819 pts)
        delta H to (0.5, 1) (9819 pts)
        delta H to (0.6, 1) (9819 pts)


lambda_19/bar.xvg: 0.0 - 984.5; lambda = (0.6, 1)
    dH/dl & foreign lambdas:
        dH/dl (coul-lambda) (9846 pts)
        dH/dl (vdw-lambda) (9846 pts)
        delta H to (0.5, 1) (9846 pts)
        delta H to (0.6, 1) (9846 pts)
        delta H to (0.7, 1) (9846 pts)


lambda_20/bar.xvg: 0.0 - 986.3; lambda = (0.7, 1)
    dH/dl & foreign lambdas:
        dH/dl (coul-lambda) (9864 pts)
        dH/dl (vdw-lambda) (9864 pts)
        delta H to (0.6, 1) (9864 pts)
        delta H to (0.7, 1) (9864 pts)
        delta H to (0.8, 1) (9864 pts)


lambda_21/bar.xvg: 0.0 - 981.6; lambda = (0.8, 1)
    dH/dl & foreign lambdas:
        dH/dl (coul-lambda) (9817 pts)
        dH/dl (vdw-lambda) (9817 pts)
        delta H to (0.7, 1) (9817 pts)
        delta H to (0.8, 1) (9817 pts)
        delta H to (0.9, 1) (9817 pts)


lambda_22/bar.xvg: 0.0 - 981.6; lambda = (0.9, 1)
    dH/dl & foreign lambdas:
        dH/dl (coul-lambda) (9817 pts)
        dH/dl (vdw-lambda) (9817 pts)
        delta H to (0.8, 1) (9817 pts)
        delta H to (0.9, 1) (9817 pts)
        delta H to (1, 1) (9817 pts)


lambda_23/bar.xvg: 0.0 - 981.6; lambda = (1, 1)
    dH/dl & foreign lambdas:
        dH/dl (coul-lambda) (9817 pts)
        dH/dl (vdw-lambda) (9817 pts)
        delta H to (0.9, 1) (9817 pts)
        delta H to (1, 1) (9817 pts)



   Samples in time interval: 0.000 - 986.600
Removing samples outside of: 100.000 - 986.600

Temperature: 300 K

Detailed results in kT (see help for explanation):

 lam_A  lam_B      DG   +/-     s_A   +/-     s_B   +/-   stdev   +/- 
     0      1   -7.28  0.01    0.04  0.01    0.04  0.01    0.25  0.00
     1      2   -5.76  0.01    0.03  0.01    0.03  0.01    0.24  0.00
     2      3   -2.91  0.01    0.06  0.01    0.06  0.01    0.39  0.00
     3      4    2.07  0.02    0.41  0.02    0.45  0.02    0.91  0.01
     4      5    8.94  0.12    2.59  0.10    3.02  0.10    2.84  0.09
     5      6    5.23  0.08    2.37  0.13    2.11  0.13    2.45  0.09
     6      7    3.35  0.07    2.75  0.10    1.77  0.07    2.31  0.05
     7      8    2.05  0.05    1.77  0.03    1.23  0.01    1.80  0.01
     8      9    1.29  0.04    1.38  0.06    0.96  0.03    1.55  0.02
     9     10    0.79  0.02    1.14  0.02    0.80  0.02    1.40  0.01
    10     11    0.39  0.01    0.98  0.01    0.69  0.01    1.28  0.01
    11     12    0.10  0.01    0.84  0.02    0.59  0.02    1.18  0.00
    12     13   -0.12  0.01    0.73  0.03    0.51  0.01    1.09  0.01
    13     14   -0.28  0.01    0.64  0.02    0.45  0.01    1.03  0.01
    14     15   -0.40  0.01    0.60  0.01    0.43  0.01    0.99  0.01
    15     16   -0.49  0.01    0.53  0.01    0.55  0.01    1.02  0.00
    16     17   -1.67  0.02    0.63  0.02    0.70  0.03    1.17  0.01
    17     18   -1.39  0.01    0.20  0.01    0.22  0.01    0.66  0.00
    18     19   -1.89  0.01    0.29  0.01    0.30  0.01    0.73  0.00
    19     20   -2.48  0.01    0.29  0.01    0.30  0.01    0.78  0.00
    20     21   -3.14  0.01    0.37  0.01    0.38  0.01    0.84  0.01
    21     22   -3.87  0.02    0.36  0.01    0.37  0.01    0.86  0.00
    22     23   -4.63  0.01    0.39  0.02    0.39  0.02    0.89  0.01


Final results in kJ/mol:

point      0 -      1,   DG -18.15 +/-  0.01
point      1 -      2,   DG -14.37 +/-  0.02
point      2 -      3,   DG -7.27 +/-  0.02
point      3 -      4,   DG  5.17 +/-  0.05
point      4 -      5,   DG 22.29 +/-  0.30
point      5 -      6,   DG 13.05 +/-  0.20
point      6 -      7,   DG  8.36 +/-  0.17
point      7 -      8,   DG  5.11 +/-  0.13
point      8 -      9,   DG  3.21 +/-  0.10
point      9 -     10,   DG  1.96 +/-  0.04
point     10 -     11,   DG  0.98 +/-  0.03
point     11 -     12,   DG  0.25 +/-  0.01
point     12 -     13,   DG -0.31 +/-  0.02
point     13 -     14,   DG -0.70 +/-  0.03
point     14 -     15,   DG -1.01 +/-  0.02
point     15 -     16,   DG -1.23 +/-  0.03
point     16 -     17,   DG -4.16 +/-  0.05
point     17 -     18,   DG -3.47 +/-  0.03
point     18 -     19,   DG -4.72 +/-  0.02
point     19 -     20,   DG -6.18 +/-  0.02
point     20 -     21,   DG -7.84 +/-  0.03
point     21 -     22,   DG -9.66 +/-  0.04
point     22 -     23,   DG -11.54 +/-  0.02

total      0 -     23,   DG -30.21 +/-  0.26

