lambda_00/bar.xvg: 0.0 - 952.9; lambda = (0, 0)
    dH/dl & foreign lambdas:
        dH/dl (coul-lambda) (9530 pts)
        dH/dl (vdw-lambda) (9530 pts)
        delta H to (0, 0) (9530 pts)
        delta H to (0, 0.1) (9530 pts)


lambda_01/bar.xvg: 0.0 - 957.9; lambda = (0, 0.1)
    dH/dl & foreign lambdas:
        dH/dl (coul-lambda) (9580 pts)
        dH/dl (vdw-lambda) (9580 pts)
        delta H to (0, 0) (9580 pts)
        delta H to (0, 0.1) (9580 pts)
        delta H to (0, 0.2) (9580 pts)


lambda_02/bar.xvg: 0.0 - 957.7; lambda = (0, 0.2)
    dH/dl & foreign lambdas:
        dH/dl (coul-lambda) (9578 pts)
        dH/dl (vdw-lambda) (9578 pts)
        delta H to (0, 0.1) (9578 pts)
        delta H to (0, 0.2) (9578 pts)
        delta H to (0, 0.3) (9578 pts)


lambda_03/bar.xvg: 0.0 - 946.7; lambda = (0, 0.3)
    dH/dl & foreign lambdas:
        dH/dl (coul-lambda) (9468 pts)
        dH/dl (vdw-lambda) (9468 pts)
        delta H to (0, 0.2) (9468 pts)
        delta H to (0, 0.3) (9468 pts)
        delta H to (0, 0.4) (9468 pts)


lambda_04/bar.xvg: 0.0 - 959.2; lambda = (0, 0.4)
    dH/dl & foreign lambdas:
        dH/dl (coul-lambda) (9593 pts)
        dH/dl (vdw-lambda) (9593 pts)
        delta H to (0, 0.3) (9593 pts)
        delta H to (0, 0.4) (9593 pts)
        delta H to (0, 0.5) (9593 pts)


lambda_05/bar.xvg: 0.0 - 946.2; lambda = (0, 0.5)
    dH/dl & foreign lambdas:
        dH/dl (coul-lambda) (9463 pts)
        dH/dl (vdw-lambda) (9463 pts)
        delta H to (0, 0.4) (9463 pts)
        delta H to (0, 0.5) (9463 pts)
        delta H to (0, 0.55) (9463 pts)


lambda_06/bar.xvg: 0.0 - 958.7; lambda = (0, 0.55)
    dH/dl & foreign lambdas:
        dH/dl (coul-lambda) (9588 pts)
        dH/dl (vdw-lambda) (9588 pts)
        delta H to (0, 0.5) (9588 pts)
        delta H to (0, 0.55) (9588 pts)
        delta H to (0, 0.6) (9588 pts)


lambda_07/bar.xvg: 0.0 - 957.2; lambda = (0, 0.6)
    dH/dl & foreign lambdas:
        dH/dl (coul-lambda) (9573 pts)
        dH/dl (vdw-lambda) (9573 pts)
        delta H to (0, 0.55) (9573 pts)
        delta H to (0, 0.6) (9573 pts)
        delta H to (0, 0.65) (9573 pts)


lambda_08/bar.xvg: 0.0 - 954.7; lambda = (0, 0.65)
    dH/dl & foreign lambdas:
        dH/dl (coul-lambda) (9548 pts)
        dH/dl (vdw-lambda) (9548 pts)
        delta H to (0, 0.6) (9548 pts)
        delta H to (0, 0.65) (9548 pts)
        delta H to (0, 0.7) (9548 pts)


lambda_09/bar.xvg: 0.0 - 952.7; lambda = (0, 0.7)
    dH/dl & foreign lambdas:
        dH/dl (coul-lambda) (9528 pts)
        dH/dl (vdw-lambda) (9528 pts)
        delta H to (0, 0.65) (9528 pts)
        delta H to (0, 0.7) (9528 pts)
        delta H to (0, 0.75) (9528 pts)


lambda_10/bar.xvg: 0.0 - 950.7; lambda = (0, 0.75)
    dH/dl & foreign lambdas:
        dH/dl (coul-lambda) (9508 pts)
        dH/dl (vdw-lambda) (9508 pts)
        delta H to (0, 0.7) (9508 pts)
        delta H to (0, 0.75) (9508 pts)
        delta H to (0, 0.8) (9508 pts)


lambda_11/bar.xvg: 0.0 - 949.3; lambda = (0, 0.8)
    dH/dl & foreign lambdas:
        dH/dl (coul-lambda) (9494 pts)
        dH/dl (vdw-lambda) (9494 pts)
        delta H to (0, 0.75) (9494 pts)
        delta H to (0, 0.8) (9494 pts)
        delta H to (0, 0.85) (9494 pts)


lambda_12/bar.xvg: 0.0 - 947.4; lambda = (0, 0.85)
    dH/dl & foreign lambdas:
        dH/dl (coul-lambda) (9475 pts)
        dH/dl (vdw-lambda) (9475 pts)
        delta H to (0, 0.8) (9475 pts)
        delta H to (0, 0.85) (9475 pts)
        delta H to (0, 0.9) (9475 pts)


lambda_13/bar.xvg: 0.0 - 946.3; lambda = (0, 0.9)
    dH/dl & foreign lambdas:
        dH/dl (coul-lambda) (9464 pts)
        dH/dl (vdw-lambda) (9464 pts)
        delta H to (0, 0.85) (9464 pts)
        delta H to (0, 0.9) (9464 pts)
        delta H to (0, 0.95) (9464 pts)


lambda_14/bar.xvg: 0.0 - 958.7; lambda = (0, 0.95)
    dH/dl & foreign lambdas:
        dH/dl (coul-lambda) (9588 pts)
        dH/dl (vdw-lambda) (9588 pts)
        delta H to (0, 0.9) (9588 pts)
        delta H to (0, 0.95) (9588 pts)
        delta H to (0, 1) (9588 pts)


lambda_15/bar.xvg: 0.0 - 958.7; lambda = (0, 1)
    dH/dl & foreign lambdas:
        dH/dl (coul-lambda) (9588 pts)
        dH/dl (vdw-lambda) (9588 pts)
        delta H to (0, 0.95) (9588 pts)
        delta H to (0, 1) (9588 pts)
        delta H to (0.2, 1) (9588 pts)


lambda_16/bar.xvg: 0.0 - 949.5; lambda = (0.2, 1)
    dH/dl & foreign lambdas:
        dH/dl (coul-lambda) (9496 pts)
        dH/dl (vdw-lambda) (9496 pts)
        delta H to (0, 1) (9496 pts)
        delta H to (0.2, 1) (9496 pts)
        delta H to (0.4, 1) (9496 pts)


lambda_17/bar.xvg: 0.0 - 953.2; lambda = (0.4, 1)
    dH/dl & foreign lambdas:
        dH/dl (coul-lambda) (9533 pts)
        dH/dl (vdw-lambda) (9533 pts)
        delta H to (0.2, 1) (9533 pts)
        delta H to (0.4, 1) (9533 pts)
        delta H to (0.5, 1) (9533 pts)


lambda_18/bar.xvg: 0.0 - 955.7; lambda = (0.5, 1)
    dH/dl & foreign lambdas:
        dH/dl (coul-lambda) (9558 pts)
        dH/dl (vdw-lambda) (9558 pts)
        delta H to (0.4, 1) (9558 pts)
        delta H to (0.5, 1) (9558 pts)
        delta H to (0.6, 1) (9558 pts)


lambda_19/bar.xvg: 0.0 - 957.5; lambda = (0.6, 1)
    dH/dl & foreign lambdas:
        dH/dl (coul-lambda) (9576 pts)
        dH/dl (vdw-lambda) (9576 pts)
        delta H to (0.5, 1) (9576 pts)
        delta H to (0.6, 1) (9576 pts)
        delta H to (0.7, 1) (9576 pts)


lambda_20/bar.xvg: 0.0 - 946.4; lambda = (0.7, 1)
    dH/dl & foreign lambdas:
        dH/dl (coul-lambda) (9465 pts)
        dH/dl (vdw-lambda) (9465 pts)
        delta H to (0.6, 1) (9465 pts)
        delta H to (0.7, 1) (9465 pts)
        delta H to (0.8, 1) (9465 pts)


lambda_21/bar.xvg: 0.0 - 948.5; lambda = (0.8, 1)
    dH/dl & foreign lambdas:
        dH/dl (coul-lambda) (9486 pts)
        dH/dl (vdw-lambda) (9486 pts)
        delta H to (0.7, 1) (9486 pts)
        delta H to (0.8, 1) (9486 pts)
        delta H to (0.9, 1) (9486 pts)


lambda_22/bar.xvg: 0.0 - 950.3; lambda = (0.9, 1)
    dH/dl & foreign lambdas:
        dH/dl (coul-lambda) (9504 pts)
        dH/dl (vdw-lambda) (9504 pts)
        delta H to (0.8, 1) (9504 pts)
        delta H to (0.9, 1) (9504 pts)
        delta H to (1, 1) (9504 pts)


lambda_23/bar.xvg: 0.0 - 948.1; lambda = (1, 1)
    dH/dl & foreign lambdas:
        dH/dl (coul-lambda) (9482 pts)
        dH/dl (vdw-lambda) (9482 pts)
        delta H to (0.9, 1) (9482 pts)
        delta H to (1, 1) (9482 pts)



   Samples in time interval: 0.000 - 959.200
Removing samples outside of: 100.000 - 959.200

Temperature: 300 K

Detailed results in kT (see help for explanation):

 lam_A  lam_B      DG   +/-     s_A   +/-     s_B   +/-   stdev   +/- 
     0      1   -7.28  0.01    0.04  0.00    0.04  0.00    0.25  0.00
     1      2   -5.77  0.01    0.03  0.01    0.03  0.01    0.24  0.00
     2      3   -2.92  0.01    0.09  0.01    0.09  0.01    0.39  0.00
     3      4    2.07  0.02    0.36  0.03    0.39  0.03    0.88  0.01
     4      5    9.10  0.05    2.57  0.05    3.13  0.08    2.82  0.04
     5      6    5.12  0.07    2.53  0.01    2.13  0.03    2.51  0.02
     6      7    3.30  0.04    2.62  0.07    1.69  0.03    2.25  0.02
     7      8    2.02  0.03    1.82  0.04    1.23  0.03    1.79  0.02
     8      9    1.27  0.01    1.34  0.05    0.95  0.03    1.53  0.01
     9     10    0.78  0.03    1.12  0.03    0.78  0.01    1.38  0.01
    10     11    0.43  0.02    0.97  0.04    0.69  0.03    1.28  0.01
    11     12    0.12  0.02    0.85  0.02    0.60  0.02    1.18  0.01
    12     13   -0.10  0.01    0.73  0.01    0.51  0.01    1.09  0.00
    13     14   -0.27  0.01    0.66  0.02    0.47  0.01    1.04  0.01
    14     15   -0.41  0.01    0.59  0.02    0.42  0.01    0.98  0.01
    15     16   -0.51  0.01    0.58  0.01    0.60  0.01    1.07  0.01
    16     17   -1.76  0.02    0.64  0.02    0.73  0.02    1.20  0.01
    17     18   -1.49  0.01    0.24  0.01    0.26  0.01    0.69  0.00
    18     19   -2.00  0.01    0.25  0.01    0.26  0.01    0.74  0.01
    19     20   -2.57  0.01    0.31  0.01    0.32  0.01    0.79  0.01
    20     21   -3.24  0.01    0.35  0.01    0.36  0.01    0.83  0.01
    21     22   -3.94  0.01    0.35  0.01    0.35  0.01    0.86  0.01
    22     23   -4.68  0.02    0.38  0.02    0.39  0.02    0.89  0.01


Final results in kJ/mol:

point      0 -      1,   DG -18.16 +/-  0.02
point      1 -      2,   DG -14.39 +/-  0.01
point      2 -      3,   DG -7.30 +/-  0.02
point      3 -      4,   DG  5.17 +/-  0.04
point      4 -      5,   DG 22.71 +/-  0.12
point      5 -      6,   DG 12.78 +/-  0.17
point      6 -      7,   DG  8.23 +/-  0.10
point      7 -      8,   DG  5.03 +/-  0.07
point      8 -      9,   DG  3.18 +/-  0.02
point      9 -     10,   DG  1.95 +/-  0.07
point     10 -     11,   DG  1.07 +/-  0.05
point     11 -     12,   DG  0.31 +/-  0.04
point     12 -     13,   DG -0.25 +/-  0.03
point     13 -     14,   DG -0.68 +/-  0.03
point     14 -     15,   DG -1.03 +/-  0.03
point     15 -     16,   DG -1.27 +/-  0.04
point     16 -     17,   DG -4.38 +/-  0.04
point     17 -     18,   DG -3.71 +/-  0.02
point     18 -     19,   DG -4.99 +/-  0.02
point     19 -     20,   DG -6.41 +/-  0.01
point     20 -     21,   DG -8.07 +/-  0.03
point     21 -     22,   DG -9.83 +/-  0.04
point     22 -     23,   DG -11.67 +/-  0.05

total      0 -     23,   DG -31.73 +/-  0.45

