lambda_00/bar.xvg: 0.0 - 984.8; lambda = (0, 0)
    dH/dl & foreign lambdas:
        dH/dl (coul-lambda) (9849 pts)
        dH/dl (vdw-lambda) (9849 pts)
        delta H to (0, 0) (9849 pts)
        delta H to (0, 0.1) (9849 pts)


lambda_01/bar.xvg: 0.0 - 984.2; lambda = (0, 0.1)
    dH/dl & foreign lambdas:
        dH/dl (coul-lambda) (9843 pts)
        dH/dl (vdw-lambda) (9843 pts)
        delta H to (0, 0) (9843 pts)
        delta H to (0, 0.1) (9843 pts)
        delta H to (0, 0.2) (9843 pts)


lambda_02/bar.xvg: 0.0 - 984.3; lambda = (0, 0.2)
    dH/dl & foreign lambdas:
        dH/dl (coul-lambda) (9844 pts)
        dH/dl (vdw-lambda) (9844 pts)
        delta H to (0, 0.1) (9844 pts)
        delta H to (0, 0.2) (9844 pts)
        delta H to (0, 0.3) (9844 pts)


lambda_03/bar.xvg: 0.0 - 986.9; lambda = (0, 0.3)
    dH/dl & foreign lambdas:
        dH/dl (coul-lambda) (9870 pts)
        dH/dl (vdw-lambda) (9870 pts)
        delta H to (0, 0.2) (9870 pts)
        delta H to (0, 0.3) (9870 pts)
        delta H to (0, 0.4) (9870 pts)


lambda_04/bar.xvg: 0.0 - 986.3; lambda = (0, 0.4)
    dH/dl & foreign lambdas:
        dH/dl (coul-lambda) (9864 pts)
        dH/dl (vdw-lambda) (9864 pts)
        delta H to (0, 0.3) (9864 pts)
        delta H to (0, 0.4) (9864 pts)
        delta H to (0, 0.5) (9864 pts)


lambda_05/bar.xvg: 0.0 - 986.6; lambda = (0, 0.5)
    dH/dl & foreign lambdas:
        dH/dl (coul-lambda) (9867 pts)
        dH/dl (vdw-lambda) (9867 pts)
        delta H to (0, 0.4) (9867 pts)
        delta H to (0, 0.5) (9867 pts)
        delta H to (0, 0.55) (9867 pts)


lambda_06/bar.xvg: 0.0 - 985.5; lambda = (0, 0.55)
    dH/dl & foreign lambdas:
        dH/dl (coul-lambda) (9856 pts)
        dH/dl (vdw-lambda) (9856 pts)
        delta H to (0, 0.5) (9856 pts)
        delta H to (0, 0.55) (9856 pts)
        delta H to (0, 0.6) (9856 pts)


lambda_07/bar.xvg: 0.0 - 983.5; lambda = (0, 0.6)
    dH/dl & foreign lambdas:
        dH/dl (coul-lambda) (9836 pts)
        dH/dl (vdw-lambda) (9836 pts)
        delta H to (0, 0.55) (9836 pts)
        delta H to (0, 0.6) (9836 pts)
        delta H to (0, 0.65) (9836 pts)


lambda_08/bar.xvg: 0.0 - 981.4; lambda = (0, 0.65)
    dH/dl & foreign lambdas:
        dH/dl (coul-lambda) (9815 pts)
        dH/dl (vdw-lambda) (9815 pts)
        delta H to (0, 0.6) (9815 pts)
        delta H to (0, 0.65) (9815 pts)
        delta H to (0, 0.7) (9815 pts)


lambda_09/bar.xvg: 0.0 - 992.3; lambda = (0, 0.7)
    dH/dl & foreign lambdas:
        dH/dl (coul-lambda) (9924 pts)
        dH/dl (vdw-lambda) (9924 pts)
        delta H to (0, 0.65) (9924 pts)
        delta H to (0, 0.7) (9924 pts)
        delta H to (0, 0.75) (9924 pts)


lambda_10/bar.xvg: 0.0 - 990.0; lambda = (0, 0.75)
    dH/dl & foreign lambdas:
        dH/dl (coul-lambda) (9901 pts)
        dH/dl (vdw-lambda) (9901 pts)
        delta H to (0, 0.7) (9901 pts)
        delta H to (0, 0.75) (9901 pts)
        delta H to (0, 0.8) (9901 pts)


lambda_11/bar.xvg: 0.0 - 988.1; lambda = (0, 0.8)
    dH/dl & foreign lambdas:
        dH/dl (coul-lambda) (9882 pts)
        dH/dl (vdw-lambda) (9882 pts)
        delta H to (0, 0.75) (9882 pts)
        delta H to (0, 0.8) (9882 pts)
        delta H to (0, 0.85) (9882 pts)


lambda_12/bar.xvg: 0.0 - 986.4; lambda = (0, 0.85)
    dH/dl & foreign lambdas:
        dH/dl (coul-lambda) (9865 pts)
        dH/dl (vdw-lambda) (9865 pts)
        delta H to (0, 0.8) (9865 pts)
        delta H to (0, 0.85) (9865 pts)
        delta H to (0, 0.9) (9865 pts)


lambda_13/bar.xvg: 0.0 - 985.4; lambda = (0, 0.9)
    dH/dl & foreign lambdas:
        dH/dl (coul-lambda) (9855 pts)
        dH/dl (vdw-lambda) (9855 pts)
        delta H to (0, 0.85) (9855 pts)
        delta H to (0, 0.9) (9855 pts)
        delta H to (0, 0.95) (9855 pts)


lambda_14/bar.xvg: 0.0 - 984.8; lambda = (0, 0.95)
    dH/dl & foreign lambdas:
        dH/dl (coul-lambda) (9849 pts)
        dH/dl (vdw-lambda) (9849 pts)
        delta H to (0, 0.9) (9849 pts)
        delta H to (0, 0.95) (9849 pts)
        delta H to (0, 1) (9849 pts)


lambda_15/bar.xvg: 0.0 - 984.6; lambda = (0, 1)
    dH/dl & foreign lambdas:
        dH/dl (coul-lambda) (9847 pts)
        dH/dl (vdw-lambda) (9847 pts)
        delta H to (0, 0.95) (9847 pts)
        delta H to (0, 1) (9847 pts)
        delta H to (0.2, 1) (9847 pts)


lambda_16/bar.xvg: 0.0 - 989.3; lambda = (0.2, 1)
    dH/dl & foreign lambdas:
        dH/dl (coul-lambda) (9894 pts)
        dH/dl (vdw-lambda) (9894 pts)
        delta H to (0, 1) (9894 pts)
        delta H to (0.2, 1) (9894 pts)
        delta H to (0.4, 1) (9894 pts)


lambda_17/bar.xvg: 0.0 - 980.1; lambda = (0.4, 1)
    dH/dl & foreign lambdas:
        dH/dl (coul-lambda) (9802 pts)
        dH/dl (vdw-lambda) (9802 pts)
        delta H to (0.2, 1) (9802 pts)
        delta H to (0.4, 1) (9802 pts)
        delta H to (0.5, 1) (9802 pts)


lambda_18/bar.xvg: 0.0 - 982.5; lambda = (0.5, 1)
    dH/dl & foreign lambdas:
        dH/dl (coul-lambda) (9826 pts)
        dH/dl (vdw-lambda) (9826 pts)
        delta H to (0.4, 1) (9826 pts)
        delta H to (0.5, 1) (9826 pts)
        delta H to (0.6, 1) (9826 pts)


lambda_19/bar.xvg: 0.0 - 984.9; lambda = (0.6, 1)
    dH/dl & foreign lambdas:
        dH/dl (coul-lambda) (9850 pts)
        dH/dl (vdw-lambda) (9850 pts)
        delta H to (0.5, 1) (9850 pts)
        delta H to (0.6, 1) (9850 pts)
        delta H to (0.7, 1) (9850 pts)


lambda_20/bar.xvg: 0.0 - 987.2; lambda = (0.7, 1)
    dH/dl & foreign lambdas:
        dH/dl (coul-lambda) (9873 pts)
        dH/dl (vdw-lambda) (9873 pts)
        delta H to (0.6, 1) (9873 pts)
        delta H to (0.7, 1) (9873 pts)
        delta H to (0.8, 1) (9873 pts)


lambda_21/bar.xvg: 0.0 - 989.4; lambda = (0.8, 1)
    dH/dl & foreign lambdas:
        dH/dl (coul-lambda) (9895 pts)
        dH/dl (vdw-lambda) (9895 pts)
        delta H to (0.7, 1) (9895 pts)
        delta H to (0.8, 1) (9895 pts)
        delta H to (0.9, 1) (9895 pts)


lambda_22/bar.xvg: 0.0 - 991.2; lambda = (0.9, 1)
    dH/dl & foreign lambdas:
        dH/dl (coul-lambda) (9913 pts)
        dH/dl (vdw-lambda) (9913 pts)
        delta H to (0.8, 1) (9913 pts)
        delta H to (0.9, 1) (9913 pts)
        delta H to (1, 1) (9913 pts)


lambda_23/bar.xvg: 0.0 - 981.4; lambda = (1, 1)
    dH/dl & foreign lambdas:
        dH/dl (coul-lambda) (9815 pts)
        dH/dl (vdw-lambda) (9815 pts)
        delta H to (0.9, 1) (9815 pts)
        delta H to (1, 1) (9815 pts)



   Samples in time interval: 0.000 - 992.300
Removing samples outside of: 100.000 - 992.300

Temperature: 300 K

Detailed results in kT (see help for explanation):

 lam_A  lam_B      DG   +/-     s_A   +/-     s_B   +/-   stdev   +/- 
     0      1   -6.40  0.01    0.02  0.00    0.02  0.00    0.23  0.00
     1      2   -5.07  0.01    0.04  0.00    0.04  0.00    0.23  0.00
     2      3   -2.58  0.00    0.07  0.01    0.07  0.01    0.37  0.00
     3      4    1.79  0.02    0.31  0.01    0.35  0.02    0.83  0.01
     4      5    7.91  0.04    2.27  0.06    2.64  0.08    2.55  0.04
     5      6    4.52  0.02    2.24  0.04    1.96  0.05    2.31  0.01
     6      7    2.91  0.04    2.18  0.03    1.45  0.03    2.04  0.01
     7      8    1.92  0.01    1.55  0.06    1.06  0.03    1.66  0.03
     8      9    1.29  0.02    1.28  0.03    0.90  0.02    1.50  0.01
     9     10    0.77  0.02    1.09  0.02    0.74  0.01    1.35  0.01
    10     11    0.41  0.01    0.89  0.03    0.62  0.02    1.22  0.01
    11     12    0.13  0.02    0.80  0.02    0.55  0.01    1.13  0.01
    12     13   -0.08  0.01    0.65  0.01    0.46  0.01    1.03  0.01
    13     14   -0.22  0.01    0.58  0.01    0.41  0.01    0.98  0.01
    14     15   -0.34  0.01    0.53  0.01    0.38  0.01    0.93  0.00
    15     16   -0.50  0.01    0.53  0.02    0.56  0.02    1.04  0.02
    16     17   -1.70  0.01    0.65  0.02    0.73  0.01    1.20  0.01
    17     18   -1.44  0.01    0.22  0.01    0.24  0.02    0.69  0.01
    18     19   -1.98  0.02    0.29  0.01    0.31  0.02    0.75  0.01
    19     20   -2.60  0.02    0.32  0.02    0.33  0.02    0.80  0.01
    20     21   -3.25  0.01    0.32  0.02    0.33  0.02    0.84  0.01
    21     22   -3.99  0.02    0.41  0.02    0.42  0.02    0.90  0.01
    22     23   -4.83  0.03    0.41  0.02    0.42  0.02    0.92  0.01


Final results in kJ/mol:

point      0 -      1,   DG -15.97 +/-  0.02
point      1 -      2,   DG -12.65 +/-  0.01
point      2 -      3,   DG -6.45 +/-  0.01
point      3 -      4,   DG  4.48 +/-  0.05
point      4 -      5,   DG 19.72 +/-  0.11
point      5 -      6,   DG 11.26 +/-  0.05
point      6 -      7,   DG  7.26 +/-  0.10
point      7 -      8,   DG  4.78 +/-  0.03
point      8 -      9,   DG  3.23 +/-  0.06
point      9 -     10,   DG  1.93 +/-  0.04
point     10 -     11,   DG  1.03 +/-  0.03
point     11 -     12,   DG  0.33 +/-  0.05
point     12 -     13,   DG -0.21 +/-  0.03
point     13 -     14,   DG -0.56 +/-  0.03
point     14 -     15,   DG -0.84 +/-  0.02
point     15 -     16,   DG -1.24 +/-  0.03
point     16 -     17,   DG -4.24 +/-  0.03
point     17 -     18,   DG -3.60 +/-  0.02
point     18 -     19,   DG -4.93 +/-  0.04
point     19 -     20,   DG -6.49 +/-  0.05
point     20 -     21,   DG -8.11 +/-  0.01
point     21 -     22,   DG -9.96 +/-  0.05
point     22 -     23,   DG -12.05 +/-  0.08

total      0 -     23,   DG -33.28 +/-  0.29

