lambda_00/bar.xvg: 0.0 - 921.0; lambda = (0, 0)
    dH/dl & foreign lambdas:
        dH/dl (coul-lambda) (9211 pts)
        dH/dl (vdw-lambda) (9211 pts)
        delta H to (0, 0) (9211 pts)
        delta H to (0, 0.1) (9211 pts)


lambda_01/bar.xvg: 0.0 - 918.0; lambda = (0, 0.1)
    dH/dl & foreign lambdas:
        dH/dl (coul-lambda) (9181 pts)
        dH/dl (vdw-lambda) (9181 pts)
        delta H to (0, 0) (9181 pts)
        delta H to (0, 0.1) (9181 pts)
        delta H to (0, 0.2) (9181 pts)


lambda_02/bar.xvg: 0.0 - 917.7; lambda = (0, 0.2)
    dH/dl & foreign lambdas:
        dH/dl (coul-lambda) (9178 pts)
        dH/dl (vdw-lambda) (9178 pts)
        delta H to (0, 0.1) (9178 pts)
        delta H to (0, 0.2) (9178 pts)
        delta H to (0, 0.3) (9178 pts)


lambda_03/bar.xvg: 0.0 - 919.7; lambda = (0, 0.3)
    dH/dl & foreign lambdas:
        dH/dl (coul-lambda) (9198 pts)
        dH/dl (vdw-lambda) (9198 pts)
        delta H to (0, 0.2) (9198 pts)
        delta H to (0, 0.3) (9198 pts)
        delta H to (0, 0.4) (9198 pts)


lambda_04/bar.xvg: 0.0 - 919.0; lambda = (0, 0.4)
    dH/dl & foreign lambdas:
        dH/dl (coul-lambda) (9191 pts)
        dH/dl (vdw-lambda) (9191 pts)
        delta H to (0, 0.3) (9191 pts)
        delta H to (0, 0.4) (9191 pts)
        delta H to (0, 0.5) (9191 pts)


lambda_05/bar.xvg: 0.0 - 919.3; lambda = (0, 0.5)
    dH/dl & foreign lambdas:
        dH/dl (coul-lambda) (9194 pts)
        dH/dl (vdw-lambda) (9194 pts)
        delta H to (0, 0.4) (9194 pts)
        delta H to (0, 0.5) (9194 pts)
        delta H to (0, 0.55) (9194 pts)


lambda_06/bar.xvg: 0.0 - 917.6; lambda = (0, 0.55)
    dH/dl & foreign lambdas:
        dH/dl (coul-lambda) (9177 pts)
        dH/dl (vdw-lambda) (9177 pts)
        delta H to (0, 0.5) (9177 pts)
        delta H to (0, 0.55) (9177 pts)
        delta H to (0, 0.6) (9177 pts)


lambda_07/bar.xvg: 0.0 - 916.1; lambda = (0, 0.6)
    dH/dl & foreign lambdas:
        dH/dl (coul-lambda) (9162 pts)
        dH/dl (vdw-lambda) (9162 pts)
        delta H to (0, 0.55) (9162 pts)
        delta H to (0, 0.6) (9162 pts)
        delta H to (0, 0.65) (9162 pts)


lambda_08/bar.xvg: 0.0 - 914.0; lambda = (0, 0.65)
    dH/dl & foreign lambdas:
        dH/dl (coul-lambda) (9141 pts)
        dH/dl (vdw-lambda) (9141 pts)
        delta H to (0, 0.6) (9141 pts)
        delta H to (0, 0.65) (9141 pts)
        delta H to (0, 0.7) (9141 pts)


lambda_09/bar.xvg: 0.0 - 911.5; lambda = (0, 0.7)
    dH/dl & foreign lambdas:
        dH/dl (coul-lambda) (9116 pts)
        dH/dl (vdw-lambda) (9116 pts)
        delta H to (0, 0.65) (9116 pts)
        delta H to (0, 0.7) (9116 pts)
        delta H to (0, 0.75) (9116 pts)


lambda_10/bar.xvg: 0.0 - 923.4; lambda = (0, 0.75)
    dH/dl & foreign lambdas:
        dH/dl (coul-lambda) (9235 pts)
        dH/dl (vdw-lambda) (9235 pts)
        delta H to (0, 0.7) (9235 pts)
        delta H to (0, 0.75) (9235 pts)
        delta H to (0, 0.8) (9235 pts)


lambda_11/bar.xvg: 0.0 - 921.5; lambda = (0, 0.8)
    dH/dl & foreign lambdas:
        dH/dl (coul-lambda) (9216 pts)
        dH/dl (vdw-lambda) (9216 pts)
        delta H to (0, 0.75) (9216 pts)
        delta H to (0, 0.8) (9216 pts)
        delta H to (0, 0.85) (9216 pts)


lambda_12/bar.xvg: 0.0 - 920.0; lambda = (0, 0.85)
    dH/dl & foreign lambdas:
        dH/dl (coul-lambda) (9201 pts)
        dH/dl (vdw-lambda) (9201 pts)
        delta H to (0, 0.8) (9201 pts)
        delta H to (0, 0.85) (9201 pts)
        delta H to (0, 0.9) (9201 pts)


lambda_13/bar.xvg: 0.0 - 918.8; lambda = (0, 0.9)
    dH/dl & foreign lambdas:
        dH/dl (coul-lambda) (9189 pts)
        dH/dl (vdw-lambda) (9189 pts)
        delta H to (0, 0.85) (9189 pts)
        delta H to (0, 0.9) (9189 pts)
        delta H to (0, 0.95) (9189 pts)


lambda_14/bar.xvg: 0.0 - 918.1; lambda = (0, 0.95)
    dH/dl & foreign lambdas:
        dH/dl (coul-lambda) (9182 pts)
        dH/dl (vdw-lambda) (9182 pts)
        delta H to (0, 0.9) (9182 pts)
        delta H to (0, 0.95) (9182 pts)
        delta H to (0, 1) (9182 pts)


lambda_15/bar.xvg: 0.0 - 918.3; lambda = (0, 1)
    dH/dl & foreign lambdas:
        dH/dl (coul-lambda) (9184 pts)
        dH/dl (vdw-lambda) (9184 pts)
        delta H to (0, 0.95) (9184 pts)
        delta H to (0, 1) (9184 pts)
        delta H to (0.2, 1) (9184 pts)


lambda_16/bar.xvg: 0.0 - 923.3; lambda = (0.2, 1)
    dH/dl & foreign lambdas:
        dH/dl (coul-lambda) (9234 pts)
        dH/dl (vdw-lambda) (9234 pts)
        delta H to (0, 1) (9234 pts)
        delta H to (0.2, 1) (9234 pts)
        delta H to (0.4, 1) (9234 pts)


lambda_17/bar.xvg: 0.0 - 914.0; lambda = (0.4, 1)
    dH/dl & foreign lambdas:
        dH/dl (coul-lambda) (9141 pts)
        dH/dl (vdw-lambda) (9141 pts)
        delta H to (0.2, 1) (9141 pts)
        delta H to (0.4, 1) (9141 pts)
        delta H to (0.5, 1) (9141 pts)


lambda_18/bar.xvg: 0.0 - 916.0; lambda = (0.5, 1)
    dH/dl & foreign lambdas:
        dH/dl (coul-lambda) (9161 pts)
        dH/dl (vdw-lambda) (9161 pts)
        delta H to (0.4, 1) (9161 pts)
        delta H to (0.5, 1) (9161 pts)
        delta H to (0.6, 1) (9161 pts)


lambda_19/bar.xvg: 0.0 - 918.0; lambda = (0.6, 1)
    dH/dl & foreign lambdas:
        dH/dl (coul-lambda) (9181 pts)
        dH/dl (vdw-lambda) (9181 pts)
        delta H to (0.5, 1) (9181 pts)
        delta H to (0.6, 1) (9181 pts)
        delta H to (0.7, 1) (9181 pts)


lambda_20/bar.xvg: 0.0 - 919.9; lambda = (0.7, 1)
    dH/dl & foreign lambdas:
        dH/dl (coul-lambda) (9200 pts)
        dH/dl (vdw-lambda) (9200 pts)
        delta H to (0.6, 1) (9200 pts)
        delta H to (0.7, 1) (9200 pts)
        delta H to (0.8, 1) (9200 pts)


lambda_21/bar.xvg: 0.0 - 922.0; lambda = (0.8, 1)
    dH/dl & foreign lambdas:
        dH/dl (coul-lambda) (9221 pts)
        dH/dl (vdw-lambda) (9221 pts)
        delta H to (0.7, 1) (9221 pts)
        delta H to (0.8, 1) (9221 pts)
        delta H to (0.9, 1) (9221 pts)


lambda_22/bar.xvg: 0.0 - 923.9; lambda = (0.9, 1)
    dH/dl & foreign lambdas:
        dH/dl (coul-lambda) (9240 pts)
        dH/dl (vdw-lambda) (9240 pts)
        delta H to (0.8, 1) (9240 pts)
        delta H to (0.9, 1) (9240 pts)
        delta H to (1, 1) (9240 pts)


lambda_23/bar.xvg: 0.0 - 915.7; lambda = (1, 1)
    dH/dl & foreign lambdas:
        dH/dl (coul-lambda) (9158 pts)
        dH/dl (vdw-lambda) (9158 pts)
        delta H to (0.9, 1) (9158 pts)
        delta H to (1, 1) (9158 pts)



   Samples in time interval: 0.000 - 923.900
Removing samples outside of: 100.000 - 923.900

Temperature: 300 K

Detailed results in kT (see help for explanation):

 lam_A  lam_B      DG   +/-     s_A   +/-     s_B   +/-   stdev   +/- 
     0      1   -6.83  0.00    0.04  0.01    0.04  0.01    0.25  0.00
     1      2   -5.41  0.00    0.02  0.01    0.02  0.01    0.23  0.00
     2      3   -2.72  0.01    0.04  0.01    0.04  0.01    0.38  0.01
     3      4    1.98  0.03    0.38  0.04    0.41  0.04    0.89  0.02
     4      5    8.30  0.10    2.58  0.11    2.98  0.08    2.85  0.06
     5      6    4.57  0.06    2.35  0.09    1.99  0.04    2.34  0.05
     6      7    2.94  0.05    2.27  0.07    1.52  0.05    2.08  0.02
     7      8    1.85  0.01    1.62  0.03    1.12  0.01    1.70  0.01
     8      9    1.17  0.01    1.26  0.04    0.90  0.03    1.49  0.02
     9     10    0.70  0.02    1.04  0.03    0.73  0.02    1.34  0.01
    10     11    0.34  0.01    0.92  0.02    0.64  0.02    1.23  0.01
    11     12    0.04  0.01    0.77  0.01    0.54  0.01    1.12  0.00
    12     13   -0.15  0.01    0.65  0.00    0.47  0.00    1.03  0.00
    13     14   -0.30  0.01    0.59  0.01    0.43  0.01    0.98  0.00
    14     15   -0.42  0.01    0.52  0.01    0.38  0.01    0.93  0.01
    15     16   -0.52  0.01    0.56  0.02    0.58  0.01    1.07  0.01
    16     17   -1.83  0.02    0.73  0.01    0.82  0.02    1.25  0.01
    17     18   -1.55  0.01    0.23  0.01    0.25  0.01    0.70  0.00
    18     19   -2.08  0.01    0.28  0.01    0.29  0.01    0.75  0.01
    19     20   -2.67  0.01    0.31  0.01    0.32  0.01    0.79  0.00
    20     21   -3.32  0.02    0.33  0.00    0.34  0.00    0.83  0.00
    21     22   -4.06  0.01    0.40  0.02    0.41  0.02    0.89  0.01
    22     23   -4.86  0.02    0.39  0.02    0.39  0.02    0.90  0.01


Final results in kJ/mol:

point      0 -      1,   DG -17.04 +/-  0.01
point      1 -      2,   DG -13.49 +/-  0.01
point      2 -      3,   DG -6.79 +/-  0.03
point      3 -      4,   DG  4.95 +/-  0.06
point      4 -      5,   DG 20.70 +/-  0.26
point      5 -      6,   DG 11.41 +/-  0.16
point      6 -      7,   DG  7.32 +/-  0.13
point      7 -      8,   DG  4.61 +/-  0.03
point      8 -      9,   DG  2.92 +/-  0.02
point      9 -     10,   DG  1.74 +/-  0.06
point     10 -     11,   DG  0.84 +/-  0.03
point     11 -     12,   DG  0.11 +/-  0.02
point     12 -     13,   DG -0.38 +/-  0.02
point     13 -     14,   DG -0.75 +/-  0.02
point     14 -     15,   DG -1.05 +/-  0.03
point     15 -     16,   DG -1.30 +/-  0.03
point     16 -     17,   DG -4.57 +/-  0.05
point     17 -     18,   DG -3.88 +/-  0.03
point     18 -     19,   DG -5.18 +/-  0.03
point     19 -     20,   DG -6.67 +/-  0.03
point     20 -     21,   DG -8.28 +/-  0.04
point     21 -     22,   DG -10.13 +/-  0.03
point     22 -     23,   DG -12.13 +/-  0.05

total      0 -     23,   DG -37.02 +/-  0.45

