lambda_00/bar.xvg: 0.0 - 905.2; lambda = (0, 0)
    dH/dl & foreign lambdas:
        dH/dl (coul-lambda) (9053 pts)
        dH/dl (vdw-lambda) (9053 pts)
        delta H to (0, 0) (9053 pts)
        delta H to (0, 0.1) (9053 pts)


lambda_01/bar.xvg: 0.0 - 917.5; lambda = (0, 0.1)
    dH/dl & foreign lambdas:
        dH/dl (coul-lambda) (9176 pts)
        dH/dl (vdw-lambda) (9176 pts)
        delta H to (0, 0) (9176 pts)
        delta H to (0, 0.1) (9176 pts)
        delta H to (0, 0.2) (9176 pts)


lambda_02/bar.xvg: 0.0 - 917.9; lambda = (0, 0.2)
    dH/dl & foreign lambdas:
        dH/dl (coul-lambda) (9180 pts)
        dH/dl (vdw-lambda) (9180 pts)
        delta H to (0, 0.1) (9180 pts)
        delta H to (0, 0.2) (9180 pts)
        delta H to (0, 0.3) (9180 pts)


lambda_03/bar.xvg: 0.0 - 919.4; lambda = (0, 0.3)
    dH/dl & foreign lambdas:
        dH/dl (coul-lambda) (9195 pts)
        dH/dl (vdw-lambda) (9195 pts)
        delta H to (0, 0.2) (9195 pts)
        delta H to (0, 0.3) (9195 pts)
        delta H to (0, 0.4) (9195 pts)


lambda_04/bar.xvg: 0.0 - 918.9; lambda = (0, 0.4)
    dH/dl & foreign lambdas:
        dH/dl (coul-lambda) (9190 pts)
        dH/dl (vdw-lambda) (9190 pts)
        delta H to (0, 0.3) (9190 pts)
        delta H to (0, 0.4) (9190 pts)
        delta H to (0, 0.5) (9190 pts)


lambda_05/bar.xvg: 0.0 - 919.0; lambda = (0, 0.5)
    dH/dl & foreign lambdas:
        dH/dl (coul-lambda) (9191 pts)
        dH/dl (vdw-lambda) (9191 pts)
        delta H to (0, 0.4) (9191 pts)
        delta H to (0, 0.5) (9191 pts)
        delta H to (0, 0.55) (9191 pts)


lambda_06/bar.xvg: 0.0 - 918.0; lambda = (0, 0.55)
    dH/dl & foreign lambdas:
        dH/dl (coul-lambda) (9181 pts)
        dH/dl (vdw-lambda) (9181 pts)
        delta H to (0, 0.5) (9181 pts)
        delta H to (0, 0.55) (9181 pts)
        delta H to (0, 0.6) (9181 pts)


lambda_07/bar.xvg: 0.0 - 916.5; lambda = (0, 0.6)
    dH/dl & foreign lambdas:
        dH/dl (coul-lambda) (9166 pts)
        dH/dl (vdw-lambda) (9166 pts)
        delta H to (0, 0.55) (9166 pts)
        delta H to (0, 0.6) (9166 pts)
        delta H to (0, 0.65) (9166 pts)


lambda_08/bar.xvg: 0.0 - 914.4; lambda = (0, 0.65)
    dH/dl & foreign lambdas:
        dH/dl (coul-lambda) (9145 pts)
        dH/dl (vdw-lambda) (9145 pts)
        delta H to (0, 0.6) (9145 pts)
        delta H to (0, 0.65) (9145 pts)
        delta H to (0, 0.7) (9145 pts)


lambda_09/bar.xvg: 0.0 - 912.8; lambda = (0, 0.7)
    dH/dl & foreign lambdas:
        dH/dl (coul-lambda) (9129 pts)
        dH/dl (vdw-lambda) (9129 pts)
        delta H to (0, 0.65) (9129 pts)
        delta H to (0, 0.7) (9129 pts)
        delta H to (0, 0.75) (9129 pts)


lambda_10/bar.xvg: 0.0 - 910.4; lambda = (0, 0.75)
    dH/dl & foreign lambdas:
        dH/dl (coul-lambda) (9105 pts)
        dH/dl (vdw-lambda) (9105 pts)
        delta H to (0, 0.7) (9105 pts)
        delta H to (0, 0.75) (9105 pts)
        delta H to (0, 0.8) (9105 pts)


lambda_11/bar.xvg: 0.0 - 908.5; lambda = (0, 0.8)
    dH/dl & foreign lambdas:
        dH/dl (coul-lambda) (9086 pts)
        dH/dl (vdw-lambda) (9086 pts)
        delta H to (0, 0.75) (9086 pts)
        delta H to (0, 0.8) (9086 pts)
        delta H to (0, 0.85) (9086 pts)


lambda_12/bar.xvg: 0.0 - 920.5; lambda = (0, 0.85)
    dH/dl & foreign lambdas:
        dH/dl (coul-lambda) (9206 pts)
        dH/dl (vdw-lambda) (9206 pts)
        delta H to (0, 0.8) (9206 pts)
        delta H to (0, 0.85) (9206 pts)
        delta H to (0, 0.9) (9206 pts)


lambda_13/bar.xvg: 0.0 - 919.6; lambda = (0, 0.9)
    dH/dl & foreign lambdas:
        dH/dl (coul-lambda) (9197 pts)
        dH/dl (vdw-lambda) (9197 pts)
        delta H to (0, 0.85) (9197 pts)
        delta H to (0, 0.9) (9197 pts)
        delta H to (0, 0.95) (9197 pts)


lambda_14/bar.xvg: 0.0 - 918.7; lambda = (0, 0.95)
    dH/dl & foreign lambdas:
        dH/dl (coul-lambda) (9188 pts)
        dH/dl (vdw-lambda) (9188 pts)
        delta H to (0, 0.9) (9188 pts)
        delta H to (0, 0.95) (9188 pts)
        delta H to (0, 1) (9188 pts)


lambda_15/bar.xvg: 0.0 - 917.7; lambda = (0, 1)
    dH/dl & foreign lambdas:
        dH/dl (coul-lambda) (9178 pts)
        dH/dl (vdw-lambda) (9178 pts)
        delta H to (0, 0.95) (9178 pts)
        delta H to (0, 1) (9178 pts)
        delta H to (0.2, 1) (9178 pts)


lambda_16/bar.xvg: 0.0 - 909.9; lambda = (0.2, 1)
    dH/dl & foreign lambdas:
        dH/dl (coul-lambda) (9100 pts)
        dH/dl (vdw-lambda) (9100 pts)
        delta H to (0, 1) (9100 pts)
        delta H to (0.2, 1) (9100 pts)
        delta H to (0.4, 1) (9100 pts)


lambda_17/bar.xvg: 0.0 - 913.4; lambda = (0.4, 1)
    dH/dl & foreign lambdas:
        dH/dl (coul-lambda) (9135 pts)
        dH/dl (vdw-lambda) (9135 pts)
        delta H to (0.2, 1) (9135 pts)
        delta H to (0.4, 1) (9135 pts)
        delta H to (0.5, 1) (9135 pts)


lambda_18/bar.xvg: 0.0 - 915.6; lambda = (0.5, 1)
    dH/dl & foreign lambdas:
        dH/dl (coul-lambda) (9157 pts)
        dH/dl (vdw-lambda) (9157 pts)
        delta H to (0.4, 1) (9157 pts)
        delta H to (0.5, 1) (9157 pts)
        delta H to (0.6, 1) (9157 pts)


lambda_19/bar.xvg: 0.0 - 917.6; lambda = (0.6, 1)
    dH/dl & foreign lambdas:
        dH/dl (coul-lambda) (9177 pts)
        dH/dl (vdw-lambda) (9177 pts)
        delta H to (0.5, 1) (9177 pts)
        delta H to (0.6, 1) (9177 pts)
        delta H to (0.7, 1) (9177 pts)


lambda_20/bar.xvg: 0.0 - 919.7; lambda = (0.7, 1)
    dH/dl & foreign lambdas:
        dH/dl (coul-lambda) (9198 pts)
        dH/dl (vdw-lambda) (9198 pts)
        delta H to (0.6, 1) (9198 pts)
        delta H to (0.7, 1) (9198 pts)
        delta H to (0.8, 1) (9198 pts)


lambda_21/bar.xvg: 0.0 - 908.5; lambda = (0.8, 1)
    dH/dl & foreign lambdas:
        dH/dl (coul-lambda) (9086 pts)
        dH/dl (vdw-lambda) (9086 pts)
        delta H to (0.7, 1) (9086 pts)
        delta H to (0.8, 1) (9086 pts)
        delta H to (0.9, 1) (9086 pts)


lambda_22/bar.xvg: 0.0 - 910.4; lambda = (0.9, 1)
    dH/dl & foreign lambdas:
        dH/dl (coul-lambda) (9105 pts)
        dH/dl (vdw-lambda) (9105 pts)
        delta H to (0.8, 1) (9105 pts)
        delta H to (0.9, 1) (9105 pts)
        delta H to (1, 1) (9105 pts)


lambda_23/bar.xvg: 0.0 - 915.6; lambda = (1, 1)
    dH/dl & foreign lambdas:
        dH/dl (coul-lambda) (9157 pts)
        dH/dl (vdw-lambda) (9157 pts)
        delta H to (0.9, 1) (9157 pts)
        delta H to (1, 1) (9157 pts)



   Samples in time interval: 0.000 - 920.500
Removing samples outside of: 100.000 - 920.500

Temperature: 300 K

Detailed results in kT (see help for explanation):

 lam_A  lam_B      DG   +/-     s_A   +/-     s_B   +/-   stdev   +/- 
     0      1   -7.28  0.01    0.03  0.01    0.03  0.01    0.25  0.00
     1      2   -5.76  0.01    0.03  0.01    0.03  0.01    0.24  0.00
     2      3   -2.94  0.01    0.08  0.01    0.08  0.01    0.40  0.00
     3      4    2.04  0.03    0.39  0.01    0.43  0.01    0.91  0.01
     4      5    8.90  0.08    2.60  0.12    2.95  0.13    2.83  0.08
     5      6    5.10  0.06    2.54  0.12    2.21  0.08    2.51  0.08
     6      7    3.20  0.03    2.56  0.07    1.68  0.05    2.20  0.05
     7      8    1.97  0.03    1.75  0.06    1.20  0.04    1.77  0.03
     8      9    1.27  0.01    1.32  0.03    0.93  0.02    1.52  0.01
     9     10    0.81  0.02    1.13  0.03    0.80  0.02    1.40  0.02
    10     11    0.42  0.01    1.00  0.02    0.71  0.01    1.30  0.01
    11     12    0.11  0.01    0.85  0.02    0.59  0.01    1.19  0.01
    12     13   -0.10  0.01    0.72  0.01    0.51  0.01    1.09  0.01
    13     14   -0.26  0.01    0.66  0.01    0.47  0.00    1.04  0.01
    14     15   -0.40  0.01    0.60  0.01    0.43  0.01    0.99  0.00
    15     16   -0.51  0.00    0.49  0.02    0.52  0.02    1.01  0.01
    16     17   -1.63  0.02    0.60  0.01    0.67  0.01    1.16  0.01
    17     18   -1.38  0.01    0.23  0.01    0.24  0.01    0.67  0.01
    18     19   -1.87  0.02    0.25  0.01    0.27  0.01    0.73  0.00
    19     20   -2.45  0.01    0.31  0.01    0.33  0.01    0.80  0.01
    20     21   -3.13  0.02    0.35  0.02    0.37  0.02    0.85  0.01
    21     22   -3.87  0.03    0.37  0.01    0.38  0.01    0.88  0.01
    22     23   -4.65  0.01    0.41  0.04    0.42  0.04    0.91  0.01


Final results in kJ/mol:

point      0 -      1,   DG -18.16 +/-  0.02
point      1 -      2,   DG -14.37 +/-  0.02
point      2 -      3,   DG -7.33 +/-  0.03
point      3 -      4,   DG  5.09 +/-  0.07
point      4 -      5,   DG 22.20 +/-  0.20
point      5 -      6,   DG 12.73 +/-  0.15
point      6 -      7,   DG  7.99 +/-  0.08
point      7 -      8,   DG  4.92 +/-  0.08
point      8 -      9,   DG  3.17 +/-  0.03
point      9 -     10,   DG  2.03 +/-  0.05
point     10 -     11,   DG  1.06 +/-  0.04
point     11 -     12,   DG  0.27 +/-  0.03
point     12 -     13,   DG -0.25 +/-  0.03
point     13 -     14,   DG -0.65 +/-  0.02
point     14 -     15,   DG -1.01 +/-  0.02
point     15 -     16,   DG -1.28 +/-  0.01
point     16 -     17,   DG -4.07 +/-  0.05
point     17 -     18,   DG -3.44 +/-  0.04
point     18 -     19,   DG -4.67 +/-  0.05
point     19 -     20,   DG -6.11 +/-  0.03
point     20 -     21,   DG -7.81 +/-  0.05
point     21 -     22,   DG -9.64 +/-  0.08
point     22 -     23,   DG -11.61 +/-  0.02

total      0 -     23,   DG -30.94 +/-  0.52

