lambda_00/bar.xvg: 0.0 - 968.6; lambda = (0, 0)
    dH/dl & foreign lambdas:
        dH/dl (coul-lambda) (9687 pts)
        dH/dl (vdw-lambda) (9687 pts)
        delta H to (0, 0) (9687 pts)
        delta H to (0, 0.1) (9687 pts)


lambda_01/bar.xvg: 0.0 - 971.0; lambda = (0, 0.1)
    dH/dl & foreign lambdas:
        dH/dl (coul-lambda) (9711 pts)
        dH/dl (vdw-lambda) (9711 pts)
        delta H to (0, 0) (9711 pts)
        delta H to (0, 0.1) (9711 pts)
        delta H to (0, 0.2) (9711 pts)


lambda_02/bar.xvg: 0.0 - 971.3; lambda = (0, 0.2)
    dH/dl & foreign lambdas:
        dH/dl (coul-lambda) (9714 pts)
        dH/dl (vdw-lambda) (9714 pts)
        delta H to (0, 0.1) (9714 pts)
        delta H to (0, 0.2) (9714 pts)
        delta H to (0, 0.3) (9714 pts)


lambda_03/bar.xvg: 0.0 - 960.3; lambda = (0, 0.3)
    dH/dl & foreign lambdas:
        dH/dl (coul-lambda) (9604 pts)
        dH/dl (vdw-lambda) (9604 pts)
        delta H to (0, 0.2) (9604 pts)
        delta H to (0, 0.3) (9604 pts)
        delta H to (0, 0.4) (9604 pts)


lambda_04/bar.xvg: 0.0 - 959.6; lambda = (0, 0.4)
    dH/dl & foreign lambdas:
        dH/dl (coul-lambda) (9597 pts)
        dH/dl (vdw-lambda) (9597 pts)
        delta H to (0, 0.3) (9597 pts)
        delta H to (0, 0.4) (9597 pts)
        delta H to (0, 0.5) (9597 pts)


lambda_05/bar.xvg: 0.0 - 959.6; lambda = (0, 0.5)
    dH/dl & foreign lambdas:
        dH/dl (coul-lambda) (9597 pts)
        dH/dl (vdw-lambda) (9597 pts)
        delta H to (0, 0.4) (9597 pts)
        delta H to (0, 0.5) (9597 pts)
        delta H to (0, 0.55) (9597 pts)


lambda_06/bar.xvg: 0.0 - 971.9; lambda = (0, 0.55)
    dH/dl & foreign lambdas:
        dH/dl (coul-lambda) (9720 pts)
        dH/dl (vdw-lambda) (9720 pts)
        delta H to (0, 0.5) (9720 pts)
        delta H to (0, 0.55) (9720 pts)
        delta H to (0, 0.6) (9720 pts)


lambda_07/bar.xvg: 0.0 - 970.8; lambda = (0, 0.6)
    dH/dl & foreign lambdas:
        dH/dl (coul-lambda) (9709 pts)
        dH/dl (vdw-lambda) (9709 pts)
        delta H to (0, 0.55) (9709 pts)
        delta H to (0, 0.6) (9709 pts)
        delta H to (0, 0.65) (9709 pts)


lambda_08/bar.xvg: 0.0 - 968.4; lambda = (0, 0.65)
    dH/dl & foreign lambdas:
        dH/dl (coul-lambda) (9685 pts)
        dH/dl (vdw-lambda) (9685 pts)
        delta H to (0, 0.6) (9685 pts)
        delta H to (0, 0.65) (9685 pts)
        delta H to (0, 0.7) (9685 pts)


lambda_09/bar.xvg: 0.0 - 966.5; lambda = (0, 0.7)
    dH/dl & foreign lambdas:
        dH/dl (coul-lambda) (9666 pts)
        dH/dl (vdw-lambda) (9666 pts)
        delta H to (0, 0.65) (9666 pts)
        delta H to (0, 0.7) (9666 pts)
        delta H to (0, 0.75) (9666 pts)


lambda_10/bar.xvg: 0.0 - 964.6; lambda = (0, 0.75)
    dH/dl & foreign lambdas:
        dH/dl (coul-lambda) (9647 pts)
        dH/dl (vdw-lambda) (9647 pts)
        delta H to (0, 0.7) (9647 pts)
        delta H to (0, 0.75) (9647 pts)
        delta H to (0, 0.8) (9647 pts)


lambda_11/bar.xvg: 0.0 - 962.4; lambda = (0, 0.8)
    dH/dl & foreign lambdas:
        dH/dl (coul-lambda) (9625 pts)
        dH/dl (vdw-lambda) (9625 pts)
        delta H to (0, 0.75) (9625 pts)
        delta H to (0, 0.8) (9625 pts)
        delta H to (0, 0.85) (9625 pts)


lambda_12/bar.xvg: 0.0 - 961.1; lambda = (0, 0.85)
    dH/dl & foreign lambdas:
        dH/dl (coul-lambda) (9612 pts)
        dH/dl (vdw-lambda) (9612 pts)
        delta H to (0, 0.8) (9612 pts)
        delta H to (0, 0.85) (9612 pts)
        delta H to (0, 0.9) (9612 pts)


lambda_13/bar.xvg: 0.0 - 959.9; lambda = (0, 0.9)
    dH/dl & foreign lambdas:
        dH/dl (coul-lambda) (9600 pts)
        dH/dl (vdw-lambda) (9600 pts)
        delta H to (0, 0.85) (9600 pts)
        delta H to (0, 0.9) (9600 pts)
        delta H to (0, 0.95) (9600 pts)


lambda_14/bar.xvg: 0.0 - 972.1; lambda = (0, 0.95)
    dH/dl & foreign lambdas:
        dH/dl (coul-lambda) (9722 pts)
        dH/dl (vdw-lambda) (9722 pts)
        delta H to (0, 0.9) (9722 pts)
        delta H to (0, 0.95) (9722 pts)
        delta H to (0, 1) (9722 pts)


lambda_15/bar.xvg: 0.0 - 971.7; lambda = (0, 1)
    dH/dl & foreign lambdas:
        dH/dl (coul-lambda) (9718 pts)
        dH/dl (vdw-lambda) (9718 pts)
        delta H to (0, 0.95) (9718 pts)
        delta H to (0, 1) (9718 pts)
        delta H to (0.2, 1) (9718 pts)


lambda_16/bar.xvg: 0.0 - 963.2; lambda = (0.2, 1)
    dH/dl & foreign lambdas:
        dH/dl (coul-lambda) (9633 pts)
        dH/dl (vdw-lambda) (9633 pts)
        delta H to (0, 1) (9633 pts)
        delta H to (0.2, 1) (9633 pts)
        delta H to (0.4, 1) (9633 pts)


lambda_17/bar.xvg: 0.0 - 967.1; lambda = (0.4, 1)
    dH/dl & foreign lambdas:
        dH/dl (coul-lambda) (9672 pts)
        dH/dl (vdw-lambda) (9672 pts)
        delta H to (0.2, 1) (9672 pts)
        delta H to (0.4, 1) (9672 pts)
        delta H to (0.5, 1) (9672 pts)


lambda_18/bar.xvg: 0.0 - 969.0; lambda = (0.5, 1)
    dH/dl & foreign lambdas:
        dH/dl (coul-lambda) (9691 pts)
        dH/dl (vdw-lambda) (9691 pts)
        delta H to (0.4, 1) (9691 pts)
        delta H to (0.5, 1) (9691 pts)
        delta H to (0.6, 1) (9691 pts)


lambda_19/bar.xvg: 0.0 - 971.0; lambda = (0.6, 1)
    dH/dl & foreign lambdas:
        dH/dl (coul-lambda) (9711 pts)
        dH/dl (vdw-lambda) (9711 pts)
        delta H to (0.5, 1) (9711 pts)
        delta H to (0.6, 1) (9711 pts)
        delta H to (0.7, 1) (9711 pts)


lambda_20/bar.xvg: 0.0 - 960.2; lambda = (0.7, 1)
    dH/dl & foreign lambdas:
        dH/dl (coul-lambda) (9603 pts)
        dH/dl (vdw-lambda) (9603 pts)
        delta H to (0.6, 1) (9603 pts)
        delta H to (0.7, 1) (9603 pts)
        delta H to (0.8, 1) (9603 pts)


lambda_21/bar.xvg: 0.0 - 962.2; lambda = (0.8, 1)
    dH/dl & foreign lambdas:
        dH/dl (coul-lambda) (9623 pts)
        dH/dl (vdw-lambda) (9623 pts)
        delta H to (0.7, 1) (9623 pts)
        delta H to (0.8, 1) (9623 pts)
        delta H to (0.9, 1) (9623 pts)


lambda_22/bar.xvg: 0.0 - 964.0; lambda = (0.9, 1)
    dH/dl & foreign lambdas:
        dH/dl (coul-lambda) (9641 pts)
        dH/dl (vdw-lambda) (9641 pts)
        delta H to (0.8, 1) (9641 pts)
        delta H to (0.9, 1) (9641 pts)
        delta H to (1, 1) (9641 pts)


lambda_23/bar.xvg: 0.0 - 964.7; lambda = (1, 1)
    dH/dl & foreign lambdas:
        dH/dl (coul-lambda) (9648 pts)
        dH/dl (vdw-lambda) (9648 pts)
        delta H to (0.9, 1) (9648 pts)
        delta H to (1, 1) (9648 pts)



   Samples in time interval: 0.000 - 972.100
Removing samples outside of: 100.000 - 972.100

Temperature: 300 K

Detailed results in kT (see help for explanation):

 lam_A  lam_B      DG   +/-     s_A   +/-     s_B   +/-   stdev   +/- 
     0      1   -7.28  0.01    0.02  0.00    0.02  0.00    0.24  0.00
     1      2   -5.76  0.01    0.04  0.00    0.04  0.00    0.24  0.00
     2      3   -2.91  0.01    0.06  0.01    0.06  0.01    0.38  0.00
     3      4    2.09  0.02    0.40  0.02    0.43  0.02    0.89  0.01
     4      5    8.97  0.10    2.63  0.11    3.15  0.16    2.85  0.09
     5      6    4.97  0.17    2.56  0.08    2.12  0.08    2.53  0.06
     6      7    3.24  0.07    2.47  0.10    1.65  0.05    2.17  0.06
     7      8    2.07  0.02    1.77  0.04    1.24  0.02    1.79  0.02
     8      9    1.33  0.01    1.37  0.04    0.96  0.03    1.55  0.01
     9     10    0.83  0.03    1.18  0.04    0.82  0.02    1.42  0.02
    10     11    0.43  0.02    1.01  0.02    0.71  0.01    1.30  0.01
    11     12    0.13  0.01    0.86  0.01    0.60  0.01    1.19  0.01
    12     13   -0.11  0.00    0.76  0.02    0.54  0.01    1.11  0.01
    13     14   -0.29  0.01    0.66  0.01    0.47  0.01    1.04  0.01
    14     15   -0.42  0.00    0.58  0.01    0.42  0.01    0.98  0.00
    15     16   -0.52  0.01    0.53  0.00    0.56  0.00    1.05  0.00
    16     17   -1.76  0.02    0.68  0.02    0.77  0.02    1.22  0.01
    17     18   -1.49  0.01    0.23  0.01    0.24  0.01    0.69  0.00
    18     19   -2.02  0.01    0.28  0.01    0.29  0.01    0.75  0.01
    19     20   -2.65  0.01    0.34  0.01    0.35  0.01    0.81  0.00
    20     21   -3.33  0.02    0.33  0.01    0.34  0.01    0.83  0.01
    21     22   -4.06  0.02    0.40  0.02    0.40  0.01    0.88  0.01
    22     23   -4.83  0.03    0.36  0.02    0.37  0.02    0.90  0.01


Final results in kJ/mol:

point      0 -      1,   DG -18.16 +/-  0.01
point      1 -      2,   DG -14.36 +/-  0.02
point      2 -      3,   DG -7.27 +/-  0.02
point      3 -      4,   DG  5.21 +/-  0.06
point      4 -      5,   DG 22.36 +/-  0.25
point      5 -      6,   DG 12.39 +/-  0.42
point      6 -      7,   DG  8.07 +/-  0.17
point      7 -      8,   DG  5.17 +/-  0.05
point      8 -      9,   DG  3.32 +/-  0.04
point      9 -     10,   DG  2.07 +/-  0.07
point     10 -     11,   DG  1.08 +/-  0.05
point     11 -     12,   DG  0.32 +/-  0.03
point     12 -     13,   DG -0.27 +/-  0.01
point     13 -     14,   DG -0.73 +/-  0.03
point     14 -     15,   DG -1.06 +/-  0.01
point     15 -     16,   DG -1.29 +/-  0.03
point     16 -     17,   DG -4.38 +/-  0.04
point     17 -     18,   DG -3.73 +/-  0.03
point     18 -     19,   DG -5.03 +/-  0.02
point     19 -     20,   DG -6.61 +/-  0.02
point     20 -     21,   DG -8.30 +/-  0.05
point     21 -     22,   DG -10.13 +/-  0.05
point     22 -     23,   DG -12.04 +/-  0.07

total      0 -     23,   DG -33.36 +/-  0.99

