lambda_00/bar.xvg: 0.0 - 1000.0; lambda = (0, 0)
    dH/dl & foreign lambdas:
        dH/dl (coul-lambda) (10001 pts)
        dH/dl (vdw-lambda) (10001 pts)
        delta H to (0, 0) (10001 pts)
        delta H to (0, 0.1) (10001 pts)


lambda_01/bar.xvg: 0.0 - 1000.0; lambda = (0, 0.1)
    dH/dl & foreign lambdas:
        dH/dl (coul-lambda) (10001 pts)
        dH/dl (vdw-lambda) (10001 pts)
        delta H to (0, 0) (10001 pts)
        delta H to (0, 0.1) (10001 pts)
        delta H to (0, 0.2) (10001 pts)


lambda_02/bar.xvg: 0.0 - 1000.0; lambda = (0, 0.2)
    dH/dl & foreign lambdas:
        dH/dl (coul-lambda) (10001 pts)
        dH/dl (vdw-lambda) (10001 pts)
        delta H to (0, 0.1) (10001 pts)
        delta H to (0, 0.2) (10001 pts)
        delta H to (0, 0.3) (10001 pts)


lambda_03/bar.xvg: 0.0 - 1000.0; lambda = (0, 0.3)
    dH/dl & foreign lambdas:
        dH/dl (coul-lambda) (10001 pts)
        dH/dl (vdw-lambda) (10001 pts)
        delta H to (0, 0.2) (10001 pts)
        delta H to (0, 0.3) (10001 pts)
        delta H to (0, 0.4) (10001 pts)


lambda_04/bar.xvg: 0.0 - 1000.0; lambda = (0, 0.4)
    dH/dl & foreign lambdas:
        dH/dl (coul-lambda) (10001 pts)
        dH/dl (vdw-lambda) (10001 pts)
        delta H to (0, 0.3) (10001 pts)
        delta H to (0, 0.4) (10001 pts)
        delta H to (0, 0.5) (10001 pts)


lambda_05/bar.xvg: 0.0 - 1000.0; lambda = (0, 0.5)
    dH/dl & foreign lambdas:
        dH/dl (coul-lambda) (10001 pts)
        dH/dl (vdw-lambda) (10001 pts)
        delta H to (0, 0.4) (10001 pts)
        delta H to (0, 0.5) (10001 pts)
        delta H to (0, 0.55) (10001 pts)


lambda_06/bar.xvg: 0.0 - 1000.0; lambda = (0, 0.55)
    dH/dl & foreign lambdas:
        dH/dl (coul-lambda) (10001 pts)
        dH/dl (vdw-lambda) (10001 pts)
        delta H to (0, 0.5) (10001 pts)
        delta H to (0, 0.55) (10001 pts)
        delta H to (0, 0.6) (10001 pts)


lambda_07/bar.xvg: 0.0 - 1000.0; lambda = (0, 0.6)
    dH/dl & foreign lambdas:
        dH/dl (coul-lambda) (10001 pts)
        dH/dl (vdw-lambda) (10001 pts)
        delta H to (0, 0.55) (10001 pts)
        delta H to (0, 0.6) (10001 pts)
        delta H to (0, 0.65) (10001 pts)


lambda_08/bar.xvg: 0.0 - 1000.0; lambda = (0, 0.65)
    dH/dl & foreign lambdas:
        dH/dl (coul-lambda) (10001 pts)
        dH/dl (vdw-lambda) (10001 pts)
        delta H to (0, 0.6) (10001 pts)
        delta H to (0, 0.65) (10001 pts)
        delta H to (0, 0.7) (10001 pts)


lambda_09/bar.xvg: 0.0 - 1000.0; lambda = (0, 0.7)
    dH/dl & foreign lambdas:
        dH/dl (coul-lambda) (10001 pts)
        dH/dl (vdw-lambda) (10001 pts)
        delta H to (0, 0.65) (10001 pts)
        delta H to (0, 0.7) (10001 pts)
        delta H to (0, 0.75) (10001 pts)


lambda_10/bar.xvg: 0.0 - 1000.0; lambda = (0, 0.75)
    dH/dl & foreign lambdas:
        dH/dl (coul-lambda) (10001 pts)
        dH/dl (vdw-lambda) (10001 pts)
        delta H to (0, 0.7) (10001 pts)
        delta H to (0, 0.75) (10001 pts)
        delta H to (0, 0.8) (10001 pts)


lambda_11/bar.xvg: 0.0 - 1000.0; lambda = (0, 0.8)
    dH/dl & foreign lambdas:
        dH/dl (coul-lambda) (10001 pts)
        dH/dl (vdw-lambda) (10001 pts)
        delta H to (0, 0.75) (10001 pts)
        delta H to (0, 0.8) (10001 pts)
        delta H to (0, 0.85) (10001 pts)


lambda_12/bar.xvg: 0.0 - 1000.0; lambda = (0, 0.85)
    dH/dl & foreign lambdas:
        dH/dl (coul-lambda) (10001 pts)
        dH/dl (vdw-lambda) (10001 pts)
        delta H to (0, 0.8) (10001 pts)
        delta H to (0, 0.85) (10001 pts)
        delta H to (0, 0.9) (10001 pts)


lambda_13/bar.xvg: 0.0 - 1000.0; lambda = (0, 0.9)
    dH/dl & foreign lambdas:
        dH/dl (coul-lambda) (10001 pts)
        dH/dl (vdw-lambda) (10001 pts)
        delta H to (0, 0.85) (10001 pts)
        delta H to (0, 0.9) (10001 pts)
        delta H to (0, 0.95) (10001 pts)


lambda_14/bar.xvg: 0.0 - 1000.0; lambda = (0, 0.95)
    dH/dl & foreign lambdas:
        dH/dl (coul-lambda) (10001 pts)
        dH/dl (vdw-lambda) (10001 pts)
        delta H to (0, 0.9) (10001 pts)
        delta H to (0, 0.95) (10001 pts)
        delta H to (0, 1) (10001 pts)


lambda_15/bar.xvg: 0.0 - 1000.0; lambda = (0, 1)
    dH/dl & foreign lambdas:
        dH/dl (coul-lambda) (10001 pts)
        dH/dl (vdw-lambda) (10001 pts)
        delta H to (0, 0.95) (10001 pts)
        delta H to (0, 1) (10001 pts)
        delta H to (0.2, 1) (10001 pts)


lambda_16/bar.xvg: 0.0 - 1000.0; lambda = (0.2, 1)
    dH/dl & foreign lambdas:
        dH/dl (coul-lambda) (10001 pts)
        dH/dl (vdw-lambda) (10001 pts)
        delta H to (0, 1) (10001 pts)
        delta H to (0.2, 1) (10001 pts)
        delta H to (0.4, 1) (10001 pts)


lambda_17/bar.xvg: 0.0 - 1000.0; lambda = (0.4, 1)
    dH/dl & foreign lambdas:
        dH/dl (coul-lambda) (10001 pts)
        dH/dl (vdw-lambda) (10001 pts)
        delta H to (0.2, 1) (10001 pts)
        delta H to (0.4, 1) (10001 pts)
        delta H to (0.5, 1) (10001 pts)


lambda_18/bar.xvg: 0.0 - 1000.0; lambda = (0.5, 1)
    dH/dl & foreign lambdas:
        dH/dl (coul-lambda) (10001 pts)
        dH/dl (vdw-lambda) (10001 pts)
        delta H to (0.4, 1) (10001 pts)
        delta H to (0.5, 1) (10001 pts)
        delta H to (0.6, 1) (10001 pts)


lambda_19/bar.xvg: 0.0 - 1000.0; lambda = (0.6, 1)
    dH/dl & foreign lambdas:
        dH/dl (coul-lambda) (10001 pts)
        dH/dl (vdw-lambda) (10001 pts)
        delta H to (0.5, 1) (10001 pts)
        delta H to (0.6, 1) (10001 pts)
        delta H to (0.7, 1) (10001 pts)


lambda_20/bar.xvg: 0.0 - 1000.0; lambda = (0.7, 1)
    dH/dl & foreign lambdas:
        dH/dl (coul-lambda) (10001 pts)
        dH/dl (vdw-lambda) (10001 pts)
        delta H to (0.6, 1) (10001 pts)
        delta H to (0.7, 1) (10001 pts)
        delta H to (0.8, 1) (10001 pts)


lambda_21/bar.xvg: 0.0 - 1000.0; lambda = (0.8, 1)
    dH/dl & foreign lambdas:
        dH/dl (coul-lambda) (10001 pts)
        dH/dl (vdw-lambda) (10001 pts)
        delta H to (0.7, 1) (10001 pts)
        delta H to (0.8, 1) (10001 pts)
        delta H to (0.9, 1) (10001 pts)


lambda_22/bar.xvg: 0.0 - 1000.0; lambda = (0.9, 1)
    dH/dl & foreign lambdas:
        dH/dl (coul-lambda) (10001 pts)
        dH/dl (vdw-lambda) (10001 pts)
        delta H to (0.8, 1) (10001 pts)
        delta H to (0.9, 1) (10001 pts)
        delta H to (1, 1) (10001 pts)


lambda_23/bar.xvg: 0.0 - 1000.0; lambda = (1, 1)
    dH/dl & foreign lambdas:
        dH/dl (coul-lambda) (10001 pts)
        dH/dl (vdw-lambda) (10001 pts)
        delta H to (0.9, 1) (10001 pts)
        delta H to (1, 1) (10001 pts)



Temperature: 300 K

Detailed results in kT (see help for explanation):

 lam_A  lam_B      DG   +/-     s_A   +/-     s_B   +/-   stdev   +/- 
     0      1   -6.41  0.00    0.02  0.01    0.02  0.01    0.23  0.00
     1      2   -5.07  0.00    0.04  0.00    0.04  0.00    0.22  0.00
     2      3   -2.57  0.01    0.05  0.01    0.05  0.01    0.36  0.00
     3      4    1.82  0.03    0.37  0.01    0.41  0.00    0.85  0.01
     4      5    7.97  0.08    2.13  0.09    2.56  0.14    2.48  0.05
     5      6    4.58  0.09    2.30  0.13    1.97  0.11    2.36  0.09
     6      7    2.99  0.05    2.20  0.09    1.46  0.05    2.07  0.04
     7      8    1.92  0.02    1.66  0.05    1.14  0.03    1.70  0.01
     8      9    1.26  0.03    1.21  0.04    0.84  0.04    1.46  0.01
     9     10    0.80  0.03    1.10  0.02    0.78  0.01    1.37  0.01
    10     11    0.41  0.02    0.88  0.02    0.61  0.01    1.21  0.01
    11     12    0.17  0.01    0.77  0.02    0.55  0.01    1.13  0.01
    12     13   -0.04  0.01    0.67  0.02    0.48  0.02    1.05  0.01
    13     14   -0.20  0.01    0.61  0.01    0.44  0.01    1.00  0.01
    14     15   -0.34  0.00    0.54  0.01    0.39  0.01    0.94  0.01
    15     16   -0.53  0.01    0.50  0.01    0.53  0.01    1.02  0.01
    16     17   -1.70  0.02    0.64  0.02    0.72  0.03    1.19  0.02
    17     18   -1.43  0.01    0.22  0.01    0.24  0.01    0.68  0.00
    18     19   -1.95  0.01    0.28  0.01    0.30  0.01    0.75  0.00
    19     20   -2.54  0.01    0.30  0.01    0.31  0.01    0.80  0.00
    20     21   -3.20  0.01    0.35  0.01    0.36  0.01    0.84  0.01
    21     22   -3.93  0.01    0.38  0.01    0.39  0.01    0.88  0.00
    22     23   -4.72  0.02    0.39  0.01    0.40  0.01    0.91  0.01


Final results in kJ/mol:

point      0 -      1,   DG -15.99 +/-  0.01
point      1 -      2,   DG -12.64 +/-  0.01
point      2 -      3,   DG -6.41 +/-  0.02
point      3 -      4,   DG  4.53 +/-  0.06
point      4 -      5,   DG 19.89 +/-  0.20
point      5 -      6,   DG 11.43 +/-  0.23
point      6 -      7,   DG  7.45 +/-  0.12
point      7 -      8,   DG  4.80 +/-  0.05
point      8 -      9,   DG  3.14 +/-  0.07
point      9 -     10,   DG  2.00 +/-  0.07
point     10 -     11,   DG  1.02 +/-  0.04
point     11 -     12,   DG  0.42 +/-  0.02
point     12 -     13,   DG -0.09 +/-  0.03
point     13 -     14,   DG -0.49 +/-  0.02
point     14 -     15,   DG -0.85 +/-  0.01
point     15 -     16,   DG -1.33 +/-  0.02
point     16 -     17,   DG -4.24 +/-  0.04
point     17 -     18,   DG -3.57 +/-  0.03
point     18 -     19,   DG -4.86 +/-  0.02
point     19 -     20,   DG -6.33 +/-  0.03
point     20 -     21,   DG -7.97 +/-  0.03
point     21 -     22,   DG -9.81 +/-  0.03
point     22 -     23,   DG -11.77 +/-  0.04

total      0 -     23,   DG -31.68 +/-  0.45

