lambda_00/bar.xvg: 0.0 - 952.8; lambda = (0, 0)
    dH/dl & foreign lambdas:
        dH/dl (coul-lambda) (9529 pts)
        dH/dl (vdw-lambda) (9529 pts)
        delta H to (0, 0) (9529 pts)
        delta H to (0, 0.1) (9529 pts)


lambda_01/bar.xvg: 0.0 - 957.6; lambda = (0, 0.1)
    dH/dl & foreign lambdas:
        dH/dl (coul-lambda) (9577 pts)
        dH/dl (vdw-lambda) (9577 pts)
        delta H to (0, 0) (9577 pts)
        delta H to (0, 0.1) (9577 pts)
        delta H to (0, 0.2) (9577 pts)


lambda_02/bar.xvg: 0.0 - 957.7; lambda = (0, 0.2)
    dH/dl & foreign lambdas:
        dH/dl (coul-lambda) (9578 pts)
        dH/dl (vdw-lambda) (9578 pts)
        delta H to (0, 0.1) (9578 pts)
        delta H to (0, 0.2) (9578 pts)
        delta H to (0, 0.3) (9578 pts)


lambda_03/bar.xvg: 0.0 - 959.9; lambda = (0, 0.3)
    dH/dl & foreign lambdas:
        dH/dl (coul-lambda) (9600 pts)
        dH/dl (vdw-lambda) (9600 pts)
        delta H to (0, 0.2) (9600 pts)
        delta H to (0, 0.3) (9600 pts)
        delta H to (0, 0.4) (9600 pts)


lambda_04/bar.xvg: 0.0 - 959.3; lambda = (0, 0.4)
    dH/dl & foreign lambdas:
        dH/dl (coul-lambda) (9594 pts)
        dH/dl (vdw-lambda) (9594 pts)
        delta H to (0, 0.3) (9594 pts)
        delta H to (0, 0.4) (9594 pts)
        delta H to (0, 0.5) (9594 pts)


lambda_05/bar.xvg: 0.0 - 959.5; lambda = (0, 0.5)
    dH/dl & foreign lambdas:
        dH/dl (coul-lambda) (9596 pts)
        dH/dl (vdw-lambda) (9596 pts)
        delta H to (0, 0.4) (9596 pts)
        delta H to (0, 0.5) (9596 pts)
        delta H to (0, 0.55) (9596 pts)


lambda_06/bar.xvg: 0.0 - 958.8; lambda = (0, 0.55)
    dH/dl & foreign lambdas:
        dH/dl (coul-lambda) (9589 pts)
        dH/dl (vdw-lambda) (9589 pts)
        delta H to (0, 0.5) (9589 pts)
        delta H to (0, 0.55) (9589 pts)
        delta H to (0, 0.6) (9589 pts)


lambda_07/bar.xvg: 0.0 - 956.5; lambda = (0, 0.6)
    dH/dl & foreign lambdas:
        dH/dl (coul-lambda) (9566 pts)
        dH/dl (vdw-lambda) (9566 pts)
        delta H to (0, 0.55) (9566 pts)
        delta H to (0, 0.6) (9566 pts)
        delta H to (0, 0.65) (9566 pts)


lambda_08/bar.xvg: 0.0 - 954.6; lambda = (0, 0.65)
    dH/dl & foreign lambdas:
        dH/dl (coul-lambda) (9547 pts)
        dH/dl (vdw-lambda) (9547 pts)
        delta H to (0, 0.6) (9547 pts)
        delta H to (0, 0.65) (9547 pts)
        delta H to (0, 0.7) (9547 pts)


lambda_09/bar.xvg: 0.0 - 952.1; lambda = (0, 0.7)
    dH/dl & foreign lambdas:
        dH/dl (coul-lambda) (9522 pts)
        dH/dl (vdw-lambda) (9522 pts)
        delta H to (0, 0.65) (9522 pts)
        delta H to (0, 0.7) (9522 pts)
        delta H to (0, 0.75) (9522 pts)


lambda_10/bar.xvg: 0.0 - 950.1; lambda = (0, 0.75)
    dH/dl & foreign lambdas:
        dH/dl (coul-lambda) (9502 pts)
        dH/dl (vdw-lambda) (9502 pts)
        delta H to (0, 0.7) (9502 pts)
        delta H to (0, 0.75) (9502 pts)
        delta H to (0, 0.8) (9502 pts)


lambda_11/bar.xvg: 0.0 - 948.2; lambda = (0, 0.8)
    dH/dl & foreign lambdas:
        dH/dl (coul-lambda) (9483 pts)
        dH/dl (vdw-lambda) (9483 pts)
        delta H to (0, 0.75) (9483 pts)
        delta H to (0, 0.8) (9483 pts)
        delta H to (0, 0.85) (9483 pts)


lambda_12/bar.xvg: 0.0 - 960.2; lambda = (0, 0.85)
    dH/dl & foreign lambdas:
        dH/dl (coul-lambda) (9603 pts)
        dH/dl (vdw-lambda) (9603 pts)
        delta H to (0, 0.8) (9603 pts)
        delta H to (0, 0.85) (9603 pts)
        delta H to (0, 0.9) (9603 pts)


lambda_13/bar.xvg: 0.0 - 959.1; lambda = (0, 0.9)
    dH/dl & foreign lambdas:
        dH/dl (coul-lambda) (9592 pts)
        dH/dl (vdw-lambda) (9592 pts)
        delta H to (0, 0.85) (9592 pts)
        delta H to (0, 0.9) (9592 pts)
        delta H to (0, 0.95) (9592 pts)


lambda_14/bar.xvg: 0.0 - 958.3; lambda = (0, 0.95)
    dH/dl & foreign lambdas:
        dH/dl (coul-lambda) (9584 pts)
        dH/dl (vdw-lambda) (9584 pts)
        delta H to (0, 0.9) (9584 pts)
        delta H to (0, 0.95) (9584 pts)
        delta H to (0, 1) (9584 pts)


lambda_15/bar.xvg: 0.0 - 957.7; lambda = (0, 1)
    dH/dl & foreign lambdas:
        dH/dl (coul-lambda) (9578 pts)
        dH/dl (vdw-lambda) (9578 pts)
        delta H to (0, 0.95) (9578 pts)
        delta H to (0, 1) (9578 pts)
        delta H to (0.2, 1) (9578 pts)


lambda_16/bar.xvg: 0.0 - 949.8; lambda = (0.2, 1)
    dH/dl & foreign lambdas:
        dH/dl (coul-lambda) (9499 pts)
        dH/dl (vdw-lambda) (9499 pts)
        delta H to (0, 1) (9499 pts)
        delta H to (0.2, 1) (9499 pts)
        delta H to (0.4, 1) (9499 pts)


lambda_17/bar.xvg: 0.0 - 954.0; lambda = (0.4, 1)
    dH/dl & foreign lambdas:
        dH/dl (coul-lambda) (9541 pts)
        dH/dl (vdw-lambda) (9541 pts)
        delta H to (0.2, 1) (9541 pts)
        delta H to (0.4, 1) (9541 pts)
        delta H to (0.5, 1) (9541 pts)


lambda_18/bar.xvg: 0.0 - 956.3; lambda = (0.5, 1)
    dH/dl & foreign lambdas:
        dH/dl (coul-lambda) (9564 pts)
        dH/dl (vdw-lambda) (9564 pts)
        delta H to (0.4, 1) (9564 pts)
        delta H to (0.5, 1) (9564 pts)
        delta H to (0.6, 1) (9564 pts)


lambda_19/bar.xvg: 0.0 - 958.3; lambda = (0.6, 1)
    dH/dl & foreign lambdas:
        dH/dl (coul-lambda) (9584 pts)
        dH/dl (vdw-lambda) (9584 pts)
        delta H to (0.5, 1) (9584 pts)
        delta H to (0.6, 1) (9584 pts)
        delta H to (0.7, 1) (9584 pts)


lambda_20/bar.xvg: 0.0 - 960.6; lambda = (0.7, 1)
    dH/dl & foreign lambdas:
        dH/dl (coul-lambda) (9607 pts)
        dH/dl (vdw-lambda) (9607 pts)
        delta H to (0.6, 1) (9607 pts)
        delta H to (0.7, 1) (9607 pts)
        delta H to (0.8, 1) (9607 pts)


lambda_21/bar.xvg: 0.0 - 949.3; lambda = (0.8, 1)
    dH/dl & foreign lambdas:
        dH/dl (coul-lambda) (9494 pts)
        dH/dl (vdw-lambda) (9494 pts)
        delta H to (0.7, 1) (9494 pts)
        delta H to (0.8, 1) (9494 pts)
        delta H to (0.9, 1) (9494 pts)


lambda_22/bar.xvg: 0.0 - 951.1; lambda = (0.9, 1)
    dH/dl & foreign lambdas:
        dH/dl (coul-lambda) (9512 pts)
        dH/dl (vdw-lambda) (9512 pts)
        delta H to (0.8, 1) (9512 pts)
        delta H to (0.9, 1) (9512 pts)
        delta H to (1, 1) (9512 pts)


lambda_23/bar.xvg: 0.0 - 948.7; lambda = (1, 1)
    dH/dl & foreign lambdas:
        dH/dl (coul-lambda) (9488 pts)
        dH/dl (vdw-lambda) (9488 pts)
        delta H to (0.9, 1) (9488 pts)
        delta H to (1, 1) (9488 pts)



   Samples in time interval: 0.000 - 960.600
Removing samples outside of: 100.000 - 960.600

Temperature: 300 K

Detailed results in kT (see help for explanation):

 lam_A  lam_B      DG   +/-     s_A   +/-     s_B   +/-   stdev   +/- 
     0      1   -6.41  0.01    0.03  0.01    0.03  0.01    0.23  0.00
     1      2   -5.07  0.01    0.03  0.01    0.03  0.01    0.23  0.00
     2      3   -2.58  0.01    0.08  0.01    0.08  0.01    0.36  0.00
     3      4    1.78  0.02    0.31  0.02    0.34  0.03    0.83  0.01
     4      5    7.89  0.09    2.29  0.02    2.69  0.08    2.59  0.02
     5      6    4.59  0.04    2.11  0.07    1.83  0.04    2.24  0.02
     6      7    3.04  0.02    2.36  0.09    1.59  0.04    2.11  0.04
     7      8    1.90  0.03    1.57  0.03    1.08  0.03    1.67  0.01
     8      9    1.25  0.02    1.26  0.04    0.89  0.03    1.47  0.02
     9     10    0.77  0.02    1.05  0.01    0.75  0.01    1.34  0.01
    10     11    0.40  0.01    0.89  0.02    0.62  0.01    1.21  0.01
    11     12    0.14  0.01    0.77  0.03    0.54  0.02    1.12  0.00
    12     13   -0.06  0.01    0.67  0.02    0.47  0.01    1.04  0.01
    13     14   -0.20  0.01    0.59  0.00    0.42  0.00    0.99  0.00
    14     15   -0.33  0.01    0.55  0.01    0.40  0.01    0.95  0.01
    15     16   -0.51  0.02    0.54  0.02    0.56  0.02    1.06  0.01
    16     17   -1.80  0.02    0.72  0.02    0.81  0.02    1.25  0.01
    17     18   -1.54  0.01    0.23  0.01    0.25  0.01    0.70  0.00
    18     19   -2.07  0.02    0.29  0.01    0.30  0.01    0.77  0.01
    19     20   -2.71  0.02    0.34  0.01    0.35  0.01    0.83  0.01
    20     21   -3.41  0.02    0.34  0.01    0.35  0.01    0.86  0.01
    21     22   -4.15  0.01    0.38  0.02    0.39  0.02    0.89  0.01
    22     23   -4.96  0.02    0.42  0.02    0.43  0.03    0.93  0.01


Final results in kJ/mol:

point      0 -      1,   DG -15.99 +/-  0.02
point      1 -      2,   DG -12.66 +/-  0.01
point      2 -      3,   DG -6.44 +/-  0.02
point      3 -      4,   DG  4.44 +/-  0.05
point      4 -      5,   DG 19.68 +/-  0.22
point      5 -      6,   DG 11.44 +/-  0.10
point      6 -      7,   DG  7.58 +/-  0.06
point      7 -      8,   DG  4.73 +/-  0.07
point      8 -      9,   DG  3.11 +/-  0.06
point      9 -     10,   DG  1.92 +/-  0.05
point     10 -     11,   DG  1.00 +/-  0.03
point     11 -     12,   DG  0.35 +/-  0.02
point     12 -     13,   DG -0.15 +/-  0.02
point     13 -     14,   DG -0.50 +/-  0.03
point     14 -     15,   DG -0.82 +/-  0.02
point     15 -     16,   DG -1.28 +/-  0.05
point     16 -     17,   DG -4.49 +/-  0.04
point     17 -     18,   DG -3.83 +/-  0.04
point     18 -     19,   DG -5.16 +/-  0.04
point     19 -     20,   DG -6.77 +/-  0.04
point     20 -     21,   DG -8.51 +/-  0.06
point     21 -     22,   DG -10.34 +/-  0.03
point     22 -     23,   DG -12.37 +/-  0.04

total      0 -     23,   DG -35.05 +/-  0.27

