lambda_00/bar.xvg: 0.0 - 937.3; lambda = (0, 0)
    dH/dl & foreign lambdas:
        dH/dl (coul-lambda) (9374 pts)
        dH/dl (vdw-lambda) (9374 pts)
        delta H to (0, 0) (9374 pts)
        delta H to (0, 0.1) (9374 pts)


lambda_01/bar.xvg: 0.0 - 944.3; lambda = (0, 0.1)
    dH/dl & foreign lambdas:
        dH/dl (coul-lambda) (9444 pts)
        dH/dl (vdw-lambda) (9444 pts)
        delta H to (0, 0) (9444 pts)
        delta H to (0, 0.1) (9444 pts)
        delta H to (0, 0.2) (9444 pts)


lambda_02/bar.xvg: 0.0 - 944.2; lambda = (0, 0.2)
    dH/dl & foreign lambdas:
        dH/dl (coul-lambda) (9443 pts)
        dH/dl (vdw-lambda) (9443 pts)
        delta H to (0, 0.1) (9443 pts)
        delta H to (0, 0.2) (9443 pts)
        delta H to (0, 0.3) (9443 pts)


lambda_03/bar.xvg: 0.0 - 946.6; lambda = (0, 0.3)
    dH/dl & foreign lambdas:
        dH/dl (coul-lambda) (9467 pts)
        dH/dl (vdw-lambda) (9467 pts)
        delta H to (0, 0.2) (9467 pts)
        delta H to (0, 0.3) (9467 pts)
        delta H to (0, 0.4) (9467 pts)


lambda_04/bar.xvg: 0.0 - 945.9; lambda = (0, 0.4)
    dH/dl & foreign lambdas:
        dH/dl (coul-lambda) (9460 pts)
        dH/dl (vdw-lambda) (9460 pts)
        delta H to (0, 0.3) (9460 pts)
        delta H to (0, 0.4) (9460 pts)
        delta H to (0, 0.5) (9460 pts)


lambda_05/bar.xvg: 0.0 - 945.9; lambda = (0, 0.5)
    dH/dl & foreign lambdas:
        dH/dl (coul-lambda) (9460 pts)
        dH/dl (vdw-lambda) (9460 pts)
        delta H to (0, 0.4) (9460 pts)
        delta H to (0, 0.5) (9460 pts)
        delta H to (0, 0.55) (9460 pts)


lambda_06/bar.xvg: 0.0 - 945.0; lambda = (0, 0.55)
    dH/dl & foreign lambdas:
        dH/dl (coul-lambda) (9451 pts)
        dH/dl (vdw-lambda) (9451 pts)
        delta H to (0, 0.5) (9451 pts)
        delta H to (0, 0.55) (9451 pts)
        delta H to (0, 0.6) (9451 pts)


lambda_07/bar.xvg: 0.0 - 942.8; lambda = (0, 0.6)
    dH/dl & foreign lambdas:
        dH/dl (coul-lambda) (9429 pts)
        dH/dl (vdw-lambda) (9429 pts)
        delta H to (0, 0.55) (9429 pts)
        delta H to (0, 0.6) (9429 pts)
        delta H to (0, 0.65) (9429 pts)


lambda_08/bar.xvg: 0.0 - 940.7; lambda = (0, 0.65)
    dH/dl & foreign lambdas:
        dH/dl (coul-lambda) (9408 pts)
        dH/dl (vdw-lambda) (9408 pts)
        delta H to (0, 0.6) (9408 pts)
        delta H to (0, 0.65) (9408 pts)
        delta H to (0, 0.7) (9408 pts)


lambda_09/bar.xvg: 0.0 - 938.5; lambda = (0, 0.7)
    dH/dl & foreign lambdas:
        dH/dl (coul-lambda) (9386 pts)
        dH/dl (vdw-lambda) (9386 pts)
        delta H to (0, 0.65) (9386 pts)
        delta H to (0, 0.7) (9386 pts)
        delta H to (0, 0.75) (9386 pts)


lambda_10/bar.xvg: 0.0 - 950.0; lambda = (0, 0.75)
    dH/dl & foreign lambdas:
        dH/dl (coul-lambda) (9501 pts)
        dH/dl (vdw-lambda) (9501 pts)
        delta H to (0, 0.7) (9501 pts)
        delta H to (0, 0.75) (9501 pts)
        delta H to (0, 0.8) (9501 pts)


lambda_11/bar.xvg: 0.0 - 948.0; lambda = (0, 0.8)
    dH/dl & foreign lambdas:
        dH/dl (coul-lambda) (9481 pts)
        dH/dl (vdw-lambda) (9481 pts)
        delta H to (0, 0.75) (9481 pts)
        delta H to (0, 0.8) (9481 pts)
        delta H to (0, 0.85) (9481 pts)


lambda_12/bar.xvg: 0.0 - 946.7; lambda = (0, 0.85)
    dH/dl & foreign lambdas:
        dH/dl (coul-lambda) (9468 pts)
        dH/dl (vdw-lambda) (9468 pts)
        delta H to (0, 0.8) (9468 pts)
        delta H to (0, 0.85) (9468 pts)
        delta H to (0, 0.9) (9468 pts)


lambda_13/bar.xvg: 0.0 - 945.6; lambda = (0, 0.9)
    dH/dl & foreign lambdas:
        dH/dl (coul-lambda) (9457 pts)
        dH/dl (vdw-lambda) (9457 pts)
        delta H to (0, 0.85) (9457 pts)
        delta H to (0, 0.9) (9457 pts)
        delta H to (0, 0.95) (9457 pts)


lambda_14/bar.xvg: 0.0 - 944.7; lambda = (0, 0.95)
    dH/dl & foreign lambdas:
        dH/dl (coul-lambda) (9448 pts)
        dH/dl (vdw-lambda) (9448 pts)
        delta H to (0, 0.9) (9448 pts)
        delta H to (0, 0.95) (9448 pts)
        delta H to (0, 1) (9448 pts)


lambda_15/bar.xvg: 0.0 - 944.6; lambda = (0, 1)
    dH/dl & foreign lambdas:
        dH/dl (coul-lambda) (9447 pts)
        dH/dl (vdw-lambda) (9447 pts)
        delta H to (0, 0.95) (9447 pts)
        delta H to (0, 1) (9447 pts)
        delta H to (0.2, 1) (9447 pts)


lambda_16/bar.xvg: 0.0 - 949.5; lambda = (0.2, 1)
    dH/dl & foreign lambdas:
        dH/dl (coul-lambda) (9496 pts)
        dH/dl (vdw-lambda) (9496 pts)
        delta H to (0, 1) (9496 pts)
        delta H to (0.2, 1) (9496 pts)
        delta H to (0.4, 1) (9496 pts)


lambda_17/bar.xvg: 0.0 - 939.9; lambda = (0.4, 1)
    dH/dl & foreign lambdas:
        dH/dl (coul-lambda) (9400 pts)
        dH/dl (vdw-lambda) (9400 pts)
        delta H to (0.2, 1) (9400 pts)
        delta H to (0.4, 1) (9400 pts)
        delta H to (0.5, 1) (9400 pts)


lambda_18/bar.xvg: 0.0 - 942.1; lambda = (0.5, 1)
    dH/dl & foreign lambdas:
        dH/dl (coul-lambda) (9422 pts)
        dH/dl (vdw-lambda) (9422 pts)
        delta H to (0.4, 1) (9422 pts)
        delta H to (0.5, 1) (9422 pts)
        delta H to (0.6, 1) (9422 pts)


lambda_19/bar.xvg: 0.0 - 944.5; lambda = (0.6, 1)
    dH/dl & foreign lambdas:
        dH/dl (coul-lambda) (9446 pts)
        dH/dl (vdw-lambda) (9446 pts)
        delta H to (0.5, 1) (9446 pts)
        delta H to (0.6, 1) (9446 pts)
        delta H to (0.7, 1) (9446 pts)


lambda_20/bar.xvg: 0.0 - 946.6; lambda = (0.7, 1)
    dH/dl & foreign lambdas:
        dH/dl (coul-lambda) (9467 pts)
        dH/dl (vdw-lambda) (9467 pts)
        delta H to (0.6, 1) (9467 pts)
        delta H to (0.7, 1) (9467 pts)
        delta H to (0.8, 1) (9467 pts)


lambda_21/bar.xvg: 0.0 - 948.7; lambda = (0.8, 1)
    dH/dl & foreign lambdas:
        dH/dl (coul-lambda) (9488 pts)
        dH/dl (vdw-lambda) (9488 pts)
        delta H to (0.7, 1) (9488 pts)
        delta H to (0.8, 1) (9488 pts)
        delta H to (0.9, 1) (9488 pts)


lambda_22/bar.xvg: 0.0 - 950.7; lambda = (0.9, 1)
    dH/dl & foreign lambdas:
        dH/dl (coul-lambda) (9508 pts)
        dH/dl (vdw-lambda) (9508 pts)
        delta H to (0.8, 1) (9508 pts)
        delta H to (0.9, 1) (9508 pts)
        delta H to (1, 1) (9508 pts)


lambda_23/bar.xvg: 0.0 - 948.5; lambda = (1, 1)
    dH/dl & foreign lambdas:
        dH/dl (coul-lambda) (9486 pts)
        dH/dl (vdw-lambda) (9486 pts)
        delta H to (0.9, 1) (9486 pts)
        delta H to (1, 1) (9486 pts)



   Samples in time interval: 0.000 - 950.700
Removing samples outside of: 100.000 - 950.700

Temperature: 300 K

Detailed results in kT (see help for explanation):

 lam_A  lam_B      DG   +/-     s_A   +/-     s_B   +/-   stdev   +/- 
     0      1   -6.81  0.00    0.04  0.00    0.04  0.00    0.24  0.00
     1      2   -5.39  0.00    0.03  0.01    0.03  0.01    0.24  0.00
     2      3   -2.74  0.01    0.07  0.01    0.08  0.01    0.38  0.01
     3      4    1.97  0.01    0.32  0.03    0.35  0.03    0.85  0.02
     4      5    8.46  0.11    2.55  0.09    3.05  0.07    2.80  0.05
     5      6    4.71  0.10    2.28  0.13    1.92  0.07    2.29  0.05
     6      7    3.01  0.06    2.50  0.15    1.68  0.07    2.22  0.08
     7      8    1.80  0.01    1.53  0.03    1.04  0.01    1.64  0.01
     8      9    1.20  0.02    1.27  0.03    0.89  0.02    1.49  0.01
     9     10    0.72  0.03    1.05  0.04    0.72  0.03    1.33  0.02
    10     11    0.38  0.02    0.91  0.03    0.64  0.02    1.22  0.01
    11     12    0.09  0.01    0.77  0.01    0.54  0.01    1.13  0.01
    12     13   -0.12  0.01    0.68  0.01    0.48  0.01    1.05  0.01
    13     14   -0.27  0.01    0.59  0.01    0.42  0.01    0.98  0.00
    14     15   -0.39  0.01    0.54  0.01    0.39  0.01    0.94  0.01
    15     16   -0.50  0.01    0.53  0.02    0.55  0.02    1.04  0.01
    16     17   -1.70  0.02    0.64  0.02    0.74  0.02    1.20  0.01
    17     18   -1.42  0.01    0.20  0.02    0.22  0.02    0.68  0.01
    18     19   -1.93  0.01    0.29  0.02    0.31  0.02    0.75  0.01
    19     20   -2.54  0.02    0.30  0.01    0.32  0.01    0.80  0.00
    20     21   -3.17  0.02    0.31  0.01    0.32  0.01    0.83  0.01
    21     22   -3.89  0.02    0.40  0.02    0.41  0.01    0.89  0.01
    22     23   -4.70  0.02    0.40  0.02    0.40  0.02    0.90  0.01


Final results in kJ/mol:

point      0 -      1,   DG -16.99 +/-  0.01
point      1 -      2,   DG -13.45 +/-  0.01
point      2 -      3,   DG -6.82 +/-  0.03
point      3 -      4,   DG  4.90 +/-  0.03
point      4 -      5,   DG 21.09 +/-  0.28
point      5 -      6,   DG 11.75 +/-  0.25
point      6 -      7,   DG  7.52 +/-  0.14
point      7 -      8,   DG  4.49 +/-  0.03
point      8 -      9,   DG  2.98 +/-  0.06
point      9 -     10,   DG  1.79 +/-  0.06
point     10 -     11,   DG  0.95 +/-  0.05
point     11 -     12,   DG  0.22 +/-  0.03
point     12 -     13,   DG -0.29 +/-  0.02
point     13 -     14,   DG -0.67 +/-  0.03
point     14 -     15,   DG -0.97 +/-  0.02
point     15 -     16,   DG -1.25 +/-  0.03
point     16 -     17,   DG -4.23 +/-  0.04
point     17 -     18,   DG -3.55 +/-  0.03
point     18 -     19,   DG -4.81 +/-  0.04
point     19 -     20,   DG -6.33 +/-  0.05
point     20 -     21,   DG -7.90 +/-  0.05
point     21 -     22,   DG -9.70 +/-  0.05
point     22 -     23,   DG -11.72 +/-  0.05

total      0 -     23,   DG -33.00 +/-  0.40

