lambda_00/bar.xvg: 0.0 - 475.9; lambda = (0, 0)
    dH/dl & foreign lambdas:
        dH/dl (coul-lambda) (4760 pts)
        dH/dl (vdw-lambda) (4760 pts)
        delta H to (0, 0) (4760 pts)
        delta H to (0, 0.1) (4760 pts)


lambda_01/bar.xvg: 0.0 - 478.4; lambda = (0, 0.1)
    dH/dl & foreign lambdas:
        dH/dl (coul-lambda) (4785 pts)
        dH/dl (vdw-lambda) (4785 pts)
        delta H to (0, 0) (4785 pts)
        delta H to (0, 0.1) (4785 pts)
        delta H to (0, 0.2) (4785 pts)


lambda_02/bar.xvg: 0.0 - 478.3; lambda = (0, 0.2)
    dH/dl & foreign lambdas:
        dH/dl (coul-lambda) (4784 pts)
        dH/dl (vdw-lambda) (4784 pts)
        delta H to (0, 0.1) (4784 pts)
        delta H to (0, 0.2) (4784 pts)
        delta H to (0, 0.3) (4784 pts)


lambda_03/bar.xvg: 0.0 - 472.8; lambda = (0, 0.3)
    dH/dl & foreign lambdas:
        dH/dl (coul-lambda) (4729 pts)
        dH/dl (vdw-lambda) (4729 pts)
        delta H to (0, 0.2) (4729 pts)
        delta H to (0, 0.3) (4729 pts)
        delta H to (0, 0.4) (4729 pts)


lambda_04/bar.xvg: 0.0 - 472.3; lambda = (0, 0.4)
    dH/dl & foreign lambdas:
        dH/dl (coul-lambda) (4724 pts)
        dH/dl (vdw-lambda) (4724 pts)
        delta H to (0, 0.3) (4724 pts)
        delta H to (0, 0.4) (4724 pts)
        delta H to (0, 0.5) (4724 pts)


lambda_05/bar.xvg: 0.0 - 472.0; lambda = (0, 0.5)
    dH/dl & foreign lambdas:
        dH/dl (coul-lambda) (4721 pts)
        dH/dl (vdw-lambda) (4721 pts)
        delta H to (0, 0.4) (4721 pts)
        delta H to (0, 0.5) (4721 pts)
        delta H to (0, 0.55) (4721 pts)


lambda_06/bar.xvg: 0.0 - 471.5; lambda = (0, 0.55)
    dH/dl & foreign lambdas:
        dH/dl (coul-lambda) (4716 pts)
        dH/dl (vdw-lambda) (4716 pts)
        delta H to (0, 0.5) (4716 pts)
        delta H to (0, 0.55) (4716 pts)
        delta H to (0, 0.6) (4716 pts)


lambda_07/bar.xvg: 0.0 - 470.7; lambda = (0, 0.6)
    dH/dl & foreign lambdas:
        dH/dl (coul-lambda) (4708 pts)
        dH/dl (vdw-lambda) (4708 pts)
        delta H to (0, 0.55) (4708 pts)
        delta H to (0, 0.6) (4708 pts)
        delta H to (0, 0.65) (4708 pts)


lambda_08/bar.xvg: 0.0 - 469.7; lambda = (0, 0.65)
    dH/dl & foreign lambdas:
        dH/dl (coul-lambda) (4698 pts)
        dH/dl (vdw-lambda) (4698 pts)
        delta H to (0, 0.6) (4698 pts)
        delta H to (0, 0.65) (4698 pts)
        delta H to (0, 0.7) (4698 pts)


lambda_09/bar.xvg: 0.0 - 481.7; lambda = (0, 0.7)
    dH/dl & foreign lambdas:
        dH/dl (coul-lambda) (4818 pts)
        dH/dl (vdw-lambda) (4818 pts)
        delta H to (0, 0.65) (4818 pts)
        delta H to (0, 0.7) (4818 pts)
        delta H to (0, 0.75) (4818 pts)


lambda_10/bar.xvg: 0.0 - 480.5; lambda = (0, 0.75)
    dH/dl & foreign lambdas:
        dH/dl (coul-lambda) (4806 pts)
        dH/dl (vdw-lambda) (4806 pts)
        delta H to (0, 0.7) (4806 pts)
        delta H to (0, 0.75) (4806 pts)
        delta H to (0, 0.8) (4806 pts)


lambda_11/bar.xvg: 0.0 - 479.6; lambda = (0, 0.8)
    dH/dl & foreign lambdas:
        dH/dl (coul-lambda) (4797 pts)
        dH/dl (vdw-lambda) (4797 pts)
        delta H to (0, 0.75) (4797 pts)
        delta H to (0, 0.8) (4797 pts)
        delta H to (0, 0.85) (4797 pts)


lambda_12/bar.xvg: 0.0 - 478.4; lambda = (0, 0.85)
    dH/dl & foreign lambdas:
        dH/dl (coul-lambda) (4785 pts)
        dH/dl (vdw-lambda) (4785 pts)
        delta H to (0, 0.8) (4785 pts)
        delta H to (0, 0.85) (4785 pts)
        delta H to (0, 0.9) (4785 pts)


lambda_13/bar.xvg: 0.0 - 477.9; lambda = (0, 0.9)
    dH/dl & foreign lambdas:
        dH/dl (coul-lambda) (4780 pts)
        dH/dl (vdw-lambda) (4780 pts)
        delta H to (0, 0.85) (4780 pts)
        delta H to (0, 0.9) (4780 pts)
        delta H to (0, 0.95) (4780 pts)


lambda_14/bar.xvg: 0.0 - 477.3; lambda = (0, 0.95)
    dH/dl & foreign lambdas:
        dH/dl (coul-lambda) (4774 pts)
        dH/dl (vdw-lambda) (4774 pts)
        delta H to (0, 0.9) (4774 pts)
        delta H to (0, 0.95) (4774 pts)
        delta H to (0, 1) (4774 pts)


lambda_15/bar.xvg: 0.0 - 470.8; lambda = (0, 1)
    dH/dl & foreign lambdas:
        dH/dl (coul-lambda) (4709 pts)
        dH/dl (vdw-lambda) (4709 pts)
        delta H to (0, 0.95) (4709 pts)
        delta H to (0, 1) (4709 pts)
        delta H to (0.2, 1) (4709 pts)


lambda_16/bar.xvg: 0.0 - 472.3; lambda = (0.2, 1)
    dH/dl & foreign lambdas:
        dH/dl (coul-lambda) (4724 pts)
        dH/dl (vdw-lambda) (4724 pts)
        delta H to (0, 1) (4724 pts)
        delta H to (0.2, 1) (4724 pts)
        delta H to (0.4, 1) (4724 pts)


lambda_17/bar.xvg: 0.0 - 469.9; lambda = (0.4, 1)
    dH/dl & foreign lambdas:
        dH/dl (coul-lambda) (4700 pts)
        dH/dl (vdw-lambda) (4700 pts)
        delta H to (0.2, 1) (4700 pts)
        delta H to (0.4, 1) (4700 pts)
        delta H to (0.5, 1) (4700 pts)


lambda_18/bar.xvg: 0.0 - 480.9; lambda = (0.5, 1)
    dH/dl & foreign lambdas:
        dH/dl (coul-lambda) (4810 pts)
        dH/dl (vdw-lambda) (4810 pts)
        delta H to (0.4, 1) (4810 pts)
        delta H to (0.5, 1) (4810 pts)
        delta H to (0.6, 1) (4810 pts)


lambda_19/bar.xvg: 0.0 - 480.8; lambda = (0.6, 1)
    dH/dl & foreign lambdas:
        dH/dl (coul-lambda) (4809 pts)
        dH/dl (vdw-lambda) (4809 pts)
        delta H to (0.5, 1) (4809 pts)
        delta H to (0.6, 1) (4809 pts)
        delta H to (0.7, 1) (4809 pts)


lambda_20/bar.xvg: 0.0 - 480.9; lambda = (0.7, 1)
    dH/dl & foreign lambdas:
        dH/dl (coul-lambda) (4810 pts)
        dH/dl (vdw-lambda) (4810 pts)
        delta H to (0.6, 1) (4810 pts)
        delta H to (0.7, 1) (4810 pts)
        delta H to (0.8, 1) (4810 pts)


lambda_21/bar.xvg: 0.0 - 480.6; lambda = (0.8, 1)
    dH/dl & foreign lambdas:
        dH/dl (coul-lambda) (4807 pts)
        dH/dl (vdw-lambda) (4807 pts)
        delta H to (0.7, 1) (4807 pts)
        delta H to (0.8, 1) (4807 pts)
        delta H to (0.9, 1) (4807 pts)


lambda_22/bar.xvg: 0.0 - 480.7; lambda = (0.9, 1)
    dH/dl & foreign lambdas:
        dH/dl (coul-lambda) (4808 pts)
        dH/dl (vdw-lambda) (4808 pts)
        delta H to (0.8, 1) (4808 pts)
        delta H to (0.9, 1) (4808 pts)
        delta H to (1, 1) (4808 pts)


lambda_23/bar.xvg: 0.0 - 467.0; lambda = (1, 1)
    dH/dl & foreign lambdas:
        dH/dl (coul-lambda) (4671 pts)
        dH/dl (vdw-lambda) (4671 pts)
        delta H to (0.9, 1) (4671 pts)
        delta H to (1, 1) (4671 pts)



   Samples in time interval: 0.000 - 481.700
Removing samples outside of: 100.000 - 481.700

Temperature: 300 K

Detailed results in kT (see help for explanation):

 lam_A  lam_B      DG   +/-     s_A   +/-     s_B   +/-   stdev   +/- 
     0      1   -6.85  0.01    0.03  0.01    0.03  0.01    0.23  0.00
     1      2   -5.42  0.01    0.03  0.01    0.03  0.01    0.23  0.00
     2      3   -2.75  0.01    0.07  0.02    0.07  0.02    0.38  0.00
     3      4    1.96  0.02    0.32  0.02    0.34  0.03    0.84  0.02
     4      5    8.58  0.11    2.45  0.12    3.03  0.17    2.76  0.09
     5      6    4.88  0.10    2.26  0.11    1.93  0.05    2.30  0.05
     6      7    3.30  0.10    2.48  0.04    1.68  0.04    2.25  0.03
     7      8    2.15  0.04    1.65  0.09    1.18  0.06    1.75  0.05
     8      9    1.40  0.04    1.44  0.07    1.00  0.05    1.58  0.03
     9     10    0.87  0.04    1.10  0.03    0.77  0.02    1.39  0.02
    10     11    0.52  0.03    1.00  0.04    0.70  0.03    1.30  0.01
    11     12    0.21  0.01    0.85  0.04    0.58  0.03    1.18  0.02
    12     13   -0.00  0.02    0.76  0.03    0.54  0.02    1.11  0.01
    13     14   -0.18  0.02    0.65  0.01    0.45  0.01    1.04  0.01
    14     15   -0.32  0.02    0.63  0.03    0.45  0.01    0.99  0.02
    15     16    0.03  0.00    0.01  0.00    0.01  0.00    0.15  0.00
    16     17    0.00  0.00    0.01  0.00    0.01  0.00    0.15  0.00
    17     18   -0.00  0.00    0.00  0.00    0.00  0.00    0.08  0.00
    18     19   -0.01  0.00    0.00  0.00    0.00  0.00    0.08  0.00
    19     20   -0.02  0.00    0.00  0.00    0.00  0.00    0.08  0.00
    20     21   -0.02  0.00    0.00  0.00    0.00  0.00    0.08  0.00
    21     22   -0.03  0.00    0.00  0.00    0.00  0.00    0.08  0.00
    22     23   -0.03  0.00    0.01  0.00    0.01  0.00    0.08  0.00


Final results in kJ/mol:

point      0 -      1,   DG -17.08 +/-  0.03
point      1 -      2,   DG -13.51 +/-  0.02
point      2 -      3,   DG -6.86 +/-  0.03
point      3 -      4,   DG  4.90 +/-  0.05
point      4 -      5,   DG 21.39 +/-  0.27
point      5 -      6,   DG 12.17 +/-  0.25
point      6 -      7,   DG  8.24 +/-  0.24
point      7 -      8,   DG  5.37 +/-  0.11
point      8 -      9,   DG  3.50 +/-  0.11
point      9 -     10,   DG  2.18 +/-  0.11
point     10 -     11,   DG  1.29 +/-  0.07
point     11 -     12,   DG  0.54 +/-  0.02
point     12 -     13,   DG -0.01 +/-  0.04
point     13 -     14,   DG -0.45 +/-  0.05
point     14 -     15,   DG -0.80 +/-  0.05
point     15 -     16,   DG  0.07 +/-  0.01
point     16 -     17,   DG  0.01 +/-  0.01
point     17 -     18,   DG -0.01 +/-  0.00
point     18 -     19,   DG -0.03 +/-  0.00
point     19 -     20,   DG -0.04 +/-  0.00
point     20 -     21,   DG -0.05 +/-  0.00
point     21 -     22,   DG -0.07 +/-  0.00
point     22 -     23,   DG -0.09 +/-  0.00

total      0 -     23,   DG 20.66 +/-  0.37

