lambda_00/bar.xvg: 0.0 - 969.0; lambda = (0, 0)
    dH/dl & foreign lambdas:
        dH/dl (coul-lambda) (9691 pts)
        dH/dl (vdw-lambda) (9691 pts)
        delta H to (0, 0) (9691 pts)
        delta H to (0, 0.1) (9691 pts)


lambda_01/bar.xvg: 0.0 - 971.0; lambda = (0, 0.1)
    dH/dl & foreign lambdas:
        dH/dl (coul-lambda) (9711 pts)
        dH/dl (vdw-lambda) (9711 pts)
        delta H to (0, 0) (9711 pts)
        delta H to (0, 0.1) (9711 pts)
        delta H to (0, 0.2) (9711 pts)


lambda_02/bar.xvg: 0.0 - 970.9; lambda = (0, 0.2)
    dH/dl & foreign lambdas:
        dH/dl (coul-lambda) (9710 pts)
        dH/dl (vdw-lambda) (9710 pts)
        delta H to (0, 0.1) (9710 pts)
        delta H to (0, 0.2) (9710 pts)
        delta H to (0, 0.3) (9710 pts)


lambda_03/bar.xvg: 0.0 - 973.6; lambda = (0, 0.3)
    dH/dl & foreign lambdas:
        dH/dl (coul-lambda) (9737 pts)
        dH/dl (vdw-lambda) (9737 pts)
        delta H to (0, 0.2) (9737 pts)
        delta H to (0, 0.3) (9737 pts)
        delta H to (0, 0.4) (9737 pts)


lambda_04/bar.xvg: 0.0 - 972.9; lambda = (0, 0.4)
    dH/dl & foreign lambdas:
        dH/dl (coul-lambda) (9730 pts)
        dH/dl (vdw-lambda) (9730 pts)
        delta H to (0, 0.3) (9730 pts)
        delta H to (0, 0.4) (9730 pts)
        delta H to (0, 0.5) (9730 pts)


lambda_05/bar.xvg: 0.0 - 973.4; lambda = (0, 0.5)
    dH/dl & foreign lambdas:
        dH/dl (coul-lambda) (9735 pts)
        dH/dl (vdw-lambda) (9735 pts)
        delta H to (0, 0.4) (9735 pts)
        delta H to (0, 0.5) (9735 pts)
        delta H to (0, 0.55) (9735 pts)


lambda_06/bar.xvg: 0.0 - 972.1; lambda = (0, 0.55)
    dH/dl & foreign lambdas:
        dH/dl (coul-lambda) (9722 pts)
        dH/dl (vdw-lambda) (9722 pts)
        delta H to (0, 0.5) (9722 pts)
        delta H to (0, 0.55) (9722 pts)
        delta H to (0, 0.6) (9722 pts)


lambda_07/bar.xvg: 0.0 - 969.7; lambda = (0, 0.6)
    dH/dl & foreign lambdas:
        dH/dl (coul-lambda) (9698 pts)
        dH/dl (vdw-lambda) (9698 pts)
        delta H to (0, 0.55) (9698 pts)
        delta H to (0, 0.6) (9698 pts)
        delta H to (0, 0.65) (9698 pts)


lambda_08/bar.xvg: 0.0 - 981.6; lambda = (0, 0.65)
    dH/dl & foreign lambdas:
        dH/dl (coul-lambda) (9817 pts)
        dH/dl (vdw-lambda) (9817 pts)
        delta H to (0, 0.6) (9817 pts)
        delta H to (0, 0.65) (9817 pts)
        delta H to (0, 0.7) (9817 pts)


lambda_09/bar.xvg: 0.0 - 979.4; lambda = (0, 0.7)
    dH/dl & foreign lambdas:
        dH/dl (coul-lambda) (9795 pts)
        dH/dl (vdw-lambda) (9795 pts)
        delta H to (0, 0.65) (9795 pts)
        delta H to (0, 0.7) (9795 pts)
        delta H to (0, 0.75) (9795 pts)


lambda_10/bar.xvg: 0.0 - 976.6; lambda = (0, 0.75)
    dH/dl & foreign lambdas:
        dH/dl (coul-lambda) (9767 pts)
        dH/dl (vdw-lambda) (9767 pts)
        delta H to (0, 0.7) (9767 pts)
        delta H to (0, 0.75) (9767 pts)
        delta H to (0, 0.8) (9767 pts)


lambda_11/bar.xvg: 0.0 - 975.0; lambda = (0, 0.8)
    dH/dl & foreign lambdas:
        dH/dl (coul-lambda) (9751 pts)
        dH/dl (vdw-lambda) (9751 pts)
        delta H to (0, 0.75) (9751 pts)
        delta H to (0, 0.8) (9751 pts)
        delta H to (0, 0.85) (9751 pts)


lambda_12/bar.xvg: 0.0 - 973.4; lambda = (0, 0.85)
    dH/dl & foreign lambdas:
        dH/dl (coul-lambda) (9735 pts)
        dH/dl (vdw-lambda) (9735 pts)
        delta H to (0, 0.8) (9735 pts)
        delta H to (0, 0.85) (9735 pts)
        delta H to (0, 0.9) (9735 pts)


lambda_13/bar.xvg: 0.0 - 972.4; lambda = (0, 0.9)
    dH/dl & foreign lambdas:
        dH/dl (coul-lambda) (9725 pts)
        dH/dl (vdw-lambda) (9725 pts)
        delta H to (0, 0.85) (9725 pts)
        delta H to (0, 0.9) (9725 pts)
        delta H to (0, 0.95) (9725 pts)


lambda_14/bar.xvg: 0.0 - 971.6; lambda = (0, 0.95)
    dH/dl & foreign lambdas:
        dH/dl (coul-lambda) (9717 pts)
        dH/dl (vdw-lambda) (9717 pts)
        delta H to (0, 0.9) (9717 pts)
        delta H to (0, 0.95) (9717 pts)
        delta H to (0, 1) (9717 pts)


lambda_15/bar.xvg: 0.0 - 971.8; lambda = (0, 1)
    dH/dl & foreign lambdas:
        dH/dl (coul-lambda) (9719 pts)
        dH/dl (vdw-lambda) (9719 pts)
        delta H to (0, 0.95) (9719 pts)
        delta H to (0, 1) (9719 pts)
        delta H to (0.2, 1) (9719 pts)


lambda_16/bar.xvg: 0.0 - 976.2; lambda = (0.2, 1)
    dH/dl & foreign lambdas:
        dH/dl (coul-lambda) (9763 pts)
        dH/dl (vdw-lambda) (9763 pts)
        delta H to (0, 1) (9763 pts)
        delta H to (0.2, 1) (9763 pts)
        delta H to (0.4, 1) (9763 pts)


lambda_17/bar.xvg: 0.0 - 980.8; lambda = (0.4, 1)
    dH/dl & foreign lambdas:
        dH/dl (coul-lambda) (9809 pts)
        dH/dl (vdw-lambda) (9809 pts)
        delta H to (0.2, 1) (9809 pts)
        delta H to (0.4, 1) (9809 pts)
        delta H to (0.5, 1) (9809 pts)


lambda_18/bar.xvg: 0.0 - 982.4; lambda = (0.5, 1)
    dH/dl & foreign lambdas:
        dH/dl (coul-lambda) (9825 pts)
        dH/dl (vdw-lambda) (9825 pts)
        delta H to (0.4, 1) (9825 pts)
        delta H to (0.5, 1) (9825 pts)
        delta H to (0.6, 1) (9825 pts)


lambda_19/bar.xvg: 0.0 - 971.2; lambda = (0.6, 1)
    dH/dl & foreign lambdas:
        dH/dl (coul-lambda) (9713 pts)
        dH/dl (vdw-lambda) (9713 pts)
        delta H to (0.5, 1) (9713 pts)
        delta H to (0.6, 1) (9713 pts)
        delta H to (0.7, 1) (9713 pts)


lambda_20/bar.xvg: 0.0 - 973.5; lambda = (0.7, 1)
    dH/dl & foreign lambdas:
        dH/dl (coul-lambda) (9736 pts)
        dH/dl (vdw-lambda) (9736 pts)
        delta H to (0.6, 1) (9736 pts)
        delta H to (0.7, 1) (9736 pts)
        delta H to (0.8, 1) (9736 pts)


lambda_21/bar.xvg: 0.0 - 975.8; lambda = (0.8, 1)
    dH/dl & foreign lambdas:
        dH/dl (coul-lambda) (9759 pts)
        dH/dl (vdw-lambda) (9759 pts)
        delta H to (0.7, 1) (9759 pts)
        delta H to (0.8, 1) (9759 pts)
        delta H to (0.9, 1) (9759 pts)


lambda_22/bar.xvg: 0.0 - 977.8; lambda = (0.9, 1)
    dH/dl & foreign lambdas:
        dH/dl (coul-lambda) (9779 pts)
        dH/dl (vdw-lambda) (9779 pts)
        delta H to (0.8, 1) (9779 pts)
        delta H to (0.9, 1) (9779 pts)
        delta H to (1, 1) (9779 pts)


lambda_23/bar.xvg: 0.0 - 981.3; lambda = (1, 1)
    dH/dl & foreign lambdas:
        dH/dl (coul-lambda) (9814 pts)
        dH/dl (vdw-lambda) (9814 pts)
        delta H to (0.9, 1) (9814 pts)
        delta H to (1, 1) (9814 pts)



   Samples in time interval: 0.000 - 982.400
Removing samples outside of: 100.000 - 982.400

Temperature: 300 K

Detailed results in kT (see help for explanation):

 lam_A  lam_B      DG   +/-     s_A   +/-     s_B   +/-   stdev   +/- 
     0      1   -6.83  0.01    0.03  0.00    0.03  0.00    0.24  0.00
     1      2   -5.40  0.01    0.02  0.01    0.02  0.01    0.24  0.00
     2      3   -2.74  0.01    0.07  0.01    0.07  0.01    0.38  0.00
     3      4    1.92  0.03    0.36  0.03    0.39  0.03    0.87  0.01
     4      5    8.20  0.04    2.63  0.05    3.15  0.08    2.88  0.05
     5      6    4.53  0.03    2.17  0.05    1.83  0.05    2.25  0.04
     6      7    2.99  0.04    2.40  0.05    1.58  0.05    2.16  0.04
     7      8    1.88  0.01    1.60  0.03    1.11  0.01    1.70  0.01
     8      9    1.23  0.02    1.29  0.02    0.91  0.01    1.50  0.01
     9     10    0.73  0.02    1.11  0.03    0.78  0.02    1.37  0.01
    10     11    0.33  0.02    0.92  0.02    0.64  0.01    1.23  0.01
    11     12    0.07  0.01    0.77  0.03    0.54  0.02    1.14  0.01
    12     13   -0.14  0.01    0.71  0.01    0.50  0.01    1.07  0.01
    13     14   -0.30  0.00    0.60  0.00    0.43  0.00    0.99  0.00
    14     15   -0.42  0.00    0.54  0.01    0.39  0.01    0.95  0.01
    15     16   -0.53  0.01    0.55  0.01    0.58  0.01    1.07  0.00
    16     17   -1.86  0.02    0.75  0.03    0.84  0.03    1.27  0.01
    17     18   -1.58  0.01    0.24  0.01    0.25  0.01    0.71  0.00
    18     19   -2.09  0.01    0.26  0.01    0.27  0.01    0.77  0.00
    19     20   -2.72  0.01    0.36  0.01    0.37  0.01    0.84  0.01
    20     21   -3.47  0.01    0.38  0.02    0.39  0.02    0.88  0.01
    21     22   -4.27  0.02    0.40  0.02    0.42  0.02    0.92  0.01
    22     23   -5.10  0.01    0.42  0.03    0.42  0.03    0.94  0.01


Final results in kJ/mol:

point      0 -      1,   DG -17.04 +/-  0.02
point      1 -      2,   DG -13.48 +/-  0.02
point      2 -      3,   DG -6.83 +/-  0.04
point      3 -      4,   DG  4.79 +/-  0.07
point      4 -      5,   DG 20.44 +/-  0.10
point      5 -      6,   DG 11.31 +/-  0.07
point      6 -      7,   DG  7.46 +/-  0.11
point      7 -      8,   DG  4.69 +/-  0.03
point      8 -      9,   DG  3.08 +/-  0.04
point      9 -     10,   DG  1.81 +/-  0.06
point     10 -     11,   DG  0.83 +/-  0.06
point     11 -     12,   DG  0.17 +/-  0.04
point     12 -     13,   DG -0.35 +/-  0.02
point     13 -     14,   DG -0.76 +/-  0.01
point     14 -     15,   DG -1.04 +/-  0.01
point     15 -     16,   DG -1.31 +/-  0.02
point     16 -     17,   DG -4.63 +/-  0.04
point     17 -     18,   DG -3.95 +/-  0.03
point     18 -     19,   DG -5.22 +/-  0.02
point     19 -     20,   DG -6.79 +/-  0.04
point     20 -     21,   DG -8.65 +/-  0.03
point     21 -     22,   DG -10.64 +/-  0.05
point     22 -     23,   DG -12.72 +/-  0.03

total      0 -     23,   DG -38.82 +/-  0.27

