lambda_00/bar.xvg: 0.0 - 889.2; lambda = (0, 0)
    dH/dl & foreign lambdas:
        dH/dl (coul-lambda) (8893 pts)
        dH/dl (vdw-lambda) (8893 pts)
        delta H to (0, 0) (8893 pts)
        delta H to (0, 0.1) (8893 pts)


lambda_01/bar.xvg: 0.0 - 891.2; lambda = (0, 0.1)
    dH/dl & foreign lambdas:
        dH/dl (coul-lambda) (8913 pts)
        dH/dl (vdw-lambda) (8913 pts)
        delta H to (0, 0) (8913 pts)
        delta H to (0, 0.1) (8913 pts)
        delta H to (0, 0.2) (8913 pts)


lambda_02/bar.xvg: 0.0 - 891.1; lambda = (0, 0.2)
    dH/dl & foreign lambdas:
        dH/dl (coul-lambda) (8912 pts)
        dH/dl (vdw-lambda) (8912 pts)
        delta H to (0, 0.1) (8912 pts)
        delta H to (0, 0.2) (8912 pts)
        delta H to (0, 0.3) (8912 pts)


lambda_03/bar.xvg: 0.0 - 891.9; lambda = (0, 0.3)
    dH/dl & foreign lambdas:
        dH/dl (coul-lambda) (8920 pts)
        dH/dl (vdw-lambda) (8920 pts)
        delta H to (0, 0.2) (8920 pts)
        delta H to (0, 0.3) (8920 pts)
        delta H to (0, 0.4) (8920 pts)


lambda_04/bar.xvg: 0.0 - 890.7; lambda = (0, 0.4)
    dH/dl & foreign lambdas:
        dH/dl (coul-lambda) (8908 pts)
        dH/dl (vdw-lambda) (8908 pts)
        delta H to (0, 0.3) (8908 pts)
        delta H to (0, 0.4) (8908 pts)
        delta H to (0, 0.5) (8908 pts)


lambda_05/bar.xvg: 0.0 - 891.9; lambda = (0, 0.5)
    dH/dl & foreign lambdas:
        dH/dl (coul-lambda) (8920 pts)
        dH/dl (vdw-lambda) (8920 pts)
        delta H to (0, 0.4) (8920 pts)
        delta H to (0, 0.5) (8920 pts)
        delta H to (0, 0.55) (8920 pts)


lambda_06/bar.xvg: 0.0 - 889.9; lambda = (0, 0.55)
    dH/dl & foreign lambdas:
        dH/dl (coul-lambda) (8900 pts)
        dH/dl (vdw-lambda) (8900 pts)
        delta H to (0, 0.5) (8900 pts)
        delta H to (0, 0.55) (8900 pts)
        delta H to (0, 0.6) (8900 pts)


lambda_07/bar.xvg: 0.0 - 886.8; lambda = (0, 0.6)
    dH/dl & foreign lambdas:
        dH/dl (coul-lambda) (8869 pts)
        dH/dl (vdw-lambda) (8869 pts)
        delta H to (0, 0.55) (8869 pts)
        delta H to (0, 0.6) (8869 pts)
        delta H to (0, 0.65) (8869 pts)


lambda_08/bar.xvg: 0.0 - 884.3; lambda = (0, 0.65)
    dH/dl & foreign lambdas:
        dH/dl (coul-lambda) (8844 pts)
        dH/dl (vdw-lambda) (8844 pts)
        delta H to (0, 0.6) (8844 pts)
        delta H to (0, 0.65) (8844 pts)
        delta H to (0, 0.7) (8844 pts)


lambda_09/bar.xvg: 0.0 - 894.6; lambda = (0, 0.7)
    dH/dl & foreign lambdas:
        dH/dl (coul-lambda) (8947 pts)
        dH/dl (vdw-lambda) (8947 pts)
        delta H to (0, 0.65) (8947 pts)
        delta H to (0, 0.7) (8947 pts)
        delta H to (0, 0.75) (8947 pts)


lambda_10/bar.xvg: 0.0 - 893.0; lambda = (0, 0.75)
    dH/dl & foreign lambdas:
        dH/dl (coul-lambda) (8931 pts)
        dH/dl (vdw-lambda) (8931 pts)
        delta H to (0, 0.7) (8931 pts)
        delta H to (0, 0.75) (8931 pts)
        delta H to (0, 0.8) (8931 pts)


lambda_11/bar.xvg: 0.0 - 891.3; lambda = (0, 0.8)
    dH/dl & foreign lambdas:
        dH/dl (coul-lambda) (8914 pts)
        dH/dl (vdw-lambda) (8914 pts)
        delta H to (0, 0.75) (8914 pts)
        delta H to (0, 0.8) (8914 pts)
        delta H to (0, 0.85) (8914 pts)


lambda_12/bar.xvg: 0.0 - 890.0; lambda = (0, 0.85)
    dH/dl & foreign lambdas:
        dH/dl (coul-lambda) (8901 pts)
        dH/dl (vdw-lambda) (8901 pts)
        delta H to (0, 0.8) (8901 pts)
        delta H to (0, 0.85) (8901 pts)
        delta H to (0, 0.9) (8901 pts)


lambda_13/bar.xvg: 0.0 - 889.2; lambda = (0, 0.9)
    dH/dl & foreign lambdas:
        dH/dl (coul-lambda) (8893 pts)
        dH/dl (vdw-lambda) (8893 pts)
        delta H to (0, 0.85) (8893 pts)
        delta H to (0, 0.9) (8893 pts)
        delta H to (0, 0.95) (8893 pts)


lambda_14/bar.xvg: 0.0 - 888.2; lambda = (0, 0.95)
    dH/dl & foreign lambdas:
        dH/dl (coul-lambda) (8883 pts)
        dH/dl (vdw-lambda) (8883 pts)
        delta H to (0, 0.9) (8883 pts)
        delta H to (0, 0.95) (8883 pts)
        delta H to (0, 1) (8883 pts)


lambda_15/bar.xvg: 0.0 - 889.4; lambda = (0, 1)
    dH/dl & foreign lambdas:
        dH/dl (coul-lambda) (8895 pts)
        dH/dl (vdw-lambda) (8895 pts)
        delta H to (0, 0.95) (8895 pts)
        delta H to (0, 1) (8895 pts)
        delta H to (0.2, 1) (8895 pts)


lambda_16/bar.xvg: 0.0 - 897.4; lambda = (0.2, 1)
    dH/dl & foreign lambdas:
        dH/dl (coul-lambda) (8975 pts)
        dH/dl (vdw-lambda) (8975 pts)
        delta H to (0, 1) (8975 pts)
        delta H to (0.2, 1) (8975 pts)
        delta H to (0.4, 1) (8975 pts)


lambda_17/bar.xvg: 0.0 - 887.8; lambda = (0.4, 1)
    dH/dl & foreign lambdas:
        dH/dl (coul-lambda) (8879 pts)
        dH/dl (vdw-lambda) (8879 pts)
        delta H to (0.2, 1) (8879 pts)
        delta H to (0.4, 1) (8879 pts)
        delta H to (0.5, 1) (8879 pts)


lambda_18/bar.xvg: 0.0 - 890.2; lambda = (0.5, 1)
    dH/dl & foreign lambdas:
        dH/dl (coul-lambda) (8903 pts)
        dH/dl (vdw-lambda) (8903 pts)
        delta H to (0.4, 1) (8903 pts)
        delta H to (0.5, 1) (8903 pts)
        delta H to (0.6, 1) (8903 pts)


lambda_19/bar.xvg: 0.0 - 892.6; lambda = (0.6, 1)
    dH/dl & foreign lambdas:
        dH/dl (coul-lambda) (8927 pts)
        dH/dl (vdw-lambda) (8927 pts)
        delta H to (0.5, 1) (8927 pts)
        delta H to (0.6, 1) (8927 pts)
        delta H to (0.7, 1) (8927 pts)


lambda_20/bar.xvg: 0.0 - 894.8; lambda = (0.7, 1)
    dH/dl & foreign lambdas:
        dH/dl (coul-lambda) (8949 pts)
        dH/dl (vdw-lambda) (8949 pts)
        delta H to (0.6, 1) (8949 pts)
        delta H to (0.7, 1) (8949 pts)
        delta H to (0.8, 1) (8949 pts)


lambda_21/bar.xvg: 0.0 - 896.7; lambda = (0.8, 1)
    dH/dl & foreign lambdas:
        dH/dl (coul-lambda) (8968 pts)
        dH/dl (vdw-lambda) (8968 pts)
        delta H to (0.7, 1) (8968 pts)
        delta H to (0.8, 1) (8968 pts)
        delta H to (0.9, 1) (8968 pts)


lambda_22/bar.xvg: 0.0 - 884.5; lambda = (0.9, 1)
    dH/dl & foreign lambdas:
        dH/dl (coul-lambda) (8846 pts)
        dH/dl (vdw-lambda) (8846 pts)
        delta H to (0.8, 1) (8846 pts)
        delta H to (0.9, 1) (8846 pts)
        delta H to (1, 1) (8846 pts)


lambda_23/bar.xvg: 0.0 - 883.5; lambda = (1, 1)
    dH/dl & foreign lambdas:
        dH/dl (coul-lambda) (8836 pts)
        dH/dl (vdw-lambda) (8836 pts)
        delta H to (0.9, 1) (8836 pts)
        delta H to (1, 1) (8836 pts)



   Samples in time interval: 0.000 - 897.400
Removing samples outside of: 100.000 - 897.400

Temperature: 300 K

Detailed results in kT (see help for explanation):

 lam_A  lam_B      DG   +/-     s_A   +/-     s_B   +/-   stdev   +/- 
     0      1   -4.18  0.00    0.02  0.00    0.02  0.00    0.18  0.00
     1      2   -3.30  0.00    0.01  0.00    0.02  0.00    0.18  0.00
     2      3   -1.67  0.01    0.05  0.01    0.05  0.01    0.30  0.00
     3      4    1.19  0.02    0.22  0.02    0.24  0.02    0.67  0.00
     4      5    5.22  0.03    1.45  0.05    1.68  0.08    1.89  0.04
     5      6    3.08  0.06    1.43  0.05    1.28  0.05    1.76  0.04
     6      7    2.00  0.08    1.52  0.06    1.02  0.05    1.63  0.03
     7      8    1.31  0.02    1.02  0.04    0.71  0.03    1.32  0.02
     8      9    0.88  0.02    0.87  0.03    0.61  0.01    1.20  0.01
     9     10    0.56  0.01    0.69  0.02    0.49  0.02    1.07  0.01
    10     11    0.33  0.02    0.62  0.03    0.44  0.02    1.00  0.01
    11     12    0.12  0.01    0.53  0.03    0.37  0.02    0.92  0.01
    12     13   -0.03  0.01    0.46  0.01    0.31  0.01    0.85  0.01
    13     14   -0.13  0.01    0.41  0.01    0.29  0.01    0.80  0.00
    14     15   -0.21  0.01    0.36  0.00    0.26  0.00    0.76  0.01
    15     16   -0.50  0.00    0.50  0.01    0.52  0.01    1.03  0.01
    16     17   -1.69  0.02    0.67  0.02    0.76  0.03    1.21  0.01
    17     18   -1.45  0.01    0.22  0.02    0.24  0.02    0.69  0.00
    18     19   -1.99  0.02    0.30  0.01    0.32  0.01    0.77  0.00
    19     20   -2.64  0.02    0.32  0.01    0.34  0.01    0.82  0.00
    20     21   -3.36  0.01    0.38  0.01    0.39  0.02    0.88  0.01
    21     22   -4.14  0.03    0.39  0.02    0.40  0.02    0.90  0.01
    22     23   -4.99  0.03    0.45  0.02    0.46  0.02    0.95  0.01


Final results in kJ/mol:

point      0 -      1,   DG -10.43 +/-  0.01
point      1 -      2,   DG -8.24 +/-  0.01
point      2 -      3,   DG -4.16 +/-  0.02
point      3 -      4,   DG  2.96 +/-  0.05
point      4 -      5,   DG 13.01 +/-  0.07
point      5 -      6,   DG  7.67 +/-  0.15
point      6 -      7,   DG  5.00 +/-  0.19
point      7 -      8,   DG  3.26 +/-  0.05
point      8 -      9,   DG  2.19 +/-  0.04
point      9 -     10,   DG  1.40 +/-  0.04
point     10 -     11,   DG  0.81 +/-  0.05
point     11 -     12,   DG  0.29 +/-  0.04
point     12 -     13,   DG -0.07 +/-  0.03
point     13 -     14,   DG -0.32 +/-  0.03
point     14 -     15,   DG -0.53 +/-  0.03
point     15 -     16,   DG -1.25 +/-  0.01
point     16 -     17,   DG -4.21 +/-  0.05
point     17 -     18,   DG -3.61 +/-  0.02
point     18 -     19,   DG -4.97 +/-  0.05
point     19 -     20,   DG -6.58 +/-  0.05
point     20 -     21,   DG -8.37 +/-  0.04
point     21 -     22,   DG -10.32 +/-  0.08
point     22 -     23,   DG -12.45 +/-  0.07

total      0 -     23,   DG -38.91 +/-  0.47

