lambda_00/bar.xvg: 0.0 - 984.8; lambda = (0, 0)
    dH/dl & foreign lambdas:
        dH/dl (coul-lambda) (9849 pts)
        dH/dl (vdw-lambda) (9849 pts)
        delta H to (0, 0) (9849 pts)
        delta H to (0, 0.1) (9849 pts)


lambda_01/bar.xvg: 0.0 - 984.8; lambda = (0, 0.1)
    dH/dl & foreign lambdas:
        dH/dl (coul-lambda) (9849 pts)
        dH/dl (vdw-lambda) (9849 pts)
        delta H to (0, 0) (9849 pts)
        delta H to (0, 0.1) (9849 pts)
        delta H to (0, 0.2) (9849 pts)


lambda_02/bar.xvg: 0.0 - 984.8; lambda = (0, 0.2)
    dH/dl & foreign lambdas:
        dH/dl (coul-lambda) (9849 pts)
        dH/dl (vdw-lambda) (9849 pts)
        delta H to (0, 0.1) (9849 pts)
        delta H to (0, 0.2) (9849 pts)
        delta H to (0, 0.3) (9849 pts)


lambda_03/bar.xvg: 0.0 - 987.3; lambda = (0, 0.3)
    dH/dl & foreign lambdas:
        dH/dl (coul-lambda) (9874 pts)
        dH/dl (vdw-lambda) (9874 pts)
        delta H to (0, 0.2) (9874 pts)
        delta H to (0, 0.3) (9874 pts)
        delta H to (0, 0.4) (9874 pts)


lambda_04/bar.xvg: 0.0 - 986.6; lambda = (0, 0.4)
    dH/dl & foreign lambdas:
        dH/dl (coul-lambda) (9867 pts)
        dH/dl (vdw-lambda) (9867 pts)
        delta H to (0, 0.3) (9867 pts)
        delta H to (0, 0.4) (9867 pts)
        delta H to (0, 0.5) (9867 pts)


lambda_05/bar.xvg: 0.0 - 986.7; lambda = (0, 0.5)
    dH/dl & foreign lambdas:
        dH/dl (coul-lambda) (9868 pts)
        dH/dl (vdw-lambda) (9868 pts)
        delta H to (0, 0.4) (9868 pts)
        delta H to (0, 0.5) (9868 pts)
        delta H to (0, 0.55) (9868 pts)


lambda_06/bar.xvg: 0.0 - 985.6; lambda = (0, 0.55)
    dH/dl & foreign lambdas:
        dH/dl (coul-lambda) (9857 pts)
        dH/dl (vdw-lambda) (9857 pts)
        delta H to (0, 0.5) (9857 pts)
        delta H to (0, 0.55) (9857 pts)
        delta H to (0, 0.6) (9857 pts)


lambda_07/bar.xvg: 0.0 - 984.8; lambda = (0, 0.6)
    dH/dl & foreign lambdas:
        dH/dl (coul-lambda) (9849 pts)
        dH/dl (vdw-lambda) (9849 pts)
        delta H to (0, 0.55) (9849 pts)
        delta H to (0, 0.6) (9849 pts)
        delta H to (0, 0.65) (9849 pts)


lambda_08/bar.xvg: 0.0 - 984.8; lambda = (0, 0.65)
    dH/dl & foreign lambdas:
        dH/dl (coul-lambda) (9849 pts)
        dH/dl (vdw-lambda) (9849 pts)
        delta H to (0, 0.6) (9849 pts)
        delta H to (0, 0.65) (9849 pts)
        delta H to (0, 0.7) (9849 pts)


lambda_09/bar.xvg: 0.0 - 984.8; lambda = (0, 0.7)
    dH/dl & foreign lambdas:
        dH/dl (coul-lambda) (9849 pts)
        dH/dl (vdw-lambda) (9849 pts)
        delta H to (0, 0.65) (9849 pts)
        delta H to (0, 0.7) (9849 pts)
        delta H to (0, 0.75) (9849 pts)


lambda_10/bar.xvg: 0.0 - 984.8; lambda = (0, 0.75)
    dH/dl & foreign lambdas:
        dH/dl (coul-lambda) (9849 pts)
        dH/dl (vdw-lambda) (9849 pts)
        delta H to (0, 0.7) (9849 pts)
        delta H to (0, 0.75) (9849 pts)
        delta H to (0, 0.8) (9849 pts)


lambda_11/bar.xvg: 0.0 - 988.1; lambda = (0, 0.8)
    dH/dl & foreign lambdas:
        dH/dl (coul-lambda) (9882 pts)
        dH/dl (vdw-lambda) (9882 pts)
        delta H to (0, 0.75) (9882 pts)
        delta H to (0, 0.8) (9882 pts)
        delta H to (0, 0.85) (9882 pts)


lambda_12/bar.xvg: 0.0 - 986.7; lambda = (0, 0.85)
    dH/dl & foreign lambdas:
        dH/dl (coul-lambda) (9868 pts)
        dH/dl (vdw-lambda) (9868 pts)
        delta H to (0, 0.8) (9868 pts)
        delta H to (0, 0.85) (9868 pts)
        delta H to (0, 0.9) (9868 pts)


lambda_13/bar.xvg: 0.0 - 986.1; lambda = (0, 0.9)
    dH/dl & foreign lambdas:
        dH/dl (coul-lambda) (9862 pts)
        dH/dl (vdw-lambda) (9862 pts)
        delta H to (0, 0.85) (9862 pts)
        delta H to (0, 0.9) (9862 pts)
        delta H to (0, 0.95) (9862 pts)


lambda_14/bar.xvg: 0.0 - 984.9; lambda = (0, 0.95)
    dH/dl & foreign lambdas:
        dH/dl (coul-lambda) (9850 pts)
        dH/dl (vdw-lambda) (9850 pts)
        delta H to (0, 0.9) (9850 pts)
        delta H to (0, 0.95) (9850 pts)
        delta H to (0, 1) (9850 pts)


lambda_15/bar.xvg: 0.0 - 984.8; lambda = (0, 1)
    dH/dl & foreign lambdas:
        dH/dl (coul-lambda) (9849 pts)
        dH/dl (vdw-lambda) (9849 pts)
        delta H to (0, 0.95) (9849 pts)
        delta H to (0, 1) (9849 pts)
        delta H to (0.2, 1) (9849 pts)


lambda_16/bar.xvg: 0.0 - 984.8; lambda = (0.2, 1)
    dH/dl & foreign lambdas:
        dH/dl (coul-lambda) (9849 pts)
        dH/dl (vdw-lambda) (9849 pts)
        delta H to (0, 1) (9849 pts)
        delta H to (0.2, 1) (9849 pts)
        delta H to (0.4, 1) (9849 pts)


lambda_17/bar.xvg: 0.0 - 984.8; lambda = (0.4, 1)
    dH/dl & foreign lambdas:
        dH/dl (coul-lambda) (9849 pts)
        dH/dl (vdw-lambda) (9849 pts)
        delta H to (0.2, 1) (9849 pts)
        delta H to (0.4, 1) (9849 pts)
        delta H to (0.5, 1) (9849 pts)


lambda_18/bar.xvg: 0.0 - 984.8; lambda = (0.5, 1)
    dH/dl & foreign lambdas:
        dH/dl (coul-lambda) (9849 pts)
        dH/dl (vdw-lambda) (9849 pts)
        delta H to (0.4, 1) (9849 pts)
        delta H to (0.5, 1) (9849 pts)
        delta H to (0.6, 1) (9849 pts)


lambda_19/bar.xvg: 0.0 - 984.8; lambda = (0.6, 1)
    dH/dl & foreign lambdas:
        dH/dl (coul-lambda) (9849 pts)
        dH/dl (vdw-lambda) (9849 pts)
        delta H to (0.5, 1) (9849 pts)
        delta H to (0.6, 1) (9849 pts)
        delta H to (0.7, 1) (9849 pts)


lambda_20/bar.xvg: 0.0 - 987.0; lambda = (0.7, 1)
    dH/dl & foreign lambdas:
        dH/dl (coul-lambda) (9871 pts)
        dH/dl (vdw-lambda) (9871 pts)
        delta H to (0.6, 1) (9871 pts)
        delta H to (0.7, 1) (9871 pts)
        delta H to (0.8, 1) (9871 pts)


lambda_21/bar.xvg: 0.0 - 984.8; lambda = (0.8, 1)
    dH/dl & foreign lambdas:
        dH/dl (coul-lambda) (9849 pts)
        dH/dl (vdw-lambda) (9849 pts)
        delta H to (0.7, 1) (9849 pts)
        delta H to (0.8, 1) (9849 pts)
        delta H to (0.9, 1) (9849 pts)


lambda_22/bar.xvg: 0.0 - 984.8; lambda = (0.9, 1)
    dH/dl & foreign lambdas:
        dH/dl (coul-lambda) (9849 pts)
        dH/dl (vdw-lambda) (9849 pts)
        delta H to (0.8, 1) (9849 pts)
        delta H to (0.9, 1) (9849 pts)
        delta H to (1, 1) (9849 pts)


lambda_23/bar.xvg: 0.0 - 984.8; lambda = (1, 1)
    dH/dl & foreign lambdas:
        dH/dl (coul-lambda) (9849 pts)
        dH/dl (vdw-lambda) (9849 pts)
        delta H to (0.9, 1) (9849 pts)
        delta H to (1, 1) (9849 pts)



   Samples in time interval: 0.000 - 988.100
Removing samples outside of: 100.000 - 988.100

Temperature: 300 K

Detailed results in kT (see help for explanation):

 lam_A  lam_B      DG   +/-     s_A   +/-     s_B   +/-   stdev   +/- 
     0      1   -6.83  0.01    0.03  0.01    0.03  0.01    0.24  0.00
     1      2   -5.39  0.00    0.02  0.00    0.02  0.00    0.23  0.00
     2      3   -2.74  0.01    0.06  0.00    0.07  0.00    0.38  0.00
     3      4    1.93  0.04    0.36  0.04    0.40  0.04    0.88  0.02
     4      5    8.21  0.13    2.57  0.08    2.94  0.06    2.81  0.04
     5      6    4.61  0.07    2.27  0.08    1.97  0.05    2.34  0.02
     6      7    2.91  0.05    2.39  0.07    1.53  0.05    2.11  0.04
     7      8    1.87  0.05    1.53  0.03    1.07  0.02    1.67  0.02
     8      9    1.24  0.05    1.31  0.03    0.91  0.02    1.52  0.02
     9     10    0.74  0.03    1.11  0.02    0.76  0.02    1.36  0.01
    10     11    0.37  0.02    0.92  0.02    0.64  0.01    1.24  0.01
    11     12    0.08  0.01    0.80  0.01    0.56  0.01    1.14  0.01
    12     13   -0.12  0.01    0.66  0.01    0.47  0.01    1.05  0.01
    13     14   -0.26  0.01    0.61  0.01    0.44  0.01    1.00  0.01
    14     15   -0.39  0.02    0.56  0.02    0.41  0.01    0.96  0.01
    15     16   -0.54  0.02    0.56  0.02    0.58  0.02    1.07  0.00
    16     17   -1.80  0.02    0.68  0.02    0.77  0.03    1.23  0.02
    17     18   -1.52  0.01    0.23  0.01    0.25  0.01    0.70  0.00
    18     19   -2.06  0.01    0.29  0.01    0.30  0.01    0.77  0.01
    19     20   -2.71  0.02    0.35  0.01    0.37  0.02    0.83  0.01
    20     21   -3.40  0.01    0.32  0.02    0.34  0.02    0.86  0.01
    21     22   -4.15  0.02    0.41  0.01    0.42  0.01    0.91  0.01
    22     23   -5.03  0.01    0.45  0.02    0.46  0.02    0.94  0.01


Final results in kJ/mol:

point      0 -      1,   DG -17.03 +/-  0.02
point      1 -      2,   DG -13.45 +/-  0.01
point      2 -      3,   DG -6.84 +/-  0.03
point      3 -      4,   DG  4.80 +/-  0.10
point      4 -      5,   DG 20.48 +/-  0.33
point      5 -      6,   DG 11.50 +/-  0.17
point      6 -      7,   DG  7.25 +/-  0.13
point      7 -      8,   DG  4.67 +/-  0.12
point      8 -      9,   DG  3.10 +/-  0.12
point      9 -     10,   DG  1.84 +/-  0.07
point     10 -     11,   DG  0.92 +/-  0.05
point     11 -     12,   DG  0.21 +/-  0.03
point     12 -     13,   DG -0.30 +/-  0.03
point     13 -     14,   DG -0.64 +/-  0.04
point     14 -     15,   DG -0.98 +/-  0.04
point     15 -     16,   DG -1.34 +/-  0.05
point     16 -     17,   DG -4.48 +/-  0.05
point     17 -     18,   DG -3.78 +/-  0.04
point     18 -     19,   DG -5.13 +/-  0.02
point     19 -     20,   DG -6.77 +/-  0.04
point     20 -     21,   DG -8.49 +/-  0.03
point     21 -     22,   DG -10.36 +/-  0.04
point     22 -     23,   DG -12.54 +/-  0.02

total      0 -     23,   DG -37.38 +/-  0.91

