lambda_00/bar.xvg: 0.0 - 921.0; lambda = (0, 0)
    dH/dl & foreign lambdas:
        dH/dl (coul-lambda) (9211 pts)
        dH/dl (vdw-lambda) (9211 pts)
        delta H to (0, 0) (9211 pts)
        delta H to (0, 0.1) (9211 pts)


lambda_01/bar.xvg: 0.0 - 917.7; lambda = (0, 0.1)
    dH/dl & foreign lambdas:
        dH/dl (coul-lambda) (9178 pts)
        dH/dl (vdw-lambda) (9178 pts)
        delta H to (0, 0) (9178 pts)
        delta H to (0, 0.1) (9178 pts)
        delta H to (0, 0.2) (9178 pts)


lambda_02/bar.xvg: 0.0 - 917.7; lambda = (0, 0.2)
    dH/dl & foreign lambdas:
        dH/dl (coul-lambda) (9178 pts)
        dH/dl (vdw-lambda) (9178 pts)
        delta H to (0, 0.1) (9178 pts)
        delta H to (0, 0.2) (9178 pts)
        delta H to (0, 0.3) (9178 pts)


lambda_03/bar.xvg: 0.0 - 919.5; lambda = (0, 0.3)
    dH/dl & foreign lambdas:
        dH/dl (coul-lambda) (9196 pts)
        dH/dl (vdw-lambda) (9196 pts)
        delta H to (0, 0.2) (9196 pts)
        delta H to (0, 0.3) (9196 pts)
        delta H to (0, 0.4) (9196 pts)


lambda_04/bar.xvg: 0.0 - 918.8; lambda = (0, 0.4)
    dH/dl & foreign lambdas:
        dH/dl (coul-lambda) (9189 pts)
        dH/dl (vdw-lambda) (9189 pts)
        delta H to (0, 0.3) (9189 pts)
        delta H to (0, 0.4) (9189 pts)
        delta H to (0, 0.5) (9189 pts)


lambda_05/bar.xvg: 0.0 - 919.2; lambda = (0, 0.5)
    dH/dl & foreign lambdas:
        dH/dl (coul-lambda) (9193 pts)
        dH/dl (vdw-lambda) (9193 pts)
        delta H to (0, 0.4) (9193 pts)
        delta H to (0, 0.5) (9193 pts)
        delta H to (0, 0.55) (9193 pts)


lambda_06/bar.xvg: 0.0 - 918.2; lambda = (0, 0.55)
    dH/dl & foreign lambdas:
        dH/dl (coul-lambda) (9183 pts)
        dH/dl (vdw-lambda) (9183 pts)
        delta H to (0, 0.5) (9183 pts)
        delta H to (0, 0.55) (9183 pts)
        delta H to (0, 0.6) (9183 pts)


lambda_07/bar.xvg: 0.0 - 916.1; lambda = (0, 0.6)
    dH/dl & foreign lambdas:
        dH/dl (coul-lambda) (9162 pts)
        dH/dl (vdw-lambda) (9162 pts)
        delta H to (0, 0.55) (9162 pts)
        delta H to (0, 0.6) (9162 pts)
        delta H to (0, 0.65) (9162 pts)


lambda_08/bar.xvg: 0.0 - 914.3; lambda = (0, 0.65)
    dH/dl & foreign lambdas:
        dH/dl (coul-lambda) (9144 pts)
        dH/dl (vdw-lambda) (9144 pts)
        delta H to (0, 0.6) (9144 pts)
        delta H to (0, 0.65) (9144 pts)
        delta H to (0, 0.7) (9144 pts)


lambda_09/bar.xvg: 0.0 - 925.3; lambda = (0, 0.7)
    dH/dl & foreign lambdas:
        dH/dl (coul-lambda) (9254 pts)
        dH/dl (vdw-lambda) (9254 pts)
        delta H to (0, 0.65) (9254 pts)
        delta H to (0, 0.7) (9254 pts)
        delta H to (0, 0.75) (9254 pts)


lambda_10/bar.xvg: 0.0 - 923.1; lambda = (0, 0.75)
    dH/dl & foreign lambdas:
        dH/dl (coul-lambda) (9232 pts)
        dH/dl (vdw-lambda) (9232 pts)
        delta H to (0, 0.7) (9232 pts)
        delta H to (0, 0.75) (9232 pts)
        delta H to (0, 0.8) (9232 pts)


lambda_11/bar.xvg: 0.0 - 921.1; lambda = (0, 0.8)
    dH/dl & foreign lambdas:
        dH/dl (coul-lambda) (9212 pts)
        dH/dl (vdw-lambda) (9212 pts)
        delta H to (0, 0.75) (9212 pts)
        delta H to (0, 0.8) (9212 pts)
        delta H to (0, 0.85) (9212 pts)


lambda_12/bar.xvg: 0.0 - 919.9; lambda = (0, 0.85)
    dH/dl & foreign lambdas:
        dH/dl (coul-lambda) (9200 pts)
        dH/dl (vdw-lambda) (9200 pts)
        delta H to (0, 0.8) (9200 pts)
        delta H to (0, 0.85) (9200 pts)
        delta H to (0, 0.9) (9200 pts)


lambda_13/bar.xvg: 0.0 - 919.4; lambda = (0, 0.9)
    dH/dl & foreign lambdas:
        dH/dl (coul-lambda) (9195 pts)
        dH/dl (vdw-lambda) (9195 pts)
        delta H to (0, 0.85) (9195 pts)
        delta H to (0, 0.9) (9195 pts)
        delta H to (0, 0.95) (9195 pts)


lambda_14/bar.xvg: 0.0 - 918.3; lambda = (0, 0.95)
    dH/dl & foreign lambdas:
        dH/dl (coul-lambda) (9184 pts)
        dH/dl (vdw-lambda) (9184 pts)
        delta H to (0, 0.9) (9184 pts)
        delta H to (0, 0.95) (9184 pts)
        delta H to (0, 1) (9184 pts)


lambda_15/bar.xvg: 0.0 - 918.0; lambda = (0, 1)
    dH/dl & foreign lambdas:
        dH/dl (coul-lambda) (9181 pts)
        dH/dl (vdw-lambda) (9181 pts)
        delta H to (0, 0.95) (9181 pts)
        delta H to (0, 1) (9181 pts)
        delta H to (0.2, 1) (9181 pts)


lambda_16/bar.xvg: 0.0 - 923.4; lambda = (0.2, 1)
    dH/dl & foreign lambdas:
        dH/dl (coul-lambda) (9235 pts)
        dH/dl (vdw-lambda) (9235 pts)
        delta H to (0, 1) (9235 pts)
        delta H to (0.2, 1) (9235 pts)
        delta H to (0.4, 1) (9235 pts)


lambda_17/bar.xvg: 0.0 - 927.3; lambda = (0.4, 1)
    dH/dl & foreign lambdas:
        dH/dl (coul-lambda) (9274 pts)
        dH/dl (vdw-lambda) (9274 pts)
        delta H to (0.2, 1) (9274 pts)
        delta H to (0.4, 1) (9274 pts)
        delta H to (0.5, 1) (9274 pts)


lambda_18/bar.xvg: 0.0 - 915.8; lambda = (0.5, 1)
    dH/dl & foreign lambdas:
        dH/dl (coul-lambda) (9159 pts)
        dH/dl (vdw-lambda) (9159 pts)
        delta H to (0.4, 1) (9159 pts)
        delta H to (0.5, 1) (9159 pts)
        delta H to (0.6, 1) (9159 pts)


lambda_19/bar.xvg: 0.0 - 917.9; lambda = (0.6, 1)
    dH/dl & foreign lambdas:
        dH/dl (coul-lambda) (9180 pts)
        dH/dl (vdw-lambda) (9180 pts)
        delta H to (0.5, 1) (9180 pts)
        delta H to (0.6, 1) (9180 pts)
        delta H to (0.7, 1) (9180 pts)


lambda_20/bar.xvg: 0.0 - 919.9; lambda = (0.7, 1)
    dH/dl & foreign lambdas:
        dH/dl (coul-lambda) (9200 pts)
        dH/dl (vdw-lambda) (9200 pts)
        delta H to (0.6, 1) (9200 pts)
        delta H to (0.7, 1) (9200 pts)
        delta H to (0.8, 1) (9200 pts)


lambda_21/bar.xvg: 0.0 - 921.9; lambda = (0.8, 1)
    dH/dl & foreign lambdas:
        dH/dl (coul-lambda) (9220 pts)
        dH/dl (vdw-lambda) (9220 pts)
        delta H to (0.7, 1) (9220 pts)
        delta H to (0.8, 1) (9220 pts)
        delta H to (0.9, 1) (9220 pts)


lambda_22/bar.xvg: 0.0 - 923.7; lambda = (0.9, 1)
    dH/dl & foreign lambdas:
        dH/dl (coul-lambda) (9238 pts)
        dH/dl (vdw-lambda) (9238 pts)
        delta H to (0.8, 1) (9238 pts)
        delta H to (0.9, 1) (9238 pts)
        delta H to (1, 1) (9238 pts)


lambda_23/bar.xvg: 0.0 - 915.5; lambda = (1, 1)
    dH/dl & foreign lambdas:
        dH/dl (coul-lambda) (9156 pts)
        dH/dl (vdw-lambda) (9156 pts)
        delta H to (0.9, 1) (9156 pts)
        delta H to (1, 1) (9156 pts)



   Samples in time interval: 0.000 - 927.300
Removing samples outside of: 100.000 - 927.300

Temperature: 300 K

Detailed results in kT (see help for explanation):

 lam_A  lam_B      DG   +/-     s_A   +/-     s_B   +/-   stdev   +/- 
     0      1   -6.82  0.00    0.03  0.00    0.03  0.00    0.23  0.00
     1      2   -5.39  0.00    0.02  0.00    0.02  0.00    0.23  0.00
     2      3   -2.74  0.00    0.08  0.01    0.08  0.01    0.39  0.00
     3      4    1.90  0.03    0.36  0.04    0.39  0.04    0.88  0.01
     4      5    8.35  0.15    2.41  0.03    2.86  0.03    2.68  0.03
     5      6    4.72  0.10    2.36  0.06    2.00  0.04    2.39  0.03
     6      7    3.01  0.06    2.42  0.09    1.60  0.05    2.13  0.04
     7      8    1.88  0.03    1.59  0.05    1.10  0.04    1.70  0.02
     8      9    1.22  0.04    1.30  0.04    0.91  0.02    1.51  0.02
     9     10    0.71  0.01    1.12  0.04    0.77  0.02    1.37  0.02
    10     11    0.34  0.02    0.91  0.01    0.63  0.01    1.23  0.01
    11     12    0.08  0.01    0.79  0.02    0.55  0.01    1.14  0.01
    12     13   -0.11  0.02    0.70  0.00    0.48  0.00    1.07  0.00
    13     14   -0.29  0.01    0.65  0.01    0.46  0.01    1.01  0.00
    14     15   -0.44  0.01    0.54  0.01    0.39  0.01    0.94  0.00
    15     16   -0.53  0.01    0.52  0.01    0.55  0.01    1.05  0.01
    16     17   -1.80  0.02    0.72  0.02    0.81  0.02    1.24  0.01
    17     18   -1.53  0.01    0.23  0.02    0.24  0.02    0.70  0.00
    18     19   -2.06  0.01    0.29  0.01    0.30  0.01    0.76  0.00
    19     20   -2.66  0.01    0.31  0.01    0.32  0.01    0.80  0.00
    20     21   -3.31  0.01    0.33  0.02    0.34  0.02    0.84  0.01
    21     22   -4.04  0.01    0.40  0.02    0.40  0.02    0.89  0.01
    22     23   -4.83  0.03    0.39  0.03    0.39  0.03    0.91  0.01


Final results in kJ/mol:

point      0 -      1,   DG -17.00 +/-  0.01
point      1 -      2,   DG -13.45 +/-  0.01
point      2 -      3,   DG -6.84 +/-  0.01
point      3 -      4,   DG  4.74 +/-  0.06
point      4 -      5,   DG 20.83 +/-  0.36
point      5 -      6,   DG 11.79 +/-  0.26
point      6 -      7,   DG  7.50 +/-  0.15
point      7 -      8,   DG  4.68 +/-  0.08
point      8 -      9,   DG  3.05 +/-  0.10
point      9 -     10,   DG  1.78 +/-  0.03
point     10 -     11,   DG  0.84 +/-  0.04
point     11 -     12,   DG  0.20 +/-  0.03
point     12 -     13,   DG -0.28 +/-  0.04
point     13 -     14,   DG -0.72 +/-  0.03
point     14 -     15,   DG -1.10 +/-  0.02
point     15 -     16,   DG -1.33 +/-  0.03
point     16 -     17,   DG -4.48 +/-  0.04
point     17 -     18,   DG -3.81 +/-  0.03
point     18 -     19,   DG -5.13 +/-  0.03
point     19 -     20,   DG -6.65 +/-  0.03
point     20 -     21,   DG -8.25 +/-  0.02
point     21 -     22,   DG -10.08 +/-  0.04
point     22 -     23,   DG -12.05 +/-  0.08

total      0 -     23,   DG -35.77 +/-  0.93

