lambda_00/bar.xvg: 0.0 - 920.9; lambda = (0, 0)
    dH/dl & foreign lambdas:
        dH/dl (coul-lambda) (9210 pts)
        dH/dl (vdw-lambda) (9210 pts)
        delta H to (0, 0) (9210 pts)
        delta H to (0, 0.1) (9210 pts)


lambda_01/bar.xvg: 0.0 - 918.0; lambda = (0, 0.1)
    dH/dl & foreign lambdas:
        dH/dl (coul-lambda) (9181 pts)
        dH/dl (vdw-lambda) (9181 pts)
        delta H to (0, 0) (9181 pts)
        delta H to (0, 0.1) (9181 pts)
        delta H to (0, 0.2) (9181 pts)


lambda_02/bar.xvg: 0.0 - 917.6; lambda = (0, 0.2)
    dH/dl & foreign lambdas:
        dH/dl (coul-lambda) (9177 pts)
        dH/dl (vdw-lambda) (9177 pts)
        delta H to (0, 0.1) (9177 pts)
        delta H to (0, 0.2) (9177 pts)
        delta H to (0, 0.3) (9177 pts)


lambda_03/bar.xvg: 0.0 - 919.5; lambda = (0, 0.3)
    dH/dl & foreign lambdas:
        dH/dl (coul-lambda) (9196 pts)
        dH/dl (vdw-lambda) (9196 pts)
        delta H to (0, 0.2) (9196 pts)
        delta H to (0, 0.3) (9196 pts)
        delta H to (0, 0.4) (9196 pts)


lambda_04/bar.xvg: 0.0 - 919.0; lambda = (0, 0.4)
    dH/dl & foreign lambdas:
        dH/dl (coul-lambda) (9191 pts)
        dH/dl (vdw-lambda) (9191 pts)
        delta H to (0, 0.3) (9191 pts)
        delta H to (0, 0.4) (9191 pts)
        delta H to (0, 0.5) (9191 pts)


lambda_05/bar.xvg: 0.0 - 918.9; lambda = (0, 0.5)
    dH/dl & foreign lambdas:
        dH/dl (coul-lambda) (9190 pts)
        dH/dl (vdw-lambda) (9190 pts)
        delta H to (0, 0.4) (9190 pts)
        delta H to (0, 0.5) (9190 pts)
        delta H to (0, 0.55) (9190 pts)


lambda_06/bar.xvg: 0.0 - 917.9; lambda = (0, 0.55)
    dH/dl & foreign lambdas:
        dH/dl (coul-lambda) (9180 pts)
        dH/dl (vdw-lambda) (9180 pts)
        delta H to (0, 0.5) (9180 pts)
        delta H to (0, 0.55) (9180 pts)
        delta H to (0, 0.6) (9180 pts)


lambda_07/bar.xvg: 0.0 - 916.7; lambda = (0, 0.6)
    dH/dl & foreign lambdas:
        dH/dl (coul-lambda) (9168 pts)
        dH/dl (vdw-lambda) (9168 pts)
        delta H to (0, 0.55) (9168 pts)
        delta H to (0, 0.6) (9168 pts)
        delta H to (0, 0.65) (9168 pts)


lambda_08/bar.xvg: 0.0 - 915.1; lambda = (0, 0.65)
    dH/dl & foreign lambdas:
        dH/dl (coul-lambda) (9152 pts)
        dH/dl (vdw-lambda) (9152 pts)
        delta H to (0, 0.6) (9152 pts)
        delta H to (0, 0.65) (9152 pts)
        delta H to (0, 0.7) (9152 pts)


lambda_09/bar.xvg: 0.0 - 913.2; lambda = (0, 0.7)
    dH/dl & foreign lambdas:
        dH/dl (coul-lambda) (9133 pts)
        dH/dl (vdw-lambda) (9133 pts)
        delta H to (0, 0.65) (9133 pts)
        delta H to (0, 0.7) (9133 pts)
        delta H to (0, 0.75) (9133 pts)


lambda_10/bar.xvg: 0.0 - 923.8; lambda = (0, 0.75)
    dH/dl & foreign lambdas:
        dH/dl (coul-lambda) (9239 pts)
        dH/dl (vdw-lambda) (9239 pts)
        delta H to (0, 0.7) (9239 pts)
        delta H to (0, 0.75) (9239 pts)
        delta H to (0, 0.8) (9239 pts)


lambda_11/bar.xvg: 0.0 - 921.8; lambda = (0, 0.8)
    dH/dl & foreign lambdas:
        dH/dl (coul-lambda) (9219 pts)
        dH/dl (vdw-lambda) (9219 pts)
        delta H to (0, 0.75) (9219 pts)
        delta H to (0, 0.8) (9219 pts)
        delta H to (0, 0.85) (9219 pts)


lambda_12/bar.xvg: 0.0 - 920.9; lambda = (0, 0.85)
    dH/dl & foreign lambdas:
        dH/dl (coul-lambda) (9210 pts)
        dH/dl (vdw-lambda) (9210 pts)
        delta H to (0, 0.8) (9210 pts)
        delta H to (0, 0.85) (9210 pts)
        delta H to (0, 0.9) (9210 pts)


lambda_13/bar.xvg: 0.0 - 919.3; lambda = (0, 0.9)
    dH/dl & foreign lambdas:
        dH/dl (coul-lambda) (9194 pts)
        dH/dl (vdw-lambda) (9194 pts)
        delta H to (0, 0.85) (9194 pts)
        delta H to (0, 0.9) (9194 pts)
        delta H to (0, 0.95) (9194 pts)


lambda_14/bar.xvg: 0.0 - 918.6; lambda = (0, 0.95)
    dH/dl & foreign lambdas:
        dH/dl (coul-lambda) (9187 pts)
        dH/dl (vdw-lambda) (9187 pts)
        delta H to (0, 0.9) (9187 pts)
        delta H to (0, 0.95) (9187 pts)
        delta H to (0, 1) (9187 pts)


lambda_15/bar.xvg: 0.0 - 918.6; lambda = (0, 1)
    dH/dl & foreign lambdas:
        dH/dl (coul-lambda) (9187 pts)
        dH/dl (vdw-lambda) (9187 pts)
        delta H to (0, 0.95) (9187 pts)
        delta H to (0, 1) (9187 pts)
        delta H to (0.2, 1) (9187 pts)


lambda_16/bar.xvg: 0.0 - 923.4; lambda = (0.2, 1)
    dH/dl & foreign lambdas:
        dH/dl (coul-lambda) (9235 pts)
        dH/dl (vdw-lambda) (9235 pts)
        delta H to (0, 1) (9235 pts)
        delta H to (0.2, 1) (9235 pts)
        delta H to (0.4, 1) (9235 pts)


lambda_17/bar.xvg: 0.0 - 914.3; lambda = (0.4, 1)
    dH/dl & foreign lambdas:
        dH/dl (coul-lambda) (9144 pts)
        dH/dl (vdw-lambda) (9144 pts)
        delta H to (0.2, 1) (9144 pts)
        delta H to (0.4, 1) (9144 pts)
        delta H to (0.5, 1) (9144 pts)


lambda_18/bar.xvg: 0.0 - 916.0; lambda = (0.5, 1)
    dH/dl & foreign lambdas:
        dH/dl (coul-lambda) (9161 pts)
        dH/dl (vdw-lambda) (9161 pts)
        delta H to (0.4, 1) (9161 pts)
        delta H to (0.5, 1) (9161 pts)
        delta H to (0.6, 1) (9161 pts)


lambda_19/bar.xvg: 0.0 - 918.1; lambda = (0.6, 1)
    dH/dl & foreign lambdas:
        dH/dl (coul-lambda) (9182 pts)
        dH/dl (vdw-lambda) (9182 pts)
        delta H to (0.5, 1) (9182 pts)
        delta H to (0.6, 1) (9182 pts)
        delta H to (0.7, 1) (9182 pts)


lambda_20/bar.xvg: 0.0 - 920.0; lambda = (0.7, 1)
    dH/dl & foreign lambdas:
        dH/dl (coul-lambda) (9201 pts)
        dH/dl (vdw-lambda) (9201 pts)
        delta H to (0.6, 1) (9201 pts)
        delta H to (0.7, 1) (9201 pts)
        delta H to (0.8, 1) (9201 pts)


lambda_21/bar.xvg: 0.0 - 922.4; lambda = (0.8, 1)
    dH/dl & foreign lambdas:
        dH/dl (coul-lambda) (9225 pts)
        dH/dl (vdw-lambda) (9225 pts)
        delta H to (0.7, 1) (9225 pts)
        delta H to (0.8, 1) (9225 pts)
        delta H to (0.9, 1) (9225 pts)


lambda_22/bar.xvg: 0.0 - 924.2; lambda = (0.9, 1)
    dH/dl & foreign lambdas:
        dH/dl (coul-lambda) (9243 pts)
        dH/dl (vdw-lambda) (9243 pts)
        delta H to (0.8, 1) (9243 pts)
        delta H to (0.9, 1) (9243 pts)
        delta H to (1, 1) (9243 pts)


lambda_23/bar.xvg: 0.0 - 915.9; lambda = (1, 1)
    dH/dl & foreign lambdas:
        dH/dl (coul-lambda) (9160 pts)
        dH/dl (vdw-lambda) (9160 pts)
        delta H to (0.9, 1) (9160 pts)
        delta H to (1, 1) (9160 pts)



   Samples in time interval: 0.000 - 924.200
Removing samples outside of: 100.000 - 924.200

Temperature: 300 K

Detailed results in kT (see help for explanation):

 lam_A  lam_B      DG   +/-     s_A   +/-     s_B   +/-   stdev   +/- 
     0      1   -7.29  0.01    0.03  0.01    0.03  0.01    0.25  0.00
     1      2   -5.76  0.01    0.03  0.01    0.03  0.01    0.24  0.00
     2      3   -2.92  0.01    0.10  0.01    0.10  0.01    0.39  0.00
     3      4    2.06  0.00    0.34  0.01    0.39  0.02    0.88  0.01
     4      5    8.98  0.05    2.63  0.05    3.16  0.08    2.91  0.03
     5      6    4.97  0.01    2.54  0.06    2.13  0.06    2.48  0.04
     6      7    3.15  0.04    2.52  0.07    1.65  0.06    2.21  0.03
     7      8    1.96  0.02    1.71  0.06    1.15  0.03    1.72  0.03
     8      9    1.30  0.01    1.33  0.02    0.96  0.02    1.54  0.01
     9     10    0.76  0.03    1.14  0.03    0.80  0.01    1.40  0.01
    10     11    0.34  0.03    0.97  0.02    0.68  0.02    1.27  0.01
    11     12    0.09  0.01    0.76  0.02    0.53  0.02    1.14  0.01
    12     13   -0.10  0.01    0.76  0.01    0.54  0.01    1.10  0.00
    13     14   -0.31  0.01    0.64  0.01    0.45  0.01    1.01  0.00
    14     15   -0.44  0.01    0.56  0.01    0.41  0.00    0.96  0.01
    15     16   -0.52  0.02    0.57  0.01    0.59  0.01    1.09  0.01
    16     17   -1.87  0.03    0.76  0.01    0.86  0.01    1.28  0.01
    17     18   -1.61  0.01    0.25  0.01    0.26  0.01    0.72  0.01
    18     19   -2.14  0.01    0.27  0.01    0.28  0.01    0.77  0.00
    19     20   -2.78  0.01    0.36  0.02    0.37  0.02    0.84  0.01
    20     21   -3.57  0.02    0.41  0.03    0.43  0.03    0.91  0.01
    21     22   -4.42  0.02    0.43  0.02    0.44  0.02    0.95  0.01
    22     23   -5.29  0.02    0.43  0.03    0.44  0.03    0.96  0.01


Final results in kJ/mol:

point      0 -      1,   DG -18.19 +/-  0.02
point      1 -      2,   DG -14.36 +/-  0.02
point      2 -      3,   DG -7.29 +/-  0.02
point      3 -      4,   DG  5.13 +/-  0.01
point      4 -      5,   DG 22.40 +/-  0.12
point      5 -      6,   DG 12.40 +/-  0.04
point      6 -      7,   DG  7.86 +/-  0.09
point      7 -      8,   DG  4.89 +/-  0.06
point      8 -      9,   DG  3.24 +/-  0.02
point      9 -     10,   DG  1.90 +/-  0.07
point     10 -     11,   DG  0.86 +/-  0.07
point     11 -     12,   DG  0.22 +/-  0.03
point     12 -     13,   DG -0.26 +/-  0.03
point     13 -     14,   DG -0.78 +/-  0.03
point     14 -     15,   DG -1.11 +/-  0.02
point     15 -     16,   DG -1.29 +/-  0.04
point     16 -     17,   DG -4.66 +/-  0.07
point     17 -     18,   DG -4.01 +/-  0.02
point     18 -     19,   DG -5.34 +/-  0.02
point     19 -     20,   DG -6.94 +/-  0.04
point     20 -     21,   DG -8.89 +/-  0.04
point     21 -     22,   DG -11.02 +/-  0.05
point     22 -     23,   DG -13.20 +/-  0.05

total      0 -     23,   DG -38.44 +/-  0.19

