lambda_00/bar.xvg: 0.0 - 953.0; lambda = (0, 0)
    dH/dl & foreign lambdas:
        dH/dl (coul-lambda) (9531 pts)
        dH/dl (vdw-lambda) (9531 pts)
        delta H to (0, 0) (9531 pts)
        delta H to (0, 0.1) (9531 pts)


lambda_01/bar.xvg: 0.0 - 957.6; lambda = (0, 0.1)
    dH/dl & foreign lambdas:
        dH/dl (coul-lambda) (9577 pts)
        dH/dl (vdw-lambda) (9577 pts)
        delta H to (0, 0) (9577 pts)
        delta H to (0, 0.1) (9577 pts)
        delta H to (0, 0.2) (9577 pts)


lambda_02/bar.xvg: 0.0 - 957.8; lambda = (0, 0.2)
    dH/dl & foreign lambdas:
        dH/dl (coul-lambda) (9579 pts)
        dH/dl (vdw-lambda) (9579 pts)
        delta H to (0, 0.1) (9579 pts)
        delta H to (0, 0.2) (9579 pts)
        delta H to (0, 0.3) (9579 pts)


lambda_03/bar.xvg: 0.0 - 960.2; lambda = (0, 0.3)
    dH/dl & foreign lambdas:
        dH/dl (coul-lambda) (9603 pts)
        dH/dl (vdw-lambda) (9603 pts)
        delta H to (0, 0.2) (9603 pts)
        delta H to (0, 0.3) (9603 pts)
        delta H to (0, 0.4) (9603 pts)


lambda_04/bar.xvg: 0.0 - 959.6; lambda = (0, 0.4)
    dH/dl & foreign lambdas:
        dH/dl (coul-lambda) (9597 pts)
        dH/dl (vdw-lambda) (9597 pts)
        delta H to (0, 0.3) (9597 pts)
        delta H to (0, 0.4) (9597 pts)
        delta H to (0, 0.5) (9597 pts)


lambda_05/bar.xvg: 0.0 - 959.9; lambda = (0, 0.5)
    dH/dl & foreign lambdas:
        dH/dl (coul-lambda) (9600 pts)
        dH/dl (vdw-lambda) (9600 pts)
        delta H to (0, 0.4) (9600 pts)
        delta H to (0, 0.5) (9600 pts)
        delta H to (0, 0.55) (9600 pts)


lambda_06/bar.xvg: 0.0 - 958.5; lambda = (0, 0.55)
    dH/dl & foreign lambdas:
        dH/dl (coul-lambda) (9586 pts)
        dH/dl (vdw-lambda) (9586 pts)
        delta H to (0, 0.5) (9586 pts)
        delta H to (0, 0.55) (9586 pts)
        delta H to (0, 0.6) (9586 pts)


lambda_07/bar.xvg: 0.0 - 957.0; lambda = (0, 0.6)
    dH/dl & foreign lambdas:
        dH/dl (coul-lambda) (9571 pts)
        dH/dl (vdw-lambda) (9571 pts)
        delta H to (0, 0.55) (9571 pts)
        delta H to (0, 0.6) (9571 pts)
        delta H to (0, 0.65) (9571 pts)


lambda_08/bar.xvg: 0.0 - 955.2; lambda = (0, 0.65)
    dH/dl & foreign lambdas:
        dH/dl (coul-lambda) (9553 pts)
        dH/dl (vdw-lambda) (9553 pts)
        delta H to (0, 0.6) (9553 pts)
        delta H to (0, 0.65) (9553 pts)
        delta H to (0, 0.7) (9553 pts)


lambda_09/bar.xvg: 0.0 - 966.5; lambda = (0, 0.7)
    dH/dl & foreign lambdas:
        dH/dl (coul-lambda) (9666 pts)
        dH/dl (vdw-lambda) (9666 pts)
        delta H to (0, 0.65) (9666 pts)
        delta H to (0, 0.7) (9666 pts)
        delta H to (0, 0.75) (9666 pts)


lambda_10/bar.xvg: 0.0 - 964.7; lambda = (0, 0.75)
    dH/dl & foreign lambdas:
        dH/dl (coul-lambda) (9648 pts)
        dH/dl (vdw-lambda) (9648 pts)
        delta H to (0, 0.7) (9648 pts)
        delta H to (0, 0.75) (9648 pts)
        delta H to (0, 0.8) (9648 pts)


lambda_11/bar.xvg: 0.0 - 962.4; lambda = (0, 0.8)
    dH/dl & foreign lambdas:
        dH/dl (coul-lambda) (9625 pts)
        dH/dl (vdw-lambda) (9625 pts)
        delta H to (0, 0.75) (9625 pts)
        delta H to (0, 0.8) (9625 pts)
        delta H to (0, 0.85) (9625 pts)


lambda_12/bar.xvg: 0.0 - 960.9; lambda = (0, 0.85)
    dH/dl & foreign lambdas:
        dH/dl (coul-lambda) (9610 pts)
        dH/dl (vdw-lambda) (9610 pts)
        delta H to (0, 0.8) (9610 pts)
        delta H to (0, 0.85) (9610 pts)
        delta H to (0, 0.9) (9610 pts)


lambda_13/bar.xvg: 0.0 - 959.8; lambda = (0, 0.9)
    dH/dl & foreign lambdas:
        dH/dl (coul-lambda) (9599 pts)
        dH/dl (vdw-lambda) (9599 pts)
        delta H to (0, 0.85) (9599 pts)
        delta H to (0, 0.9) (9599 pts)
        delta H to (0, 0.95) (9599 pts)


lambda_14/bar.xvg: 0.0 - 958.8; lambda = (0, 0.95)
    dH/dl & foreign lambdas:
        dH/dl (coul-lambda) (9589 pts)
        dH/dl (vdw-lambda) (9589 pts)
        delta H to (0, 0.9) (9589 pts)
        delta H to (0, 0.95) (9589 pts)
        delta H to (0, 1) (9589 pts)


lambda_15/bar.xvg: 0.0 - 957.9; lambda = (0, 1)
    dH/dl & foreign lambdas:
        dH/dl (coul-lambda) (9580 pts)
        dH/dl (vdw-lambda) (9580 pts)
        delta H to (0, 0.95) (9580 pts)
        delta H to (0, 1) (9580 pts)
        delta H to (0.2, 1) (9580 pts)


lambda_16/bar.xvg: 0.0 - 962.9; lambda = (0.2, 1)
    dH/dl & foreign lambdas:
        dH/dl (coul-lambda) (9630 pts)
        dH/dl (vdw-lambda) (9630 pts)
        delta H to (0, 1) (9630 pts)
        delta H to (0.2, 1) (9630 pts)
        delta H to (0.4, 1) (9630 pts)


lambda_17/bar.xvg: 0.0 - 966.8; lambda = (0.4, 1)
    dH/dl & foreign lambdas:
        dH/dl (coul-lambda) (9669 pts)
        dH/dl (vdw-lambda) (9669 pts)
        delta H to (0.2, 1) (9669 pts)
        delta H to (0.4, 1) (9669 pts)
        delta H to (0.5, 1) (9669 pts)


lambda_18/bar.xvg: 0.0 - 955.7; lambda = (0.5, 1)
    dH/dl & foreign lambdas:
        dH/dl (coul-lambda) (9558 pts)
        dH/dl (vdw-lambda) (9558 pts)
        delta H to (0.4, 1) (9558 pts)
        delta H to (0.5, 1) (9558 pts)
        delta H to (0.6, 1) (9558 pts)


lambda_19/bar.xvg: 0.0 - 957.8; lambda = (0.6, 1)
    dH/dl & foreign lambdas:
        dH/dl (coul-lambda) (9579 pts)
        dH/dl (vdw-lambda) (9579 pts)
        delta H to (0.5, 1) (9579 pts)
        delta H to (0.6, 1) (9579 pts)
        delta H to (0.7, 1) (9579 pts)


lambda_20/bar.xvg: 0.0 - 959.9; lambda = (0.7, 1)
    dH/dl & foreign lambdas:
        dH/dl (coul-lambda) (9600 pts)
        dH/dl (vdw-lambda) (9600 pts)
        delta H to (0.6, 1) (9600 pts)
        delta H to (0.7, 1) (9600 pts)
        delta H to (0.8, 1) (9600 pts)


lambda_21/bar.xvg: 0.0 - 962.0; lambda = (0.8, 1)
    dH/dl & foreign lambdas:
        dH/dl (coul-lambda) (9621 pts)
        dH/dl (vdw-lambda) (9621 pts)
        delta H to (0.7, 1) (9621 pts)
        delta H to (0.8, 1) (9621 pts)
        delta H to (0.9, 1) (9621 pts)


lambda_22/bar.xvg: 0.0 - 963.9; lambda = (0.9, 1)
    dH/dl & foreign lambdas:
        dH/dl (coul-lambda) (9640 pts)
        dH/dl (vdw-lambda) (9640 pts)
        delta H to (0.8, 1) (9640 pts)
        delta H to (0.9, 1) (9640 pts)
        delta H to (1, 1) (9640 pts)


lambda_23/bar.xvg: 0.0 - 964.7; lambda = (1, 1)
    dH/dl & foreign lambdas:
        dH/dl (coul-lambda) (9648 pts)
        dH/dl (vdw-lambda) (9648 pts)
        delta H to (0.9, 1) (9648 pts)
        delta H to (1, 1) (9648 pts)



   Samples in time interval: 0.000 - 966.800
Removing samples outside of: 100.000 - 966.800

Temperature: 300 K

Detailed results in kT (see help for explanation):

 lam_A  lam_B      DG   +/-     s_A   +/-     s_B   +/-   stdev   +/- 
     0      1   -7.29  0.01    0.03  0.01    0.03  0.01    0.24  0.00
     1      2   -5.76  0.01    0.02  0.01    0.02  0.01    0.24  0.00
     2      3   -2.91  0.01    0.08  0.01    0.08  0.01    0.38  0.00
     3      4    2.07  0.03    0.37  0.02    0.40  0.02    0.89  0.01
     4      5    8.91  0.04    2.70  0.10    3.09  0.15    2.85  0.09
     5      6    5.19  0.06    2.34  0.12    2.05  0.10    2.42  0.07
     6      7    3.43  0.07    2.73  0.11    1.80  0.06    2.32  0.06
     7      8    2.08  0.07    1.80  0.04    1.26  0.03    1.82  0.03
     8      9    1.32  0.04    1.36  0.05    0.96  0.03    1.56  0.02
     9     10    0.83  0.01    1.16  0.04    0.80  0.02    1.42  0.01
    10     11    0.43  0.01    1.04  0.04    0.73  0.02    1.31  0.02
    11     12    0.11  0.01    0.85  0.03    0.59  0.02    1.18  0.01
    12     13   -0.11  0.01    0.75  0.01    0.53  0.00    1.11  0.01
    13     14   -0.29  0.01    0.68  0.01    0.48  0.01    1.05  0.00
    14     15   -0.43  0.01    0.59  0.02    0.42  0.02    0.99  0.01
    15     16   -0.52  0.02    0.54  0.03    0.57  0.03    1.05  0.01
    16     17   -1.76  0.02    0.67  0.02    0.76  0.03    1.21  0.01
    17     18   -1.51  0.02    0.25  0.01    0.27  0.02    0.70  0.01
    18     19   -2.02  0.02    0.25  0.02    0.26  0.02    0.74  0.00
    19     20   -2.61  0.01    0.33  0.01    0.34  0.01    0.81  0.01
    20     21   -3.31  0.01    0.35  0.01    0.36  0.01    0.85  0.01
    21     22   -4.05  0.01    0.38  0.02    0.39  0.02    0.90  0.01
    22     23   -4.84  0.04    0.40  0.02    0.40  0.02    0.93  0.01


Final results in kJ/mol:

point      0 -      1,   DG -18.19 +/-  0.02
point      1 -      2,   DG -14.38 +/-  0.02
point      2 -      3,   DG -7.27 +/-  0.02
point      3 -      4,   DG  5.17 +/-  0.07
point      4 -      5,   DG 22.23 +/-  0.11
point      5 -      6,   DG 12.95 +/-  0.15
point      6 -      7,   DG  8.55 +/-  0.17
point      7 -      8,   DG  5.20 +/-  0.17
point      8 -      9,   DG  3.30 +/-  0.09
point      9 -     10,   DG  2.06 +/-  0.04
point     10 -     11,   DG  1.08 +/-  0.03
point     11 -     12,   DG  0.27 +/-  0.03
point     12 -     13,   DG -0.27 +/-  0.03
point     13 -     14,   DG -0.72 +/-  0.02
point     14 -     15,   DG -1.08 +/-  0.03
point     15 -     16,   DG -1.30 +/-  0.04
point     16 -     17,   DG -4.39 +/-  0.06
point     17 -     18,   DG -3.77 +/-  0.04
point     18 -     19,   DG -5.05 +/-  0.05
point     19 -     20,   DG -6.52 +/-  0.03
point     20 -     21,   DG -8.25 +/-  0.03
point     21 -     22,   DG -10.09 +/-  0.04
point     22 -     23,   DG -12.07 +/-  0.09

total      0 -     23,   DG -32.53 +/-  0.47

