lambda_00/bar.xvg: 0.0 - 253.3; lambda = (0, 0)
    dH/dl & foreign lambdas:
        dH/dl (coul-lambda) (2534 pts)
        dH/dl (vdw-lambda) (2534 pts)
        delta H to (0, 0) (2534 pts)
        delta H to (0, 0.1) (2534 pts)


lambda_01/bar.xvg: 0.0 - 252.1; lambda = (0, 0.1)
    dH/dl & foreign lambdas:
        dH/dl (coul-lambda) (2522 pts)
        dH/dl (vdw-lambda) (2522 pts)
        delta H to (0, 0) (2522 pts)
        delta H to (0, 0.1) (2522 pts)
        delta H to (0, 0.2) (2522 pts)


lambda_02/bar.xvg: 0.0 - 251.9; lambda = (0, 0.2)
    dH/dl & foreign lambdas:
        dH/dl (coul-lambda) (2520 pts)
        dH/dl (vdw-lambda) (2520 pts)
        delta H to (0, 0.1) (2520 pts)
        delta H to (0, 0.2) (2520 pts)
        delta H to (0, 0.3) (2520 pts)


lambda_03/bar.xvg: 0.0 - 255.7; lambda = (0, 0.3)
    dH/dl & foreign lambdas:
        dH/dl (coul-lambda) (2558 pts)
        dH/dl (vdw-lambda) (2558 pts)
        delta H to (0, 0.2) (2558 pts)
        delta H to (0, 0.3) (2558 pts)
        delta H to (0, 0.4) (2558 pts)


lambda_04/bar.xvg: 0.0 - 255.5; lambda = (0, 0.4)
    dH/dl & foreign lambdas:
        dH/dl (coul-lambda) (2556 pts)
        dH/dl (vdw-lambda) (2556 pts)
        delta H to (0, 0.3) (2556 pts)
        delta H to (0, 0.4) (2556 pts)
        delta H to (0, 0.5) (2556 pts)


lambda_05/bar.xvg: 0.0 - 255.9; lambda = (0, 0.5)
    dH/dl & foreign lambdas:
        dH/dl (coul-lambda) (2560 pts)
        dH/dl (vdw-lambda) (2560 pts)
        delta H to (0, 0.4) (2560 pts)
        delta H to (0, 0.5) (2560 pts)
        delta H to (0, 0.55) (2560 pts)


lambda_06/bar.xvg: 0.0 - 255.3; lambda = (0, 0.55)
    dH/dl & foreign lambdas:
        dH/dl (coul-lambda) (2554 pts)
        dH/dl (vdw-lambda) (2554 pts)
        delta H to (0, 0.5) (2554 pts)
        delta H to (0, 0.55) (2554 pts)
        delta H to (0, 0.6) (2554 pts)


lambda_07/bar.xvg: 0.0 - 254.3; lambda = (0, 0.6)
    dH/dl & foreign lambdas:
        dH/dl (coul-lambda) (2544 pts)
        dH/dl (vdw-lambda) (2544 pts)
        delta H to (0, 0.55) (2544 pts)
        delta H to (0, 0.6) (2544 pts)
        delta H to (0, 0.65) (2544 pts)


lambda_08/bar.xvg: 0.0 - 253.2; lambda = (0, 0.65)
    dH/dl & foreign lambdas:
        dH/dl (coul-lambda) (2533 pts)
        dH/dl (vdw-lambda) (2533 pts)
        delta H to (0, 0.6) (2533 pts)
        delta H to (0, 0.65) (2533 pts)
        delta H to (0, 0.7) (2533 pts)


lambda_09/bar.xvg: 0.0 - 252.6; lambda = (0, 0.7)
    dH/dl & foreign lambdas:
        dH/dl (coul-lambda) (2527 pts)
        dH/dl (vdw-lambda) (2527 pts)
        delta H to (0, 0.65) (2527 pts)
        delta H to (0, 0.7) (2527 pts)
        delta H to (0, 0.75) (2527 pts)


lambda_10/bar.xvg: 0.0 - 251.6; lambda = (0, 0.75)
    dH/dl & foreign lambdas:
        dH/dl (coul-lambda) (2517 pts)
        dH/dl (vdw-lambda) (2517 pts)
        delta H to (0, 0.7) (2517 pts)
        delta H to (0, 0.75) (2517 pts)
        delta H to (0, 0.8) (2517 pts)


lambda_11/bar.xvg: 0.0 - 251.2; lambda = (0, 0.8)
    dH/dl & foreign lambdas:
        dH/dl (coul-lambda) (2513 pts)
        dH/dl (vdw-lambda) (2513 pts)
        delta H to (0, 0.75) (2513 pts)
        delta H to (0, 0.8) (2513 pts)
        delta H to (0, 0.85) (2513 pts)


lambda_12/bar.xvg: 0.0 - 250.9; lambda = (0, 0.85)
    dH/dl & foreign lambdas:
        dH/dl (coul-lambda) (2510 pts)
        dH/dl (vdw-lambda) (2510 pts)
        delta H to (0, 0.8) (2510 pts)
        delta H to (0, 0.85) (2510 pts)
        delta H to (0, 0.9) (2510 pts)


lambda_13/bar.xvg: 0.0 - 250.7; lambda = (0, 0.9)
    dH/dl & foreign lambdas:
        dH/dl (coul-lambda) (2508 pts)
        dH/dl (vdw-lambda) (2508 pts)
        delta H to (0, 0.85) (2508 pts)
        delta H to (0, 0.9) (2508 pts)
        delta H to (0, 0.95) (2508 pts)


lambda_14/bar.xvg: 0.0 - 263.7; lambda = (0, 0.95)
    dH/dl & foreign lambdas:
        dH/dl (coul-lambda) (2638 pts)
        dH/dl (vdw-lambda) (2638 pts)
        delta H to (0, 0.9) (2638 pts)
        delta H to (0, 0.95) (2638 pts)
        delta H to (0, 1) (2638 pts)


lambda_15/bar.xvg: 0.0 - 250.8; lambda = (0, 1)
    dH/dl & foreign lambdas:
        dH/dl (coul-lambda) (2509 pts)
        dH/dl (vdw-lambda) (2509 pts)
        delta H to (0, 0.95) (2509 pts)
        delta H to (0, 1) (2509 pts)
        delta H to (0.2, 1) (2509 pts)


lambda_16/bar.xvg: 0.0 - 263.2; lambda = (0.2, 1)
    dH/dl & foreign lambdas:
        dH/dl (coul-lambda) (2633 pts)
        dH/dl (vdw-lambda) (2633 pts)
        delta H to (0, 1) (2633 pts)
        delta H to (0.2, 1) (2633 pts)
        delta H to (0.4, 1) (2633 pts)


lambda_17/bar.xvg: 0.0 - 251.3; lambda = (0.4, 1)
    dH/dl & foreign lambdas:
        dH/dl (coul-lambda) (2514 pts)
        dH/dl (vdw-lambda) (2514 pts)
        delta H to (0.2, 1) (2514 pts)
        delta H to (0.4, 1) (2514 pts)
        delta H to (0.5, 1) (2514 pts)


lambda_18/bar.xvg: 0.0 - 252.1; lambda = (0.5, 1)
    dH/dl & foreign lambdas:
        dH/dl (coul-lambda) (2522 pts)
        dH/dl (vdw-lambda) (2522 pts)
        delta H to (0.4, 1) (2522 pts)
        delta H to (0.5, 1) (2522 pts)
        delta H to (0.6, 1) (2522 pts)


lambda_19/bar.xvg: 0.0 - 252.6; lambda = (0.6, 1)
    dH/dl & foreign lambdas:
        dH/dl (coul-lambda) (2527 pts)
        dH/dl (vdw-lambda) (2527 pts)
        delta H to (0.5, 1) (2527 pts)
        delta H to (0.6, 1) (2527 pts)
        delta H to (0.7, 1) (2527 pts)


lambda_20/bar.xvg: 0.0 - 253.2; lambda = (0.7, 1)
    dH/dl & foreign lambdas:
        dH/dl (coul-lambda) (2533 pts)
        dH/dl (vdw-lambda) (2533 pts)
        delta H to (0.6, 1) (2533 pts)
        delta H to (0.7, 1) (2533 pts)
        delta H to (0.8, 1) (2533 pts)


lambda_21/bar.xvg: 0.0 - 253.8; lambda = (0.8, 1)
    dH/dl & foreign lambdas:
        dH/dl (coul-lambda) (2539 pts)
        dH/dl (vdw-lambda) (2539 pts)
        delta H to (0.7, 1) (2539 pts)
        delta H to (0.8, 1) (2539 pts)
        delta H to (0.9, 1) (2539 pts)


lambda_22/bar.xvg: 0.0 - 254.1; lambda = (0.9, 1)
    dH/dl & foreign lambdas:
        dH/dl (coul-lambda) (2542 pts)
        dH/dl (vdw-lambda) (2542 pts)
        delta H to (0.8, 1) (2542 pts)
        delta H to (0.9, 1) (2542 pts)
        delta H to (1, 1) (2542 pts)


lambda_23/bar.xvg: 0.0 - 261.0; lambda = (1, 1)
    dH/dl & foreign lambdas:
        dH/dl (coul-lambda) (2611 pts)
        dH/dl (vdw-lambda) (2611 pts)
        delta H to (0.9, 1) (2611 pts)
        delta H to (1, 1) (2611 pts)



Temperature: 300 K

Detailed results in kT (see help for explanation):

 lam_A  lam_B      DG   +/-     s_A   +/-     s_B   +/-   stdev   +/- 
     0      1   -2.90  0.01    0.02  0.01    0.02  0.01    0.13  0.00
     1      2   -2.29  0.01    0.00  0.01    0.00  0.01    0.14  0.00
     2      3   -1.16  0.02    0.04  0.01    0.04  0.01    0.25  0.00
     3      4    0.83  0.03    0.10  0.02    0.12  0.02    0.55  0.02
     4      5    3.70  0.05    1.04  0.05    1.19  0.03    1.55  0.02
     5      6    2.28  0.03    0.90  0.05    0.81  0.05    1.36  0.03
     6      7    1.71  0.06    1.06  0.10    0.74  0.06    1.36  0.05
     7      8    1.16  0.05    0.89  0.10    0.60  0.08    1.20  0.04
     8      9    0.80  0.07    0.63  0.04    0.43  0.03    1.04  0.03
     9     10    0.53  0.03    0.62  0.05    0.43  0.03    0.97  0.02
    10     11    0.29  0.02    0.43  0.02    0.30  0.02    0.85  0.01
    11     12    0.17  0.02    0.39  0.02    0.26  0.01    0.79  0.01
    12     13    0.08  0.01    0.32  0.01    0.23  0.01    0.74  0.00
    13     14   -0.00  0.01    0.33  0.02    0.24  0.02    0.71  0.01
    14     15   -0.10  0.01    0.26  0.01    0.19  0.01    0.66  0.00
    15     16   -0.49  0.02    0.50  0.03    0.53  0.03    1.01  0.02
    16     17   -1.67  0.03    0.65  0.02    0.74  0.03    1.18  0.02
    17     18   -1.41  0.02    0.21  0.02    0.22  0.02    0.66  0.01
    18     19   -1.87  0.02    0.24  0.02    0.25  0.02    0.71  0.01
    19     20   -2.41  0.02    0.29  0.04    0.31  0.04    0.77  0.02
    20     21   -3.10  0.04    0.39  0.02    0.40  0.03    0.85  0.01
    21     22   -3.89  0.03    0.38  0.03    0.39  0.03    0.87  0.01
    22     23   -4.60  0.04    0.32  0.06    0.33  0.05    0.87  0.02


Final results in kJ/mol:

point      0 -      1,   DG -7.22 +/-  0.01
point      1 -      2,   DG -5.71 +/-  0.01
point      2 -      3,   DG -2.90 +/-  0.04
point      3 -      4,   DG  2.08 +/-  0.08
point      4 -      5,   DG  9.23 +/-  0.12
point      5 -      6,   DG  5.68 +/-  0.08
point      6 -      7,   DG  4.28 +/-  0.14
point      7 -      8,   DG  2.90 +/-  0.12
point      8 -      9,   DG  2.01 +/-  0.16
point      9 -     10,   DG  1.32 +/-  0.06
point     10 -     11,   DG  0.73 +/-  0.06
point     11 -     12,   DG  0.42 +/-  0.04
point     12 -     13,   DG  0.21 +/-  0.03
point     13 -     14,   DG -0.01 +/-  0.02
point     14 -     15,   DG -0.24 +/-  0.03
point     15 -     16,   DG -1.22 +/-  0.06
point     16 -     17,   DG -4.17 +/-  0.07
point     17 -     18,   DG -3.53 +/-  0.04
point     18 -     19,   DG -4.67 +/-  0.06
point     19 -     20,   DG -6.02 +/-  0.06
point     20 -     21,   DG -7.74 +/-  0.10
point     21 -     22,   DG -9.70 +/-  0.06
point     22 -     23,   DG -11.46 +/-  0.09

total      0 -     23,   DG -35.74 +/-  0.50

