lambda_00/bar.xvg: 0.0 - 968.7; lambda = (0, 0)
    dH/dl & foreign lambdas:
        dH/dl (coul-lambda) (9688 pts)
        dH/dl (vdw-lambda) (9688 pts)
        delta H to (0, 0) (9688 pts)
        delta H to (0, 0.1) (9688 pts)


lambda_01/bar.xvg: 0.0 - 971.1; lambda = (0, 0.1)
    dH/dl & foreign lambdas:
        dH/dl (coul-lambda) (9712 pts)
        dH/dl (vdw-lambda) (9712 pts)
        delta H to (0, 0) (9712 pts)
        delta H to (0, 0.1) (9712 pts)
        delta H to (0, 0.2) (9712 pts)


lambda_02/bar.xvg: 0.0 - 971.2; lambda = (0, 0.2)
    dH/dl & foreign lambdas:
        dH/dl (coul-lambda) (9713 pts)
        dH/dl (vdw-lambda) (9713 pts)
        delta H to (0, 0.1) (9713 pts)
        delta H to (0, 0.2) (9713 pts)
        delta H to (0, 0.3) (9713 pts)


lambda_03/bar.xvg: 0.0 - 973.7; lambda = (0, 0.3)
    dH/dl & foreign lambdas:
        dH/dl (coul-lambda) (9738 pts)
        dH/dl (vdw-lambda) (9738 pts)
        delta H to (0, 0.2) (9738 pts)
        delta H to (0, 0.3) (9738 pts)
        delta H to (0, 0.4) (9738 pts)


lambda_04/bar.xvg: 0.0 - 972.9; lambda = (0, 0.4)
    dH/dl & foreign lambdas:
        dH/dl (coul-lambda) (9730 pts)
        dH/dl (vdw-lambda) (9730 pts)
        delta H to (0, 0.3) (9730 pts)
        delta H to (0, 0.4) (9730 pts)
        delta H to (0, 0.5) (9730 pts)


lambda_05/bar.xvg: 0.0 - 960.0; lambda = (0, 0.5)
    dH/dl & foreign lambdas:
        dH/dl (coul-lambda) (9601 pts)
        dH/dl (vdw-lambda) (9601 pts)
        delta H to (0, 0.4) (9601 pts)
        delta H to (0, 0.5) (9601 pts)
        delta H to (0, 0.55) (9601 pts)


lambda_06/bar.xvg: 0.0 - 972.0; lambda = (0, 0.55)
    dH/dl & foreign lambdas:
        dH/dl (coul-lambda) (9721 pts)
        dH/dl (vdw-lambda) (9721 pts)
        delta H to (0, 0.5) (9721 pts)
        delta H to (0, 0.55) (9721 pts)
        delta H to (0, 0.6) (9721 pts)


lambda_07/bar.xvg: 0.0 - 970.5; lambda = (0, 0.6)
    dH/dl & foreign lambdas:
        dH/dl (coul-lambda) (9706 pts)
        dH/dl (vdw-lambda) (9706 pts)
        delta H to (0, 0.55) (9706 pts)
        delta H to (0, 0.6) (9706 pts)
        delta H to (0, 0.65) (9706 pts)


lambda_08/bar.xvg: 0.0 - 968.3; lambda = (0, 0.65)
    dH/dl & foreign lambdas:
        dH/dl (coul-lambda) (9684 pts)
        dH/dl (vdw-lambda) (9684 pts)
        delta H to (0, 0.6) (9684 pts)
        delta H to (0, 0.65) (9684 pts)
        delta H to (0, 0.7) (9684 pts)


lambda_09/bar.xvg: 0.0 - 966.1; lambda = (0, 0.7)
    dH/dl & foreign lambdas:
        dH/dl (coul-lambda) (9662 pts)
        dH/dl (vdw-lambda) (9662 pts)
        delta H to (0, 0.65) (9662 pts)
        delta H to (0, 0.7) (9662 pts)
        delta H to (0, 0.75) (9662 pts)


lambda_10/bar.xvg: 0.0 - 964.1; lambda = (0, 0.75)
    dH/dl & foreign lambdas:
        dH/dl (coul-lambda) (9642 pts)
        dH/dl (vdw-lambda) (9642 pts)
        delta H to (0, 0.7) (9642 pts)
        delta H to (0, 0.75) (9642 pts)
        delta H to (0, 0.8) (9642 pts)


lambda_11/bar.xvg: 0.0 - 962.2; lambda = (0, 0.8)
    dH/dl & foreign lambdas:
        dH/dl (coul-lambda) (9623 pts)
        dH/dl (vdw-lambda) (9623 pts)
        delta H to (0, 0.75) (9623 pts)
        delta H to (0, 0.8) (9623 pts)
        delta H to (0, 0.85) (9623 pts)


lambda_12/bar.xvg: 0.0 - 974.0; lambda = (0, 0.85)
    dH/dl & foreign lambdas:
        dH/dl (coul-lambda) (9741 pts)
        dH/dl (vdw-lambda) (9741 pts)
        delta H to (0, 0.8) (9741 pts)
        delta H to (0, 0.85) (9741 pts)
        delta H to (0, 0.9) (9741 pts)


lambda_13/bar.xvg: 0.0 - 960.0; lambda = (0, 0.9)
    dH/dl & foreign lambdas:
        dH/dl (coul-lambda) (9601 pts)
        dH/dl (vdw-lambda) (9601 pts)
        delta H to (0, 0.85) (9601 pts)
        delta H to (0, 0.9) (9601 pts)
        delta H to (0, 0.95) (9601 pts)


lambda_14/bar.xvg: 0.0 - 960.0; lambda = (0, 0.95)
    dH/dl & foreign lambdas:
        dH/dl (coul-lambda) (9601 pts)
        dH/dl (vdw-lambda) (9601 pts)
        delta H to (0, 0.9) (9601 pts)
        delta H to (0, 0.95) (9601 pts)
        delta H to (0, 1) (9601 pts)


lambda_15/bar.xvg: 0.0 - 971.0; lambda = (0, 1)
    dH/dl & foreign lambdas:
        dH/dl (coul-lambda) (9711 pts)
        dH/dl (vdw-lambda) (9711 pts)
        delta H to (0, 0.95) (9711 pts)
        delta H to (0, 1) (9711 pts)
        delta H to (0.2, 1) (9711 pts)


lambda_16/bar.xvg: 0.0 - 963.1; lambda = (0.2, 1)
    dH/dl & foreign lambdas:
        dH/dl (coul-lambda) (9632 pts)
        dH/dl (vdw-lambda) (9632 pts)
        delta H to (0, 1) (9632 pts)
        delta H to (0.2, 1) (9632 pts)
        delta H to (0.4, 1) (9632 pts)


lambda_17/bar.xvg: 0.0 - 967.2; lambda = (0.4, 1)
    dH/dl & foreign lambdas:
        dH/dl (coul-lambda) (9673 pts)
        dH/dl (vdw-lambda) (9673 pts)
        delta H to (0.2, 1) (9673 pts)
        delta H to (0.4, 1) (9673 pts)
        delta H to (0.5, 1) (9673 pts)


lambda_18/bar.xvg: 0.0 - 969.1; lambda = (0.5, 1)
    dH/dl & foreign lambdas:
        dH/dl (coul-lambda) (9692 pts)
        dH/dl (vdw-lambda) (9692 pts)
        delta H to (0.4, 1) (9692 pts)
        delta H to (0.5, 1) (9692 pts)
        delta H to (0.6, 1) (9692 pts)


lambda_19/bar.xvg: 0.0 - 971.3; lambda = (0.6, 1)
    dH/dl & foreign lambdas:
        dH/dl (coul-lambda) (9714 pts)
        dH/dl (vdw-lambda) (9714 pts)
        delta H to (0.5, 1) (9714 pts)
        delta H to (0.6, 1) (9714 pts)
        delta H to (0.7, 1) (9714 pts)


lambda_20/bar.xvg: 0.0 - 973.3; lambda = (0.7, 1)
    dH/dl & foreign lambdas:
        dH/dl (coul-lambda) (9734 pts)
        dH/dl (vdw-lambda) (9734 pts)
        delta H to (0.6, 1) (9734 pts)
        delta H to (0.7, 1) (9734 pts)
        delta H to (0.8, 1) (9734 pts)


lambda_21/bar.xvg: 0.0 - 962.3; lambda = (0.8, 1)
    dH/dl & foreign lambdas:
        dH/dl (coul-lambda) (9624 pts)
        dH/dl (vdw-lambda) (9624 pts)
        delta H to (0.7, 1) (9624 pts)
        delta H to (0.8, 1) (9624 pts)
        delta H to (0.9, 1) (9624 pts)


lambda_22/bar.xvg: 0.0 - 964.2; lambda = (0.9, 1)
    dH/dl & foreign lambdas:
        dH/dl (coul-lambda) (9643 pts)
        dH/dl (vdw-lambda) (9643 pts)
        delta H to (0.8, 1) (9643 pts)
        delta H to (0.9, 1) (9643 pts)
        delta H to (1, 1) (9643 pts)


lambda_23/bar.xvg: 0.0 - 964.9; lambda = (1, 1)
    dH/dl & foreign lambdas:
        dH/dl (coul-lambda) (9650 pts)
        dH/dl (vdw-lambda) (9650 pts)
        delta H to (0.9, 1) (9650 pts)
        delta H to (1, 1) (9650 pts)



   Samples in time interval: 0.000 - 974.000
Removing samples outside of: 100.000 - 974.000

Temperature: 300 K

Detailed results in kT (see help for explanation):

 lam_A  lam_B      DG   +/-     s_A   +/-     s_B   +/-   stdev   +/- 
     0      1   -7.29  0.01    0.04  0.01    0.04  0.01    0.25  0.00
     1      2   -5.77  0.01    0.03  0.00    0.03  0.00    0.24  0.00
     2      3   -2.92  0.01    0.07  0.01    0.07  0.01    0.38  0.01
     3      4    2.13  0.02    0.34  0.03    0.37  0.03    0.86  0.01
     4      5    9.19  0.09    2.64  0.11    3.24  0.14    2.88  0.09
     5      6    5.10  0.11    2.54  0.12    2.14  0.09    2.53  0.07
     6      7    3.25  0.05    2.61  0.15    1.72  0.06    2.24  0.06
     7      8    1.95  0.03    1.77  0.07    1.20  0.04    1.77  0.02
     8      9    1.26  0.02    1.29  0.04    0.91  0.03    1.52  0.02
     9     10    0.79  0.01    1.16  0.02    0.79  0.02    1.40  0.01
    10     11    0.42  0.02    0.98  0.01    0.68  0.01    1.28  0.00
    11     12    0.13  0.02    0.85  0.01    0.60  0.01    1.19  0.01
    12     13   -0.12  0.02    0.73  0.01    0.52  0.01    1.09  0.01
    13     14   -0.28  0.01    0.62  0.02    0.44  0.01    1.02  0.01
    14     15   -0.41  0.01    0.60  0.01    0.43  0.01    0.98  0.01
    15     16   -0.59  0.01    0.55  0.01    0.58  0.01    1.07  0.00
    16     17   -1.87  0.02    0.70  0.01    0.78  0.01    1.24  0.01
    17     18   -1.56  0.01    0.23  0.01    0.25  0.01    0.70  0.00
    18     19   -2.09  0.01    0.29  0.01    0.30  0.01    0.76  0.01
    19     20   -2.70  0.02    0.31  0.01    0.32  0.01    0.82  0.01
    20     21   -3.45  0.02    0.42  0.02    0.43  0.02    0.90  0.01
    21     22   -4.27  0.04    0.40  0.01    0.41  0.01    0.91  0.01
    22     23   -5.09  0.02    0.41  0.03    0.41  0.03    0.93  0.01


Final results in kJ/mol:

point      0 -      1,   DG -18.17 +/-  0.01
point      1 -      2,   DG -14.38 +/-  0.01
point      2 -      3,   DG -7.28 +/-  0.03
point      3 -      4,   DG  5.31 +/-  0.05
point      4 -      5,   DG 22.93 +/-  0.22
point      5 -      6,   DG 12.72 +/-  0.28
point      6 -      7,   DG  8.10 +/-  0.14
point      7 -      8,   DG  4.87 +/-  0.07
point      8 -      9,   DG  3.15 +/-  0.06
point      9 -     10,   DG  1.98 +/-  0.03
point     10 -     11,   DG  1.05 +/-  0.04
point     11 -     12,   DG  0.32 +/-  0.04
point     12 -     13,   DG -0.29 +/-  0.05
point     13 -     14,   DG -0.70 +/-  0.03
point     14 -     15,   DG -1.02 +/-  0.02
point     15 -     16,   DG -1.47 +/-  0.04
point     16 -     17,   DG -4.66 +/-  0.06
point     17 -     18,   DG -3.88 +/-  0.03
point     18 -     19,   DG -5.22 +/-  0.02
point     19 -     20,   DG -6.74 +/-  0.04
point     20 -     21,   DG -8.60 +/-  0.05
point     21 -     22,   DG -10.66 +/-  0.09
point     22 -     23,   DG -12.69 +/-  0.06

total      0 -     23,   DG -35.33 +/-  0.28

