lambda_00/bar.xvg: 0.0 - 984.3; lambda = (0, 0)
    dH/dl & foreign lambdas:
        dH/dl (coul-lambda) (9844 pts)
        dH/dl (vdw-lambda) (9844 pts)
        delta H to (0, 0) (9844 pts)
        delta H to (0, 0.1) (9844 pts)


lambda_01/bar.xvg: 0.0 - 984.5; lambda = (0, 0.1)
    dH/dl & foreign lambdas:
        dH/dl (coul-lambda) (9846 pts)
        dH/dl (vdw-lambda) (9846 pts)
        delta H to (0, 0) (9846 pts)
        delta H to (0, 0.1) (9846 pts)
        delta H to (0, 0.2) (9846 pts)


lambda_02/bar.xvg: 0.0 - 984.4; lambda = (0, 0.2)
    dH/dl & foreign lambdas:
        dH/dl (coul-lambda) (9845 pts)
        dH/dl (vdw-lambda) (9845 pts)
        delta H to (0, 0.1) (9845 pts)
        delta H to (0, 0.2) (9845 pts)
        delta H to (0, 0.3) (9845 pts)


lambda_03/bar.xvg: 0.0 - 987.3; lambda = (0, 0.3)
    dH/dl & foreign lambdas:
        dH/dl (coul-lambda) (9874 pts)
        dH/dl (vdw-lambda) (9874 pts)
        delta H to (0, 0.2) (9874 pts)
        delta H to (0, 0.3) (9874 pts)
        delta H to (0, 0.4) (9874 pts)


lambda_04/bar.xvg: 0.0 - 986.7; lambda = (0, 0.4)
    dH/dl & foreign lambdas:
        dH/dl (coul-lambda) (9868 pts)
        dH/dl (vdw-lambda) (9868 pts)
        delta H to (0, 0.3) (9868 pts)
        delta H to (0, 0.4) (9868 pts)
        delta H to (0, 0.5) (9868 pts)


lambda_05/bar.xvg: 0.0 - 986.5; lambda = (0, 0.5)
    dH/dl & foreign lambdas:
        dH/dl (coul-lambda) (9866 pts)
        dH/dl (vdw-lambda) (9866 pts)
        delta H to (0, 0.4) (9866 pts)
        delta H to (0, 0.5) (9866 pts)
        delta H to (0, 0.55) (9866 pts)


lambda_06/bar.xvg: 0.0 - 985.4; lambda = (0, 0.55)
    dH/dl & foreign lambdas:
        dH/dl (coul-lambda) (9855 pts)
        dH/dl (vdw-lambda) (9855 pts)
        delta H to (0, 0.5) (9855 pts)
        delta H to (0, 0.55) (9855 pts)
        delta H to (0, 0.6) (9855 pts)


lambda_07/bar.xvg: 0.0 - 983.8; lambda = (0, 0.6)
    dH/dl & foreign lambdas:
        dH/dl (coul-lambda) (9839 pts)
        dH/dl (vdw-lambda) (9839 pts)
        delta H to (0, 0.55) (9839 pts)
        delta H to (0, 0.6) (9839 pts)
        delta H to (0, 0.65) (9839 pts)


lambda_08/bar.xvg: 0.0 - 981.4; lambda = (0, 0.65)
    dH/dl & foreign lambdas:
        dH/dl (coul-lambda) (9815 pts)
        dH/dl (vdw-lambda) (9815 pts)
        delta H to (0, 0.6) (9815 pts)
        delta H to (0, 0.65) (9815 pts)
        delta H to (0, 0.7) (9815 pts)


lambda_09/bar.xvg: 0.0 - 992.8; lambda = (0, 0.7)
    dH/dl & foreign lambdas:
        dH/dl (coul-lambda) (9929 pts)
        dH/dl (vdw-lambda) (9929 pts)
        delta H to (0, 0.65) (9929 pts)
        delta H to (0, 0.7) (9929 pts)
        delta H to (0, 0.75) (9929 pts)


lambda_10/bar.xvg: 0.0 - 990.0; lambda = (0, 0.75)
    dH/dl & foreign lambdas:
        dH/dl (coul-lambda) (9901 pts)
        dH/dl (vdw-lambda) (9901 pts)
        delta H to (0, 0.7) (9901 pts)
        delta H to (0, 0.75) (9901 pts)
        delta H to (0, 0.8) (9901 pts)


lambda_11/bar.xvg: 0.0 - 988.3; lambda = (0, 0.8)
    dH/dl & foreign lambdas:
        dH/dl (coul-lambda) (9884 pts)
        dH/dl (vdw-lambda) (9884 pts)
        delta H to (0, 0.75) (9884 pts)
        delta H to (0, 0.8) (9884 pts)
        delta H to (0, 0.85) (9884 pts)


lambda_12/bar.xvg: 0.0 - 986.5; lambda = (0, 0.85)
    dH/dl & foreign lambdas:
        dH/dl (coul-lambda) (9866 pts)
        dH/dl (vdw-lambda) (9866 pts)
        delta H to (0, 0.8) (9866 pts)
        delta H to (0, 0.85) (9866 pts)
        delta H to (0, 0.9) (9866 pts)


lambda_13/bar.xvg: 0.0 - 985.6; lambda = (0, 0.9)
    dH/dl & foreign lambdas:
        dH/dl (coul-lambda) (9857 pts)
        dH/dl (vdw-lambda) (9857 pts)
        delta H to (0, 0.85) (9857 pts)
        delta H to (0, 0.9) (9857 pts)
        delta H to (0, 0.95) (9857 pts)


lambda_14/bar.xvg: 0.0 - 984.8; lambda = (0, 0.95)
    dH/dl & foreign lambdas:
        dH/dl (coul-lambda) (9849 pts)
        dH/dl (vdw-lambda) (9849 pts)
        delta H to (0, 0.9) (9849 pts)
        delta H to (0, 0.95) (9849 pts)
        delta H to (0, 1) (9849 pts)


lambda_15/bar.xvg: 0.0 - 984.7; lambda = (0, 1)
    dH/dl & foreign lambdas:
        dH/dl (coul-lambda) (9848 pts)
        dH/dl (vdw-lambda) (9848 pts)
        delta H to (0, 0.95) (9848 pts)
        delta H to (0, 1) (9848 pts)
        delta H to (0.2, 1) (9848 pts)


lambda_16/bar.xvg: 0.0 - 989.4; lambda = (0.2, 1)
    dH/dl & foreign lambdas:
        dH/dl (coul-lambda) (9895 pts)
        dH/dl (vdw-lambda) (9895 pts)
        delta H to (0, 1) (9895 pts)
        delta H to (0.2, 1) (9895 pts)
        delta H to (0.4, 1) (9895 pts)


lambda_17/bar.xvg: 0.0 - 993.3; lambda = (0.4, 1)
    dH/dl & foreign lambdas:
        dH/dl (coul-lambda) (9934 pts)
        dH/dl (vdw-lambda) (9934 pts)
        delta H to (0.2, 1) (9934 pts)
        delta H to (0.4, 1) (9934 pts)
        delta H to (0.5, 1) (9934 pts)


lambda_18/bar.xvg: 0.0 - 982.4; lambda = (0.5, 1)
    dH/dl & foreign lambdas:
        dH/dl (coul-lambda) (9825 pts)
        dH/dl (vdw-lambda) (9825 pts)
        delta H to (0.4, 1) (9825 pts)
        delta H to (0.5, 1) (9825 pts)
        delta H to (0.6, 1) (9825 pts)


lambda_19/bar.xvg: 0.0 - 984.7; lambda = (0.6, 1)
    dH/dl & foreign lambdas:
        dH/dl (coul-lambda) (9848 pts)
        dH/dl (vdw-lambda) (9848 pts)
        delta H to (0.5, 1) (9848 pts)
        delta H to (0.6, 1) (9848 pts)
        delta H to (0.7, 1) (9848 pts)


lambda_20/bar.xvg: 0.0 - 986.8; lambda = (0.7, 1)
    dH/dl & foreign lambdas:
        dH/dl (coul-lambda) (9869 pts)
        dH/dl (vdw-lambda) (9869 pts)
        delta H to (0.6, 1) (9869 pts)
        delta H to (0.7, 1) (9869 pts)
        delta H to (0.8, 1) (9869 pts)


lambda_21/bar.xvg: 0.0 - 989.3; lambda = (0.8, 1)
    dH/dl & foreign lambdas:
        dH/dl (coul-lambda) (9894 pts)
        dH/dl (vdw-lambda) (9894 pts)
        delta H to (0.7, 1) (9894 pts)
        delta H to (0.8, 1) (9894 pts)
        delta H to (0.9, 1) (9894 pts)


lambda_22/bar.xvg: 0.0 - 991.0; lambda = (0.9, 1)
    dH/dl & foreign lambdas:
        dH/dl (coul-lambda) (9911 pts)
        dH/dl (vdw-lambda) (9911 pts)
        delta H to (0.8, 1) (9911 pts)
        delta H to (0.9, 1) (9911 pts)
        delta H to (1, 1) (9911 pts)


lambda_23/bar.xvg: 0.0 - 981.2; lambda = (1, 1)
    dH/dl & foreign lambdas:
        dH/dl (coul-lambda) (9813 pts)
        dH/dl (vdw-lambda) (9813 pts)
        delta H to (0.9, 1) (9813 pts)
        delta H to (1, 1) (9813 pts)



   Samples in time interval: 0.000 - 993.300
Removing samples outside of: 100.000 - 993.300

Temperature: 300 K

Detailed results in kT (see help for explanation):

 lam_A  lam_B      DG   +/-     s_A   +/-     s_B   +/-   stdev   +/- 
     0      1   -6.82  0.00    0.02  0.01    0.02  0.01    0.24  0.00
     1      2   -5.39  0.00    0.02  0.01    0.02  0.01    0.24  0.00
     2      3   -2.71  0.00    0.07  0.01    0.07  0.01    0.37  0.01
     3      4    1.94  0.02    0.39  0.03    0.42  0.03    0.88  0.02
     4      5    8.29  0.06    2.49  0.15    2.80  0.12    2.70  0.09
     5      6    4.81  0.12    2.28  0.05    2.02  0.04    2.36  0.04
     6      7    3.13  0.07    2.39  0.11    1.63  0.05    2.15  0.04
     7      8    1.89  0.03    1.72  0.05    1.15  0.02    1.74  0.02
     8      9    1.22  0.02    1.25  0.03    0.89  0.01    1.49  0.01
     9     10    0.73  0.02    1.12  0.03    0.79  0.02    1.38  0.01
    10     11    0.34  0.01    0.91  0.01    0.62  0.01    1.23  0.00
    11     12    0.09  0.00    0.79  0.01    0.55  0.00    1.14  0.01
    12     13   -0.11  0.01    0.69  0.01    0.48  0.01    1.06  0.01
    13     14   -0.27  0.01    0.63  0.01    0.45  0.01    1.00  0.01
    14     15   -0.40  0.01    0.55  0.01    0.39  0.00    0.94  0.00
    15     16   -0.53  0.01    0.54  0.01    0.56  0.01    1.05  0.01
    16     17   -1.79  0.02    0.70  0.01    0.81  0.02    1.24  0.01
    17     18   -1.54  0.01    0.24  0.02    0.25  0.02    0.70  0.01
    18     19   -2.05  0.02    0.26  0.02    0.27  0.02    0.75  0.01
    19     20   -2.67  0.01    0.35  0.01    0.36  0.01    0.83  0.01
    20     21   -3.40  0.01    0.37  0.02    0.38  0.02    0.87  0.01
    21     22   -4.15  0.03    0.37  0.01    0.38  0.01    0.88  0.01
    22     23   -4.93  0.02    0.40  0.01    0.41  0.01    0.92  0.01


Final results in kJ/mol:

point      0 -      1,   DG -17.02 +/-  0.00
point      1 -      2,   DG -13.44 +/-  0.01
point      2 -      3,   DG -6.77 +/-  0.01
point      3 -      4,   DG  4.85 +/-  0.05
point      4 -      5,   DG 20.68 +/-  0.15
point      5 -      6,   DG 11.99 +/-  0.29
point      6 -      7,   DG  7.81 +/-  0.18
point      7 -      8,   DG  4.72 +/-  0.08
point      8 -      9,   DG  3.05 +/-  0.05
point      9 -     10,   DG  1.82 +/-  0.05
point     10 -     11,   DG  0.84 +/-  0.02
point     11 -     12,   DG  0.22 +/-  0.01
point     12 -     13,   DG -0.28 +/-  0.02
point     13 -     14,   DG -0.67 +/-  0.02
point     14 -     15,   DG -1.00 +/-  0.02
point     15 -     16,   DG -1.31 +/-  0.03
point     16 -     17,   DG -4.47 +/-  0.05
point     17 -     18,   DG -3.84 +/-  0.04
point     18 -     19,   DG -5.12 +/-  0.04
point     19 -     20,   DG -6.66 +/-  0.03
point     20 -     21,   DG -8.48 +/-  0.02
point     21 -     22,   DG -10.35 +/-  0.07
point     22 -     23,   DG -12.29 +/-  0.06

total      0 -     23,   DG -35.71 +/-  0.69

