lambda_00/bar.xvg: 0.0 - 968.8; lambda = (0, 0)
    dH/dl & foreign lambdas:
        dH/dl (coul-lambda) (9689 pts)
        dH/dl (vdw-lambda) (9689 pts)
        delta H to (0, 0) (9689 pts)
        delta H to (0, 0.1) (9689 pts)


lambda_01/bar.xvg: 0.0 - 971.1; lambda = (0, 0.1)
    dH/dl & foreign lambdas:
        dH/dl (coul-lambda) (9712 pts)
        dH/dl (vdw-lambda) (9712 pts)
        delta H to (0, 0) (9712 pts)
        delta H to (0, 0.1) (9712 pts)
        delta H to (0, 0.2) (9712 pts)


lambda_02/bar.xvg: 0.0 - 971.1; lambda = (0, 0.2)
    dH/dl & foreign lambdas:
        dH/dl (coul-lambda) (9712 pts)
        dH/dl (vdw-lambda) (9712 pts)
        delta H to (0, 0.1) (9712 pts)
        delta H to (0, 0.2) (9712 pts)
        delta H to (0, 0.3) (9712 pts)


lambda_03/bar.xvg: 0.0 - 973.6; lambda = (0, 0.3)
    dH/dl & foreign lambdas:
        dH/dl (coul-lambda) (9737 pts)
        dH/dl (vdw-lambda) (9737 pts)
        delta H to (0, 0.2) (9737 pts)
        delta H to (0, 0.3) (9737 pts)
        delta H to (0, 0.4) (9737 pts)


lambda_04/bar.xvg: 0.0 - 972.7; lambda = (0, 0.4)
    dH/dl & foreign lambdas:
        dH/dl (coul-lambda) (9728 pts)
        dH/dl (vdw-lambda) (9728 pts)
        delta H to (0, 0.3) (9728 pts)
        delta H to (0, 0.4) (9728 pts)
        delta H to (0, 0.5) (9728 pts)


lambda_05/bar.xvg: 0.0 - 973.2; lambda = (0, 0.5)
    dH/dl & foreign lambdas:
        dH/dl (coul-lambda) (9733 pts)
        dH/dl (vdw-lambda) (9733 pts)
        delta H to (0, 0.4) (9733 pts)
        delta H to (0, 0.5) (9733 pts)
        delta H to (0, 0.55) (9733 pts)


lambda_06/bar.xvg: 0.0 - 972.3; lambda = (0, 0.55)
    dH/dl & foreign lambdas:
        dH/dl (coul-lambda) (9724 pts)
        dH/dl (vdw-lambda) (9724 pts)
        delta H to (0, 0.5) (9724 pts)
        delta H to (0, 0.55) (9724 pts)
        delta H to (0, 0.6) (9724 pts)


lambda_07/bar.xvg: 0.0 - 970.1; lambda = (0, 0.6)
    dH/dl & foreign lambdas:
        dH/dl (coul-lambda) (9702 pts)
        dH/dl (vdw-lambda) (9702 pts)
        delta H to (0, 0.55) (9702 pts)
        delta H to (0, 0.6) (9702 pts)
        delta H to (0, 0.65) (9702 pts)


lambda_08/bar.xvg: 0.0 - 981.7; lambda = (0, 0.65)
    dH/dl & foreign lambdas:
        dH/dl (coul-lambda) (9818 pts)
        dH/dl (vdw-lambda) (9818 pts)
        delta H to (0, 0.6) (9818 pts)
        delta H to (0, 0.65) (9818 pts)
        delta H to (0, 0.7) (9818 pts)


lambda_09/bar.xvg: 0.0 - 979.1; lambda = (0, 0.7)
    dH/dl & foreign lambdas:
        dH/dl (coul-lambda) (9792 pts)
        dH/dl (vdw-lambda) (9792 pts)
        delta H to (0, 0.65) (9792 pts)
        delta H to (0, 0.7) (9792 pts)
        delta H to (0, 0.75) (9792 pts)


lambda_10/bar.xvg: 0.0 - 976.7; lambda = (0, 0.75)
    dH/dl & foreign lambdas:
        dH/dl (coul-lambda) (9768 pts)
        dH/dl (vdw-lambda) (9768 pts)
        delta H to (0, 0.7) (9768 pts)
        delta H to (0, 0.75) (9768 pts)
        delta H to (0, 0.8) (9768 pts)


lambda_11/bar.xvg: 0.0 - 974.9; lambda = (0, 0.8)
    dH/dl & foreign lambdas:
        dH/dl (coul-lambda) (9750 pts)
        dH/dl (vdw-lambda) (9750 pts)
        delta H to (0, 0.75) (9750 pts)
        delta H to (0, 0.8) (9750 pts)
        delta H to (0, 0.85) (9750 pts)


lambda_12/bar.xvg: 0.0 - 973.5; lambda = (0, 0.85)
    dH/dl & foreign lambdas:
        dH/dl (coul-lambda) (9736 pts)
        dH/dl (vdw-lambda) (9736 pts)
        delta H to (0, 0.8) (9736 pts)
        delta H to (0, 0.85) (9736 pts)
        delta H to (0, 0.9) (9736 pts)


lambda_13/bar.xvg: 0.0 - 972.1; lambda = (0, 0.9)
    dH/dl & foreign lambdas:
        dH/dl (coul-lambda) (9722 pts)
        dH/dl (vdw-lambda) (9722 pts)
        delta H to (0, 0.85) (9722 pts)
        delta H to (0, 0.9) (9722 pts)
        delta H to (0, 0.95) (9722 pts)


lambda_14/bar.xvg: 0.0 - 971.3; lambda = (0, 0.95)
    dH/dl & foreign lambdas:
        dH/dl (coul-lambda) (9714 pts)
        dH/dl (vdw-lambda) (9714 pts)
        delta H to (0, 0.9) (9714 pts)
        delta H to (0, 0.95) (9714 pts)
        delta H to (0, 1) (9714 pts)


lambda_15/bar.xvg: 0.0 - 970.7; lambda = (0, 1)
    dH/dl & foreign lambdas:
        dH/dl (coul-lambda) (9708 pts)
        dH/dl (vdw-lambda) (9708 pts)
        delta H to (0, 0.95) (9708 pts)
        delta H to (0, 1) (9708 pts)
        delta H to (0.2, 1) (9708 pts)


lambda_16/bar.xvg: 0.0 - 976.5; lambda = (0.2, 1)
    dH/dl & foreign lambdas:
        dH/dl (coul-lambda) (9766 pts)
        dH/dl (vdw-lambda) (9766 pts)
        delta H to (0, 1) (9766 pts)
        delta H to (0.2, 1) (9766 pts)
        delta H to (0.4, 1) (9766 pts)


lambda_17/bar.xvg: 0.0 - 980.8; lambda = (0.4, 1)
    dH/dl & foreign lambdas:
        dH/dl (coul-lambda) (9809 pts)
        dH/dl (vdw-lambda) (9809 pts)
        delta H to (0.2, 1) (9809 pts)
        delta H to (0.4, 1) (9809 pts)
        delta H to (0.5, 1) (9809 pts)


lambda_18/bar.xvg: 0.0 - 982.7; lambda = (0.5, 1)
    dH/dl & foreign lambdas:
        dH/dl (coul-lambda) (9828 pts)
        dH/dl (vdw-lambda) (9828 pts)
        delta H to (0.4, 1) (9828 pts)
        delta H to (0.5, 1) (9828 pts)
        delta H to (0.6, 1) (9828 pts)


lambda_19/bar.xvg: 0.0 - 971.7; lambda = (0.6, 1)
    dH/dl & foreign lambdas:
        dH/dl (coul-lambda) (9718 pts)
        dH/dl (vdw-lambda) (9718 pts)
        delta H to (0.5, 1) (9718 pts)
        delta H to (0.6, 1) (9718 pts)
        delta H to (0.7, 1) (9718 pts)


lambda_20/bar.xvg: 0.0 - 973.9; lambda = (0.7, 1)
    dH/dl & foreign lambdas:
        dH/dl (coul-lambda) (9740 pts)
        dH/dl (vdw-lambda) (9740 pts)
        delta H to (0.6, 1) (9740 pts)
        delta H to (0.7, 1) (9740 pts)
        delta H to (0.8, 1) (9740 pts)


lambda_21/bar.xvg: 0.0 - 976.0; lambda = (0.8, 1)
    dH/dl & foreign lambdas:
        dH/dl (coul-lambda) (9761 pts)
        dH/dl (vdw-lambda) (9761 pts)
        delta H to (0.7, 1) (9761 pts)
        delta H to (0.8, 1) (9761 pts)
        delta H to (0.9, 1) (9761 pts)


lambda_22/bar.xvg: 0.0 - 977.8; lambda = (0.9, 1)
    dH/dl & foreign lambdas:
        dH/dl (coul-lambda) (9779 pts)
        dH/dl (vdw-lambda) (9779 pts)
        delta H to (0.8, 1) (9779 pts)
        delta H to (0.9, 1) (9779 pts)
        delta H to (1, 1) (9779 pts)


lambda_23/bar.xvg: 0.0 - 981.4; lambda = (1, 1)
    dH/dl & foreign lambdas:
        dH/dl (coul-lambda) (9815 pts)
        dH/dl (vdw-lambda) (9815 pts)
        delta H to (0.9, 1) (9815 pts)
        delta H to (1, 1) (9815 pts)



   Samples in time interval: 0.000 - 982.700
Removing samples outside of: 100.000 - 982.700

Temperature: 300 K

Detailed results in kT (see help for explanation):

 lam_A  lam_B      DG   +/-     s_A   +/-     s_B   +/-   stdev   +/- 
     0      1   -6.42  0.01    0.02  0.00    0.02  0.00    0.22  0.00
     1      2   -5.07  0.01    0.03  0.00    0.03  0.00    0.22  0.00
     2      3   -2.57  0.01    0.07  0.01    0.07  0.01    0.36  0.00
     3      4    1.82  0.02    0.33  0.02    0.36  0.02    0.82  0.01
     4      5    7.96  0.07    2.26  0.04    2.66  0.06    2.56  0.02
     5      6    4.71  0.04    2.07  0.07    1.86  0.06    2.25  0.03
     6      7    3.06  0.06    2.48  0.09    1.61  0.07    2.14  0.04
     7      8    1.91  0.03    1.54  0.05    1.08  0.04    1.68  0.02
     8      9    1.26  0.02    1.26  0.02    0.88  0.02    1.48  0.01
     9     10    0.78  0.02    1.06  0.04    0.73  0.03    1.33  0.01
    10     11    0.43  0.02    0.89  0.03    0.62  0.02    1.22  0.01
    11     12    0.16  0.01    0.78  0.01    0.54  0.02    1.13  0.01
    12     13   -0.06  0.02    0.67  0.02    0.47  0.01    1.04  0.01
    13     14   -0.22  0.01    0.59  0.01    0.42  0.01    0.98  0.01
    14     15   -0.34  0.01    0.53  0.01    0.38  0.00    0.93  0.00
    15     16   -0.56  0.02    0.56  0.02    0.58  0.02    1.07  0.01
    16     17   -1.84  0.04    0.70  0.02    0.79  0.02    1.24  0.01
    17     18   -1.55  0.01    0.24  0.01    0.25  0.01    0.71  0.01
    18     19   -2.08  0.01    0.27  0.01    0.29  0.01    0.76  0.00
    19     20   -2.69  0.02    0.33  0.01    0.34  0.01    0.82  0.00
    20     21   -3.38  0.02    0.35  0.02    0.36  0.03    0.86  0.01
    21     22   -4.12  0.01    0.38  0.03    0.39  0.03    0.89  0.01
    22     23   -4.90  0.03    0.40  0.02    0.40  0.02    0.91  0.01


Final results in kJ/mol:

point      0 -      1,   DG -16.00 +/-  0.02
point      1 -      2,   DG -12.65 +/-  0.01
point      2 -      3,   DG -6.41 +/-  0.04
point      3 -      4,   DG  4.55 +/-  0.05
point      4 -      5,   DG 19.86 +/-  0.18
point      5 -      6,   DG 11.75 +/-  0.10
point      6 -      7,   DG  7.64 +/-  0.15
point      7 -      8,   DG  4.76 +/-  0.08
point      8 -      9,   DG  3.13 +/-  0.05
point      9 -     10,   DG  1.94 +/-  0.04
point     10 -     11,   DG  1.07 +/-  0.05
point     11 -     12,   DG  0.39 +/-  0.03
point     12 -     13,   DG -0.14 +/-  0.04
point     13 -     14,   DG -0.54 +/-  0.02
point     14 -     15,   DG -0.86 +/-  0.03
point     15 -     16,   DG -1.41 +/-  0.05
point     16 -     17,   DG -4.59 +/-  0.10
point     17 -     18,   DG -3.88 +/-  0.04
point     18 -     19,   DG -5.18 +/-  0.03
point     19 -     20,   DG -6.71 +/-  0.05
point     20 -     21,   DG -8.42 +/-  0.04
point     21 -     22,   DG -10.27 +/-  0.02
point     22 -     23,   DG -12.22 +/-  0.07

total      0 -     23,   DG -34.16 +/-  0.35

