lambda_00/bar.xvg: 0.0 - 889.3; lambda = (0, 0)
    dH/dl & foreign lambdas:
        dH/dl (coul-lambda) (8894 pts)
        dH/dl (vdw-lambda) (8894 pts)
        delta H to (0, 0) (8894 pts)
        delta H to (0, 0.1) (8894 pts)


lambda_01/bar.xvg: 0.0 - 891.3; lambda = (0, 0.1)
    dH/dl & foreign lambdas:
        dH/dl (coul-lambda) (8914 pts)
        dH/dl (vdw-lambda) (8914 pts)
        delta H to (0, 0) (8914 pts)
        delta H to (0, 0.1) (8914 pts)
        delta H to (0, 0.2) (8914 pts)


lambda_02/bar.xvg: 0.0 - 891.2; lambda = (0, 0.2)
    dH/dl & foreign lambdas:
        dH/dl (coul-lambda) (8913 pts)
        dH/dl (vdw-lambda) (8913 pts)
        delta H to (0, 0.1) (8913 pts)
        delta H to (0, 0.2) (8913 pts)
        delta H to (0, 0.3) (8913 pts)


lambda_03/bar.xvg: 0.0 - 892.5; lambda = (0, 0.3)
    dH/dl & foreign lambdas:
        dH/dl (coul-lambda) (8926 pts)
        dH/dl (vdw-lambda) (8926 pts)
        delta H to (0, 0.2) (8926 pts)
        delta H to (0, 0.3) (8926 pts)
        delta H to (0, 0.4) (8926 pts)


lambda_04/bar.xvg: 0.0 - 891.5; lambda = (0, 0.4)
    dH/dl & foreign lambdas:
        dH/dl (coul-lambda) (8916 pts)
        dH/dl (vdw-lambda) (8916 pts)
        delta H to (0, 0.3) (8916 pts)
        delta H to (0, 0.4) (8916 pts)
        delta H to (0, 0.5) (8916 pts)


lambda_05/bar.xvg: 0.0 - 892.1; lambda = (0, 0.5)
    dH/dl & foreign lambdas:
        dH/dl (coul-lambda) (8922 pts)
        dH/dl (vdw-lambda) (8922 pts)
        delta H to (0, 0.4) (8922 pts)
        delta H to (0, 0.5) (8922 pts)
        delta H to (0, 0.55) (8922 pts)


lambda_06/bar.xvg: 0.0 - 890.7; lambda = (0, 0.55)
    dH/dl & foreign lambdas:
        dH/dl (coul-lambda) (8908 pts)
        dH/dl (vdw-lambda) (8908 pts)
        delta H to (0, 0.5) (8908 pts)
        delta H to (0, 0.55) (8908 pts)
        delta H to (0, 0.6) (8908 pts)


lambda_07/bar.xvg: 0.0 - 889.2; lambda = (0, 0.6)
    dH/dl & foreign lambdas:
        dH/dl (coul-lambda) (8893 pts)
        dH/dl (vdw-lambda) (8893 pts)
        delta H to (0, 0.55) (8893 pts)
        delta H to (0, 0.6) (8893 pts)
        delta H to (0, 0.65) (8893 pts)


lambda_08/bar.xvg: 0.0 - 887.4; lambda = (0, 0.65)
    dH/dl & foreign lambdas:
        dH/dl (coul-lambda) (8875 pts)
        dH/dl (vdw-lambda) (8875 pts)
        delta H to (0, 0.6) (8875 pts)
        delta H to (0, 0.65) (8875 pts)
        delta H to (0, 0.7) (8875 pts)


lambda_09/bar.xvg: 0.0 - 898.4; lambda = (0, 0.7)
    dH/dl & foreign lambdas:
        dH/dl (coul-lambda) (8985 pts)
        dH/dl (vdw-lambda) (8985 pts)
        delta H to (0, 0.65) (8985 pts)
        delta H to (0, 0.7) (8985 pts)
        delta H to (0, 0.75) (8985 pts)


lambda_10/bar.xvg: 0.0 - 896.3; lambda = (0, 0.75)
    dH/dl & foreign lambdas:
        dH/dl (coul-lambda) (8964 pts)
        dH/dl (vdw-lambda) (8964 pts)
        delta H to (0, 0.7) (8964 pts)
        delta H to (0, 0.75) (8964 pts)
        delta H to (0, 0.8) (8964 pts)


lambda_11/bar.xvg: 0.0 - 894.6; lambda = (0, 0.8)
    dH/dl & foreign lambdas:
        dH/dl (coul-lambda) (8947 pts)
        dH/dl (vdw-lambda) (8947 pts)
        delta H to (0, 0.75) (8947 pts)
        delta H to (0, 0.8) (8947 pts)
        delta H to (0, 0.85) (8947 pts)


lambda_12/bar.xvg: 0.0 - 893.1; lambda = (0, 0.85)
    dH/dl & foreign lambdas:
        dH/dl (coul-lambda) (8932 pts)
        dH/dl (vdw-lambda) (8932 pts)
        delta H to (0, 0.8) (8932 pts)
        delta H to (0, 0.85) (8932 pts)
        delta H to (0, 0.9) (8932 pts)


lambda_13/bar.xvg: 0.0 - 892.2; lambda = (0, 0.9)
    dH/dl & foreign lambdas:
        dH/dl (coul-lambda) (8923 pts)
        dH/dl (vdw-lambda) (8923 pts)
        delta H to (0, 0.85) (8923 pts)
        delta H to (0, 0.9) (8923 pts)
        delta H to (0, 0.95) (8923 pts)


lambda_14/bar.xvg: 0.0 - 891.2; lambda = (0, 0.95)
    dH/dl & foreign lambdas:
        dH/dl (coul-lambda) (8913 pts)
        dH/dl (vdw-lambda) (8913 pts)
        delta H to (0, 0.9) (8913 pts)
        delta H to (0, 0.95) (8913 pts)
        delta H to (0, 1) (8913 pts)


lambda_15/bar.xvg: 0.0 - 890.9; lambda = (0, 1)
    dH/dl & foreign lambdas:
        dH/dl (coul-lambda) (8910 pts)
        dH/dl (vdw-lambda) (8910 pts)
        delta H to (0, 0.95) (8910 pts)
        delta H to (0, 1) (8910 pts)
        delta H to (0.2, 1) (8910 pts)


lambda_16/bar.xvg: 0.0 - 897.4; lambda = (0.2, 1)
    dH/dl & foreign lambdas:
        dH/dl (coul-lambda) (8975 pts)
        dH/dl (vdw-lambda) (8975 pts)
        delta H to (0, 1) (8975 pts)
        delta H to (0.2, 1) (8975 pts)
        delta H to (0.4, 1) (8975 pts)


lambda_17/bar.xvg: 0.0 - 887.6; lambda = (0.4, 1)
    dH/dl & foreign lambdas:
        dH/dl (coul-lambda) (8877 pts)
        dH/dl (vdw-lambda) (8877 pts)
        delta H to (0.2, 1) (8877 pts)
        delta H to (0.4, 1) (8877 pts)
        delta H to (0.5, 1) (8877 pts)


lambda_18/bar.xvg: 0.0 - 889.9; lambda = (0.5, 1)
    dH/dl & foreign lambdas:
        dH/dl (coul-lambda) (8900 pts)
        dH/dl (vdw-lambda) (8900 pts)
        delta H to (0.4, 1) (8900 pts)
        delta H to (0.5, 1) (8900 pts)
        delta H to (0.6, 1) (8900 pts)


lambda_19/bar.xvg: 0.0 - 891.6; lambda = (0.6, 1)
    dH/dl & foreign lambdas:
        dH/dl (coul-lambda) (8917 pts)
        dH/dl (vdw-lambda) (8917 pts)
        delta H to (0.5, 1) (8917 pts)
        delta H to (0.6, 1) (8917 pts)
        delta H to (0.7, 1) (8917 pts)


lambda_20/bar.xvg: 0.0 - 893.9; lambda = (0.7, 1)
    dH/dl & foreign lambdas:
        dH/dl (coul-lambda) (8940 pts)
        dH/dl (vdw-lambda) (8940 pts)
        delta H to (0.6, 1) (8940 pts)
        delta H to (0.7, 1) (8940 pts)
        delta H to (0.8, 1) (8940 pts)


lambda_21/bar.xvg: 0.0 - 895.9; lambda = (0.8, 1)
    dH/dl & foreign lambdas:
        dH/dl (coul-lambda) (8960 pts)
        dH/dl (vdw-lambda) (8960 pts)
        delta H to (0.7, 1) (8960 pts)
        delta H to (0.8, 1) (8960 pts)
        delta H to (0.9, 1) (8960 pts)


lambda_22/bar.xvg: 0.0 - 897.4; lambda = (0.9, 1)
    dH/dl & foreign lambdas:
        dH/dl (coul-lambda) (8975 pts)
        dH/dl (vdw-lambda) (8975 pts)
        delta H to (0.8, 1) (8975 pts)
        delta H to (0.9, 1) (8975 pts)
        delta H to (1, 1) (8975 pts)


lambda_23/bar.xvg: 0.0 - 883.1; lambda = (1, 1)
    dH/dl & foreign lambdas:
        dH/dl (coul-lambda) (8832 pts)
        dH/dl (vdw-lambda) (8832 pts)
        delta H to (0.9, 1) (8832 pts)
        delta H to (1, 1) (8832 pts)



   Samples in time interval: 0.000 - 898.400
Removing samples outside of: 100.000 - 898.400

Temperature: 300 K

Detailed results in kT (see help for explanation):

 lam_A  lam_B      DG   +/-     s_A   +/-     s_B   +/-   stdev   +/- 
     0      1   -6.42  0.01    0.03  0.01    0.02  0.01    0.23  0.00
     1      2   -5.07  0.01    0.02  0.01    0.02  0.01    0.22  0.00
     2      3   -2.57  0.01    0.08  0.01    0.08  0.01    0.36  0.00
     3      4    1.82  0.02    0.32  0.01    0.34  0.01    0.83  0.00
     4      5    8.04  0.05    2.21  0.04    2.50  0.05    2.51  0.04
     5      6    4.66  0.05    2.34  0.04    2.08  0.06    2.38  0.06
     6      7    2.90  0.04    2.22  0.07    1.50  0.06    2.05  0.04
     7      8    1.85  0.07    1.52  0.05    1.05  0.03    1.66  0.02
     8      9    1.20  0.05    1.25  0.02    0.87  0.03    1.47  0.03
     9     10    0.74  0.02    1.02  0.04    0.72  0.02    1.31  0.01
    10     11    0.40  0.01    0.87  0.01    0.61  0.01    1.21  0.01
    11     12    0.12  0.01    0.77  0.01    0.54  0.01    1.12  0.01
    12     13   -0.08  0.01    0.64  0.01    0.45  0.01    1.03  0.00
    13     14   -0.22  0.01    0.58  0.01    0.41  0.01    0.97  0.00
    14     15   -0.34  0.01    0.53  0.01    0.38  0.01    0.92  0.00
    15     16   -0.54  0.01    0.54  0.01    0.58  0.01    1.07  0.01
    16     17   -1.80  0.01    0.68  0.01    0.77  0.01    1.24  0.00
    17     18   -1.54  0.01    0.26  0.01    0.27  0.01    0.71  0.00
    18     19   -2.07  0.02    0.26  0.01    0.27  0.01    0.76  0.01
    19     20   -2.68  0.02    0.34  0.03    0.35  0.03    0.82  0.01
    20     21   -3.39  0.01    0.36  0.02    0.37  0.02    0.86  0.01
    21     22   -4.19  0.02    0.42  0.02    0.43  0.02    0.91  0.01
    22     23   -4.99  0.02    0.38  0.03    0.38  0.02    0.92  0.01


Final results in kJ/mol:

point      0 -      1,   DG -16.00 +/-  0.02
point      1 -      2,   DG -12.65 +/-  0.02
point      2 -      3,   DG -6.41 +/-  0.03
point      3 -      4,   DG  4.54 +/-  0.04
point      4 -      5,   DG 20.06 +/-  0.11
point      5 -      6,   DG 11.61 +/-  0.12
point      6 -      7,   DG  7.23 +/-  0.11
point      7 -      8,   DG  4.61 +/-  0.17
point      8 -      9,   DG  3.00 +/-  0.13
point      9 -     10,   DG  1.83 +/-  0.06
point     10 -     11,   DG  0.99 +/-  0.04
point     11 -     12,   DG  0.31 +/-  0.01
point     12 -     13,   DG -0.21 +/-  0.03
point     13 -     14,   DG -0.54 +/-  0.03
point     14 -     15,   DG -0.85 +/-  0.04
point     15 -     16,   DG -1.35 +/-  0.02
point     16 -     17,   DG -4.49 +/-  0.03
point     17 -     18,   DG -3.84 +/-  0.02
point     18 -     19,   DG -5.16 +/-  0.05
point     19 -     20,   DG -6.69 +/-  0.04
point     20 -     21,   DG -8.46 +/-  0.03
point     21 -     22,   DG -10.44 +/-  0.04
point     22 -     23,   DG -12.45 +/-  0.06

total      0 -     23,   DG -35.36 +/-  0.47

