lambda_00/bar.xvg: 0.0 - 985.0; lambda = (0, 0)
    dH/dl & foreign lambdas:
        dH/dl (coul-lambda) (9851 pts)
        dH/dl (vdw-lambda) (9851 pts)
        delta H to (0, 0) (9851 pts)
        delta H to (0, 0.1) (9851 pts)


lambda_01/bar.xvg: 0.0 - 984.5; lambda = (0, 0.1)
    dH/dl & foreign lambdas:
        dH/dl (coul-lambda) (9846 pts)
        dH/dl (vdw-lambda) (9846 pts)
        delta H to (0, 0) (9846 pts)
        delta H to (0, 0.1) (9846 pts)
        delta H to (0, 0.2) (9846 pts)


lambda_02/bar.xvg: 0.0 - 984.2; lambda = (0, 0.2)
    dH/dl & foreign lambdas:
        dH/dl (coul-lambda) (9843 pts)
        dH/dl (vdw-lambda) (9843 pts)
        delta H to (0, 0.1) (9843 pts)
        delta H to (0, 0.2) (9843 pts)
        delta H to (0, 0.3) (9843 pts)


lambda_03/bar.xvg: 0.0 - 987.6; lambda = (0, 0.3)
    dH/dl & foreign lambdas:
        dH/dl (coul-lambda) (9877 pts)
        dH/dl (vdw-lambda) (9877 pts)
        delta H to (0, 0.2) (9877 pts)
        delta H to (0, 0.3) (9877 pts)
        delta H to (0, 0.4) (9877 pts)


lambda_04/bar.xvg: 0.0 - 986.6; lambda = (0, 0.4)
    dH/dl & foreign lambdas:
        dH/dl (coul-lambda) (9867 pts)
        dH/dl (vdw-lambda) (9867 pts)
        delta H to (0, 0.3) (9867 pts)
        delta H to (0, 0.4) (9867 pts)
        delta H to (0, 0.5) (9867 pts)


lambda_05/bar.xvg: 0.0 - 986.8; lambda = (0, 0.5)
    dH/dl & foreign lambdas:
        dH/dl (coul-lambda) (9869 pts)
        dH/dl (vdw-lambda) (9869 pts)
        delta H to (0, 0.4) (9869 pts)
        delta H to (0, 0.5) (9869 pts)
        delta H to (0, 0.55) (9869 pts)


lambda_06/bar.xvg: 0.0 - 985.3; lambda = (0, 0.55)
    dH/dl & foreign lambdas:
        dH/dl (coul-lambda) (9854 pts)
        dH/dl (vdw-lambda) (9854 pts)
        delta H to (0, 0.5) (9854 pts)
        delta H to (0, 0.55) (9854 pts)
        delta H to (0, 0.6) (9854 pts)


lambda_07/bar.xvg: 0.0 - 984.2; lambda = (0, 0.6)
    dH/dl & foreign lambdas:
        dH/dl (coul-lambda) (9843 pts)
        dH/dl (vdw-lambda) (9843 pts)
        delta H to (0, 0.55) (9843 pts)
        delta H to (0, 0.6) (9843 pts)
        delta H to (0, 0.65) (9843 pts)


lambda_08/bar.xvg: 0.0 - 981.4; lambda = (0, 0.65)
    dH/dl & foreign lambdas:
        dH/dl (coul-lambda) (9815 pts)
        dH/dl (vdw-lambda) (9815 pts)
        delta H to (0, 0.6) (9815 pts)
        delta H to (0, 0.65) (9815 pts)
        delta H to (0, 0.7) (9815 pts)


lambda_09/bar.xvg: 0.0 - 992.6; lambda = (0, 0.7)
    dH/dl & foreign lambdas:
        dH/dl (coul-lambda) (9927 pts)
        dH/dl (vdw-lambda) (9927 pts)
        delta H to (0, 0.65) (9927 pts)
        delta H to (0, 0.7) (9927 pts)
        delta H to (0, 0.75) (9927 pts)


lambda_10/bar.xvg: 0.0 - 990.4; lambda = (0, 0.75)
    dH/dl & foreign lambdas:
        dH/dl (coul-lambda) (9905 pts)
        dH/dl (vdw-lambda) (9905 pts)
        delta H to (0, 0.7) (9905 pts)
        delta H to (0, 0.75) (9905 pts)
        delta H to (0, 0.8) (9905 pts)


lambda_11/bar.xvg: 0.0 - 988.4; lambda = (0, 0.8)
    dH/dl & foreign lambdas:
        dH/dl (coul-lambda) (9885 pts)
        dH/dl (vdw-lambda) (9885 pts)
        delta H to (0, 0.75) (9885 pts)
        delta H to (0, 0.8) (9885 pts)
        delta H to (0, 0.85) (9885 pts)


lambda_12/bar.xvg: 0.0 - 987.0; lambda = (0, 0.85)
    dH/dl & foreign lambdas:
        dH/dl (coul-lambda) (9871 pts)
        dH/dl (vdw-lambda) (9871 pts)
        delta H to (0, 0.8) (9871 pts)
        delta H to (0, 0.85) (9871 pts)
        delta H to (0, 0.9) (9871 pts)


lambda_13/bar.xvg: 0.0 - 985.4; lambda = (0, 0.9)
    dH/dl & foreign lambdas:
        dH/dl (coul-lambda) (9855 pts)
        dH/dl (vdw-lambda) (9855 pts)
        delta H to (0, 0.85) (9855 pts)
        delta H to (0, 0.9) (9855 pts)
        delta H to (0, 0.95) (9855 pts)


lambda_14/bar.xvg: 0.0 - 984.9; lambda = (0, 0.95)
    dH/dl & foreign lambdas:
        dH/dl (coul-lambda) (9850 pts)
        dH/dl (vdw-lambda) (9850 pts)
        delta H to (0, 0.9) (9850 pts)
        delta H to (0, 0.95) (9850 pts)
        delta H to (0, 1) (9850 pts)


lambda_15/bar.xvg: 0.0 - 984.2; lambda = (0, 1)
    dH/dl & foreign lambdas:
        dH/dl (coul-lambda) (9843 pts)
        dH/dl (vdw-lambda) (9843 pts)
        delta H to (0, 0.95) (9843 pts)
        delta H to (0, 1) (9843 pts)
        delta H to (0.2, 1) (9843 pts)


lambda_16/bar.xvg: 0.0 - 989.1; lambda = (0.2, 1)
    dH/dl & foreign lambdas:
        dH/dl (coul-lambda) (9892 pts)
        dH/dl (vdw-lambda) (9892 pts)
        delta H to (0, 1) (9892 pts)
        delta H to (0.2, 1) (9892 pts)
        delta H to (0.4, 1) (9892 pts)


lambda_17/bar.xvg: 0.0 - 993.4; lambda = (0.4, 1)
    dH/dl & foreign lambdas:
        dH/dl (coul-lambda) (9935 pts)
        dH/dl (vdw-lambda) (9935 pts)
        delta H to (0.2, 1) (9935 pts)
        delta H to (0.4, 1) (9935 pts)
        delta H to (0.5, 1) (9935 pts)


lambda_18/bar.xvg: 0.0 - 982.2; lambda = (0.5, 1)
    dH/dl & foreign lambdas:
        dH/dl (coul-lambda) (9823 pts)
        dH/dl (vdw-lambda) (9823 pts)
        delta H to (0.4, 1) (9823 pts)
        delta H to (0.5, 1) (9823 pts)
        delta H to (0.6, 1) (9823 pts)


lambda_19/bar.xvg: 0.0 - 984.6; lambda = (0.6, 1)
    dH/dl & foreign lambdas:
        dH/dl (coul-lambda) (9847 pts)
        dH/dl (vdw-lambda) (9847 pts)
        delta H to (0.5, 1) (9847 pts)
        delta H to (0.6, 1) (9847 pts)
        delta H to (0.7, 1) (9847 pts)


lambda_20/bar.xvg: 0.0 - 986.7; lambda = (0.7, 1)
    dH/dl & foreign lambdas:
        dH/dl (coul-lambda) (9868 pts)
        dH/dl (vdw-lambda) (9868 pts)
        delta H to (0.6, 1) (9868 pts)
        delta H to (0.7, 1) (9868 pts)
        delta H to (0.8, 1) (9868 pts)


lambda_21/bar.xvg: 0.0 - 989.0; lambda = (0.8, 1)
    dH/dl & foreign lambdas:
        dH/dl (coul-lambda) (9891 pts)
        dH/dl (vdw-lambda) (9891 pts)
        delta H to (0.7, 1) (9891 pts)
        delta H to (0.8, 1) (9891 pts)
        delta H to (0.9, 1) (9891 pts)


lambda_22/bar.xvg: 0.0 - 991.0; lambda = (0.9, 1)
    dH/dl & foreign lambdas:
        dH/dl (coul-lambda) (9911 pts)
        dH/dl (vdw-lambda) (9911 pts)
        delta H to (0.8, 1) (9911 pts)
        delta H to (0.9, 1) (9911 pts)
        delta H to (1, 1) (9911 pts)


lambda_23/bar.xvg: 0.0 - 981.3; lambda = (1, 1)
    dH/dl & foreign lambdas:
        dH/dl (coul-lambda) (9814 pts)
        dH/dl (vdw-lambda) (9814 pts)
        delta H to (0.9, 1) (9814 pts)
        delta H to (1, 1) (9814 pts)



   Samples in time interval: 0.000 - 993.400
Removing samples outside of: 100.000 - 993.400

Temperature: 300 K

Detailed results in kT (see help for explanation):

 lam_A  lam_B      DG   +/-     s_A   +/-     s_B   +/-   stdev   +/- 
     0      1   -6.82  0.00    0.02  0.01    0.02  0.01    0.23  0.00
     1      2   -5.39  0.00    0.03  0.00    0.03  0.00    0.23  0.00
     2      3   -2.74  0.01    0.08  0.00    0.08  0.00    0.38  0.01
     3      4    1.92  0.01    0.36  0.02    0.39  0.02    0.88  0.01
     4      5    8.33  0.05    2.47  0.06    2.92  0.08    2.73  0.04
     5      6    4.62  0.04    2.41  0.07    2.06  0.05    2.42  0.06
     6      7    2.94  0.05    2.24  0.07    1.47  0.04    2.04  0.05
     7      8    1.91  0.02    1.67  0.02    1.18  0.03    1.72  0.01
     8      9    1.19  0.02    1.26  0.04    0.89  0.02    1.50  0.02
     9     10    0.72  0.02    1.09  0.02    0.76  0.02    1.36  0.01
    10     11    0.37  0.01    0.92  0.01    0.64  0.01    1.24  0.01
    11     12    0.09  0.01    0.82  0.02    0.56  0.01    1.15  0.01
    12     13   -0.12  0.02    0.70  0.02    0.49  0.01    1.07  0.01
    13     14   -0.29  0.01    0.62  0.01    0.43  0.00    1.01  0.00
    14     15   -0.41  0.01    0.55  0.01    0.39  0.01    0.95  0.00
    15     16   -0.54  0.01    0.53  0.01    0.56  0.01    1.05  0.01
    16     17   -1.77  0.02    0.67  0.02    0.77  0.02    1.22  0.01
    17     18   -1.50  0.02    0.23  0.00    0.25  0.00    0.70  0.01
    18     19   -2.03  0.01    0.28  0.01    0.29  0.02    0.76  0.01
    19     20   -2.66  0.02    0.34  0.01    0.35  0.01    0.82  0.01
    20     21   -3.36  0.02    0.35  0.01    0.36  0.01    0.86  0.01
    21     22   -4.11  0.01    0.39  0.02    0.39  0.02    0.89  0.01
    22     23   -4.94  0.03    0.44  0.01    0.44  0.02    0.93  0.01


Final results in kJ/mol:

point      0 -      1,   DG -17.00 +/-  0.01
point      1 -      2,   DG -13.45 +/-  0.01
point      2 -      3,   DG -6.84 +/-  0.02
point      3 -      4,   DG  4.79 +/-  0.02
point      4 -      5,   DG 20.78 +/-  0.12
point      5 -      6,   DG 11.52 +/-  0.11
point      6 -      7,   DG  7.35 +/-  0.11
point      7 -      8,   DG  4.75 +/-  0.05
point      8 -      9,   DG  2.98 +/-  0.05
point      9 -     10,   DG  1.81 +/-  0.05
point     10 -     11,   DG  0.91 +/-  0.02
point     11 -     12,   DG  0.23 +/-  0.03
point     12 -     13,   DG -0.30 +/-  0.04
point     13 -     14,   DG -0.72 +/-  0.02
point     14 -     15,   DG -1.03 +/-  0.01
point     15 -     16,   DG -1.35 +/-  0.03
point     16 -     17,   DG -4.41 +/-  0.05
point     17 -     18,   DG -3.75 +/-  0.04
point     18 -     19,   DG -5.06 +/-  0.03
point     19 -     20,   DG -6.63 +/-  0.05
point     20 -     21,   DG -8.38 +/-  0.04
point     21 -     22,   DG -10.25 +/-  0.04
point     22 -     23,   DG -12.32 +/-  0.06

total      0 -     23,   DG -36.36 +/-  0.35

