lambda_00/bar.xvg: 0.0 - 990.4; lambda = (0, 0)
    dH/dl & foreign lambdas:
        dH/dl (coul-lambda) (9905 pts)
        dH/dl (vdw-lambda) (9905 pts)
        delta H to (0, 0) (9905 pts)
        delta H to (0, 0.1) (9905 pts)


lambda_01/bar.xvg: 0.0 - 997.5; lambda = (0, 0.1)
    dH/dl & foreign lambdas:
        dH/dl (coul-lambda) (9976 pts)
        dH/dl (vdw-lambda) (9976 pts)
        delta H to (0, 0) (9976 pts)
        delta H to (0, 0.1) (9976 pts)
        delta H to (0, 0.2) (9976 pts)


lambda_02/bar.xvg: 0.0 - 997.6; lambda = (0, 0.2)
    dH/dl & foreign lambdas:
        dH/dl (coul-lambda) (9977 pts)
        dH/dl (vdw-lambda) (9977 pts)
        delta H to (0, 0.1) (9977 pts)
        delta H to (0, 0.2) (9977 pts)
        delta H to (0, 0.3) (9977 pts)


lambda_03/bar.xvg: 0.0 - 990.4; lambda = (0, 0.3)
    dH/dl & foreign lambdas:
        dH/dl (coul-lambda) (9905 pts)
        dH/dl (vdw-lambda) (9905 pts)
        delta H to (0, 0.2) (9905 pts)
        delta H to (0, 0.3) (9905 pts)
        delta H to (0, 0.4) (9905 pts)


lambda_04/bar.xvg: 0.0 - 990.4; lambda = (0, 0.4)
    dH/dl & foreign lambdas:
        dH/dl (coul-lambda) (9905 pts)
        dH/dl (vdw-lambda) (9905 pts)
        delta H to (0, 0.3) (9905 pts)
        delta H to (0, 0.4) (9905 pts)
        delta H to (0, 0.5) (9905 pts)


lambda_05/bar.xvg: 0.0 - 990.4; lambda = (0, 0.5)
    dH/dl & foreign lambdas:
        dH/dl (coul-lambda) (9905 pts)
        dH/dl (vdw-lambda) (9905 pts)
        delta H to (0, 0.4) (9905 pts)
        delta H to (0, 0.5) (9905 pts)
        delta H to (0, 0.55) (9905 pts)


lambda_06/bar.xvg: 0.0 - 998.9; lambda = (0, 0.55)
    dH/dl & foreign lambdas:
        dH/dl (coul-lambda) (9990 pts)
        dH/dl (vdw-lambda) (9990 pts)
        delta H to (0, 0.5) (9990 pts)
        delta H to (0, 0.55) (9990 pts)
        delta H to (0, 0.6) (9990 pts)


lambda_07/bar.xvg: 0.0 - 997.0; lambda = (0, 0.6)
    dH/dl & foreign lambdas:
        dH/dl (coul-lambda) (9971 pts)
        dH/dl (vdw-lambda) (9971 pts)
        delta H to (0, 0.55) (9971 pts)
        delta H to (0, 0.6) (9971 pts)
        delta H to (0, 0.65) (9971 pts)


lambda_08/bar.xvg: 0.0 - 994.6; lambda = (0, 0.65)
    dH/dl & foreign lambdas:
        dH/dl (coul-lambda) (9947 pts)
        dH/dl (vdw-lambda) (9947 pts)
        delta H to (0, 0.6) (9947 pts)
        delta H to (0, 0.65) (9947 pts)
        delta H to (0, 0.7) (9947 pts)


lambda_09/bar.xvg: 0.0 - 992.6; lambda = (0, 0.7)
    dH/dl & foreign lambdas:
        dH/dl (coul-lambda) (9927 pts)
        dH/dl (vdw-lambda) (9927 pts)
        delta H to (0, 0.65) (9927 pts)
        delta H to (0, 0.7) (9927 pts)
        delta H to (0, 0.75) (9927 pts)


lambda_10/bar.xvg: 0.0 - 990.4; lambda = (0, 0.75)
    dH/dl & foreign lambdas:
        dH/dl (coul-lambda) (9905 pts)
        dH/dl (vdw-lambda) (9905 pts)
        delta H to (0, 0.7) (9905 pts)
        delta H to (0, 0.75) (9905 pts)
        delta H to (0, 0.8) (9905 pts)


lambda_11/bar.xvg: 0.0 - 990.4; lambda = (0, 0.8)
    dH/dl & foreign lambdas:
        dH/dl (coul-lambda) (9905 pts)
        dH/dl (vdw-lambda) (9905 pts)
        delta H to (0, 0.75) (9905 pts)
        delta H to (0, 0.8) (9905 pts)
        delta H to (0, 0.85) (9905 pts)


lambda_12/bar.xvg: 0.0 - 990.4; lambda = (0, 0.85)
    dH/dl & foreign lambdas:
        dH/dl (coul-lambda) (9905 pts)
        dH/dl (vdw-lambda) (9905 pts)
        delta H to (0, 0.8) (9905 pts)
        delta H to (0, 0.85) (9905 pts)
        delta H to (0, 0.9) (9905 pts)


lambda_13/bar.xvg: 0.0 - 998.9; lambda = (0, 0.9)
    dH/dl & foreign lambdas:
        dH/dl (coul-lambda) (9990 pts)
        dH/dl (vdw-lambda) (9990 pts)
        delta H to (0, 0.85) (9990 pts)
        delta H to (0, 0.9) (9990 pts)
        delta H to (0, 0.95) (9990 pts)


lambda_14/bar.xvg: 0.0 - 997.8; lambda = (0, 0.95)
    dH/dl & foreign lambdas:
        dH/dl (coul-lambda) (9979 pts)
        dH/dl (vdw-lambda) (9979 pts)
        delta H to (0, 0.9) (9979 pts)
        delta H to (0, 0.95) (9979 pts)
        delta H to (0, 1) (9979 pts)


lambda_15/bar.xvg: 0.0 - 997.5; lambda = (0, 1)
    dH/dl & foreign lambdas:
        dH/dl (coul-lambda) (9976 pts)
        dH/dl (vdw-lambda) (9976 pts)
        delta H to (0, 0.95) (9976 pts)
        delta H to (0, 1) (9976 pts)
        delta H to (0.2, 1) (9976 pts)


lambda_16/bar.xvg: 0.0 - 990.4; lambda = (0.2, 1)
    dH/dl & foreign lambdas:
        dH/dl (coul-lambda) (9905 pts)
        dH/dl (vdw-lambda) (9905 pts)
        delta H to (0, 1) (9905 pts)
        delta H to (0.2, 1) (9905 pts)
        delta H to (0.4, 1) (9905 pts)


lambda_17/bar.xvg: 0.0 - 993.7; lambda = (0.4, 1)
    dH/dl & foreign lambdas:
        dH/dl (coul-lambda) (9938 pts)
        dH/dl (vdw-lambda) (9938 pts)
        delta H to (0.2, 1) (9938 pts)
        delta H to (0.4, 1) (9938 pts)
        delta H to (0.5, 1) (9938 pts)


lambda_18/bar.xvg: 0.0 - 995.9; lambda = (0.5, 1)
    dH/dl & foreign lambdas:
        dH/dl (coul-lambda) (9960 pts)
        dH/dl (vdw-lambda) (9960 pts)
        delta H to (0.4, 1) (9960 pts)
        delta H to (0.5, 1) (9960 pts)
        delta H to (0.6, 1) (9960 pts)


lambda_19/bar.xvg: 0.0 - 998.1; lambda = (0.6, 1)
    dH/dl & foreign lambdas:
        dH/dl (coul-lambda) (9982 pts)
        dH/dl (vdw-lambda) (9982 pts)
        delta H to (0.5, 1) (9982 pts)
        delta H to (0.6, 1) (9982 pts)
        delta H to (0.7, 1) (9982 pts)


lambda_20/bar.xvg: 0.0 - 990.4; lambda = (0.7, 1)
    dH/dl & foreign lambdas:
        dH/dl (coul-lambda) (9905 pts)
        dH/dl (vdw-lambda) (9905 pts)
        delta H to (0.6, 1) (9905 pts)
        delta H to (0.7, 1) (9905 pts)
        delta H to (0.8, 1) (9905 pts)


lambda_21/bar.xvg: 0.0 - 990.4; lambda = (0.8, 1)
    dH/dl & foreign lambdas:
        dH/dl (coul-lambda) (9905 pts)
        dH/dl (vdw-lambda) (9905 pts)
        delta H to (0.7, 1) (9905 pts)
        delta H to (0.8, 1) (9905 pts)
        delta H to (0.9, 1) (9905 pts)


lambda_22/bar.xvg: 0.0 - 991.1; lambda = (0.9, 1)
    dH/dl & foreign lambdas:
        dH/dl (coul-lambda) (9912 pts)
        dH/dl (vdw-lambda) (9912 pts)
        delta H to (0.8, 1) (9912 pts)
        delta H to (0.9, 1) (9912 pts)
        delta H to (1, 1) (9912 pts)


lambda_23/bar.xvg: 0.0 - 997.7; lambda = (1, 1)
    dH/dl & foreign lambdas:
        dH/dl (coul-lambda) (9978 pts)
        dH/dl (vdw-lambda) (9978 pts)
        delta H to (0.9, 1) (9978 pts)
        delta H to (1, 1) (9978 pts)



   Samples in time interval: 0.000 - 998.900
Removing samples outside of: 100.000 - 998.900

Temperature: 300 K

Detailed results in kT (see help for explanation):

 lam_A  lam_B      DG   +/-     s_A   +/-     s_B   +/-   stdev   +/- 
     0      1   -6.42  0.00    0.03  0.00    0.03  0.00    0.23  0.00
     1      2   -5.09  0.00    0.02  0.00    0.02  0.00    0.22  0.00
     2      3   -2.58  0.00    0.06  0.00    0.07  0.00    0.37  0.00
     3      4    1.78  0.03    0.35  0.03    0.38  0.03    0.85  0.02
     4      5    7.90  0.10    2.18  0.09    2.49  0.12    2.49  0.07
     5      6    4.67  0.08    2.21  0.09    1.97  0.09    2.31  0.07
     6      7    3.02  0.04    2.29  0.13    1.52  0.06    2.10  0.04
     7      8    1.89  0.04    1.65  0.05    1.14  0.02    1.70  0.02
     8      9    1.24  0.02    1.19  0.03    0.84  0.02    1.45  0.01
     9     10    0.81  0.02    1.07  0.03    0.75  0.02    1.34  0.01
    10     11    0.44  0.01    0.92  0.02    0.65  0.02    1.24  0.01
    11     12    0.15  0.01    0.78  0.03    0.54  0.02    1.12  0.01
    12     13   -0.06  0.02    0.68  0.01    0.48  0.01    1.06  0.01
    13     14   -0.22  0.01    0.61  0.02    0.42  0.01    0.99  0.01
    14     15   -0.34  0.01    0.54  0.01    0.39  0.00    0.94  0.01
    15     16   -0.53  0.01    0.53  0.01    0.56  0.01    1.05  0.01
    16     17   -1.80  0.02    0.71  0.01    0.80  0.01    1.24  0.01
    17     18   -1.52  0.01    0.22  0.01    0.24  0.02    0.70  0.01
    18     19   -2.03  0.02    0.27  0.00    0.28  0.01    0.75  0.00
    19     20   -2.63  0.02    0.32  0.01    0.34  0.01    0.81  0.01
    20     21   -3.35  0.02    0.38  0.02    0.40  0.02    0.88  0.01
    21     22   -4.14  0.02    0.40  0.02    0.41  0.02    0.91  0.01
    22     23   -4.96  0.02    0.41  0.01    0.42  0.01    0.93  0.01


Final results in kJ/mol:

point      0 -      1,   DG -16.01 +/-  0.01
point      1 -      2,   DG -12.70 +/-  0.01
point      2 -      3,   DG -6.44 +/-  0.01
point      3 -      4,   DG  4.45 +/-  0.07
point      4 -      5,   DG 19.70 +/-  0.25
point      5 -      6,   DG 11.64 +/-  0.20
point      6 -      7,   DG  7.54 +/-  0.11
point      7 -      8,   DG  4.72 +/-  0.11
point      8 -      9,   DG  3.08 +/-  0.06
point      9 -     10,   DG  2.03 +/-  0.04
point     10 -     11,   DG  1.09 +/-  0.02
point     11 -     12,   DG  0.36 +/-  0.02
point     12 -     13,   DG -0.14 +/-  0.04
point     13 -     14,   DG -0.56 +/-  0.03
point     14 -     15,   DG -0.86 +/-  0.01
point     15 -     16,   DG -1.33 +/-  0.03
point     16 -     17,   DG -4.49 +/-  0.04
point     17 -     18,   DG -3.80 +/-  0.02
point     18 -     19,   DG -5.06 +/-  0.05
point     19 -     20,   DG -6.56 +/-  0.04
point     20 -     21,   DG -8.35 +/-  0.05
point     21 -     22,   DG -10.34 +/-  0.05
point     22 -     23,   DG -12.38 +/-  0.05

total      0 -     23,   DG -34.40 +/-  0.56

