lambda_00/bar.xvg: 0.0 - 889.3; lambda = (0, 0)
    dH/dl & foreign lambdas:
        dH/dl (coul-lambda) (8894 pts)
        dH/dl (vdw-lambda) (8894 pts)
        delta H to (0, 0) (8894 pts)
        delta H to (0, 0.1) (8894 pts)


lambda_01/bar.xvg: 0.0 - 891.1; lambda = (0, 0.1)
    dH/dl & foreign lambdas:
        dH/dl (coul-lambda) (8912 pts)
        dH/dl (vdw-lambda) (8912 pts)
        delta H to (0, 0) (8912 pts)
        delta H to (0, 0.1) (8912 pts)
        delta H to (0, 0.2) (8912 pts)


lambda_02/bar.xvg: 0.0 - 890.9; lambda = (0, 0.2)
    dH/dl & foreign lambdas:
        dH/dl (coul-lambda) (8910 pts)
        dH/dl (vdw-lambda) (8910 pts)
        delta H to (0, 0.1) (8910 pts)
        delta H to (0, 0.2) (8910 pts)
        delta H to (0, 0.3) (8910 pts)


lambda_03/bar.xvg: 0.0 - 878.9; lambda = (0, 0.3)
    dH/dl & foreign lambdas:
        dH/dl (coul-lambda) (8790 pts)
        dH/dl (vdw-lambda) (8790 pts)
        delta H to (0, 0.2) (8790 pts)
        delta H to (0, 0.3) (8790 pts)
        delta H to (0, 0.4) (8790 pts)


lambda_04/bar.xvg: 0.0 - 891.5; lambda = (0, 0.4)
    dH/dl & foreign lambdas:
        dH/dl (coul-lambda) (8916 pts)
        dH/dl (vdw-lambda) (8916 pts)
        delta H to (0, 0.3) (8916 pts)
        delta H to (0, 0.4) (8916 pts)
        delta H to (0, 0.5) (8916 pts)


lambda_05/bar.xvg: 0.0 - 892.1; lambda = (0, 0.5)
    dH/dl & foreign lambdas:
        dH/dl (coul-lambda) (8922 pts)
        dH/dl (vdw-lambda) (8922 pts)
        delta H to (0, 0.4) (8922 pts)
        delta H to (0, 0.5) (8922 pts)
        delta H to (0, 0.55) (8922 pts)


lambda_06/bar.xvg: 0.0 - 890.5; lambda = (0, 0.55)
    dH/dl & foreign lambdas:
        dH/dl (coul-lambda) (8906 pts)
        dH/dl (vdw-lambda) (8906 pts)
        delta H to (0, 0.5) (8906 pts)
        delta H to (0, 0.55) (8906 pts)
        delta H to (0, 0.6) (8906 pts)


lambda_07/bar.xvg: 0.0 - 889.1; lambda = (0, 0.6)
    dH/dl & foreign lambdas:
        dH/dl (coul-lambda) (8892 pts)
        dH/dl (vdw-lambda) (8892 pts)
        delta H to (0, 0.55) (8892 pts)
        delta H to (0, 0.6) (8892 pts)
        delta H to (0, 0.65) (8892 pts)


lambda_08/bar.xvg: 0.0 - 887.3; lambda = (0, 0.65)
    dH/dl & foreign lambdas:
        dH/dl (coul-lambda) (8874 pts)
        dH/dl (vdw-lambda) (8874 pts)
        delta H to (0, 0.6) (8874 pts)
        delta H to (0, 0.65) (8874 pts)
        delta H to (0, 0.7) (8874 pts)


lambda_09/bar.xvg: 0.0 - 885.2; lambda = (0, 0.7)
    dH/dl & foreign lambdas:
        dH/dl (coul-lambda) (8853 pts)
        dH/dl (vdw-lambda) (8853 pts)
        delta H to (0, 0.65) (8853 pts)
        delta H to (0, 0.7) (8853 pts)
        delta H to (0, 0.75) (8853 pts)


lambda_10/bar.xvg: 0.0 - 883.3; lambda = (0, 0.75)
    dH/dl & foreign lambdas:
        dH/dl (coul-lambda) (8834 pts)
        dH/dl (vdw-lambda) (8834 pts)
        delta H to (0, 0.7) (8834 pts)
        delta H to (0, 0.75) (8834 pts)
        delta H to (0, 0.8) (8834 pts)


lambda_11/bar.xvg: 0.0 - 881.3; lambda = (0, 0.8)
    dH/dl & foreign lambdas:
        dH/dl (coul-lambda) (8814 pts)
        dH/dl (vdw-lambda) (8814 pts)
        delta H to (0, 0.75) (8814 pts)
        delta H to (0, 0.8) (8814 pts)
        delta H to (0, 0.85) (8814 pts)


lambda_12/bar.xvg: 0.0 - 879.6; lambda = (0, 0.85)
    dH/dl & foreign lambdas:
        dH/dl (coul-lambda) (8797 pts)
        dH/dl (vdw-lambda) (8797 pts)
        delta H to (0, 0.8) (8797 pts)
        delta H to (0, 0.85) (8797 pts)
        delta H to (0, 0.9) (8797 pts)


lambda_13/bar.xvg: 0.0 - 892.2; lambda = (0, 0.9)
    dH/dl & foreign lambdas:
        dH/dl (coul-lambda) (8923 pts)
        dH/dl (vdw-lambda) (8923 pts)
        delta H to (0, 0.85) (8923 pts)
        delta H to (0, 0.9) (8923 pts)
        delta H to (0, 0.95) (8923 pts)


lambda_14/bar.xvg: 0.0 - 891.7; lambda = (0, 0.95)
    dH/dl & foreign lambdas:
        dH/dl (coul-lambda) (8918 pts)
        dH/dl (vdw-lambda) (8918 pts)
        delta H to (0, 0.9) (8918 pts)
        delta H to (0, 0.95) (8918 pts)
        delta H to (0, 1) (8918 pts)


lambda_15/bar.xvg: 0.0 - 891.5; lambda = (0, 1)
    dH/dl & foreign lambdas:
        dH/dl (coul-lambda) (8916 pts)
        dH/dl (vdw-lambda) (8916 pts)
        delta H to (0, 0.95) (8916 pts)
        delta H to (0, 1) (8916 pts)
        delta H to (0.2, 1) (8916 pts)


lambda_16/bar.xvg: 0.0 - 883.3; lambda = (0.2, 1)
    dH/dl & foreign lambdas:
        dH/dl (coul-lambda) (8834 pts)
        dH/dl (vdw-lambda) (8834 pts)
        delta H to (0, 1) (8834 pts)
        delta H to (0.2, 1) (8834 pts)
        delta H to (0.4, 1) (8834 pts)


lambda_17/bar.xvg: 0.0 - 887.1; lambda = (0.4, 1)
    dH/dl & foreign lambdas:
        dH/dl (coul-lambda) (8872 pts)
        dH/dl (vdw-lambda) (8872 pts)
        delta H to (0.2, 1) (8872 pts)
        delta H to (0.4, 1) (8872 pts)
        delta H to (0.5, 1) (8872 pts)


lambda_18/bar.xvg: 0.0 - 888.8; lambda = (0.5, 1)
    dH/dl & foreign lambdas:
        dH/dl (coul-lambda) (8889 pts)
        dH/dl (vdw-lambda) (8889 pts)
        delta H to (0.4, 1) (8889 pts)
        delta H to (0.5, 1) (8889 pts)
        delta H to (0.6, 1) (8889 pts)


lambda_19/bar.xvg: 0.0 - 891.1; lambda = (0.6, 1)
    dH/dl & foreign lambdas:
        dH/dl (coul-lambda) (8912 pts)
        dH/dl (vdw-lambda) (8912 pts)
        delta H to (0.5, 1) (8912 pts)
        delta H to (0.6, 1) (8912 pts)
        delta H to (0.7, 1) (8912 pts)


lambda_20/bar.xvg: 0.0 - 879.8; lambda = (0.7, 1)
    dH/dl & foreign lambdas:
        dH/dl (coul-lambda) (8799 pts)
        dH/dl (vdw-lambda) (8799 pts)
        delta H to (0.6, 1) (8799 pts)
        delta H to (0.7, 1) (8799 pts)
        delta H to (0.8, 1) (8799 pts)


lambda_21/bar.xvg: 0.0 - 881.5; lambda = (0.8, 1)
    dH/dl & foreign lambdas:
        dH/dl (coul-lambda) (8816 pts)
        dH/dl (vdw-lambda) (8816 pts)
        delta H to (0.7, 1) (8816 pts)
        delta H to (0.8, 1) (8816 pts)
        delta H to (0.9, 1) (8816 pts)


lambda_22/bar.xvg: 0.0 - 883.4; lambda = (0.9, 1)
    dH/dl & foreign lambdas:
        dH/dl (coul-lambda) (8835 pts)
        dH/dl (vdw-lambda) (8835 pts)
        delta H to (0.8, 1) (8835 pts)
        delta H to (0.9, 1) (8835 pts)
        delta H to (1, 1) (8835 pts)


lambda_23/bar.xvg: 0.0 - 882.6; lambda = (1, 1)
    dH/dl & foreign lambdas:
        dH/dl (coul-lambda) (8827 pts)
        dH/dl (vdw-lambda) (8827 pts)
        delta H to (0.9, 1) (8827 pts)
        delta H to (1, 1) (8827 pts)



   Samples in time interval: 0.000 - 892.200
Removing samples outside of: 100.000 - 892.200

Temperature: 300 K

Detailed results in kT (see help for explanation):

 lam_A  lam_B      DG   +/-     s_A   +/-     s_B   +/-   stdev   +/- 
     0      1   -6.82  0.00    0.03  0.01    0.03  0.01    0.24  0.00
     1      2   -5.40  0.01    0.03  0.01    0.03  0.01    0.23  0.00
     2      3   -2.75  0.01    0.07  0.01    0.07  0.01    0.37  0.00
     3      4    1.91  0.04    0.33  0.02    0.37  0.02    0.86  0.02
     4      5    8.24  0.12    2.60  0.06    3.01  0.09    2.81  0.05
     5      6    4.50  0.09    2.35  0.07    2.02  0.07    2.39  0.06
     6      7    2.84  0.07    2.22  0.14    1.43  0.08    2.03  0.06
     7      8    1.85  0.01    1.62  0.02    1.12  0.02    1.69  0.01
     8      9    1.20  0.01    1.25  0.04    0.88  0.02    1.47  0.01
     9     10    0.76  0.02    1.07  0.04    0.76  0.02    1.36  0.02
    10     11    0.37  0.01    0.97  0.02    0.67  0.02    1.26  0.01
    11     12    0.05  0.01    0.79  0.02    0.56  0.02    1.13  0.01
    12     13   -0.16  0.01    0.66  0.01    0.47  0.01    1.05  0.01
    13     14   -0.30  0.00    0.61  0.01    0.43  0.01    0.99  0.01
    14     15   -0.41  0.01    0.54  0.01    0.38  0.01    0.94  0.01
    15     16   -0.48  0.01    0.49  0.02    0.52  0.02    1.02  0.01
    16     17   -1.66  0.01    0.67  0.03    0.75  0.03    1.19  0.01
    17     18   -1.41  0.01    0.21  0.01    0.22  0.01    0.67  0.00
    18     19   -1.91  0.01    0.28  0.01    0.29  0.01    0.74  0.01
    19     20   -2.50  0.01    0.31  0.02    0.32  0.02    0.79  0.01
    20     21   -3.12  0.01    0.30  0.01    0.31  0.02    0.81  0.01
    21     22   -3.80  0.01    0.37  0.01    0.38  0.01    0.85  0.01
    22     23   -4.51  0.01    0.33  0.00    0.34  0.00    0.86  0.00


Final results in kJ/mol:

point      0 -      1,   DG -17.01 +/-  0.01
point      1 -      2,   DG -13.47 +/-  0.01
point      2 -      3,   DG -6.85 +/-  0.02
point      3 -      4,   DG  4.77 +/-  0.11
point      4 -      5,   DG 20.54 +/-  0.30
point      5 -      6,   DG 11.24 +/-  0.22
point      6 -      7,   DG  7.09 +/-  0.16
point      7 -      8,   DG  4.62 +/-  0.04
point      8 -      9,   DG  2.99 +/-  0.04
point      9 -     10,   DG  1.89 +/-  0.05
point     10 -     11,   DG  0.91 +/-  0.03
point     11 -     12,   DG  0.12 +/-  0.03
point     12 -     13,   DG -0.39 +/-  0.02
point     13 -     14,   DG -0.75 +/-  0.01
point     14 -     15,   DG -1.03 +/-  0.02
point     15 -     16,   DG -1.19 +/-  0.03
point     16 -     17,   DG -4.15 +/-  0.02
point     17 -     18,   DG -3.52 +/-  0.02
point     18 -     19,   DG -4.76 +/-  0.02
point     19 -     20,   DG -6.25 +/-  0.02
point     20 -     21,   DG -7.79 +/-  0.03
point     21 -     22,   DG -9.48 +/-  0.02
point     22 -     23,   DG -11.24 +/-  0.03

total      0 -     23,   DG -33.70 +/-  0.71

