lambda_00/bar.xvg: 0.0 - 873.5; lambda = (0, 0)
    dH/dl & foreign lambdas:
        dH/dl (coul-lambda) (8736 pts)
        dH/dl (vdw-lambda) (8736 pts)
        delta H to (0, 0) (8736 pts)
        delta H to (0, 0.1) (8736 pts)


lambda_01/bar.xvg: 0.0 - 864.6; lambda = (0, 0.1)
    dH/dl & foreign lambdas:
        dH/dl (coul-lambda) (8647 pts)
        dH/dl (vdw-lambda) (8647 pts)
        delta H to (0, 0) (8647 pts)
        delta H to (0, 0.1) (8647 pts)
        delta H to (0, 0.2) (8647 pts)


lambda_02/bar.xvg: 0.0 - 864.4; lambda = (0, 0.2)
    dH/dl & foreign lambdas:
        dH/dl (coul-lambda) (8645 pts)
        dH/dl (vdw-lambda) (8645 pts)
        delta H to (0, 0.1) (8645 pts)
        delta H to (0, 0.2) (8645 pts)
        delta H to (0, 0.3) (8645 pts)


lambda_03/bar.xvg: 0.0 - 865.4; lambda = (0, 0.3)
    dH/dl & foreign lambdas:
        dH/dl (coul-lambda) (8655 pts)
        dH/dl (vdw-lambda) (8655 pts)
        delta H to (0, 0.2) (8655 pts)
        delta H to (0, 0.3) (8655 pts)
        delta H to (0, 0.4) (8655 pts)


lambda_04/bar.xvg: 0.0 - 864.6; lambda = (0, 0.4)
    dH/dl & foreign lambdas:
        dH/dl (coul-lambda) (8647 pts)
        dH/dl (vdw-lambda) (8647 pts)
        delta H to (0, 0.3) (8647 pts)
        delta H to (0, 0.4) (8647 pts)
        delta H to (0, 0.5) (8647 pts)


lambda_05/bar.xvg: 0.0 - 865.0; lambda = (0, 0.5)
    dH/dl & foreign lambdas:
        dH/dl (coul-lambda) (8651 pts)
        dH/dl (vdw-lambda) (8651 pts)
        delta H to (0, 0.4) (8651 pts)
        delta H to (0, 0.5) (8651 pts)
        delta H to (0, 0.55) (8651 pts)


lambda_06/bar.xvg: 0.0 - 863.9; lambda = (0, 0.55)
    dH/dl & foreign lambdas:
        dH/dl (coul-lambda) (8640 pts)
        dH/dl (vdw-lambda) (8640 pts)
        delta H to (0, 0.5) (8640 pts)
        delta H to (0, 0.55) (8640 pts)
        delta H to (0, 0.6) (8640 pts)


lambda_07/bar.xvg: 0.0 - 875.7; lambda = (0, 0.6)
    dH/dl & foreign lambdas:
        dH/dl (coul-lambda) (8758 pts)
        dH/dl (vdw-lambda) (8758 pts)
        delta H to (0, 0.55) (8758 pts)
        delta H to (0, 0.6) (8758 pts)
        delta H to (0, 0.65) (8758 pts)


lambda_08/bar.xvg: 0.0 - 873.8; lambda = (0, 0.65)
    dH/dl & foreign lambdas:
        dH/dl (coul-lambda) (8739 pts)
        dH/dl (vdw-lambda) (8739 pts)
        delta H to (0, 0.6) (8739 pts)
        delta H to (0, 0.65) (8739 pts)
        delta H to (0, 0.7) (8739 pts)


lambda_09/bar.xvg: 0.0 - 871.6; lambda = (0, 0.7)
    dH/dl & foreign lambdas:
        dH/dl (coul-lambda) (8717 pts)
        dH/dl (vdw-lambda) (8717 pts)
        delta H to (0, 0.65) (8717 pts)
        delta H to (0, 0.7) (8717 pts)
        delta H to (0, 0.75) (8717 pts)


lambda_10/bar.xvg: 0.0 - 869.7; lambda = (0, 0.75)
    dH/dl & foreign lambdas:
        dH/dl (coul-lambda) (8698 pts)
        dH/dl (vdw-lambda) (8698 pts)
        delta H to (0, 0.7) (8698 pts)
        delta H to (0, 0.75) (8698 pts)
        delta H to (0, 0.8) (8698 pts)


lambda_11/bar.xvg: 0.0 - 868.1; lambda = (0, 0.8)
    dH/dl & foreign lambdas:
        dH/dl (coul-lambda) (8682 pts)
        dH/dl (vdw-lambda) (8682 pts)
        delta H to (0, 0.75) (8682 pts)
        delta H to (0, 0.8) (8682 pts)
        delta H to (0, 0.85) (8682 pts)


lambda_12/bar.xvg: 0.0 - 867.0; lambda = (0, 0.85)
    dH/dl & foreign lambdas:
        dH/dl (coul-lambda) (8671 pts)
        dH/dl (vdw-lambda) (8671 pts)
        delta H to (0, 0.8) (8671 pts)
        delta H to (0, 0.85) (8671 pts)
        delta H to (0, 0.9) (8671 pts)


lambda_13/bar.xvg: 0.0 - 865.8; lambda = (0, 0.9)
    dH/dl & foreign lambdas:
        dH/dl (coul-lambda) (8659 pts)
        dH/dl (vdw-lambda) (8659 pts)
        delta H to (0, 0.85) (8659 pts)
        delta H to (0, 0.9) (8659 pts)
        delta H to (0, 0.95) (8659 pts)


lambda_14/bar.xvg: 0.0 - 865.0; lambda = (0, 0.95)
    dH/dl & foreign lambdas:
        dH/dl (coul-lambda) (8651 pts)
        dH/dl (vdw-lambda) (8651 pts)
        delta H to (0, 0.9) (8651 pts)
        delta H to (0, 0.95) (8651 pts)
        delta H to (0, 1) (8651 pts)


lambda_15/bar.xvg: 0.0 - 864.9; lambda = (0, 1)
    dH/dl & foreign lambdas:
        dH/dl (coul-lambda) (8650 pts)
        dH/dl (vdw-lambda) (8650 pts)
        delta H to (0, 0.95) (8650 pts)
        delta H to (0, 1) (8650 pts)
        delta H to (0.2, 1) (8650 pts)


lambda_16/bar.xvg: 0.0 - 870.1; lambda = (0.2, 1)
    dH/dl & foreign lambdas:
        dH/dl (coul-lambda) (8702 pts)
        dH/dl (vdw-lambda) (8702 pts)
        delta H to (0, 1) (8702 pts)
        delta H to (0.2, 1) (8702 pts)
        delta H to (0.4, 1) (8702 pts)


lambda_17/bar.xvg: 0.0 - 873.7; lambda = (0.4, 1)
    dH/dl & foreign lambdas:
        dH/dl (coul-lambda) (8738 pts)
        dH/dl (vdw-lambda) (8738 pts)
        delta H to (0.2, 1) (8738 pts)
        delta H to (0.4, 1) (8738 pts)
        delta H to (0.5, 1) (8738 pts)


lambda_18/bar.xvg: 0.0 - 876.0; lambda = (0.5, 1)
    dH/dl & foreign lambdas:
        dH/dl (coul-lambda) (8761 pts)
        dH/dl (vdw-lambda) (8761 pts)
        delta H to (0.4, 1) (8761 pts)
        delta H to (0.5, 1) (8761 pts)
        delta H to (0.6, 1) (8761 pts)


lambda_19/bar.xvg: 0.0 - 864.5; lambda = (0.6, 1)
    dH/dl & foreign lambdas:
        dH/dl (coul-lambda) (8646 pts)
        dH/dl (vdw-lambda) (8646 pts)
        delta H to (0.5, 1) (8646 pts)
        delta H to (0.6, 1) (8646 pts)
        delta H to (0.7, 1) (8646 pts)


lambda_20/bar.xvg: 0.0 - 866.5; lambda = (0.7, 1)
    dH/dl & foreign lambdas:
        dH/dl (coul-lambda) (8666 pts)
        dH/dl (vdw-lambda) (8666 pts)
        delta H to (0.6, 1) (8666 pts)
        delta H to (0.7, 1) (8666 pts)
        delta H to (0.8, 1) (8666 pts)


lambda_21/bar.xvg: 0.0 - 868.3; lambda = (0.8, 1)
    dH/dl & foreign lambdas:
        dH/dl (coul-lambda) (8684 pts)
        dH/dl (vdw-lambda) (8684 pts)
        delta H to (0.7, 1) (8684 pts)
        delta H to (0.8, 1) (8684 pts)
        delta H to (0.9, 1) (8684 pts)


lambda_22/bar.xvg: 0.0 - 870.1; lambda = (0.9, 1)
    dH/dl & foreign lambdas:
        dH/dl (coul-lambda) (8702 pts)
        dH/dl (vdw-lambda) (8702 pts)
        delta H to (0.8, 1) (8702 pts)
        delta H to (0.9, 1) (8702 pts)
        delta H to (1, 1) (8702 pts)


lambda_23/bar.xvg: 0.0 - 866.4; lambda = (1, 1)
    dH/dl & foreign lambdas:
        dH/dl (coul-lambda) (8665 pts)
        dH/dl (vdw-lambda) (8665 pts)
        delta H to (0.9, 1) (8665 pts)
        delta H to (1, 1) (8665 pts)



   Samples in time interval: 0.000 - 876.000
Removing samples outside of: 100.000 - 876.000

Temperature: 300 K

Detailed results in kT (see help for explanation):

 lam_A  lam_B      DG   +/-     s_A   +/-     s_B   +/-   stdev   +/- 
     0      1   -6.82  0.00    0.03  0.00    0.03  0.00    0.23  0.00
     1      2   -5.40  0.00    0.03  0.01    0.03  0.01    0.23  0.00
     2      3   -2.75  0.01    0.07  0.01    0.07  0.01    0.38  0.00
     3      4    1.87  0.03    0.42  0.02    0.46  0.02    0.92  0.01
     4      5    8.15  0.11    2.38  0.14    2.71  0.09    2.67  0.09
     5      6    4.67  0.06    2.38  0.13    2.04  0.07    2.36  0.08
     6      7    2.92  0.06    2.36  0.05    1.58  0.04    2.16  0.03
     7      8    1.81  0.03    1.55  0.07    1.07  0.04    1.65  0.02
     8      9    1.22  0.03    1.27  0.04    0.88  0.04    1.48  0.02
     9     10    0.75  0.03    1.11  0.04    0.79  0.03    1.37  0.02
    10     11    0.35  0.01    0.92  0.02    0.65  0.02    1.24  0.01
    11     12    0.07  0.01    0.79  0.01    0.55  0.01    1.13  0.00
    12     13   -0.13  0.02    0.68  0.01    0.48  0.01    1.07  0.01
    13     14   -0.28  0.01    0.62  0.01    0.44  0.01    1.01  0.00
    14     15   -0.42  0.01    0.57  0.02    0.40  0.01    0.95  0.01
    15     16   -0.51  0.01    0.53  0.02    0.56  0.02    1.04  0.01
    16     17   -1.73  0.03    0.66  0.02    0.74  0.02    1.20  0.01
    17     18   -1.48  0.01    0.25  0.01    0.26  0.01    0.69  0.01
    18     19   -1.99  0.01    0.25  0.01    0.27  0.01    0.75  0.00
    19     20   -2.58  0.01    0.32  0.02    0.33  0.02    0.79  0.01
    20     21   -3.23  0.02    0.32  0.02    0.33  0.02    0.82  0.01
    21     22   -3.93  0.03    0.38  0.02    0.39  0.02    0.87  0.01
    22     23   -4.73  0.02    0.41  0.03    0.42  0.03    0.91  0.01


Final results in kJ/mol:

point      0 -      1,   DG -17.01 +/-  0.01
point      1 -      2,   DG -13.47 +/-  0.01
point      2 -      3,   DG -6.85 +/-  0.03
point      3 -      4,   DG  4.67 +/-  0.08
point      4 -      5,   DG 20.32 +/-  0.28
point      5 -      6,   DG 11.64 +/-  0.16
point      6 -      7,   DG  7.27 +/-  0.16
point      7 -      8,   DG  4.53 +/-  0.07
point      8 -      9,   DG  3.04 +/-  0.07
point      9 -     10,   DG  1.87 +/-  0.07
point     10 -     11,   DG  0.87 +/-  0.03
point     11 -     12,   DG  0.16 +/-  0.03
point     12 -     13,   DG -0.32 +/-  0.04
point     13 -     14,   DG -0.71 +/-  0.03
point     14 -     15,   DG -1.05 +/-  0.02
point     15 -     16,   DG -1.28 +/-  0.03
point     16 -     17,   DG -4.32 +/-  0.08
point     17 -     18,   DG -3.69 +/-  0.03
point     18 -     19,   DG -4.97 +/-  0.03
point     19 -     20,   DG -6.44 +/-  0.03
point     20 -     21,   DG -8.05 +/-  0.06
point     21 -     22,   DG -9.81 +/-  0.08
point     22 -     23,   DG -11.81 +/-  0.04

total      0 -     23,   DG -35.41 +/-  0.25

