lambda_00/bar.xvg: 0.0 - 841.8; lambda = (0, 0)
    dH/dl & foreign lambdas:
        dH/dl (coul-lambda) (8419 pts)
        dH/dl (vdw-lambda) (8419 pts)
        delta H to (0, 0) (8419 pts)
        delta H to (0, 0.1) (8419 pts)


lambda_01/bar.xvg: 0.0 - 838.1; lambda = (0, 0.1)
    dH/dl & foreign lambdas:
        dH/dl (coul-lambda) (8382 pts)
        dH/dl (vdw-lambda) (8382 pts)
        delta H to (0, 0) (8382 pts)
        delta H to (0, 0.1) (8382 pts)
        delta H to (0, 0.2) (8382 pts)


lambda_02/bar.xvg: 0.0 - 838.0; lambda = (0, 0.2)
    dH/dl & foreign lambdas:
        dH/dl (coul-lambda) (8381 pts)
        dH/dl (vdw-lambda) (8381 pts)
        delta H to (0, 0.1) (8381 pts)
        delta H to (0, 0.2) (8381 pts)
        delta H to (0, 0.3) (8381 pts)


lambda_03/bar.xvg: 0.0 - 838.5; lambda = (0, 0.3)
    dH/dl & foreign lambdas:
        dH/dl (coul-lambda) (8386 pts)
        dH/dl (vdw-lambda) (8386 pts)
        delta H to (0, 0.2) (8386 pts)
        delta H to (0, 0.3) (8386 pts)
        delta H to (0, 0.4) (8386 pts)


lambda_04/bar.xvg: 0.0 - 850.9; lambda = (0, 0.4)
    dH/dl & foreign lambdas:
        dH/dl (coul-lambda) (8510 pts)
        dH/dl (vdw-lambda) (8510 pts)
        delta H to (0, 0.3) (8510 pts)
        delta H to (0, 0.4) (8510 pts)
        delta H to (0, 0.5) (8510 pts)


lambda_05/bar.xvg: 0.0 - 838.0; lambda = (0, 0.5)
    dH/dl & foreign lambdas:
        dH/dl (coul-lambda) (8381 pts)
        dH/dl (vdw-lambda) (8381 pts)
        delta H to (0, 0.4) (8381 pts)
        delta H to (0, 0.5) (8381 pts)
        delta H to (0, 0.55) (8381 pts)


lambda_06/bar.xvg: 0.0 - 850.3; lambda = (0, 0.55)
    dH/dl & foreign lambdas:
        dH/dl (coul-lambda) (8504 pts)
        dH/dl (vdw-lambda) (8504 pts)
        delta H to (0, 0.5) (8504 pts)
        delta H to (0, 0.55) (8504 pts)
        delta H to (0, 0.6) (8504 pts)


lambda_07/bar.xvg: 0.0 - 848.5; lambda = (0, 0.6)
    dH/dl & foreign lambdas:
        dH/dl (coul-lambda) (8486 pts)
        dH/dl (vdw-lambda) (8486 pts)
        delta H to (0, 0.55) (8486 pts)
        delta H to (0, 0.6) (8486 pts)
        delta H to (0, 0.65) (8486 pts)


lambda_08/bar.xvg: 0.0 - 846.8; lambda = (0, 0.65)
    dH/dl & foreign lambdas:
        dH/dl (coul-lambda) (8469 pts)
        dH/dl (vdw-lambda) (8469 pts)
        delta H to (0, 0.6) (8469 pts)
        delta H to (0, 0.65) (8469 pts)
        delta H to (0, 0.7) (8469 pts)


lambda_09/bar.xvg: 0.0 - 844.8; lambda = (0, 0.7)
    dH/dl & foreign lambdas:
        dH/dl (coul-lambda) (8449 pts)
        dH/dl (vdw-lambda) (8449 pts)
        delta H to (0, 0.65) (8449 pts)
        delta H to (0, 0.7) (8449 pts)
        delta H to (0, 0.75) (8449 pts)


lambda_10/bar.xvg: 0.0 - 842.8; lambda = (0, 0.75)
    dH/dl & foreign lambdas:
        dH/dl (coul-lambda) (8429 pts)
        dH/dl (vdw-lambda) (8429 pts)
        delta H to (0, 0.7) (8429 pts)
        delta H to (0, 0.75) (8429 pts)
        delta H to (0, 0.8) (8429 pts)


lambda_11/bar.xvg: 0.0 - 841.2; lambda = (0, 0.8)
    dH/dl & foreign lambdas:
        dH/dl (coul-lambda) (8413 pts)
        dH/dl (vdw-lambda) (8413 pts)
        delta H to (0, 0.75) (8413 pts)
        delta H to (0, 0.8) (8413 pts)
        delta H to (0, 0.85) (8413 pts)


lambda_12/bar.xvg: 0.0 - 839.8; lambda = (0, 0.85)
    dH/dl & foreign lambdas:
        dH/dl (coul-lambda) (8399 pts)
        dH/dl (vdw-lambda) (8399 pts)
        delta H to (0, 0.8) (8399 pts)
        delta H to (0, 0.85) (8399 pts)
        delta H to (0, 0.9) (8399 pts)


lambda_13/bar.xvg: 0.0 - 839.0; lambda = (0, 0.9)
    dH/dl & foreign lambdas:
        dH/dl (coul-lambda) (8391 pts)
        dH/dl (vdw-lambda) (8391 pts)
        delta H to (0, 0.85) (8391 pts)
        delta H to (0, 0.9) (8391 pts)
        delta H to (0, 0.95) (8391 pts)


lambda_14/bar.xvg: 0.0 - 838.2; lambda = (0, 0.95)
    dH/dl & foreign lambdas:
        dH/dl (coul-lambda) (8383 pts)
        dH/dl (vdw-lambda) (8383 pts)
        delta H to (0, 0.9) (8383 pts)
        delta H to (0, 0.95) (8383 pts)
        delta H to (0, 1) (8383 pts)


lambda_15/bar.xvg: 0.0 - 838.2; lambda = (0, 1)
    dH/dl & foreign lambdas:
        dH/dl (coul-lambda) (8383 pts)
        dH/dl (vdw-lambda) (8383 pts)
        delta H to (0, 0.95) (8383 pts)
        delta H to (0, 1) (8383 pts)
        delta H to (0.2, 1) (8383 pts)


lambda_16/bar.xvg: 0.0 - 843.7; lambda = (0.2, 1)
    dH/dl & foreign lambdas:
        dH/dl (coul-lambda) (8438 pts)
        dH/dl (vdw-lambda) (8438 pts)
        delta H to (0, 1) (8438 pts)
        delta H to (0.2, 1) (8438 pts)
        delta H to (0.4, 1) (8438 pts)


lambda_17/bar.xvg: 0.0 - 847.6; lambda = (0.4, 1)
    dH/dl & foreign lambdas:
        dH/dl (coul-lambda) (8477 pts)
        dH/dl (vdw-lambda) (8477 pts)
        delta H to (0.2, 1) (8477 pts)
        delta H to (0.4, 1) (8477 pts)
        delta H to (0.5, 1) (8477 pts)


lambda_18/bar.xvg: 0.0 - 849.5; lambda = (0.5, 1)
    dH/dl & foreign lambdas:
        dH/dl (coul-lambda) (8496 pts)
        dH/dl (vdw-lambda) (8496 pts)
        delta H to (0.4, 1) (8496 pts)
        delta H to (0.5, 1) (8496 pts)
        delta H to (0.6, 1) (8496 pts)


lambda_19/bar.xvg: 0.0 - 838.1; lambda = (0.6, 1)
    dH/dl & foreign lambdas:
        dH/dl (coul-lambda) (8382 pts)
        dH/dl (vdw-lambda) (8382 pts)
        delta H to (0.5, 1) (8382 pts)
        delta H to (0.6, 1) (8382 pts)
        delta H to (0.7, 1) (8382 pts)


lambda_20/bar.xvg: 0.0 - 839.9; lambda = (0.7, 1)
    dH/dl & foreign lambdas:
        dH/dl (coul-lambda) (8400 pts)
        dH/dl (vdw-lambda) (8400 pts)
        delta H to (0.6, 1) (8400 pts)
        delta H to (0.7, 1) (8400 pts)
        delta H to (0.8, 1) (8400 pts)


lambda_21/bar.xvg: 0.0 - 841.8; lambda = (0.8, 1)
    dH/dl & foreign lambdas:
        dH/dl (coul-lambda) (8419 pts)
        dH/dl (vdw-lambda) (8419 pts)
        delta H to (0.7, 1) (8419 pts)
        delta H to (0.8, 1) (8419 pts)
        delta H to (0.9, 1) (8419 pts)


lambda_22/bar.xvg: 0.0 - 843.4; lambda = (0.9, 1)
    dH/dl & foreign lambdas:
        dH/dl (coul-lambda) (8435 pts)
        dH/dl (vdw-lambda) (8435 pts)
        delta H to (0.8, 1) (8435 pts)
        delta H to (0.9, 1) (8435 pts)
        delta H to (1, 1) (8435 pts)


lambda_23/bar.xvg: 0.0 - 850.1; lambda = (1, 1)
    dH/dl & foreign lambdas:
        dH/dl (coul-lambda) (8502 pts)
        dH/dl (vdw-lambda) (8502 pts)
        delta H to (0.9, 1) (8502 pts)
        delta H to (1, 1) (8502 pts)



   Samples in time interval: 0.000 - 850.900
Removing samples outside of: 100.000 - 850.900

Temperature: 300 K

Detailed results in kT (see help for explanation):

 lam_A  lam_B      DG   +/-     s_A   +/-     s_B   +/-   stdev   +/- 
     0      1   -6.81  0.00    0.03  0.01    0.03  0.01    0.24  0.00
     1      2   -5.39  0.00    0.03  0.01    0.03  0.01    0.23  0.00
     2      3   -2.72  0.01    0.06  0.01    0.06  0.01    0.37  0.01
     3      4    1.99  0.02    0.35  0.03    0.38  0.03    0.86  0.00
     4      5    8.37  0.08    2.61  0.04    3.13  0.07    2.88  0.06
     5      6    4.54  0.12    2.32  0.12    1.95  0.05    2.33  0.05
     6      7    2.86  0.08    2.36  0.19    1.55  0.09    2.10  0.08
     7      8    1.79  0.06    1.51  0.07    1.04  0.05    1.65  0.04
     8      9    1.20  0.02    1.27  0.02    0.90  0.02    1.50  0.01
     9     10    0.68  0.02    1.11  0.02    0.76  0.00    1.36  0.01
    10     11    0.32  0.02    0.86  0.02    0.59  0.02    1.20  0.01
    11     12    0.08  0.01    0.80  0.01    0.56  0.00    1.13  0.01
    12     13   -0.13  0.01    0.66  0.00    0.46  0.00    1.06  0.00
    13     14   -0.29  0.01    0.64  0.01    0.45  0.01    1.00  0.01
    14     15   -0.43  0.01    0.53  0.01    0.38  0.01    0.93  0.00
    15     16   -0.52  0.02    0.53  0.03    0.56  0.03    1.05  0.01
    16     17   -1.78  0.02    0.70  0.03    0.78  0.04    1.23  0.01
    17     18   -1.52  0.02    0.24  0.02    0.25  0.02    0.69  0.01
    18     19   -2.05  0.02    0.28  0.02    0.30  0.02    0.77  0.01
    19     20   -2.66  0.02    0.31  0.02    0.32  0.02    0.80  0.01
    20     21   -3.31  0.02    0.33  0.01    0.35  0.01    0.83  0.01
    21     22   -4.00  0.03    0.34  0.02    0.36  0.02    0.86  0.01
    22     23   -4.77  0.03    0.41  0.03    0.42  0.03    0.92  0.01


Final results in kJ/mol:

point      0 -      1,   DG -16.99 +/-  0.01
point      1 -      2,   DG -13.44 +/-  0.01
point      2 -      3,   DG -6.77 +/-  0.03
point      3 -      4,   DG  4.96 +/-  0.05
point      4 -      5,   DG 20.88 +/-  0.20
point      5 -      6,   DG 11.33 +/-  0.30
point      6 -      7,   DG  7.14 +/-  0.20
point      7 -      8,   DG  4.47 +/-  0.14
point      8 -      9,   DG  2.99 +/-  0.05
point      9 -     10,   DG  1.69 +/-  0.06
point     10 -     11,   DG  0.80 +/-  0.04
point     11 -     12,   DG  0.20 +/-  0.02
point     12 -     13,   DG -0.32 +/-  0.02
point     13 -     14,   DG -0.72 +/-  0.02
point     14 -     15,   DG -1.06 +/-  0.02
point     15 -     16,   DG -1.29 +/-  0.04
point     16 -     17,   DG -4.43 +/-  0.06
point     17 -     18,   DG -3.79 +/-  0.05
point     18 -     19,   DG -5.12 +/-  0.05
point     19 -     20,   DG -6.64 +/-  0.04
point     20 -     21,   DG -8.26 +/-  0.06
point     21 -     22,   DG -9.98 +/-  0.07
point     22 -     23,   DG -11.91 +/-  0.09

total      0 -     23,   DG -36.27 +/-  0.58

