lambda_00/bar.xvg: 0.0 - 937.1; lambda = (0, 0)
    dH/dl & foreign lambdas:
        dH/dl (coul-lambda) (9372 pts)
        dH/dl (vdw-lambda) (9372 pts)
        delta H to (0, 0) (9372 pts)
        delta H to (0, 0.1) (9372 pts)


lambda_01/bar.xvg: 0.0 - 931.0; lambda = (0, 0.1)
    dH/dl & foreign lambdas:
        dH/dl (coul-lambda) (9311 pts)
        dH/dl (vdw-lambda) (9311 pts)
        delta H to (0, 0) (9311 pts)
        delta H to (0, 0.1) (9311 pts)
        delta H to (0, 0.2) (9311 pts)


lambda_02/bar.xvg: 0.0 - 931.1; lambda = (0, 0.2)
    dH/dl & foreign lambdas:
        dH/dl (coul-lambda) (9312 pts)
        dH/dl (vdw-lambda) (9312 pts)
        delta H to (0, 0.1) (9312 pts)
        delta H to (0, 0.2) (9312 pts)
        delta H to (0, 0.3) (9312 pts)


lambda_03/bar.xvg: 0.0 - 933.6; lambda = (0, 0.3)
    dH/dl & foreign lambdas:
        dH/dl (coul-lambda) (9337 pts)
        dH/dl (vdw-lambda) (9337 pts)
        delta H to (0, 0.2) (9337 pts)
        delta H to (0, 0.3) (9337 pts)
        delta H to (0, 0.4) (9337 pts)


lambda_04/bar.xvg: 0.0 - 932.3; lambda = (0, 0.4)
    dH/dl & foreign lambdas:
        dH/dl (coul-lambda) (9324 pts)
        dH/dl (vdw-lambda) (9324 pts)
        delta H to (0, 0.3) (9324 pts)
        delta H to (0, 0.4) (9324 pts)
        delta H to (0, 0.5) (9324 pts)


lambda_05/bar.xvg: 0.0 - 932.5; lambda = (0, 0.5)
    dH/dl & foreign lambdas:
        dH/dl (coul-lambda) (9326 pts)
        dH/dl (vdw-lambda) (9326 pts)
        delta H to (0, 0.4) (9326 pts)
        delta H to (0, 0.5) (9326 pts)
        delta H to (0, 0.55) (9326 pts)


lambda_06/bar.xvg: 0.0 - 930.8; lambda = (0, 0.55)
    dH/dl & foreign lambdas:
        dH/dl (coul-lambda) (9309 pts)
        dH/dl (vdw-lambda) (9309 pts)
        delta H to (0, 0.5) (9309 pts)
        delta H to (0, 0.55) (9309 pts)
        delta H to (0, 0.6) (9309 pts)


lambda_07/bar.xvg: 0.0 - 929.5; lambda = (0, 0.6)
    dH/dl & foreign lambdas:
        dH/dl (coul-lambda) (9296 pts)
        dH/dl (vdw-lambda) (9296 pts)
        delta H to (0, 0.55) (9296 pts)
        delta H to (0, 0.6) (9296 pts)
        delta H to (0, 0.65) (9296 pts)


lambda_08/bar.xvg: 0.0 - 940.6; lambda = (0, 0.65)
    dH/dl & foreign lambdas:
        dH/dl (coul-lambda) (9407 pts)
        dH/dl (vdw-lambda) (9407 pts)
        delta H to (0, 0.6) (9407 pts)
        delta H to (0, 0.65) (9407 pts)
        delta H to (0, 0.7) (9407 pts)


lambda_09/bar.xvg: 0.0 - 938.7; lambda = (0, 0.7)
    dH/dl & foreign lambdas:
        dH/dl (coul-lambda) (9388 pts)
        dH/dl (vdw-lambda) (9388 pts)
        delta H to (0, 0.65) (9388 pts)
        delta H to (0, 0.7) (9388 pts)
        delta H to (0, 0.75) (9388 pts)


lambda_10/bar.xvg: 0.0 - 936.5; lambda = (0, 0.75)
    dH/dl & foreign lambdas:
        dH/dl (coul-lambda) (9366 pts)
        dH/dl (vdw-lambda) (9366 pts)
        delta H to (0, 0.7) (9366 pts)
        delta H to (0, 0.75) (9366 pts)
        delta H to (0, 0.8) (9366 pts)


lambda_11/bar.xvg: 0.0 - 935.0; lambda = (0, 0.8)
    dH/dl & foreign lambdas:
        dH/dl (coul-lambda) (9351 pts)
        dH/dl (vdw-lambda) (9351 pts)
        delta H to (0, 0.75) (9351 pts)
        delta H to (0, 0.8) (9351 pts)
        delta H to (0, 0.85) (9351 pts)


lambda_12/bar.xvg: 0.0 - 933.1; lambda = (0, 0.85)
    dH/dl & foreign lambdas:
        dH/dl (coul-lambda) (9332 pts)
        dH/dl (vdw-lambda) (9332 pts)
        delta H to (0, 0.8) (9332 pts)
        delta H to (0, 0.85) (9332 pts)
        delta H to (0, 0.9) (9332 pts)


lambda_13/bar.xvg: 0.0 - 932.5; lambda = (0, 0.9)
    dH/dl & foreign lambdas:
        dH/dl (coul-lambda) (9326 pts)
        dH/dl (vdw-lambda) (9326 pts)
        delta H to (0, 0.85) (9326 pts)
        delta H to (0, 0.9) (9326 pts)
        delta H to (0, 0.95) (9326 pts)


lambda_14/bar.xvg: 0.0 - 931.5; lambda = (0, 0.95)
    dH/dl & foreign lambdas:
        dH/dl (coul-lambda) (9316 pts)
        dH/dl (vdw-lambda) (9316 pts)
        delta H to (0, 0.9) (9316 pts)
        delta H to (0, 0.95) (9316 pts)
        delta H to (0, 1) (9316 pts)


lambda_15/bar.xvg: 0.0 - 931.3; lambda = (0, 1)
    dH/dl & foreign lambdas:
        dH/dl (coul-lambda) (9314 pts)
        dH/dl (vdw-lambda) (9314 pts)
        delta H to (0, 0.95) (9314 pts)
        delta H to (0, 1) (9314 pts)
        delta H to (0.2, 1) (9314 pts)


lambda_16/bar.xvg: 0.0 - 936.0; lambda = (0.2, 1)
    dH/dl & foreign lambdas:
        dH/dl (coul-lambda) (9361 pts)
        dH/dl (vdw-lambda) (9361 pts)
        delta H to (0, 1) (9361 pts)
        delta H to (0.2, 1) (9361 pts)
        delta H to (0.4, 1) (9361 pts)


lambda_17/bar.xvg: 0.0 - 940.0; lambda = (0.4, 1)
    dH/dl & foreign lambdas:
        dH/dl (coul-lambda) (9401 pts)
        dH/dl (vdw-lambda) (9401 pts)
        delta H to (0.2, 1) (9401 pts)
        delta H to (0.4, 1) (9401 pts)
        delta H to (0.5, 1) (9401 pts)


lambda_18/bar.xvg: 0.0 - 942.0; lambda = (0.5, 1)
    dH/dl & foreign lambdas:
        dH/dl (coul-lambda) (9421 pts)
        dH/dl (vdw-lambda) (9421 pts)
        delta H to (0.4, 1) (9421 pts)
        delta H to (0.5, 1) (9421 pts)
        delta H to (0.6, 1) (9421 pts)


lambda_19/bar.xvg: 0.0 - 930.8; lambda = (0.6, 1)
    dH/dl & foreign lambdas:
        dH/dl (coul-lambda) (9309 pts)
        dH/dl (vdw-lambda) (9309 pts)
        delta H to (0.5, 1) (9309 pts)
        delta H to (0.6, 1) (9309 pts)
        delta H to (0.7, 1) (9309 pts)


lambda_20/bar.xvg: 0.0 - 933.0; lambda = (0.7, 1)
    dH/dl & foreign lambdas:
        dH/dl (coul-lambda) (9331 pts)
        dH/dl (vdw-lambda) (9331 pts)
        delta H to (0.6, 1) (9331 pts)
        delta H to (0.7, 1) (9331 pts)
        delta H to (0.8, 1) (9331 pts)


lambda_21/bar.xvg: 0.0 - 935.1; lambda = (0.8, 1)
    dH/dl & foreign lambdas:
        dH/dl (coul-lambda) (9352 pts)
        dH/dl (vdw-lambda) (9352 pts)
        delta H to (0.7, 1) (9352 pts)
        delta H to (0.8, 1) (9352 pts)
        delta H to (0.9, 1) (9352 pts)


lambda_22/bar.xvg: 0.0 - 937.1; lambda = (0.9, 1)
    dH/dl & foreign lambdas:
        dH/dl (coul-lambda) (9372 pts)
        dH/dl (vdw-lambda) (9372 pts)
        delta H to (0.8, 1) (9372 pts)
        delta H to (0.9, 1) (9372 pts)
        delta H to (1, 1) (9372 pts)


lambda_23/bar.xvg: 0.0 - 931.9; lambda = (1, 1)
    dH/dl & foreign lambdas:
        dH/dl (coul-lambda) (9320 pts)
        dH/dl (vdw-lambda) (9320 pts)
        delta H to (0.9, 1) (9320 pts)
        delta H to (1, 1) (9320 pts)



   Samples in time interval: 0.000 - 942.000
Removing samples outside of: 100.000 - 942.000

Temperature: 300 K

Detailed results in kT (see help for explanation):

 lam_A  lam_B      DG   +/-     s_A   +/-     s_B   +/-   stdev   +/- 
     0      1   -6.83  0.01    0.03  0.00    0.03  0.00    0.24  0.00
     1      2   -5.39  0.01    0.02  0.00    0.02  0.00    0.23  0.00
     2      3   -2.74  0.01    0.07  0.00    0.07  0.00    0.38  0.00
     3      4    1.92  0.02    0.35  0.01    0.38  0.01    0.86  0.01
     4      5    8.33  0.10    2.51  0.03    2.93  0.05    2.74  0.03
     5      6    4.52  0.06    2.48  0.12    2.09  0.04    2.44  0.05
     6      7    2.81  0.05    2.17  0.10    1.48  0.05    2.03  0.04
     7      8    1.77  0.03    1.58  0.05    1.09  0.02    1.68  0.02
     8      9    1.13  0.02    1.23  0.03    0.85  0.02    1.46  0.01
     9     10    0.70  0.03    1.07  0.02    0.74  0.01    1.34  0.01
    10     11    0.35  0.01    0.91  0.03    0.64  0.02    1.23  0.02
    11     12    0.08  0.02    0.80  0.03    0.56  0.02    1.14  0.01
    12     13   -0.12  0.01    0.67  0.02    0.48  0.01    1.06  0.01
    13     14   -0.28  0.01    0.62  0.01    0.44  0.01    1.01  0.01
    14     15   -0.42  0.01    0.55  0.01    0.40  0.01    0.95  0.01
    15     16   -0.47  0.01    0.49  0.01    0.52  0.01    1.02  0.01
    16     17   -1.63  0.01    0.64  0.01    0.72  0.01    1.17  0.01
    17     18   -1.39  0.01    0.21  0.01    0.23  0.01    0.67  0.01
    18     19   -1.86  0.01    0.25  0.02    0.26  0.02    0.73  0.01
    19     20   -2.44  0.01    0.31  0.02    0.32  0.02    0.78  0.01
    20     21   -3.09  0.02    0.34  0.01    0.35  0.01    0.83  0.01
    21     22   -3.84  0.02    0.40  0.01    0.40  0.01    0.88  0.01
    22     23   -4.62  0.01    0.38  0.02    0.38  0.02    0.88  0.01


Final results in kJ/mol:

point      0 -      1,   DG -17.03 +/-  0.02
point      1 -      2,   DG -13.45 +/-  0.02
point      2 -      3,   DG -6.83 +/-  0.02
point      3 -      4,   DG  4.80 +/-  0.06
point      4 -      5,   DG 20.77 +/-  0.26
point      5 -      6,   DG 11.28 +/-  0.14
point      6 -      7,   DG  7.01 +/-  0.11
point      7 -      8,   DG  4.42 +/-  0.06
point      8 -      9,   DG  2.83 +/-  0.06
point      9 -     10,   DG  1.75 +/-  0.07
point     10 -     11,   DG  0.88 +/-  0.04
point     11 -     12,   DG  0.19 +/-  0.04
point     12 -     13,   DG -0.31 +/-  0.02
point     13 -     14,   DG -0.71 +/-  0.02
point     14 -     15,   DG -1.05 +/-  0.02
point     15 -     16,   DG -1.18 +/-  0.01
point     16 -     17,   DG -4.08 +/-  0.03
point     17 -     18,   DG -3.46 +/-  0.03
point     18 -     19,   DG -4.65 +/-  0.03
point     19 -     20,   DG -6.07 +/-  0.02
point     20 -     21,   DG -7.71 +/-  0.05
point     21 -     22,   DG -9.58 +/-  0.05
point     22 -     23,   DG -11.53 +/-  0.02

total      0 -     23,   DG -33.72 +/-  0.22

