lambda_00/bar.xvg: 0.0 - 873.7; lambda = (0, 0)
    dH/dl & foreign lambdas:
        dH/dl (coul-lambda) (8738 pts)
        dH/dl (vdw-lambda) (8738 pts)
        delta H to (0, 0) (8738 pts)
        delta H to (0, 0.1) (8738 pts)


lambda_01/bar.xvg: 0.0 - 877.7; lambda = (0, 0.1)
    dH/dl & foreign lambdas:
        dH/dl (coul-lambda) (8778 pts)
        dH/dl (vdw-lambda) (8778 pts)
        delta H to (0, 0) (8778 pts)
        delta H to (0, 0.1) (8778 pts)
        delta H to (0, 0.2) (8778 pts)


lambda_02/bar.xvg: 0.0 - 878.0; lambda = (0, 0.2)
    dH/dl & foreign lambdas:
        dH/dl (coul-lambda) (8781 pts)
        dH/dl (vdw-lambda) (8781 pts)
        delta H to (0, 0.1) (8781 pts)
        delta H to (0, 0.2) (8781 pts)
        delta H to (0, 0.3) (8781 pts)


lambda_03/bar.xvg: 0.0 - 866.0; lambda = (0, 0.3)
    dH/dl & foreign lambdas:
        dH/dl (coul-lambda) (8661 pts)
        dH/dl (vdw-lambda) (8661 pts)
        delta H to (0, 0.2) (8661 pts)
        delta H to (0, 0.3) (8661 pts)
        delta H to (0, 0.4) (8661 pts)


lambda_04/bar.xvg: 0.0 - 866.0; lambda = (0, 0.4)
    dH/dl & foreign lambdas:
        dH/dl (coul-lambda) (8661 pts)
        dH/dl (vdw-lambda) (8661 pts)
        delta H to (0, 0.3) (8661 pts)
        delta H to (0, 0.4) (8661 pts)
        delta H to (0, 0.5) (8661 pts)


lambda_05/bar.xvg: 0.0 - 866.0; lambda = (0, 0.5)
    dH/dl & foreign lambdas:
        dH/dl (coul-lambda) (8661 pts)
        dH/dl (vdw-lambda) (8661 pts)
        delta H to (0, 0.4) (8661 pts)
        delta H to (0, 0.5) (8661 pts)
        delta H to (0, 0.55) (8661 pts)


lambda_06/bar.xvg: 0.0 - 877.5; lambda = (0, 0.55)
    dH/dl & foreign lambdas:
        dH/dl (coul-lambda) (8776 pts)
        dH/dl (vdw-lambda) (8776 pts)
        delta H to (0, 0.5) (8776 pts)
        delta H to (0, 0.55) (8776 pts)
        delta H to (0, 0.6) (8776 pts)


lambda_07/bar.xvg: 0.0 - 876.2; lambda = (0, 0.6)
    dH/dl & foreign lambdas:
        dH/dl (coul-lambda) (8763 pts)
        dH/dl (vdw-lambda) (8763 pts)
        delta H to (0, 0.55) (8763 pts)
        delta H to (0, 0.6) (8763 pts)
        delta H to (0, 0.65) (8763 pts)


lambda_08/bar.xvg: 0.0 - 874.3; lambda = (0, 0.65)
    dH/dl & foreign lambdas:
        dH/dl (coul-lambda) (8744 pts)
        dH/dl (vdw-lambda) (8744 pts)
        delta H to (0, 0.6) (8744 pts)
        delta H to (0, 0.65) (8744 pts)
        delta H to (0, 0.7) (8744 pts)


lambda_09/bar.xvg: 0.0 - 872.3; lambda = (0, 0.7)
    dH/dl & foreign lambdas:
        dH/dl (coul-lambda) (8724 pts)
        dH/dl (vdw-lambda) (8724 pts)
        delta H to (0, 0.65) (8724 pts)
        delta H to (0, 0.7) (8724 pts)
        delta H to (0, 0.75) (8724 pts)


lambda_10/bar.xvg: 0.0 - 869.7; lambda = (0, 0.75)
    dH/dl & foreign lambdas:
        dH/dl (coul-lambda) (8698 pts)
        dH/dl (vdw-lambda) (8698 pts)
        delta H to (0, 0.7) (8698 pts)
        delta H to (0, 0.75) (8698 pts)
        delta H to (0, 0.8) (8698 pts)


lambda_11/bar.xvg: 0.0 - 868.8; lambda = (0, 0.8)
    dH/dl & foreign lambdas:
        dH/dl (coul-lambda) (8689 pts)
        dH/dl (vdw-lambda) (8689 pts)
        delta H to (0, 0.75) (8689 pts)
        delta H to (0, 0.8) (8689 pts)
        delta H to (0, 0.85) (8689 pts)


lambda_12/bar.xvg: 0.0 - 867.3; lambda = (0, 0.85)
    dH/dl & foreign lambdas:
        dH/dl (coul-lambda) (8674 pts)
        dH/dl (vdw-lambda) (8674 pts)
        delta H to (0, 0.8) (8674 pts)
        delta H to (0, 0.85) (8674 pts)
        delta H to (0, 0.9) (8674 pts)


lambda_13/bar.xvg: 0.0 - 866.0; lambda = (0, 0.9)
    dH/dl & foreign lambdas:
        dH/dl (coul-lambda) (8661 pts)
        dH/dl (vdw-lambda) (8661 pts)
        delta H to (0, 0.85) (8661 pts)
        delta H to (0, 0.9) (8661 pts)
        delta H to (0, 0.95) (8661 pts)


lambda_14/bar.xvg: 0.0 - 866.0; lambda = (0, 0.95)
    dH/dl & foreign lambdas:
        dH/dl (coul-lambda) (8661 pts)
        dH/dl (vdw-lambda) (8661 pts)
        delta H to (0, 0.9) (8661 pts)
        delta H to (0, 0.95) (8661 pts)
        delta H to (0, 1) (8661 pts)


lambda_15/bar.xvg: 0.0 - 877.8; lambda = (0, 1)
    dH/dl & foreign lambdas:
        dH/dl (coul-lambda) (8779 pts)
        dH/dl (vdw-lambda) (8779 pts)
        delta H to (0, 0.95) (8779 pts)
        delta H to (0, 1) (8779 pts)
        delta H to (0.2, 1) (8779 pts)


lambda_16/bar.xvg: 0.0 - 870.4; lambda = (0.2, 1)
    dH/dl & foreign lambdas:
        dH/dl (coul-lambda) (8705 pts)
        dH/dl (vdw-lambda) (8705 pts)
        delta H to (0, 1) (8705 pts)
        delta H to (0.2, 1) (8705 pts)
        delta H to (0.4, 1) (8705 pts)


lambda_17/bar.xvg: 0.0 - 873.9; lambda = (0.4, 1)
    dH/dl & foreign lambdas:
        dH/dl (coul-lambda) (8740 pts)
        dH/dl (vdw-lambda) (8740 pts)
        delta H to (0.2, 1) (8740 pts)
        delta H to (0.4, 1) (8740 pts)
        delta H to (0.5, 1) (8740 pts)


lambda_18/bar.xvg: 0.0 - 875.7; lambda = (0.5, 1)
    dH/dl & foreign lambdas:
        dH/dl (coul-lambda) (8758 pts)
        dH/dl (vdw-lambda) (8758 pts)
        delta H to (0.4, 1) (8758 pts)
        delta H to (0.5, 1) (8758 pts)
        delta H to (0.6, 1) (8758 pts)


lambda_19/bar.xvg: 0.0 - 877.9; lambda = (0.6, 1)
    dH/dl & foreign lambdas:
        dH/dl (coul-lambda) (8780 pts)
        dH/dl (vdw-lambda) (8780 pts)
        delta H to (0.5, 1) (8780 pts)
        delta H to (0.6, 1) (8780 pts)
        delta H to (0.7, 1) (8780 pts)


lambda_20/bar.xvg: 0.0 - 866.5; lambda = (0.7, 1)
    dH/dl & foreign lambdas:
        dH/dl (coul-lambda) (8666 pts)
        dH/dl (vdw-lambda) (8666 pts)
        delta H to (0.6, 1) (8666 pts)
        delta H to (0.7, 1) (8666 pts)
        delta H to (0.8, 1) (8666 pts)


lambda_21/bar.xvg: 0.0 - 868.6; lambda = (0.8, 1)
    dH/dl & foreign lambdas:
        dH/dl (coul-lambda) (8687 pts)
        dH/dl (vdw-lambda) (8687 pts)
        delta H to (0.7, 1) (8687 pts)
        delta H to (0.8, 1) (8687 pts)
        delta H to (0.9, 1) (8687 pts)


lambda_22/bar.xvg: 0.0 - 870.2; lambda = (0.9, 1)
    dH/dl & foreign lambdas:
        dH/dl (coul-lambda) (8703 pts)
        dH/dl (vdw-lambda) (8703 pts)
        delta H to (0.8, 1) (8703 pts)
        delta H to (0.9, 1) (8703 pts)
        delta H to (1, 1) (8703 pts)


lambda_23/bar.xvg: 0.0 - 866.5; lambda = (1, 1)
    dH/dl & foreign lambdas:
        dH/dl (coul-lambda) (8666 pts)
        dH/dl (vdw-lambda) (8666 pts)
        delta H to (0.9, 1) (8666 pts)
        delta H to (1, 1) (8666 pts)



   Samples in time interval: 0.000 - 878.000
Removing samples outside of: 100.000 - 878.000

Temperature: 300 K

Detailed results in kT (see help for explanation):

 lam_A  lam_B      DG   +/-     s_A   +/-     s_B   +/-   stdev   +/- 
     0      1   -7.28  0.01    0.03  0.01    0.03  0.01    0.24  0.00
     1      2   -5.76  0.01    0.02  0.00    0.02  0.00    0.24  0.00
     2      3   -2.91  0.01    0.09  0.01    0.09  0.01    0.39  0.01
     3      4    2.07  0.02    0.36  0.02    0.39  0.02    0.90  0.01
     4      5    9.08  0.08    2.56  0.07    3.17  0.08    2.81  0.06
     5      6    4.90  0.07    2.70  0.11    2.20  0.06    2.55  0.06
     6      7    3.16  0.06    2.32  0.08    1.56  0.04    2.15  0.02
     7      8    2.04  0.05    1.79  0.07    1.22  0.04    1.79  0.03
     8      9    1.30  0.02    1.34  0.04    0.93  0.03    1.55  0.02
     9     10    0.78  0.03    1.19  0.03    0.83  0.01    1.42  0.01
    10     11    0.37  0.02    0.95  0.03    0.65  0.02    1.27  0.01
    11     12    0.11  0.01    0.84  0.03    0.59  0.02    1.17  0.01
    12     13   -0.11  0.01    0.73  0.01    0.51  0.01    1.09  0.01
    13     14   -0.27  0.01    0.65  0.01    0.46  0.01    1.02  0.00
    14     15   -0.40  0.01    0.58  0.01    0.42  0.00    0.98  0.01
    15     16   -0.50  0.02    0.49  0.01    0.51  0.01    1.03  0.01
    16     17   -1.68  0.01    0.67  0.01    0.75  0.02    1.21  0.01
    17     18   -1.44  0.01    0.23  0.01    0.24  0.01    0.69  0.01
    18     19   -1.95  0.01    0.26  0.01    0.28  0.01    0.75  0.01
    19     20   -2.55  0.01    0.32  0.01    0.33  0.01    0.80  0.00
    20     21   -3.23  0.01    0.35  0.01    0.36  0.01    0.83  0.01
    21     22   -3.95  0.02    0.35  0.01    0.36  0.02    0.85  0.01
    22     23   -4.71  0.03    0.40  0.02    0.40  0.02    0.89  0.01


Final results in kJ/mol:

point      0 -      1,   DG -18.17 +/-  0.02
point      1 -      2,   DG -14.37 +/-  0.02
point      2 -      3,   DG -7.26 +/-  0.02
point      3 -      4,   DG  5.16 +/-  0.05
point      4 -      5,   DG 22.65 +/-  0.20
point      5 -      6,   DG 12.23 +/-  0.17
point      6 -      7,   DG  7.87 +/-  0.15
point      7 -      8,   DG  5.08 +/-  0.11
point      8 -      9,   DG  3.25 +/-  0.06
point      9 -     10,   DG  1.95 +/-  0.08
point     10 -     11,   DG  0.93 +/-  0.05
point     11 -     12,   DG  0.28 +/-  0.03
point     12 -     13,   DG -0.27 +/-  0.02
point     13 -     14,   DG -0.68 +/-  0.03
point     14 -     15,   DG -1.00 +/-  0.03
point     15 -     16,   DG -1.25 +/-  0.04
point     16 -     17,   DG -4.19 +/-  0.01
point     17 -     18,   DG -3.60 +/-  0.01
point     18 -     19,   DG -4.86 +/-  0.02
point     19 -     20,   DG -6.36 +/-  0.03
point     20 -     21,   DG -8.07 +/-  0.04
point     21 -     22,   DG -9.85 +/-  0.05
point     22 -     23,   DG -11.75 +/-  0.07

total      0 -     23,   DG -32.27 +/-  0.67

