lambda_00/bar.xvg: 0.0 - 873.1; lambda = (0, 0)
    dH/dl & foreign lambdas:
        dH/dl (coul-lambda) (8732 pts)
        dH/dl (vdw-lambda) (8732 pts)
        delta H to (0, 0) (8732 pts)
        delta H to (0, 0.1) (8732 pts)


lambda_01/bar.xvg: 0.0 - 864.5; lambda = (0, 0.1)
    dH/dl & foreign lambdas:
        dH/dl (coul-lambda) (8646 pts)
        dH/dl (vdw-lambda) (8646 pts)
        delta H to (0, 0) (8646 pts)
        delta H to (0, 0.1) (8646 pts)
        delta H to (0, 0.2) (8646 pts)


lambda_02/bar.xvg: 0.0 - 864.3; lambda = (0, 0.2)
    dH/dl & foreign lambdas:
        dH/dl (coul-lambda) (8644 pts)
        dH/dl (vdw-lambda) (8644 pts)
        delta H to (0, 0.1) (8644 pts)
        delta H to (0, 0.2) (8644 pts)
        delta H to (0, 0.3) (8644 pts)


lambda_03/bar.xvg: 0.0 - 865.3; lambda = (0, 0.3)
    dH/dl & foreign lambdas:
        dH/dl (coul-lambda) (8654 pts)
        dH/dl (vdw-lambda) (8654 pts)
        delta H to (0, 0.2) (8654 pts)
        delta H to (0, 0.3) (8654 pts)
        delta H to (0, 0.4) (8654 pts)


lambda_04/bar.xvg: 0.0 - 864.7; lambda = (0, 0.4)
    dH/dl & foreign lambdas:
        dH/dl (coul-lambda) (8648 pts)
        dH/dl (vdw-lambda) (8648 pts)
        delta H to (0, 0.3) (8648 pts)
        delta H to (0, 0.4) (8648 pts)
        delta H to (0, 0.5) (8648 pts)


lambda_05/bar.xvg: 0.0 - 864.9; lambda = (0, 0.5)
    dH/dl & foreign lambdas:
        dH/dl (coul-lambda) (8650 pts)
        dH/dl (vdw-lambda) (8650 pts)
        delta H to (0, 0.4) (8650 pts)
        delta H to (0, 0.5) (8650 pts)
        delta H to (0, 0.55) (8650 pts)


lambda_06/bar.xvg: 0.0 - 864.0; lambda = (0, 0.55)
    dH/dl & foreign lambdas:
        dH/dl (coul-lambda) (8641 pts)
        dH/dl (vdw-lambda) (8641 pts)
        delta H to (0, 0.5) (8641 pts)
        delta H to (0, 0.55) (8641 pts)
        delta H to (0, 0.6) (8641 pts)


lambda_07/bar.xvg: 0.0 - 876.2; lambda = (0, 0.6)
    dH/dl & foreign lambdas:
        dH/dl (coul-lambda) (8763 pts)
        dH/dl (vdw-lambda) (8763 pts)
        delta H to (0, 0.55) (8763 pts)
        delta H to (0, 0.6) (8763 pts)
        delta H to (0, 0.65) (8763 pts)


lambda_08/bar.xvg: 0.0 - 874.3; lambda = (0, 0.65)
    dH/dl & foreign lambdas:
        dH/dl (coul-lambda) (8744 pts)
        dH/dl (vdw-lambda) (8744 pts)
        delta H to (0, 0.6) (8744 pts)
        delta H to (0, 0.65) (8744 pts)
        delta H to (0, 0.7) (8744 pts)


lambda_09/bar.xvg: 0.0 - 872.1; lambda = (0, 0.7)
    dH/dl & foreign lambdas:
        dH/dl (coul-lambda) (8722 pts)
        dH/dl (vdw-lambda) (8722 pts)
        delta H to (0, 0.65) (8722 pts)
        delta H to (0, 0.7) (8722 pts)
        delta H to (0, 0.75) (8722 pts)


lambda_10/bar.xvg: 0.0 - 870.2; lambda = (0, 0.75)
    dH/dl & foreign lambdas:
        dH/dl (coul-lambda) (8703 pts)
        dH/dl (vdw-lambda) (8703 pts)
        delta H to (0, 0.7) (8703 pts)
        delta H to (0, 0.75) (8703 pts)
        delta H to (0, 0.8) (8703 pts)


lambda_11/bar.xvg: 0.0 - 868.2; lambda = (0, 0.8)
    dH/dl & foreign lambdas:
        dH/dl (coul-lambda) (8683 pts)
        dH/dl (vdw-lambda) (8683 pts)
        delta H to (0, 0.75) (8683 pts)
        delta H to (0, 0.8) (8683 pts)
        delta H to (0, 0.85) (8683 pts)


lambda_12/bar.xvg: 0.0 - 867.3; lambda = (0, 0.85)
    dH/dl & foreign lambdas:
        dH/dl (coul-lambda) (8674 pts)
        dH/dl (vdw-lambda) (8674 pts)
        delta H to (0, 0.8) (8674 pts)
        delta H to (0, 0.85) (8674 pts)
        delta H to (0, 0.9) (8674 pts)


lambda_13/bar.xvg: 0.0 - 866.1; lambda = (0, 0.9)
    dH/dl & foreign lambdas:
        dH/dl (coul-lambda) (8662 pts)
        dH/dl (vdw-lambda) (8662 pts)
        delta H to (0, 0.85) (8662 pts)
        delta H to (0, 0.9) (8662 pts)
        delta H to (0, 0.95) (8662 pts)


lambda_14/bar.xvg: 0.0 - 865.5; lambda = (0, 0.95)
    dH/dl & foreign lambdas:
        dH/dl (coul-lambda) (8656 pts)
        dH/dl (vdw-lambda) (8656 pts)
        delta H to (0, 0.9) (8656 pts)
        delta H to (0, 0.95) (8656 pts)
        delta H to (0, 1) (8656 pts)


lambda_15/bar.xvg: 0.0 - 864.5; lambda = (0, 1)
    dH/dl & foreign lambdas:
        dH/dl (coul-lambda) (8646 pts)
        dH/dl (vdw-lambda) (8646 pts)
        delta H to (0, 0.95) (8646 pts)
        delta H to (0, 1) (8646 pts)
        delta H to (0.2, 1) (8646 pts)


lambda_16/bar.xvg: 0.0 - 870.0; lambda = (0.2, 1)
    dH/dl & foreign lambdas:
        dH/dl (coul-lambda) (8701 pts)
        dH/dl (vdw-lambda) (8701 pts)
        delta H to (0, 1) (8701 pts)
        delta H to (0.2, 1) (8701 pts)
        delta H to (0.4, 1) (8701 pts)


lambda_17/bar.xvg: 0.0 - 873.4; lambda = (0.4, 1)
    dH/dl & foreign lambdas:
        dH/dl (coul-lambda) (8735 pts)
        dH/dl (vdw-lambda) (8735 pts)
        delta H to (0.2, 1) (8735 pts)
        delta H to (0.4, 1) (8735 pts)
        delta H to (0.5, 1) (8735 pts)


lambda_18/bar.xvg: 0.0 - 875.5; lambda = (0.5, 1)
    dH/dl & foreign lambdas:
        dH/dl (coul-lambda) (8756 pts)
        dH/dl (vdw-lambda) (8756 pts)
        delta H to (0.4, 1) (8756 pts)
        delta H to (0.5, 1) (8756 pts)
        delta H to (0.6, 1) (8756 pts)


lambda_19/bar.xvg: 0.0 - 864.4; lambda = (0.6, 1)
    dH/dl & foreign lambdas:
        dH/dl (coul-lambda) (8645 pts)
        dH/dl (vdw-lambda) (8645 pts)
        delta H to (0.5, 1) (8645 pts)
        delta H to (0.6, 1) (8645 pts)
        delta H to (0.7, 1) (8645 pts)


lambda_20/bar.xvg: 0.0 - 866.3; lambda = (0.7, 1)
    dH/dl & foreign lambdas:
        dH/dl (coul-lambda) (8664 pts)
        dH/dl (vdw-lambda) (8664 pts)
        delta H to (0.6, 1) (8664 pts)
        delta H to (0.7, 1) (8664 pts)
        delta H to (0.8, 1) (8664 pts)


lambda_21/bar.xvg: 0.0 - 868.3; lambda = (0.8, 1)
    dH/dl & foreign lambdas:
        dH/dl (coul-lambda) (8684 pts)
        dH/dl (vdw-lambda) (8684 pts)
        delta H to (0.7, 1) (8684 pts)
        delta H to (0.8, 1) (8684 pts)
        delta H to (0.9, 1) (8684 pts)


lambda_22/bar.xvg: 0.0 - 870.2; lambda = (0.9, 1)
    dH/dl & foreign lambdas:
        dH/dl (coul-lambda) (8703 pts)
        dH/dl (vdw-lambda) (8703 pts)
        delta H to (0.8, 1) (8703 pts)
        delta H to (0.9, 1) (8703 pts)
        delta H to (1, 1) (8703 pts)


lambda_23/bar.xvg: 0.0 - 866.5; lambda = (1, 1)
    dH/dl & foreign lambdas:
        dH/dl (coul-lambda) (8666 pts)
        dH/dl (vdw-lambda) (8666 pts)
        delta H to (0.9, 1) (8666 pts)
        delta H to (1, 1) (8666 pts)



   Samples in time interval: 0.000 - 876.200
Removing samples outside of: 100.000 - 876.200

Temperature: 300 K

Detailed results in kT (see help for explanation):

 lam_A  lam_B      DG   +/-     s_A   +/-     s_B   +/-   stdev   +/- 
     0      1   -7.29  0.01    0.04  0.00    0.04  0.00    0.25  0.00
     1      2   -5.77  0.01    0.02  0.01    0.02  0.01    0.24  0.00
     2      3   -2.93  0.01    0.08  0.01    0.08  0.01    0.39  0.00
     3      4    2.07  0.03    0.35  0.02    0.38  0.02    0.88  0.01
     4      5    8.95  0.11    2.70  0.05    3.17  0.10    2.87  0.06
     5      6    5.10  0.12    2.38  0.10    2.06  0.11    2.45  0.04
     6      7    3.31  0.01    2.69  0.11    1.79  0.03    2.28  0.04
     7      8    2.06  0.02    1.66  0.04    1.16  0.05    1.76  0.03
     8      9    1.33  0.04    1.46  0.04    1.01  0.03    1.59  0.02
     9     10    0.79  0.02    1.13  0.02    0.80  0.01    1.40  0.00
    10     11    0.40  0.03    1.00  0.01    0.70  0.01    1.29  0.01
    11     12    0.11  0.02    0.82  0.03    0.57  0.02    1.17  0.02
    12     13   -0.09  0.01    0.76  0.02    0.53  0.02    1.12  0.00
    13     14   -0.27  0.01    0.66  0.02    0.46  0.01    1.05  0.01
    14     15   -0.42  0.02    0.62  0.01    0.45  0.01    1.00  0.00
    15     16   -0.51  0.02    0.49  0.01    0.52  0.01    1.02  0.01
    16     17   -1.65  0.02    0.62  0.01    0.69  0.01    1.17  0.01
    17     18   -1.38  0.01    0.21  0.01    0.23  0.01    0.67  0.01
    18     19   -1.89  0.01    0.28  0.01    0.29  0.01    0.74  0.00
    19     20   -2.50  0.02    0.32  0.01    0.33  0.01    0.80  0.00
    20     21   -3.18  0.01    0.34  0.02    0.35  0.02    0.85  0.01
    21     22   -3.92  0.02    0.40  0.02    0.41  0.02    0.89  0.01
    22     23   -4.73  0.02    0.40  0.02    0.40  0.02    0.91  0.01


Final results in kJ/mol:

point      0 -      1,   DG -18.18 +/-  0.02
point      1 -      2,   DG -14.38 +/-  0.02
point      2 -      3,   DG -7.31 +/-  0.02
point      3 -      4,   DG  5.15 +/-  0.08
point      4 -      5,   DG 22.32 +/-  0.28
point      5 -      6,   DG 12.72 +/-  0.31
point      6 -      7,   DG  8.25 +/-  0.02
point      7 -      8,   DG  5.13 +/-  0.04
point      8 -      9,   DG  3.33 +/-  0.10
point      9 -     10,   DG  1.96 +/-  0.05
point     10 -     11,   DG  1.00 +/-  0.08
point     11 -     12,   DG  0.27 +/-  0.05
point     12 -     13,   DG -0.24 +/-  0.01
point     13 -     14,   DG -0.68 +/-  0.02
point     14 -     15,   DG -1.04 +/-  0.04
point     15 -     16,   DG -1.27 +/-  0.04
point     16 -     17,   DG -4.11 +/-  0.06
point     17 -     18,   DG -3.45 +/-  0.02
point     18 -     19,   DG -4.71 +/-  0.02
point     19 -     20,   DG -6.24 +/-  0.04
point     20 -     21,   DG -7.92 +/-  0.02
point     21 -     22,   DG -9.79 +/-  0.04
point     22 -     23,   DG -11.79 +/-  0.04

total      0 -     23,   DG -30.98 +/-  0.71

