lambda_00/bar.xvg: 0.0 - 857.3; lambda = (0, 0)
    dH/dl & foreign lambdas:
        dH/dl (coul-lambda) (8574 pts)
        dH/dl (vdw-lambda) (8574 pts)
        delta H to (0, 0) (8574 pts)
        delta H to (0, 0.1) (8574 pts)


lambda_01/bar.xvg: 0.0 - 851.4; lambda = (0, 0.1)
    dH/dl & foreign lambdas:
        dH/dl (coul-lambda) (8515 pts)
        dH/dl (vdw-lambda) (8515 pts)
        delta H to (0, 0) (8515 pts)
        delta H to (0, 0.1) (8515 pts)
        delta H to (0, 0.2) (8515 pts)


lambda_02/bar.xvg: 0.0 - 851.4; lambda = (0, 0.2)
    dH/dl & foreign lambdas:
        dH/dl (coul-lambda) (8515 pts)
        dH/dl (vdw-lambda) (8515 pts)
        delta H to (0, 0.1) (8515 pts)
        delta H to (0, 0.2) (8515 pts)
        delta H to (0, 0.3) (8515 pts)


lambda_03/bar.xvg: 0.0 - 852.0; lambda = (0, 0.3)
    dH/dl & foreign lambdas:
        dH/dl (coul-lambda) (8521 pts)
        dH/dl (vdw-lambda) (8521 pts)
        delta H to (0, 0.2) (8521 pts)
        delta H to (0, 0.3) (8521 pts)
        delta H to (0, 0.4) (8521 pts)


lambda_04/bar.xvg: 0.0 - 851.1; lambda = (0, 0.4)
    dH/dl & foreign lambdas:
        dH/dl (coul-lambda) (8512 pts)
        dH/dl (vdw-lambda) (8512 pts)
        delta H to (0, 0.3) (8512 pts)
        delta H to (0, 0.4) (8512 pts)
        delta H to (0, 0.5) (8512 pts)


lambda_05/bar.xvg: 0.0 - 851.4; lambda = (0, 0.5)
    dH/dl & foreign lambdas:
        dH/dl (coul-lambda) (8515 pts)
        dH/dl (vdw-lambda) (8515 pts)
        delta H to (0, 0.4) (8515 pts)
        delta H to (0, 0.5) (8515 pts)
        delta H to (0, 0.55) (8515 pts)


lambda_06/bar.xvg: 0.0 - 850.5; lambda = (0, 0.55)
    dH/dl & foreign lambdas:
        dH/dl (coul-lambda) (8506 pts)
        dH/dl (vdw-lambda) (8506 pts)
        delta H to (0, 0.5) (8506 pts)
        delta H to (0, 0.55) (8506 pts)
        delta H to (0, 0.6) (8506 pts)


lambda_07/bar.xvg: 0.0 - 849.0; lambda = (0, 0.6)
    dH/dl & foreign lambdas:
        dH/dl (coul-lambda) (8491 pts)
        dH/dl (vdw-lambda) (8491 pts)
        delta H to (0, 0.55) (8491 pts)
        delta H to (0, 0.6) (8491 pts)
        delta H to (0, 0.65) (8491 pts)


lambda_08/bar.xvg: 0.0 - 846.5; lambda = (0, 0.65)
    dH/dl & foreign lambdas:
        dH/dl (coul-lambda) (8466 pts)
        dH/dl (vdw-lambda) (8466 pts)
        delta H to (0, 0.6) (8466 pts)
        delta H to (0, 0.65) (8466 pts)
        delta H to (0, 0.7) (8466 pts)


lambda_09/bar.xvg: 0.0 - 857.9; lambda = (0, 0.7)
    dH/dl & foreign lambdas:
        dH/dl (coul-lambda) (8580 pts)
        dH/dl (vdw-lambda) (8580 pts)
        delta H to (0, 0.65) (8580 pts)
        delta H to (0, 0.7) (8580 pts)
        delta H to (0, 0.75) (8580 pts)


lambda_10/bar.xvg: 0.0 - 856.3; lambda = (0, 0.75)
    dH/dl & foreign lambdas:
        dH/dl (coul-lambda) (8564 pts)
        dH/dl (vdw-lambda) (8564 pts)
        delta H to (0, 0.7) (8564 pts)
        delta H to (0, 0.75) (8564 pts)
        delta H to (0, 0.8) (8564 pts)


lambda_11/bar.xvg: 0.0 - 854.4; lambda = (0, 0.8)
    dH/dl & foreign lambdas:
        dH/dl (coul-lambda) (8545 pts)
        dH/dl (vdw-lambda) (8545 pts)
        delta H to (0, 0.75) (8545 pts)
        delta H to (0, 0.8) (8545 pts)
        delta H to (0, 0.85) (8545 pts)


lambda_12/bar.xvg: 0.0 - 853.5; lambda = (0, 0.85)
    dH/dl & foreign lambdas:
        dH/dl (coul-lambda) (8536 pts)
        dH/dl (vdw-lambda) (8536 pts)
        delta H to (0, 0.8) (8536 pts)
        delta H to (0, 0.85) (8536 pts)
        delta H to (0, 0.9) (8536 pts)


lambda_13/bar.xvg: 0.0 - 852.1; lambda = (0, 0.9)
    dH/dl & foreign lambdas:
        dH/dl (coul-lambda) (8522 pts)
        dH/dl (vdw-lambda) (8522 pts)
        delta H to (0, 0.85) (8522 pts)
        delta H to (0, 0.9) (8522 pts)
        delta H to (0, 0.95) (8522 pts)


lambda_14/bar.xvg: 0.0 - 851.4; lambda = (0, 0.95)
    dH/dl & foreign lambdas:
        dH/dl (coul-lambda) (8515 pts)
        dH/dl (vdw-lambda) (8515 pts)
        delta H to (0, 0.9) (8515 pts)
        delta H to (0, 0.95) (8515 pts)
        delta H to (0, 1) (8515 pts)


lambda_15/bar.xvg: 0.0 - 851.0; lambda = (0, 1)
    dH/dl & foreign lambdas:
        dH/dl (coul-lambda) (8511 pts)
        dH/dl (vdw-lambda) (8511 pts)
        delta H to (0, 0.95) (8511 pts)
        delta H to (0, 1) (8511 pts)
        delta H to (0.2, 1) (8511 pts)


lambda_16/bar.xvg: 0.0 - 857.8; lambda = (0.2, 1)
    dH/dl & foreign lambdas:
        dH/dl (coul-lambda) (8579 pts)
        dH/dl (vdw-lambda) (8579 pts)
        delta H to (0, 1) (8579 pts)
        delta H to (0.2, 1) (8579 pts)
        delta H to (0.4, 1) (8579 pts)


lambda_17/bar.xvg: 0.0 - 847.7; lambda = (0.4, 1)
    dH/dl & foreign lambdas:
        dH/dl (coul-lambda) (8478 pts)
        dH/dl (vdw-lambda) (8478 pts)
        delta H to (0.2, 1) (8478 pts)
        delta H to (0.4, 1) (8478 pts)
        delta H to (0.5, 1) (8478 pts)


lambda_18/bar.xvg: 0.0 - 849.8; lambda = (0.5, 1)
    dH/dl & foreign lambdas:
        dH/dl (coul-lambda) (8499 pts)
        dH/dl (vdw-lambda) (8499 pts)
        delta H to (0.4, 1) (8499 pts)
        delta H to (0.5, 1) (8499 pts)
        delta H to (0.6, 1) (8499 pts)


lambda_19/bar.xvg: 0.0 - 851.7; lambda = (0.6, 1)
    dH/dl & foreign lambdas:
        dH/dl (coul-lambda) (8518 pts)
        dH/dl (vdw-lambda) (8518 pts)
        delta H to (0.5, 1) (8518 pts)
        delta H to (0.6, 1) (8518 pts)
        delta H to (0.7, 1) (8518 pts)


lambda_20/bar.xvg: 0.0 - 853.3; lambda = (0.7, 1)
    dH/dl & foreign lambdas:
        dH/dl (coul-lambda) (8534 pts)
        dH/dl (vdw-lambda) (8534 pts)
        delta H to (0.6, 1) (8534 pts)
        delta H to (0.7, 1) (8534 pts)
        delta H to (0.8, 1) (8534 pts)


lambda_21/bar.xvg: 0.0 - 855.4; lambda = (0.8, 1)
    dH/dl & foreign lambdas:
        dH/dl (coul-lambda) (8555 pts)
        dH/dl (vdw-lambda) (8555 pts)
        delta H to (0.7, 1) (8555 pts)
        delta H to (0.8, 1) (8555 pts)
        delta H to (0.9, 1) (8555 pts)


lambda_22/bar.xvg: 0.0 - 857.0; lambda = (0.9, 1)
    dH/dl & foreign lambdas:
        dH/dl (coul-lambda) (8571 pts)
        dH/dl (vdw-lambda) (8571 pts)
        delta H to (0.8, 1) (8571 pts)
        delta H to (0.9, 1) (8571 pts)
        delta H to (1, 1) (8571 pts)


lambda_23/bar.xvg: 0.0 - 850.3; lambda = (1, 1)
    dH/dl & foreign lambdas:
        dH/dl (coul-lambda) (8504 pts)
        dH/dl (vdw-lambda) (8504 pts)
        delta H to (0.9, 1) (8504 pts)
        delta H to (1, 1) (8504 pts)



   Samples in time interval: 0.000 - 857.900
Removing samples outside of: 100.000 - 857.900

Temperature: 300 K

Detailed results in kT (see help for explanation):

 lam_A  lam_B      DG   +/-     s_A   +/-     s_B   +/-   stdev   +/- 
     0      1   -6.41  0.01    0.01  0.01    0.01  0.01    0.22  0.00
     1      2   -5.07  0.00    0.04  0.01    0.04  0.01    0.23  0.00
     2      3   -2.58  0.02    0.06  0.01    0.06  0.01    0.36  0.01
     3      4    1.84  0.02    0.32  0.03    0.34  0.03    0.83  0.01
     4      5    8.09  0.07    2.22  0.04    2.57  0.03    2.49  0.02
     5      6    4.77  0.06    2.21  0.04    1.98  0.03    2.33  0.02
     6      7    3.11  0.03    2.35  0.06    1.59  0.04    2.14  0.04
     7      8    1.89  0.04    1.66  0.05    1.12  0.04    1.69  0.02
     8      9    1.20  0.02    1.23  0.03    0.87  0.02    1.46  0.01
     9     10    0.74  0.02    1.04  0.02    0.73  0.01    1.33  0.02
    10     11    0.40  0.02    0.88  0.02    0.61  0.01    1.21  0.01
    11     12    0.16  0.01    0.76  0.01    0.54  0.01    1.12  0.01
    12     13   -0.05  0.00    0.68  0.01    0.48  0.01    1.04  0.01
    13     14   -0.21  0.00    0.60  0.01    0.44  0.01    0.99  0.00
    14     15   -0.34  0.01    0.53  0.00    0.39  0.00    0.93  0.00
    15     16   -0.55  0.02    0.55  0.01    0.58  0.01    1.06  0.01
    16     17   -1.78  0.03    0.66  0.01    0.75  0.01    1.22  0.01
    17     18   -1.52  0.02    0.25  0.01    0.27  0.01    0.70  0.01
    18     19   -2.06  0.02    0.27  0.02    0.28  0.02    0.75  0.01
    19     20   -2.63  0.02    0.29  0.02    0.30  0.02    0.79  0.01
    20     21   -3.29  0.01    0.36  0.01    0.37  0.02    0.85  0.01
    21     22   -4.06  0.01    0.39  0.01    0.40  0.01    0.88  0.01
    22     23   -4.88  0.01    0.42  0.02    0.43  0.02    0.91  0.01


Final results in kJ/mol:

point      0 -      1,   DG -15.98 +/-  0.02
point      1 -      2,   DG -12.64 +/-  0.01
point      2 -      3,   DG -6.43 +/-  0.04
point      3 -      4,   DG  4.60 +/-  0.04
point      4 -      5,   DG 20.17 +/-  0.18
point      5 -      6,   DG 11.90 +/-  0.14
point      6 -      7,   DG  7.75 +/-  0.07
point      7 -      8,   DG  4.71 +/-  0.09
point      8 -      9,   DG  3.00 +/-  0.05
point      9 -     10,   DG  1.86 +/-  0.06
point     10 -     11,   DG  1.00 +/-  0.06
point     11 -     12,   DG  0.39 +/-  0.03
point     12 -     13,   DG -0.11 +/-  0.01
point     13 -     14,   DG -0.52 +/-  0.01
point     14 -     15,   DG -0.86 +/-  0.02
point     15 -     16,   DG -1.36 +/-  0.05
point     16 -     17,   DG -4.45 +/-  0.08
point     17 -     18,   DG -3.80 +/-  0.05
point     18 -     19,   DG -5.13 +/-  0.04
point     19 -     20,   DG -6.56 +/-  0.04
point     20 -     21,   DG -8.21 +/-  0.01
point     21 -     22,   DG -10.12 +/-  0.03
point     22 -     23,   DG -12.16 +/-  0.03

total      0 -     23,   DG -32.97 +/-  0.40

