lambda_00/bar.xvg: 0.0 - 999.9; lambda = (0, 0)
    dH/dl & foreign lambdas:
        dH/dl (coul-lambda) (10000 pts)
        dH/dl (vdw-lambda) (10000 pts)
        delta H to (0, 0) (10000 pts)
        delta H to (0, 0.1) (10000 pts)


lambda_01/bar.xvg: 0.0 - 999.9; lambda = (0, 0.1)
    dH/dl & foreign lambdas:
        dH/dl (coul-lambda) (10000 pts)
        dH/dl (vdw-lambda) (10000 pts)
        delta H to (0, 0) (10000 pts)
        delta H to (0, 0.1) (10000 pts)
        delta H to (0, 0.2) (10000 pts)


lambda_02/bar.xvg: 0.0 - 999.9; lambda = (0, 0.2)
    dH/dl & foreign lambdas:
        dH/dl (coul-lambda) (10000 pts)
        dH/dl (vdw-lambda) (10000 pts)
        delta H to (0, 0.1) (10000 pts)
        delta H to (0, 0.2) (10000 pts)
        delta H to (0, 0.3) (10000 pts)


lambda_03/bar.xvg: 0.0 - 999.9; lambda = (0, 0.3)
    dH/dl & foreign lambdas:
        dH/dl (coul-lambda) (10000 pts)
        dH/dl (vdw-lambda) (10000 pts)
        delta H to (0, 0.2) (10000 pts)
        delta H to (0, 0.3) (10000 pts)
        delta H to (0, 0.4) (10000 pts)


lambda_04/bar.xvg: 0.0 - 999.9; lambda = (0, 0.4)
    dH/dl & foreign lambdas:
        dH/dl (coul-lambda) (10000 pts)
        dH/dl (vdw-lambda) (10000 pts)
        delta H to (0, 0.3) (10000 pts)
        delta H to (0, 0.4) (10000 pts)
        delta H to (0, 0.5) (10000 pts)


lambda_05/bar.xvg: 0.0 - 999.9; lambda = (0, 0.5)
    dH/dl & foreign lambdas:
        dH/dl (coul-lambda) (10000 pts)
        dH/dl (vdw-lambda) (10000 pts)
        delta H to (0, 0.4) (10000 pts)
        delta H to (0, 0.5) (10000 pts)
        delta H to (0, 0.55) (10000 pts)


lambda_06/bar.xvg: 0.0 - 999.9; lambda = (0, 0.55)
    dH/dl & foreign lambdas:
        dH/dl (coul-lambda) (10000 pts)
        dH/dl (vdw-lambda) (10000 pts)
        delta H to (0, 0.5) (10000 pts)
        delta H to (0, 0.55) (10000 pts)
        delta H to (0, 0.6) (10000 pts)


lambda_07/bar.xvg: 0.0 - 999.9; lambda = (0, 0.6)
    dH/dl & foreign lambdas:
        dH/dl (coul-lambda) (10000 pts)
        dH/dl (vdw-lambda) (10000 pts)
        delta H to (0, 0.55) (10000 pts)
        delta H to (0, 0.6) (10000 pts)
        delta H to (0, 0.65) (10000 pts)


lambda_08/bar.xvg: 0.0 - 999.9; lambda = (0, 0.65)
    dH/dl & foreign lambdas:
        dH/dl (coul-lambda) (10000 pts)
        dH/dl (vdw-lambda) (10000 pts)
        delta H to (0, 0.6) (10000 pts)
        delta H to (0, 0.65) (10000 pts)
        delta H to (0, 0.7) (10000 pts)


lambda_09/bar.xvg: 0.0 - 999.9; lambda = (0, 0.7)
    dH/dl & foreign lambdas:
        dH/dl (coul-lambda) (10000 pts)
        dH/dl (vdw-lambda) (10000 pts)
        delta H to (0, 0.65) (10000 pts)
        delta H to (0, 0.7) (10000 pts)
        delta H to (0, 0.75) (10000 pts)


lambda_10/bar.xvg: 0.0 - 999.9; lambda = (0, 0.75)
    dH/dl & foreign lambdas:
        dH/dl (coul-lambda) (10000 pts)
        dH/dl (vdw-lambda) (10000 pts)
        delta H to (0, 0.7) (10000 pts)
        delta H to (0, 0.75) (10000 pts)
        delta H to (0, 0.8) (10000 pts)


lambda_11/bar.xvg: 0.0 - 999.9; lambda = (0, 0.8)
    dH/dl & foreign lambdas:
        dH/dl (coul-lambda) (10000 pts)
        dH/dl (vdw-lambda) (10000 pts)
        delta H to (0, 0.75) (10000 pts)
        delta H to (0, 0.8) (10000 pts)
        delta H to (0, 0.85) (10000 pts)


lambda_12/bar.xvg: 0.0 - 999.9; lambda = (0, 0.85)
    dH/dl & foreign lambdas:
        dH/dl (coul-lambda) (10000 pts)
        dH/dl (vdw-lambda) (10000 pts)
        delta H to (0, 0.8) (10000 pts)
        delta H to (0, 0.85) (10000 pts)
        delta H to (0, 0.9) (10000 pts)


lambda_13/bar.xvg: 0.0 - 999.9; lambda = (0, 0.9)
    dH/dl & foreign lambdas:
        dH/dl (coul-lambda) (10000 pts)
        dH/dl (vdw-lambda) (10000 pts)
        delta H to (0, 0.85) (10000 pts)
        delta H to (0, 0.9) (10000 pts)
        delta H to (0, 0.95) (10000 pts)


lambda_14/bar.xvg: 0.0 - 999.9; lambda = (0, 0.95)
    dH/dl & foreign lambdas:
        dH/dl (coul-lambda) (10000 pts)
        dH/dl (vdw-lambda) (10000 pts)
        delta H to (0, 0.9) (10000 pts)
        delta H to (0, 0.95) (10000 pts)
        delta H to (0, 1) (10000 pts)


lambda_15/bar.xvg: 0.0 - 999.9; lambda = (0, 1)
    dH/dl & foreign lambdas:
        dH/dl (coul-lambda) (10000 pts)
        dH/dl (vdw-lambda) (10000 pts)
        delta H to (0, 0.95) (10000 pts)
        delta H to (0, 1) (10000 pts)
        delta H to (0.2, 1) (10000 pts)


lambda_16/bar.xvg: 0.0 - 990.0; lambda = (0.2, 1)
    dH/dl & foreign lambdas:
        dH/dl (coul-lambda) (9901 pts)
        dH/dl (vdw-lambda) (9901 pts)
        delta H to (0, 1) (9901 pts)
        delta H to (0.2, 1) (9901 pts)
        delta H to (0.4, 1) (9901 pts)


lambda_17/bar.xvg: 0.0 - 993.7; lambda = (0.4, 1)
    dH/dl & foreign lambdas:
        dH/dl (coul-lambda) (9938 pts)
        dH/dl (vdw-lambda) (9938 pts)
        delta H to (0.2, 1) (9938 pts)
        delta H to (0.4, 1) (9938 pts)
        delta H to (0.5, 1) (9938 pts)


lambda_18/bar.xvg: 0.0 - 996.1; lambda = (0.5, 1)
    dH/dl & foreign lambdas:
        dH/dl (coul-lambda) (9962 pts)
        dH/dl (vdw-lambda) (9962 pts)
        delta H to (0.4, 1) (9962 pts)
        delta H to (0.5, 1) (9962 pts)
        delta H to (0.6, 1) (9962 pts)


lambda_19/bar.xvg: 0.0 - 997.8; lambda = (0.6, 1)
    dH/dl & foreign lambdas:
        dH/dl (coul-lambda) (9979 pts)
        dH/dl (vdw-lambda) (9979 pts)
        delta H to (0.5, 1) (9979 pts)
        delta H to (0.6, 1) (9979 pts)
        delta H to (0.7, 1) (9979 pts)


lambda_20/bar.xvg: 0.0 - 990.0; lambda = (0.7, 1)
    dH/dl & foreign lambdas:
        dH/dl (coul-lambda) (9901 pts)
        dH/dl (vdw-lambda) (9901 pts)
        delta H to (0.6, 1) (9901 pts)
        delta H to (0.7, 1) (9901 pts)
        delta H to (0.8, 1) (9901 pts)


lambda_21/bar.xvg: 0.0 - 990.0; lambda = (0.8, 1)
    dH/dl & foreign lambdas:
        dH/dl (coul-lambda) (9901 pts)
        dH/dl (vdw-lambda) (9901 pts)
        delta H to (0.7, 1) (9901 pts)
        delta H to (0.8, 1) (9901 pts)
        delta H to (0.9, 1) (9901 pts)


lambda_22/bar.xvg: 0.0 - 991.2; lambda = (0.9, 1)
    dH/dl & foreign lambdas:
        dH/dl (coul-lambda) (9913 pts)
        dH/dl (vdw-lambda) (9913 pts)
        delta H to (0.8, 1) (9913 pts)
        delta H to (0.9, 1) (9913 pts)
        delta H to (1, 1) (9913 pts)


lambda_23/bar.xvg: 0.0 - 999.9; lambda = (1, 1)
    dH/dl & foreign lambdas:
        dH/dl (coul-lambda) (10000 pts)
        dH/dl (vdw-lambda) (10000 pts)
        delta H to (0.9, 1) (10000 pts)
        delta H to (1, 1) (10000 pts)



Temperature: 300 K

Detailed results in kT (see help for explanation):

 lam_A  lam_B      DG   +/-     s_A   +/-     s_B   +/-   stdev   +/- 
     0      1   -6.82  0.00    0.02  0.00    0.02  0.00    0.24  0.00
     1      2   -5.38  0.00    0.03  0.00    0.03  0.00    0.23  0.00
     2      3   -2.74  0.01    0.08  0.01    0.08  0.01    0.39  0.01
     3      4    1.88  0.03    0.37  0.02    0.42  0.02    0.90  0.02
     4      5    8.09  0.06    2.58  0.11    3.06  0.14    2.81  0.09
     5      6    4.53  0.08    2.15  0.08    1.80  0.08    2.28  0.05
     6      7    2.97  0.04    2.47  0.10    1.58  0.05    2.15  0.04
     7      8    1.86  0.04    1.59  0.08    1.11  0.05    1.69  0.03
     8      9    1.22  0.03    1.25  0.03    0.89  0.02    1.50  0.02
     9     10    0.74  0.01    1.12  0.03    0.77  0.02    1.37  0.02
    10     11    0.37  0.01    0.92  0.01    0.65  0.01    1.24  0.01
    11     12    0.09  0.02    0.80  0.01    0.56  0.01    1.14  0.01
    12     13   -0.12  0.02    0.71  0.02    0.50  0.01    1.07  0.01
    13     14   -0.29  0.00    0.61  0.02    0.43  0.01    1.00  0.01
    14     15   -0.41  0.01    0.55  0.01    0.40  0.01    0.95  0.00
    15     16   -0.56  0.01    0.57  0.02    0.60  0.02    1.09  0.01
    16     17   -1.87  0.02    0.72  0.01    0.81  0.01    1.26  0.00
    17     18   -1.60  0.01    0.26  0.01    0.28  0.01    0.72  0.01
    18     19   -2.15  0.01    0.27  0.01    0.29  0.01    0.78  0.01
    19     20   -2.79  0.02    0.36  0.01    0.37  0.01    0.86  0.01
    20     21   -3.53  0.03    0.36  0.02    0.37  0.02    0.88  0.01
    21     22   -4.32  0.04    0.42  0.02    0.43  0.02    0.92  0.01
    22     23   -5.17  0.02    0.43  0.02    0.43  0.02    0.95  0.01


Final results in kJ/mol:

point      0 -      1,   DG -17.00 +/-  0.01
point      1 -      2,   DG -13.42 +/-  0.01
point      2 -      3,   DG -6.83 +/-  0.01
point      3 -      4,   DG  4.69 +/-  0.08
point      4 -      5,   DG 20.17 +/-  0.16
point      5 -      6,   DG 11.30 +/-  0.21
point      6 -      7,   DG  7.42 +/-  0.09
point      7 -      8,   DG  4.63 +/-  0.10
point      8 -      9,   DG  3.06 +/-  0.08
point      9 -     10,   DG  1.84 +/-  0.03
point     10 -     11,   DG  0.92 +/-  0.03
point     11 -     12,   DG  0.22 +/-  0.04
point     12 -     13,   DG -0.31 +/-  0.04
point     13 -     14,   DG -0.73 +/-  0.01
point     14 -     15,   DG -1.01 +/-  0.02
point     15 -     16,   DG -1.39 +/-  0.03
point     16 -     17,   DG -4.66 +/-  0.04
point     17 -     18,   DG -3.99 +/-  0.02
point     18 -     19,   DG -5.36 +/-  0.03
point     19 -     20,   DG -6.96 +/-  0.05
point     20 -     21,   DG -8.79 +/-  0.07
point     21 -     22,   DG -10.76 +/-  0.09
point     22 -     23,   DG -12.90 +/-  0.05

total      0 -     23,   DG -39.90 +/-  0.41

