lambda_00/bar.xvg: 0.0 - 984.5; lambda = (0, 0)
    dH/dl & foreign lambdas:
        dH/dl (coul-lambda) (9846 pts)
        dH/dl (vdw-lambda) (9846 pts)
        delta H to (0, 0) (9846 pts)
        delta H to (0, 0.1) (9846 pts)


lambda_01/bar.xvg: 0.0 - 984.6; lambda = (0, 0.1)
    dH/dl & foreign lambdas:
        dH/dl (coul-lambda) (9847 pts)
        dH/dl (vdw-lambda) (9847 pts)
        delta H to (0, 0) (9847 pts)
        delta H to (0, 0.1) (9847 pts)
        delta H to (0, 0.2) (9847 pts)


lambda_02/bar.xvg: 0.0 - 984.2; lambda = (0, 0.2)
    dH/dl & foreign lambdas:
        dH/dl (coul-lambda) (9843 pts)
        dH/dl (vdw-lambda) (9843 pts)
        delta H to (0, 0.1) (9843 pts)
        delta H to (0, 0.2) (9843 pts)
        delta H to (0, 0.3) (9843 pts)


lambda_03/bar.xvg: 0.0 - 987.2; lambda = (0, 0.3)
    dH/dl & foreign lambdas:
        dH/dl (coul-lambda) (9873 pts)
        dH/dl (vdw-lambda) (9873 pts)
        delta H to (0, 0.2) (9873 pts)
        delta H to (0, 0.3) (9873 pts)
        delta H to (0, 0.4) (9873 pts)


lambda_04/bar.xvg: 0.0 - 986.6; lambda = (0, 0.4)
    dH/dl & foreign lambdas:
        dH/dl (coul-lambda) (9867 pts)
        dH/dl (vdw-lambda) (9867 pts)
        delta H to (0, 0.3) (9867 pts)
        delta H to (0, 0.4) (9867 pts)
        delta H to (0, 0.5) (9867 pts)


lambda_05/bar.xvg: 0.0 - 986.8; lambda = (0, 0.5)
    dH/dl & foreign lambdas:
        dH/dl (coul-lambda) (9869 pts)
        dH/dl (vdw-lambda) (9869 pts)
        delta H to (0, 0.4) (9869 pts)
        delta H to (0, 0.5) (9869 pts)
        delta H to (0, 0.55) (9869 pts)


lambda_06/bar.xvg: 0.0 - 985.4; lambda = (0, 0.55)
    dH/dl & foreign lambdas:
        dH/dl (coul-lambda) (9855 pts)
        dH/dl (vdw-lambda) (9855 pts)
        delta H to (0, 0.5) (9855 pts)
        delta H to (0, 0.55) (9855 pts)
        delta H to (0, 0.6) (9855 pts)


lambda_07/bar.xvg: 0.0 - 983.4; lambda = (0, 0.6)
    dH/dl & foreign lambdas:
        dH/dl (coul-lambda) (9835 pts)
        dH/dl (vdw-lambda) (9835 pts)
        delta H to (0, 0.55) (9835 pts)
        delta H to (0, 0.6) (9835 pts)
        delta H to (0, 0.65) (9835 pts)


lambda_08/bar.xvg: 0.0 - 981.6; lambda = (0, 0.65)
    dH/dl & foreign lambdas:
        dH/dl (coul-lambda) (9817 pts)
        dH/dl (vdw-lambda) (9817 pts)
        delta H to (0, 0.6) (9817 pts)
        delta H to (0, 0.65) (9817 pts)
        delta H to (0, 0.7) (9817 pts)


lambda_09/bar.xvg: 0.0 - 980.8; lambda = (0, 0.7)
    dH/dl & foreign lambdas:
        dH/dl (coul-lambda) (9809 pts)
        dH/dl (vdw-lambda) (9809 pts)
        delta H to (0, 0.65) (9809 pts)
        delta H to (0, 0.7) (9809 pts)
        delta H to (0, 0.75) (9809 pts)


lambda_10/bar.xvg: 0.0 - 980.8; lambda = (0, 0.75)
    dH/dl & foreign lambdas:
        dH/dl (coul-lambda) (9809 pts)
        dH/dl (vdw-lambda) (9809 pts)
        delta H to (0, 0.7) (9809 pts)
        delta H to (0, 0.75) (9809 pts)
        delta H to (0, 0.8) (9809 pts)


lambda_11/bar.xvg: 0.0 - 988.6; lambda = (0, 0.8)
    dH/dl & foreign lambdas:
        dH/dl (coul-lambda) (9887 pts)
        dH/dl (vdw-lambda) (9887 pts)
        delta H to (0, 0.75) (9887 pts)
        delta H to (0, 0.8) (9887 pts)
        delta H to (0, 0.85) (9887 pts)


lambda_12/bar.xvg: 0.0 - 986.6; lambda = (0, 0.85)
    dH/dl & foreign lambdas:
        dH/dl (coul-lambda) (9867 pts)
        dH/dl (vdw-lambda) (9867 pts)
        delta H to (0, 0.8) (9867 pts)
        delta H to (0, 0.85) (9867 pts)
        delta H to (0, 0.9) (9867 pts)


lambda_13/bar.xvg: 0.0 - 985.5; lambda = (0, 0.9)
    dH/dl & foreign lambdas:
        dH/dl (coul-lambda) (9856 pts)
        dH/dl (vdw-lambda) (9856 pts)
        delta H to (0, 0.85) (9856 pts)
        delta H to (0, 0.9) (9856 pts)
        delta H to (0, 0.95) (9856 pts)


lambda_14/bar.xvg: 0.0 - 984.6; lambda = (0, 0.95)
    dH/dl & foreign lambdas:
        dH/dl (coul-lambda) (9847 pts)
        dH/dl (vdw-lambda) (9847 pts)
        delta H to (0, 0.9) (9847 pts)
        delta H to (0, 0.95) (9847 pts)
        delta H to (0, 1) (9847 pts)


lambda_15/bar.xvg: 0.0 - 984.8; lambda = (0, 1)
    dH/dl & foreign lambdas:
        dH/dl (coul-lambda) (9849 pts)
        dH/dl (vdw-lambda) (9849 pts)
        delta H to (0, 0.95) (9849 pts)
        delta H to (0, 1) (9849 pts)
        delta H to (0.2, 1) (9849 pts)


lambda_16/bar.xvg: 0.0 - 988.9; lambda = (0.2, 1)
    dH/dl & foreign lambdas:
        dH/dl (coul-lambda) (9890 pts)
        dH/dl (vdw-lambda) (9890 pts)
        delta H to (0, 1) (9890 pts)
        delta H to (0.2, 1) (9890 pts)
        delta H to (0.4, 1) (9890 pts)


lambda_17/bar.xvg: 0.0 - 980.8; lambda = (0.4, 1)
    dH/dl & foreign lambdas:
        dH/dl (coul-lambda) (9809 pts)
        dH/dl (vdw-lambda) (9809 pts)
        delta H to (0.2, 1) (9809 pts)
        delta H to (0.4, 1) (9809 pts)
        delta H to (0.5, 1) (9809 pts)


lambda_18/bar.xvg: 0.0 - 982.0; lambda = (0.5, 1)
    dH/dl & foreign lambdas:
        dH/dl (coul-lambda) (9821 pts)
        dH/dl (vdw-lambda) (9821 pts)
        delta H to (0.4, 1) (9821 pts)
        delta H to (0.5, 1) (9821 pts)
        delta H to (0.6, 1) (9821 pts)


lambda_19/bar.xvg: 0.0 - 984.2; lambda = (0.6, 1)
    dH/dl & foreign lambdas:
        dH/dl (coul-lambda) (9843 pts)
        dH/dl (vdw-lambda) (9843 pts)
        delta H to (0.5, 1) (9843 pts)
        delta H to (0.6, 1) (9843 pts)
        delta H to (0.7, 1) (9843 pts)


lambda_20/bar.xvg: 0.0 - 986.3; lambda = (0.7, 1)
    dH/dl & foreign lambdas:
        dH/dl (coul-lambda) (9864 pts)
        dH/dl (vdw-lambda) (9864 pts)
        delta H to (0.6, 1) (9864 pts)
        delta H to (0.7, 1) (9864 pts)
        delta H to (0.8, 1) (9864 pts)


lambda_21/bar.xvg: 0.0 - 988.6; lambda = (0.8, 1)
    dH/dl & foreign lambdas:
        dH/dl (coul-lambda) (9887 pts)
        dH/dl (vdw-lambda) (9887 pts)
        delta H to (0.7, 1) (9887 pts)
        delta H to (0.8, 1) (9887 pts)
        delta H to (0.9, 1) (9887 pts)


lambda_22/bar.xvg: 0.0 - 980.8; lambda = (0.9, 1)
    dH/dl & foreign lambdas:
        dH/dl (coul-lambda) (9809 pts)
        dH/dl (vdw-lambda) (9809 pts)
        delta H to (0.8, 1) (9809 pts)
        delta H to (0.9, 1) (9809 pts)
        delta H to (1, 1) (9809 pts)


lambda_23/bar.xvg: 0.0 - 980.9; lambda = (1, 1)
    dH/dl & foreign lambdas:
        dH/dl (coul-lambda) (9810 pts)
        dH/dl (vdw-lambda) (9810 pts)
        delta H to (0.9, 1) (9810 pts)
        delta H to (1, 1) (9810 pts)



   Samples in time interval: 0.000 - 988.900
Removing samples outside of: 100.000 - 988.900

Temperature: 300 K

Detailed results in kT (see help for explanation):

 lam_A  lam_B      DG   +/-     s_A   +/-     s_B   +/-   stdev   +/- 
     0      1   -6.82  0.01    0.04  0.00    0.04  0.00    0.23  0.00
     1      2   -5.40  0.00    0.02  0.01    0.02  0.01    0.23  0.00
     2      3   -2.74  0.00    0.07  0.01    0.07  0.01    0.38  0.00
     3      4    1.89  0.02    0.38  0.02    0.41  0.02    0.89  0.02
     4      5    8.11  0.04    2.58  0.06    2.86  0.12    2.76  0.06
     5      6    4.63  0.06    2.25  0.12    1.96  0.11    2.33  0.09
     6      7    3.02  0.11    2.34  0.14    1.58  0.10    2.14  0.07
     7      8    1.89  0.06    1.63  0.13    1.09  0.08    1.68  0.06
     8      9    1.26  0.03    1.31  0.04    0.92  0.03    1.52  0.02
     9     10    0.73  0.02    1.13  0.02    0.80  0.02    1.38  0.01
    10     11    0.33  0.01    0.89  0.02    0.63  0.01    1.23  0.01
    11     12    0.07  0.02    0.79  0.02    0.55  0.01    1.15  0.01
    12     13   -0.13  0.01    0.68  0.03    0.47  0.01    1.06  0.01
    13     14   -0.28  0.01    0.64  0.00    0.45  0.01    1.01  0.01
    14     15   -0.41  0.01    0.55  0.01    0.39  0.01    0.95  0.00
    15     16   -0.50  0.01    0.50  0.01    0.54  0.01    1.03  0.00
    16     17   -1.65  0.00    0.62  0.01    0.69  0.01    1.18  0.01
    17     18   -1.42  0.01    0.25  0.00    0.26  0.00    0.68  0.00
    18     19   -1.93  0.01    0.25  0.01    0.27  0.01    0.73  0.01
    19     20   -2.49  0.01    0.29  0.02    0.30  0.02    0.80  0.00
    20     21   -3.14  0.02    0.35  0.01    0.36  0.01    0.84  0.01
    21     22   -3.86  0.02    0.36  0.02    0.37  0.02    0.86  0.01
    22     23   -4.60  0.02    0.37  0.02    0.38  0.02    0.89  0.01


Final results in kJ/mol:

point      0 -      1,   DG -17.00 +/-  0.01
point      1 -      2,   DG -13.47 +/-  0.01
point      2 -      3,   DG -6.84 +/-  0.01
point      3 -      4,   DG  4.73 +/-  0.05
point      4 -      5,   DG 20.24 +/-  0.11
point      5 -      6,   DG 11.55 +/-  0.16
point      6 -      7,   DG  7.53 +/-  0.28
point      7 -      8,   DG  4.72 +/-  0.14
point      8 -      9,   DG  3.15 +/-  0.07
point      9 -     10,   DG  1.82 +/-  0.05
point     10 -     11,   DG  0.83 +/-  0.02
point     11 -     12,   DG  0.18 +/-  0.04
point     12 -     13,   DG -0.32 +/-  0.03
point     13 -     14,   DG -0.69 +/-  0.02
point     14 -     15,   DG -1.03 +/-  0.02
point     15 -     16,   DG -1.25 +/-  0.03
point     16 -     17,   DG -4.12 +/-  0.01
point     17 -     18,   DG -3.54 +/-  0.02
point     18 -     19,   DG -4.82 +/-  0.03
point     19 -     20,   DG -6.20 +/-  0.04
point     20 -     21,   DG -7.83 +/-  0.05
point     21 -     22,   DG -9.62 +/-  0.05
point     22 -     23,   DG -11.46 +/-  0.05

total      0 -     23,   DG -33.46 +/-  0.38

