lambda_00/bar.xvg: 0.0 - 921.0; lambda = (0, 0)
    dH/dl & foreign lambdas:
        dH/dl (coul-lambda) (9211 pts)
        dH/dl (vdw-lambda) (9211 pts)
        delta H to (0, 0) (9211 pts)
        delta H to (0, 0.1) (9211 pts)


lambda_01/bar.xvg: 0.0 - 917.9; lambda = (0, 0.1)
    dH/dl & foreign lambdas:
        dH/dl (coul-lambda) (9180 pts)
        dH/dl (vdw-lambda) (9180 pts)
        delta H to (0, 0) (9180 pts)
        delta H to (0, 0.1) (9180 pts)
        delta H to (0, 0.2) (9180 pts)


lambda_02/bar.xvg: 0.0 - 917.7; lambda = (0, 0.2)
    dH/dl & foreign lambdas:
        dH/dl (coul-lambda) (9178 pts)
        dH/dl (vdw-lambda) (9178 pts)
        delta H to (0, 0.1) (9178 pts)
        delta H to (0, 0.2) (9178 pts)
        delta H to (0, 0.3) (9178 pts)


lambda_03/bar.xvg: 0.0 - 919.5; lambda = (0, 0.3)
    dH/dl & foreign lambdas:
        dH/dl (coul-lambda) (9196 pts)
        dH/dl (vdw-lambda) (9196 pts)
        delta H to (0, 0.2) (9196 pts)
        delta H to (0, 0.3) (9196 pts)
        delta H to (0, 0.4) (9196 pts)


lambda_04/bar.xvg: 0.0 - 918.9; lambda = (0, 0.4)
    dH/dl & foreign lambdas:
        dH/dl (coul-lambda) (9190 pts)
        dH/dl (vdw-lambda) (9190 pts)
        delta H to (0, 0.3) (9190 pts)
        delta H to (0, 0.4) (9190 pts)
        delta H to (0, 0.5) (9190 pts)


lambda_05/bar.xvg: 0.0 - 918.8; lambda = (0, 0.5)
    dH/dl & foreign lambdas:
        dH/dl (coul-lambda) (9189 pts)
        dH/dl (vdw-lambda) (9189 pts)
        delta H to (0, 0.4) (9189 pts)
        delta H to (0, 0.5) (9189 pts)
        delta H to (0, 0.55) (9189 pts)


lambda_06/bar.xvg: 0.0 - 918.1; lambda = (0, 0.55)
    dH/dl & foreign lambdas:
        dH/dl (coul-lambda) (9182 pts)
        dH/dl (vdw-lambda) (9182 pts)
        delta H to (0, 0.5) (9182 pts)
        delta H to (0, 0.55) (9182 pts)
        delta H to (0, 0.6) (9182 pts)


lambda_07/bar.xvg: 0.0 - 916.2; lambda = (0, 0.6)
    dH/dl & foreign lambdas:
        dH/dl (coul-lambda) (9163 pts)
        dH/dl (vdw-lambda) (9163 pts)
        delta H to (0, 0.55) (9163 pts)
        delta H to (0, 0.6) (9163 pts)
        delta H to (0, 0.65) (9163 pts)


lambda_08/bar.xvg: 0.0 - 914.8; lambda = (0, 0.65)
    dH/dl & foreign lambdas:
        dH/dl (coul-lambda) (9149 pts)
        dH/dl (vdw-lambda) (9149 pts)
        delta H to (0, 0.6) (9149 pts)
        delta H to (0, 0.65) (9149 pts)
        delta H to (0, 0.7) (9149 pts)


lambda_09/bar.xvg: 0.0 - 912.7; lambda = (0, 0.7)
    dH/dl & foreign lambdas:
        dH/dl (coul-lambda) (9128 pts)
        dH/dl (vdw-lambda) (9128 pts)
        delta H to (0, 0.65) (9128 pts)
        delta H to (0, 0.7) (9128 pts)
        delta H to (0, 0.75) (9128 pts)


lambda_10/bar.xvg: 0.0 - 910.7; lambda = (0, 0.75)
    dH/dl & foreign lambdas:
        dH/dl (coul-lambda) (9108 pts)
        dH/dl (vdw-lambda) (9108 pts)
        delta H to (0, 0.7) (9108 pts)
        delta H to (0, 0.75) (9108 pts)
        delta H to (0, 0.8) (9108 pts)


lambda_11/bar.xvg: 0.0 - 910.4; lambda = (0, 0.8)
    dH/dl & foreign lambdas:
        dH/dl (coul-lambda) (9105 pts)
        dH/dl (vdw-lambda) (9105 pts)
        delta H to (0, 0.75) (9105 pts)
        delta H to (0, 0.8) (9105 pts)
        delta H to (0, 0.85) (9105 pts)


lambda_12/bar.xvg: 0.0 - 921.0; lambda = (0, 0.85)
    dH/dl & foreign lambdas:
        dH/dl (coul-lambda) (9211 pts)
        dH/dl (vdw-lambda) (9211 pts)
        delta H to (0, 0.8) (9211 pts)
        delta H to (0, 0.85) (9211 pts)
        delta H to (0, 0.9) (9211 pts)


lambda_13/bar.xvg: 0.0 - 919.4; lambda = (0, 0.9)
    dH/dl & foreign lambdas:
        dH/dl (coul-lambda) (9195 pts)
        dH/dl (vdw-lambda) (9195 pts)
        delta H to (0, 0.85) (9195 pts)
        delta H to (0, 0.9) (9195 pts)
        delta H to (0, 0.95) (9195 pts)


lambda_14/bar.xvg: 0.0 - 918.8; lambda = (0, 0.95)
    dH/dl & foreign lambdas:
        dH/dl (coul-lambda) (9189 pts)
        dH/dl (vdw-lambda) (9189 pts)
        delta H to (0, 0.9) (9189 pts)
        delta H to (0, 0.95) (9189 pts)
        delta H to (0, 1) (9189 pts)


lambda_15/bar.xvg: 0.0 - 918.1; lambda = (0, 1)
    dH/dl & foreign lambdas:
        dH/dl (coul-lambda) (9182 pts)
        dH/dl (vdw-lambda) (9182 pts)
        delta H to (0, 0.95) (9182 pts)
        delta H to (0, 1) (9182 pts)
        delta H to (0.2, 1) (9182 pts)


lambda_16/bar.xvg: 0.0 - 910.4; lambda = (0.2, 1)
    dH/dl & foreign lambdas:
        dH/dl (coul-lambda) (9105 pts)
        dH/dl (vdw-lambda) (9105 pts)
        delta H to (0, 1) (9105 pts)
        delta H to (0.2, 1) (9105 pts)
        delta H to (0.4, 1) (9105 pts)


lambda_17/bar.xvg: 0.0 - 914.3; lambda = (0.4, 1)
    dH/dl & foreign lambdas:
        dH/dl (coul-lambda) (9144 pts)
        dH/dl (vdw-lambda) (9144 pts)
        delta H to (0.2, 1) (9144 pts)
        delta H to (0.4, 1) (9144 pts)
        delta H to (0.5, 1) (9144 pts)


lambda_18/bar.xvg: 0.0 - 916.1; lambda = (0.5, 1)
    dH/dl & foreign lambdas:
        dH/dl (coul-lambda) (9162 pts)
        dH/dl (vdw-lambda) (9162 pts)
        delta H to (0.4, 1) (9162 pts)
        delta H to (0.5, 1) (9162 pts)
        delta H to (0.6, 1) (9162 pts)


lambda_19/bar.xvg: 0.0 - 917.9; lambda = (0.6, 1)
    dH/dl & foreign lambdas:
        dH/dl (coul-lambda) (9180 pts)
        dH/dl (vdw-lambda) (9180 pts)
        delta H to (0.5, 1) (9180 pts)
        delta H to (0.6, 1) (9180 pts)
        delta H to (0.7, 1) (9180 pts)


lambda_20/bar.xvg: 0.0 - 920.0; lambda = (0.7, 1)
    dH/dl & foreign lambdas:
        dH/dl (coul-lambda) (9201 pts)
        dH/dl (vdw-lambda) (9201 pts)
        delta H to (0.6, 1) (9201 pts)
        delta H to (0.7, 1) (9201 pts)
        delta H to (0.8, 1) (9201 pts)


lambda_21/bar.xvg: 0.0 - 921.9; lambda = (0.8, 1)
    dH/dl & foreign lambdas:
        dH/dl (coul-lambda) (9220 pts)
        dH/dl (vdw-lambda) (9220 pts)
        delta H to (0.7, 1) (9220 pts)
        delta H to (0.8, 1) (9220 pts)
        delta H to (0.9, 1) (9220 pts)


lambda_22/bar.xvg: 0.0 - 910.5; lambda = (0.9, 1)
    dH/dl & foreign lambdas:
        dH/dl (coul-lambda) (9106 pts)
        dH/dl (vdw-lambda) (9106 pts)
        delta H to (0.8, 1) (9106 pts)
        delta H to (0.9, 1) (9106 pts)
        delta H to (1, 1) (9106 pts)


lambda_23/bar.xvg: 0.0 - 915.6; lambda = (1, 1)
    dH/dl & foreign lambdas:
        dH/dl (coul-lambda) (9157 pts)
        dH/dl (vdw-lambda) (9157 pts)
        delta H to (0.9, 1) (9157 pts)
        delta H to (1, 1) (9157 pts)



   Samples in time interval: 0.000 - 921.900
Removing samples outside of: 100.000 - 921.900

Temperature: 300 K

Detailed results in kT (see help for explanation):

 lam_A  lam_B      DG   +/-     s_A   +/-     s_B   +/-   stdev   +/- 
     0      1   -7.28  0.01    0.03  0.01    0.03  0.01    0.24  0.00
     1      2   -5.76  0.00    0.03  0.00    0.03  0.00    0.24  0.00
     2      3   -2.93  0.01    0.08  0.01    0.08  0.01    0.39  0.01
     3      4    2.06  0.00    0.34  0.03    0.36  0.03    0.88  0.01
     4      5    9.01  0.11    2.66  0.06    3.28  0.08    2.91  0.05
     5      6    5.02  0.09    2.43  0.08    2.03  0.07    2.44  0.05
     6      7    3.26  0.05    2.65  0.11    1.74  0.07    2.25  0.06
     7      8    2.02  0.06    1.68  0.04    1.18  0.03    1.77  0.02
     8      9    1.32  0.04    1.38  0.06    0.94  0.04    1.56  0.03
     9     10    0.83  0.03    1.18  0.02    0.84  0.01    1.43  0.01
    10     11    0.42  0.02    0.98  0.03    0.69  0.02    1.28  0.02
    11     12    0.14  0.02    0.83  0.01    0.59  0.01    1.18  0.01
    12     13   -0.09  0.01    0.76  0.01    0.54  0.01    1.11  0.01
    13     14   -0.27  0.01    0.65  0.01    0.46  0.01    1.04  0.01
    14     15   -0.41  0.01    0.60  0.01    0.44  0.01    0.99  0.00
    15     16   -0.56  0.01    0.56  0.01    0.59  0.01    1.07  0.00
    16     17   -1.90  0.02    0.75  0.02    0.84  0.02    1.27  0.01
    17     18   -1.62  0.01    0.25  0.01    0.26  0.01    0.71  0.01
    18     19   -2.15  0.02    0.27  0.02    0.29  0.02    0.76  0.01
    19     20   -2.75  0.03    0.31  0.02    0.32  0.02    0.82  0.01
    20     21   -3.42  0.03    0.36  0.02    0.36  0.02    0.86  0.01
    21     22   -4.17  0.03    0.39  0.01    0.39  0.01    0.90  0.01
    22     23   -4.98  0.04    0.41  0.02    0.42  0.02    0.92  0.01


Final results in kJ/mol:

point      0 -      1,   DG -18.16 +/-  0.01
point      1 -      2,   DG -14.36 +/-  0.01
point      2 -      3,   DG -7.31 +/-  0.02
point      3 -      4,   DG  5.13 +/-  0.01
point      4 -      5,   DG 22.48 +/-  0.27
point      5 -      6,   DG 12.51 +/-  0.21
point      6 -      7,   DG  8.12 +/-  0.12
point      7 -      8,   DG  5.05 +/-  0.15
point      8 -      9,   DG  3.30 +/-  0.11
point      9 -     10,   DG  2.08 +/-  0.06
point     10 -     11,   DG  1.05 +/-  0.04
point     11 -     12,   DG  0.35 +/-  0.05
point     12 -     13,   DG -0.22 +/-  0.03
point     13 -     14,   DG -0.68 +/-  0.02
point     14 -     15,   DG -1.02 +/-  0.03
point     15 -     16,   DG -1.40 +/-  0.03
point     16 -     17,   DG -4.73 +/-  0.04
point     17 -     18,   DG -4.03 +/-  0.04
point     18 -     19,   DG -5.35 +/-  0.05
point     19 -     20,   DG -6.85 +/-  0.08
point     20 -     21,   DG -8.54 +/-  0.06
point     21 -     22,   DG -10.41 +/-  0.09
point     22 -     23,   DG -12.42 +/-  0.10

total      0 -     23,   DG -35.44 +/-  0.50

