lambda_00/bar.xvg: 0.0 - 952.9; lambda = (0, 0)
    dH/dl & foreign lambdas:
        dH/dl (coul-lambda) (9530 pts)
        dH/dl (vdw-lambda) (9530 pts)
        delta H to (0, 0) (9530 pts)
        delta H to (0, 0.1) (9530 pts)


lambda_01/bar.xvg: 0.0 - 947.2; lambda = (0, 0.1)
    dH/dl & foreign lambdas:
        dH/dl (coul-lambda) (9473 pts)
        dH/dl (vdw-lambda) (9473 pts)
        delta H to (0, 0) (9473 pts)
        delta H to (0, 0.1) (9473 pts)
        delta H to (0, 0.2) (9473 pts)


lambda_02/bar.xvg: 0.0 - 947.2; lambda = (0, 0.2)
    dH/dl & foreign lambdas:
        dH/dl (coul-lambda) (9473 pts)
        dH/dl (vdw-lambda) (9473 pts)
        delta H to (0, 0.1) (9473 pts)
        delta H to (0, 0.2) (9473 pts)
        delta H to (0, 0.3) (9473 pts)


lambda_03/bar.xvg: 0.0 - 947.2; lambda = (0, 0.3)
    dH/dl & foreign lambdas:
        dH/dl (coul-lambda) (9473 pts)
        dH/dl (vdw-lambda) (9473 pts)
        delta H to (0, 0.2) (9473 pts)
        delta H to (0, 0.3) (9473 pts)
        delta H to (0, 0.4) (9473 pts)


lambda_04/bar.xvg: 0.0 - 947.2; lambda = (0, 0.4)
    dH/dl & foreign lambdas:
        dH/dl (coul-lambda) (9473 pts)
        dH/dl (vdw-lambda) (9473 pts)
        delta H to (0, 0.3) (9473 pts)
        delta H to (0, 0.4) (9473 pts)
        delta H to (0, 0.5) (9473 pts)


lambda_05/bar.xvg: 0.0 - 947.2; lambda = (0, 0.5)
    dH/dl & foreign lambdas:
        dH/dl (coul-lambda) (9473 pts)
        dH/dl (vdw-lambda) (9473 pts)
        delta H to (0, 0.4) (9473 pts)
        delta H to (0, 0.5) (9473 pts)
        delta H to (0, 0.55) (9473 pts)


lambda_06/bar.xvg: 0.0 - 947.2; lambda = (0, 0.55)
    dH/dl & foreign lambdas:
        dH/dl (coul-lambda) (9473 pts)
        dH/dl (vdw-lambda) (9473 pts)
        delta H to (0, 0.5) (9473 pts)
        delta H to (0, 0.55) (9473 pts)
        delta H to (0, 0.6) (9473 pts)


lambda_07/bar.xvg: 0.0 - 947.2; lambda = (0, 0.6)
    dH/dl & foreign lambdas:
        dH/dl (coul-lambda) (9473 pts)
        dH/dl (vdw-lambda) (9473 pts)
        delta H to (0, 0.55) (9473 pts)
        delta H to (0, 0.6) (9473 pts)
        delta H to (0, 0.65) (9473 pts)


lambda_08/bar.xvg: 0.0 - 947.2; lambda = (0, 0.65)
    dH/dl & foreign lambdas:
        dH/dl (coul-lambda) (9473 pts)
        dH/dl (vdw-lambda) (9473 pts)
        delta H to (0, 0.6) (9473 pts)
        delta H to (0, 0.65) (9473 pts)
        delta H to (0, 0.7) (9473 pts)


lambda_09/bar.xvg: 0.0 - 953.0; lambda = (0, 0.7)
    dH/dl & foreign lambdas:
        dH/dl (coul-lambda) (9531 pts)
        dH/dl (vdw-lambda) (9531 pts)
        delta H to (0, 0.65) (9531 pts)
        delta H to (0, 0.7) (9531 pts)
        delta H to (0, 0.75) (9531 pts)


lambda_10/bar.xvg: 0.0 - 951.1; lambda = (0, 0.75)
    dH/dl & foreign lambdas:
        dH/dl (coul-lambda) (9512 pts)
        dH/dl (vdw-lambda) (9512 pts)
        delta H to (0, 0.7) (9512 pts)
        delta H to (0, 0.75) (9512 pts)
        delta H to (0, 0.8) (9512 pts)


lambda_11/bar.xvg: 0.0 - 949.0; lambda = (0, 0.8)
    dH/dl & foreign lambdas:
        dH/dl (coul-lambda) (9491 pts)
        dH/dl (vdw-lambda) (9491 pts)
        delta H to (0, 0.75) (9491 pts)
        delta H to (0, 0.8) (9491 pts)
        delta H to (0, 0.85) (9491 pts)


lambda_12/bar.xvg: 0.0 - 947.2; lambda = (0, 0.85)
    dH/dl & foreign lambdas:
        dH/dl (coul-lambda) (9473 pts)
        dH/dl (vdw-lambda) (9473 pts)
        delta H to (0, 0.8) (9473 pts)
        delta H to (0, 0.85) (9473 pts)
        delta H to (0, 0.9) (9473 pts)


lambda_13/bar.xvg: 0.0 - 947.2; lambda = (0, 0.9)
    dH/dl & foreign lambdas:
        dH/dl (coul-lambda) (9473 pts)
        dH/dl (vdw-lambda) (9473 pts)
        delta H to (0, 0.85) (9473 pts)
        delta H to (0, 0.9) (9473 pts)
        delta H to (0, 0.95) (9473 pts)


lambda_14/bar.xvg: 0.0 - 947.2; lambda = (0, 0.95)
    dH/dl & foreign lambdas:
        dH/dl (coul-lambda) (9473 pts)
        dH/dl (vdw-lambda) (9473 pts)
        delta H to (0, 0.9) (9473 pts)
        delta H to (0, 0.95) (9473 pts)
        delta H to (0, 1) (9473 pts)


lambda_15/bar.xvg: 0.0 - 947.2; lambda = (0, 1)
    dH/dl & foreign lambdas:
        dH/dl (coul-lambda) (9473 pts)
        dH/dl (vdw-lambda) (9473 pts)
        delta H to (0, 0.95) (9473 pts)
        delta H to (0, 1) (9473 pts)
        delta H to (0.2, 1) (9473 pts)


lambda_16/bar.xvg: 0.0 - 949.6; lambda = (0.2, 1)
    dH/dl & foreign lambdas:
        dH/dl (coul-lambda) (9497 pts)
        dH/dl (vdw-lambda) (9497 pts)
        delta H to (0, 1) (9497 pts)
        delta H to (0.2, 1) (9497 pts)
        delta H to (0.4, 1) (9497 pts)


lambda_17/bar.xvg: 0.0 - 947.2; lambda = (0.4, 1)
    dH/dl & foreign lambdas:
        dH/dl (coul-lambda) (9473 pts)
        dH/dl (vdw-lambda) (9473 pts)
        delta H to (0.2, 1) (9473 pts)
        delta H to (0.4, 1) (9473 pts)
        delta H to (0.5, 1) (9473 pts)


lambda_18/bar.xvg: 0.0 - 947.2; lambda = (0.5, 1)
    dH/dl & foreign lambdas:
        dH/dl (coul-lambda) (9473 pts)
        dH/dl (vdw-lambda) (9473 pts)
        delta H to (0.4, 1) (9473 pts)
        delta H to (0.5, 1) (9473 pts)
        delta H to (0.6, 1) (9473 pts)


lambda_19/bar.xvg: 0.0 - 947.2; lambda = (0.6, 1)
    dH/dl & foreign lambdas:
        dH/dl (coul-lambda) (9473 pts)
        dH/dl (vdw-lambda) (9473 pts)
        delta H to (0.5, 1) (9473 pts)
        delta H to (0.6, 1) (9473 pts)
        delta H to (0.7, 1) (9473 pts)


lambda_20/bar.xvg: 0.0 - 947.2; lambda = (0.7, 1)
    dH/dl & foreign lambdas:
        dH/dl (coul-lambda) (9473 pts)
        dH/dl (vdw-lambda) (9473 pts)
        delta H to (0.6, 1) (9473 pts)
        delta H to (0.7, 1) (9473 pts)
        delta H to (0.8, 1) (9473 pts)


lambda_21/bar.xvg: 0.0 - 948.9; lambda = (0.8, 1)
    dH/dl & foreign lambdas:
        dH/dl (coul-lambda) (9490 pts)
        dH/dl (vdw-lambda) (9490 pts)
        delta H to (0.7, 1) (9490 pts)
        delta H to (0.8, 1) (9490 pts)
        delta H to (0.9, 1) (9490 pts)


lambda_22/bar.xvg: 0.0 - 950.9; lambda = (0.9, 1)
    dH/dl & foreign lambdas:
        dH/dl (coul-lambda) (9510 pts)
        dH/dl (vdw-lambda) (9510 pts)
        delta H to (0.8, 1) (9510 pts)
        delta H to (0.9, 1) (9510 pts)
        delta H to (1, 1) (9510 pts)


lambda_23/bar.xvg: 0.0 - 948.5; lambda = (1, 1)
    dH/dl & foreign lambdas:
        dH/dl (coul-lambda) (9486 pts)
        dH/dl (vdw-lambda) (9486 pts)
        delta H to (0.9, 1) (9486 pts)
        delta H to (1, 1) (9486 pts)



   Samples in time interval: 0.000 - 953.000
Removing samples outside of: 100.000 - 953.000

Temperature: 300 K

Detailed results in kT (see help for explanation):

 lam_A  lam_B      DG   +/-     s_A   +/-     s_B   +/-   stdev   +/- 
     0      1   -7.28  0.01    0.03  0.01    0.03  0.01    0.25  0.01
     1      2   -5.76  0.00    0.03  0.00    0.03  0.00    0.24  0.00
     2      3   -2.92  0.01    0.07  0.01    0.07  0.01    0.38  0.00
     3      4    2.10  0.02    0.36  0.01    0.39  0.01    0.88  0.01
     4      5    9.09  0.10    2.62  0.07    3.11  0.09    2.85  0.05
     5      6    5.13  0.10    2.53  0.06    2.12  0.10    2.45  0.04
     6      7    3.38  0.05    2.55  0.04    1.79  0.04    2.30  0.01
     7      8    2.03  0.05    1.80  0.06    1.22  0.03    1.80  0.03
     8      9    1.29  0.02    1.37  0.05    0.95  0.03    1.54  0.02
     9     10    0.80  0.03    1.14  0.05    0.80  0.04    1.41  0.02
    10     11    0.42  0.02    0.98  0.03    0.69  0.02    1.29  0.01
    11     12    0.11  0.01    0.87  0.01    0.61  0.01    1.19  0.01
    12     13   -0.13  0.01    0.73  0.01    0.51  0.01    1.09  0.01
    13     14   -0.28  0.01    0.63  0.01    0.45  0.01    1.03  0.01
    14     15   -0.41  0.01    0.60  0.02    0.43  0.01    0.99  0.01
    15     16   -0.54  0.01    0.54  0.01    0.57  0.02    1.05  0.01
    16     17   -1.76  0.02    0.66  0.01    0.75  0.01    1.21  0.01
    17     18   -1.49  0.02    0.24  0.01    0.26  0.01    0.70  0.01
    18     19   -2.01  0.02    0.27  0.02    0.28  0.02    0.76  0.01
    19     20   -2.61  0.02    0.32  0.02    0.33  0.02    0.81  0.00
    20     21   -3.32  0.02    0.37  0.02    0.38  0.02    0.87  0.01
    21     22   -4.10  0.04    0.40  0.01    0.41  0.01    0.91  0.01
    22     23   -4.93  0.04    0.42  0.01    0.42  0.01    0.92  0.01


Final results in kJ/mol:

point      0 -      1,   DG -18.15 +/-  0.02
point      1 -      2,   DG -14.36 +/-  0.01
point      2 -      3,   DG -7.28 +/-  0.02
point      3 -      4,   DG  5.24 +/-  0.05
point      4 -      5,   DG 22.66 +/-  0.25
point      5 -      6,   DG 12.79 +/-  0.25
point      6 -      7,   DG  8.44 +/-  0.13
point      7 -      8,   DG  5.06 +/-  0.12
point      8 -      9,   DG  3.21 +/-  0.06
point      9 -     10,   DG  1.99 +/-  0.07
point     10 -     11,   DG  1.05 +/-  0.04
point     11 -     12,   DG  0.28 +/-  0.03
point     12 -     13,   DG -0.33 +/-  0.02
point     13 -     14,   DG -0.71 +/-  0.03
point     14 -     15,   DG -1.02 +/-  0.03
point     15 -     16,   DG -1.34 +/-  0.03
point     16 -     17,   DG -4.39 +/-  0.04
point     17 -     18,   DG -3.72 +/-  0.04
point     18 -     19,   DG -5.02 +/-  0.04
point     19 -     20,   DG -6.52 +/-  0.05
point     20 -     21,   DG -8.28 +/-  0.04
point     21 -     22,   DG -10.23 +/-  0.09
point     22 -     23,   DG -12.29 +/-  0.09

total      0 -     23,   DG -32.92 +/-  0.84

