lambda_00/bar.xvg: 0.0 - 969.1; lambda = (0, 0)
    dH/dl & foreign lambdas:
        dH/dl (coul-lambda) (9692 pts)
        dH/dl (vdw-lambda) (9692 pts)
        delta H to (0, 0) (9692 pts)
        delta H to (0, 0.1) (9692 pts)


lambda_01/bar.xvg: 0.0 - 971.1; lambda = (0, 0.1)
    dH/dl & foreign lambdas:
        dH/dl (coul-lambda) (9712 pts)
        dH/dl (vdw-lambda) (9712 pts)
        delta H to (0, 0) (9712 pts)
        delta H to (0, 0.1) (9712 pts)
        delta H to (0, 0.2) (9712 pts)


lambda_02/bar.xvg: 0.0 - 971.3; lambda = (0, 0.2)
    dH/dl & foreign lambdas:
        dH/dl (coul-lambda) (9714 pts)
        dH/dl (vdw-lambda) (9714 pts)
        delta H to (0, 0.1) (9714 pts)
        delta H to (0, 0.2) (9714 pts)
        delta H to (0, 0.3) (9714 pts)


lambda_03/bar.xvg: 0.0 - 973.7; lambda = (0, 0.3)
    dH/dl & foreign lambdas:
        dH/dl (coul-lambda) (9738 pts)
        dH/dl (vdw-lambda) (9738 pts)
        delta H to (0, 0.2) (9738 pts)
        delta H to (0, 0.3) (9738 pts)
        delta H to (0, 0.4) (9738 pts)


lambda_04/bar.xvg: 0.0 - 973.1; lambda = (0, 0.4)
    dH/dl & foreign lambdas:
        dH/dl (coul-lambda) (9732 pts)
        dH/dl (vdw-lambda) (9732 pts)
        delta H to (0, 0.3) (9732 pts)
        delta H to (0, 0.4) (9732 pts)
        delta H to (0, 0.5) (9732 pts)


lambda_05/bar.xvg: 0.0 - 973.1; lambda = (0, 0.5)
    dH/dl & foreign lambdas:
        dH/dl (coul-lambda) (9732 pts)
        dH/dl (vdw-lambda) (9732 pts)
        delta H to (0, 0.4) (9732 pts)
        delta H to (0, 0.5) (9732 pts)
        delta H to (0, 0.55) (9732 pts)


lambda_06/bar.xvg: 0.0 - 972.4; lambda = (0, 0.55)
    dH/dl & foreign lambdas:
        dH/dl (coul-lambda) (9725 pts)
        dH/dl (vdw-lambda) (9725 pts)
        delta H to (0, 0.5) (9725 pts)
        delta H to (0, 0.55) (9725 pts)
        delta H to (0, 0.6) (9725 pts)


lambda_07/bar.xvg: 0.0 - 970.7; lambda = (0, 0.6)
    dH/dl & foreign lambdas:
        dH/dl (coul-lambda) (9708 pts)
        dH/dl (vdw-lambda) (9708 pts)
        delta H to (0, 0.55) (9708 pts)
        delta H to (0, 0.6) (9708 pts)
        delta H to (0, 0.65) (9708 pts)


lambda_08/bar.xvg: 0.0 - 968.3; lambda = (0, 0.65)
    dH/dl & foreign lambdas:
        dH/dl (coul-lambda) (9684 pts)
        dH/dl (vdw-lambda) (9684 pts)
        delta H to (0, 0.6) (9684 pts)
        delta H to (0, 0.65) (9684 pts)
        delta H to (0, 0.7) (9684 pts)


lambda_09/bar.xvg: 0.0 - 966.5; lambda = (0, 0.7)
    dH/dl & foreign lambdas:
        dH/dl (coul-lambda) (9666 pts)
        dH/dl (vdw-lambda) (9666 pts)
        delta H to (0, 0.65) (9666 pts)
        delta H to (0, 0.7) (9666 pts)
        delta H to (0, 0.75) (9666 pts)


lambda_10/bar.xvg: 0.0 - 977.6; lambda = (0, 0.75)
    dH/dl & foreign lambdas:
        dH/dl (coul-lambda) (9777 pts)
        dH/dl (vdw-lambda) (9777 pts)
        delta H to (0, 0.7) (9777 pts)
        delta H to (0, 0.75) (9777 pts)
        delta H to (0, 0.8) (9777 pts)


lambda_11/bar.xvg: 0.0 - 975.7; lambda = (0, 0.8)
    dH/dl & foreign lambdas:
        dH/dl (coul-lambda) (9758 pts)
        dH/dl (vdw-lambda) (9758 pts)
        delta H to (0, 0.75) (9758 pts)
        delta H to (0, 0.8) (9758 pts)
        delta H to (0, 0.85) (9758 pts)


lambda_12/bar.xvg: 0.0 - 974.3; lambda = (0, 0.85)
    dH/dl & foreign lambdas:
        dH/dl (coul-lambda) (9744 pts)
        dH/dl (vdw-lambda) (9744 pts)
        delta H to (0, 0.8) (9744 pts)
        delta H to (0, 0.85) (9744 pts)
        delta H to (0, 0.9) (9744 pts)


lambda_13/bar.xvg: 0.0 - 973.1; lambda = (0, 0.9)
    dH/dl & foreign lambdas:
        dH/dl (coul-lambda) (9732 pts)
        dH/dl (vdw-lambda) (9732 pts)
        delta H to (0, 0.85) (9732 pts)
        delta H to (0, 0.9) (9732 pts)
        delta H to (0, 0.95) (9732 pts)


lambda_14/bar.xvg: 0.0 - 972.2; lambda = (0, 0.95)
    dH/dl & foreign lambdas:
        dH/dl (coul-lambda) (9723 pts)
        dH/dl (vdw-lambda) (9723 pts)
        delta H to (0, 0.9) (9723 pts)
        delta H to (0, 0.95) (9723 pts)
        delta H to (0, 1) (9723 pts)


lambda_15/bar.xvg: 0.0 - 971.3; lambda = (0, 1)
    dH/dl & foreign lambdas:
        dH/dl (coul-lambda) (9714 pts)
        dH/dl (vdw-lambda) (9714 pts)
        delta H to (0, 0.95) (9714 pts)
        delta H to (0, 1) (9714 pts)
        delta H to (0.2, 1) (9714 pts)


lambda_16/bar.xvg: 0.0 - 976.4; lambda = (0.2, 1)
    dH/dl & foreign lambdas:
        dH/dl (coul-lambda) (9765 pts)
        dH/dl (vdw-lambda) (9765 pts)
        delta H to (0, 1) (9765 pts)
        delta H to (0.2, 1) (9765 pts)
        delta H to (0.4, 1) (9765 pts)


lambda_17/bar.xvg: 0.0 - 966.9; lambda = (0.4, 1)
    dH/dl & foreign lambdas:
        dH/dl (coul-lambda) (9670 pts)
        dH/dl (vdw-lambda) (9670 pts)
        delta H to (0.2, 1) (9670 pts)
        delta H to (0.4, 1) (9670 pts)
        delta H to (0.5, 1) (9670 pts)


lambda_18/bar.xvg: 0.0 - 969.3; lambda = (0.5, 1)
    dH/dl & foreign lambdas:
        dH/dl (coul-lambda) (9694 pts)
        dH/dl (vdw-lambda) (9694 pts)
        delta H to (0.4, 1) (9694 pts)
        delta H to (0.5, 1) (9694 pts)
        delta H to (0.6, 1) (9694 pts)


lambda_19/bar.xvg: 0.0 - 971.4; lambda = (0.6, 1)
    dH/dl & foreign lambdas:
        dH/dl (coul-lambda) (9715 pts)
        dH/dl (vdw-lambda) (9715 pts)
        delta H to (0.5, 1) (9715 pts)
        delta H to (0.6, 1) (9715 pts)
        delta H to (0.7, 1) (9715 pts)


lambda_20/bar.xvg: 0.0 - 973.7; lambda = (0.7, 1)
    dH/dl & foreign lambdas:
        dH/dl (coul-lambda) (9738 pts)
        dH/dl (vdw-lambda) (9738 pts)
        delta H to (0.6, 1) (9738 pts)
        delta H to (0.7, 1) (9738 pts)
        delta H to (0.8, 1) (9738 pts)


lambda_21/bar.xvg: 0.0 - 975.7; lambda = (0.8, 1)
    dH/dl & foreign lambdas:
        dH/dl (coul-lambda) (9758 pts)
        dH/dl (vdw-lambda) (9758 pts)
        delta H to (0.7, 1) (9758 pts)
        delta H to (0.8, 1) (9758 pts)
        delta H to (0.9, 1) (9758 pts)


lambda_22/bar.xvg: 0.0 - 977.5; lambda = (0.9, 1)
    dH/dl & foreign lambdas:
        dH/dl (coul-lambda) (9776 pts)
        dH/dl (vdw-lambda) (9776 pts)
        delta H to (0.8, 1) (9776 pts)
        delta H to (0.9, 1) (9776 pts)
        delta H to (1, 1) (9776 pts)


lambda_23/bar.xvg: 0.0 - 964.9; lambda = (1, 1)
    dH/dl & foreign lambdas:
        dH/dl (coul-lambda) (9650 pts)
        dH/dl (vdw-lambda) (9650 pts)
        delta H to (0.9, 1) (9650 pts)
        delta H to (1, 1) (9650 pts)



   Samples in time interval: 0.000 - 977.600
Removing samples outside of: 100.000 - 977.600

Temperature: 300 K

Detailed results in kT (see help for explanation):

 lam_A  lam_B      DG   +/-     s_A   +/-     s_B   +/-   stdev   +/- 
     0      1   -7.28  0.01    0.04  0.01    0.03  0.01    0.24  0.00
     1      2   -5.76  0.00    0.03  0.01    0.03  0.00    0.24  0.00
     2      3   -2.93  0.01    0.07  0.01    0.07  0.01    0.39  0.00
     3      4    2.07  0.02    0.37  0.02    0.40  0.03    0.89  0.02
     4      5    8.96  0.03    2.65  0.09    3.17  0.16    2.89  0.08
     5      6    4.96  0.12    2.54  0.04    2.07  0.05    2.47  0.04
     6      7    3.30  0.07    2.47  0.06    1.68  0.04    2.20  0.03
     7      8    2.07  0.01    1.79  0.06    1.24  0.02    1.78  0.03
     8      9    1.33  0.02    1.36  0.02    0.96  0.02    1.56  0.01
     9     10    0.79  0.03    1.21  0.03    0.84  0.02    1.43  0.02
    10     11    0.38  0.02    0.95  0.02    0.66  0.01    1.28  0.01
    11     12    0.13  0.01    0.84  0.02    0.57  0.01    1.17  0.01
    12     13   -0.08  0.00    0.77  0.02    0.55  0.01    1.11  0.01
    13     14   -0.27  0.01    0.64  0.01    0.45  0.01    1.03  0.01
    14     15   -0.40  0.01    0.60  0.02    0.43  0.01    0.99  0.01
    15     16   -0.55  0.01    0.56  0.01    0.59  0.01    1.08  0.01
    16     17   -1.82  0.01    0.68  0.02    0.77  0.02    1.25  0.01
    17     18   -1.56  0.01    0.26  0.01    0.28  0.02    0.72  0.01
    18     19   -2.11  0.01    0.27  0.02    0.28  0.02    0.77  0.00
    19     20   -2.73  0.01    0.34  0.01    0.35  0.02    0.82  0.00
    20     21   -3.43  0.01    0.34  0.02    0.35  0.02    0.85  0.01
    21     22   -4.15  0.02    0.37  0.02    0.38  0.02    0.89  0.01
    22     23   -4.96  0.02    0.44  0.01    0.44  0.01    0.93  0.01


Final results in kJ/mol:

point      0 -      1,   DG -18.15 +/-  0.02
point      1 -      2,   DG -14.38 +/-  0.01
point      2 -      3,   DG -7.30 +/-  0.01
point      3 -      4,   DG  5.17 +/-  0.04
point      4 -      5,   DG 22.36 +/-  0.09
point      5 -      6,   DG 12.37 +/-  0.30
point      6 -      7,   DG  8.22 +/-  0.17
point      7 -      8,   DG  5.17 +/-  0.03
point      8 -      9,   DG  3.33 +/-  0.05
point      9 -     10,   DG  1.96 +/-  0.07
point     10 -     11,   DG  0.95 +/-  0.04
point     11 -     12,   DG  0.31 +/-  0.02
point     12 -     13,   DG -0.21 +/-  0.01
point     13 -     14,   DG -0.68 +/-  0.02
point     14 -     15,   DG -0.99 +/-  0.02
point     15 -     16,   DG -1.37 +/-  0.02
point     16 -     17,   DG -4.54 +/-  0.03
point     17 -     18,   DG -3.89 +/-  0.01
point     18 -     19,   DG -5.26 +/-  0.03
point     19 -     20,   DG -6.81 +/-  0.04
point     20 -     21,   DG -8.55 +/-  0.04
point     21 -     22,   DG -10.34 +/-  0.05
point     22 -     23,   DG -12.38 +/-  0.05

total      0 -     23,   DG -34.99 +/-  0.36

