lambda_00/bar.xvg: 0.0 - 936.9; lambda = (0, 0)
    dH/dl & foreign lambdas:
        dH/dl (coul-lambda) (9370 pts)
        dH/dl (vdw-lambda) (9370 pts)
        delta H to (0, 0) (9370 pts)
        delta H to (0, 0.1) (9370 pts)


lambda_01/bar.xvg: 0.0 - 931.0; lambda = (0, 0.1)
    dH/dl & foreign lambdas:
        dH/dl (coul-lambda) (9311 pts)
        dH/dl (vdw-lambda) (9311 pts)
        delta H to (0, 0) (9311 pts)
        delta H to (0, 0.1) (9311 pts)
        delta H to (0, 0.2) (9311 pts)


lambda_02/bar.xvg: 0.0 - 930.8; lambda = (0, 0.2)
    dH/dl & foreign lambdas:
        dH/dl (coul-lambda) (9309 pts)
        dH/dl (vdw-lambda) (9309 pts)
        delta H to (0, 0.1) (9309 pts)
        delta H to (0, 0.2) (9309 pts)
        delta H to (0, 0.3) (9309 pts)


lambda_03/bar.xvg: 0.0 - 933.2; lambda = (0, 0.3)
    dH/dl & foreign lambdas:
        dH/dl (coul-lambda) (9333 pts)
        dH/dl (vdw-lambda) (9333 pts)
        delta H to (0, 0.2) (9333 pts)
        delta H to (0, 0.3) (9333 pts)
        delta H to (0, 0.4) (9333 pts)


lambda_04/bar.xvg: 0.0 - 932.2; lambda = (0, 0.4)
    dH/dl & foreign lambdas:
        dH/dl (coul-lambda) (9323 pts)
        dH/dl (vdw-lambda) (9323 pts)
        delta H to (0, 0.3) (9323 pts)
        delta H to (0, 0.4) (9323 pts)
        delta H to (0, 0.5) (9323 pts)


lambda_05/bar.xvg: 0.0 - 932.6; lambda = (0, 0.5)
    dH/dl & foreign lambdas:
        dH/dl (coul-lambda) (9327 pts)
        dH/dl (vdw-lambda) (9327 pts)
        delta H to (0, 0.4) (9327 pts)
        delta H to (0, 0.5) (9327 pts)
        delta H to (0, 0.55) (9327 pts)


lambda_06/bar.xvg: 0.0 - 931.4; lambda = (0, 0.55)
    dH/dl & foreign lambdas:
        dH/dl (coul-lambda) (9315 pts)
        dH/dl (vdw-lambda) (9315 pts)
        delta H to (0, 0.5) (9315 pts)
        delta H to (0, 0.55) (9315 pts)
        delta H to (0, 0.6) (9315 pts)


lambda_07/bar.xvg: 0.0 - 929.9; lambda = (0, 0.6)
    dH/dl & foreign lambdas:
        dH/dl (coul-lambda) (9300 pts)
        dH/dl (vdw-lambda) (9300 pts)
        delta H to (0, 0.55) (9300 pts)
        delta H to (0, 0.6) (9300 pts)
        delta H to (0, 0.65) (9300 pts)


lambda_08/bar.xvg: 0.0 - 940.8; lambda = (0, 0.65)
    dH/dl & foreign lambdas:
        dH/dl (coul-lambda) (9409 pts)
        dH/dl (vdw-lambda) (9409 pts)
        delta H to (0, 0.6) (9409 pts)
        delta H to (0, 0.65) (9409 pts)
        delta H to (0, 0.7) (9409 pts)


lambda_09/bar.xvg: 0.0 - 938.5; lambda = (0, 0.7)
    dH/dl & foreign lambdas:
        dH/dl (coul-lambda) (9386 pts)
        dH/dl (vdw-lambda) (9386 pts)
        delta H to (0, 0.65) (9386 pts)
        delta H to (0, 0.7) (9386 pts)
        delta H to (0, 0.75) (9386 pts)


lambda_10/bar.xvg: 0.0 - 936.5; lambda = (0, 0.75)
    dH/dl & foreign lambdas:
        dH/dl (coul-lambda) (9366 pts)
        dH/dl (vdw-lambda) (9366 pts)
        delta H to (0, 0.7) (9366 pts)
        delta H to (0, 0.75) (9366 pts)
        delta H to (0, 0.8) (9366 pts)


lambda_11/bar.xvg: 0.0 - 934.7; lambda = (0, 0.8)
    dH/dl & foreign lambdas:
        dH/dl (coul-lambda) (9348 pts)
        dH/dl (vdw-lambda) (9348 pts)
        delta H to (0, 0.75) (9348 pts)
        delta H to (0, 0.8) (9348 pts)
        delta H to (0, 0.85) (9348 pts)


lambda_12/bar.xvg: 0.0 - 933.1; lambda = (0, 0.85)
    dH/dl & foreign lambdas:
        dH/dl (coul-lambda) (9332 pts)
        dH/dl (vdw-lambda) (9332 pts)
        delta H to (0, 0.8) (9332 pts)
        delta H to (0, 0.85) (9332 pts)
        delta H to (0, 0.9) (9332 pts)


lambda_13/bar.xvg: 0.0 - 932.0; lambda = (0, 0.9)
    dH/dl & foreign lambdas:
        dH/dl (coul-lambda) (9321 pts)
        dH/dl (vdw-lambda) (9321 pts)
        delta H to (0, 0.85) (9321 pts)
        delta H to (0, 0.9) (9321 pts)
        delta H to (0, 0.95) (9321 pts)


lambda_14/bar.xvg: 0.0 - 931.3; lambda = (0, 0.95)
    dH/dl & foreign lambdas:
        dH/dl (coul-lambda) (9314 pts)
        dH/dl (vdw-lambda) (9314 pts)
        delta H to (0, 0.9) (9314 pts)
        delta H to (0, 0.95) (9314 pts)
        delta H to (0, 1) (9314 pts)


lambda_15/bar.xvg: 0.0 - 931.1; lambda = (0, 1)
    dH/dl & foreign lambdas:
        dH/dl (coul-lambda) (9312 pts)
        dH/dl (vdw-lambda) (9312 pts)
        delta H to (0, 0.95) (9312 pts)
        delta H to (0, 1) (9312 pts)
        delta H to (0.2, 1) (9312 pts)


lambda_16/bar.xvg: 0.0 - 936.5; lambda = (0.2, 1)
    dH/dl & foreign lambdas:
        dH/dl (coul-lambda) (9366 pts)
        dH/dl (vdw-lambda) (9366 pts)
        delta H to (0, 1) (9366 pts)
        delta H to (0.2, 1) (9366 pts)
        delta H to (0.4, 1) (9366 pts)


lambda_17/bar.xvg: 0.0 - 940.2; lambda = (0.4, 1)
    dH/dl & foreign lambdas:
        dH/dl (coul-lambda) (9403 pts)
        dH/dl (vdw-lambda) (9403 pts)
        delta H to (0.2, 1) (9403 pts)
        delta H to (0.4, 1) (9403 pts)
        delta H to (0.5, 1) (9403 pts)


lambda_18/bar.xvg: 0.0 - 929.4; lambda = (0.5, 1)
    dH/dl & foreign lambdas:
        dH/dl (coul-lambda) (9295 pts)
        dH/dl (vdw-lambda) (9295 pts)
        delta H to (0.4, 1) (9295 pts)
        delta H to (0.5, 1) (9295 pts)
        delta H to (0.6, 1) (9295 pts)


lambda_19/bar.xvg: 0.0 - 931.6; lambda = (0.6, 1)
    dH/dl & foreign lambdas:
        dH/dl (coul-lambda) (9317 pts)
        dH/dl (vdw-lambda) (9317 pts)
        delta H to (0.5, 1) (9317 pts)
        delta H to (0.6, 1) (9317 pts)
        delta H to (0.7, 1) (9317 pts)


lambda_20/bar.xvg: 0.0 - 933.6; lambda = (0.7, 1)
    dH/dl & foreign lambdas:
        dH/dl (coul-lambda) (9337 pts)
        dH/dl (vdw-lambda) (9337 pts)
        delta H to (0.6, 1) (9337 pts)
        delta H to (0.7, 1) (9337 pts)
        delta H to (0.8, 1) (9337 pts)


lambda_21/bar.xvg: 0.0 - 935.6; lambda = (0.8, 1)
    dH/dl & foreign lambdas:
        dH/dl (coul-lambda) (9357 pts)
        dH/dl (vdw-lambda) (9357 pts)
        delta H to (0.7, 1) (9357 pts)
        delta H to (0.8, 1) (9357 pts)
        delta H to (0.9, 1) (9357 pts)


lambda_22/bar.xvg: 0.0 - 937.5; lambda = (0.9, 1)
    dH/dl & foreign lambdas:
        dH/dl (coul-lambda) (9376 pts)
        dH/dl (vdw-lambda) (9376 pts)
        delta H to (0.8, 1) (9376 pts)
        delta H to (0.9, 1) (9376 pts)
        delta H to (1, 1) (9376 pts)


lambda_23/bar.xvg: 0.0 - 932.2; lambda = (1, 1)
    dH/dl & foreign lambdas:
        dH/dl (coul-lambda) (9323 pts)
        dH/dl (vdw-lambda) (9323 pts)
        delta H to (0.9, 1) (9323 pts)
        delta H to (1, 1) (9323 pts)



   Samples in time interval: 0.000 - 940.800
Removing samples outside of: 100.000 - 940.800

Temperature: 300 K

Detailed results in kT (see help for explanation):

 lam_A  lam_B      DG   +/-     s_A   +/-     s_B   +/-   stdev   +/- 
     0      1   -6.42  0.01    0.03  0.00    0.03  0.00    0.22  0.00
     1      2   -5.07  0.01    0.02  0.01    0.02  0.01    0.22  0.00
     2      3   -2.56  0.01    0.06  0.01    0.06  0.01    0.36  0.01
     3      4    1.84  0.01    0.34  0.03    0.37  0.03    0.84  0.01
     4      5    7.94  0.11    2.31  0.08    2.76  0.08    2.60  0.05
     5      6    4.57  0.04    2.12  0.11    1.80  0.04    2.25  0.05
     6      7    3.09  0.07    2.32  0.06    1.58  0.02    2.16  0.04
     7      8    1.92  0.03    1.62  0.07    1.09  0.03    1.68  0.03
     8      9    1.25  0.02    1.27  0.04    0.89  0.02    1.49  0.02
     9     10    0.77  0.02    1.05  0.03    0.72  0.02    1.33  0.01
    10     11    0.42  0.01    0.91  0.03    0.64  0.01    1.22  0.01
    11     12    0.14  0.02    0.76  0.01    0.54  0.01    1.12  0.01
    12     13   -0.07  0.01    0.68  0.01    0.47  0.01    1.04  0.01
    13     14   -0.22  0.01    0.59  0.02    0.42  0.01    0.98  0.01
    14     15   -0.35  0.01    0.54  0.02    0.38  0.01    0.94  0.01
    15     16   -0.49  0.01    0.50  0.01    0.53  0.00    1.03  0.00
    16     17   -1.67  0.02    0.64  0.01    0.71  0.01    1.18  0.01
    17     18   -1.43  0.02    0.24  0.01    0.25  0.01    0.68  0.01
    18     19   -1.95  0.01    0.27  0.02    0.28  0.02    0.74  0.01
    19     20   -2.55  0.02    0.32  0.03    0.34  0.03    0.81  0.01
    20     21   -3.24  0.02    0.35  0.03    0.37  0.03    0.86  0.02
    21     22   -4.00  0.03    0.39  0.01    0.41  0.01    0.90  0.00
    22     23   -4.82  0.01    0.42  0.02    0.42  0.02    0.93  0.02


Final results in kJ/mol:

point      0 -      1,   DG -16.01 +/-  0.02
point      1 -      2,   DG -12.65 +/-  0.02
point      2 -      3,   DG -6.40 +/-  0.03
point      3 -      4,   DG  4.59 +/-  0.03
point      4 -      5,   DG 19.81 +/-  0.28
point      5 -      6,   DG 11.40 +/-  0.10
point      6 -      7,   DG  7.70 +/-  0.17
point      7 -      8,   DG  4.79 +/-  0.07
point      8 -      9,   DG  3.12 +/-  0.06
point      9 -     10,   DG  1.92 +/-  0.04
point     10 -     11,   DG  1.04 +/-  0.03
point     11 -     12,   DG  0.35 +/-  0.05
point     12 -     13,   DG -0.17 +/-  0.03
point     13 -     14,   DG -0.56 +/-  0.03
point     14 -     15,   DG -0.87 +/-  0.01
point     15 -     16,   DG -1.23 +/-  0.03
point     16 -     17,   DG -4.15 +/-  0.06
point     17 -     18,   DG -3.56 +/-  0.04
point     18 -     19,   DG -4.86 +/-  0.04
point     19 -     20,   DG -6.36 +/-  0.04
point     20 -     21,   DG -8.07 +/-  0.05
point     21 -     22,   DG -9.97 +/-  0.07
point     22 -     23,   DG -12.02 +/-  0.03

total      0 -     23,   DG -32.18 +/-  0.40

