lambda_00/bar.xvg: 0.0 - 1000.0; lambda = (0, 0)
    dH/dl & foreign lambdas:
        dH/dl (coul-lambda) (10001 pts)
        dH/dl (vdw-lambda) (10001 pts)
        delta H to (0, 0) (10001 pts)
        delta H to (0, 0.1) (10001 pts)


lambda_01/bar.xvg: 0.0 - 1000.0; lambda = (0, 0.1)
    dH/dl & foreign lambdas:
        dH/dl (coul-lambda) (10001 pts)
        dH/dl (vdw-lambda) (10001 pts)
        delta H to (0, 0) (10001 pts)
        delta H to (0, 0.1) (10001 pts)
        delta H to (0, 0.2) (10001 pts)


lambda_02/bar.xvg: 0.0 - 1000.0; lambda = (0, 0.2)
    dH/dl & foreign lambdas:
        dH/dl (coul-lambda) (10001 pts)
        dH/dl (vdw-lambda) (10001 pts)
        delta H to (0, 0.1) (10001 pts)
        delta H to (0, 0.2) (10001 pts)
        delta H to (0, 0.3) (10001 pts)


lambda_03/bar.xvg: 0.0 - 1000.0; lambda = (0, 0.3)
    dH/dl & foreign lambdas:
        dH/dl (coul-lambda) (10001 pts)
        dH/dl (vdw-lambda) (10001 pts)
        delta H to (0, 0.2) (10001 pts)
        delta H to (0, 0.3) (10001 pts)
        delta H to (0, 0.4) (10001 pts)


lambda_04/bar.xvg: 0.0 - 1000.0; lambda = (0, 0.4)
    dH/dl & foreign lambdas:
        dH/dl (coul-lambda) (10001 pts)
        dH/dl (vdw-lambda) (10001 pts)
        delta H to (0, 0.3) (10001 pts)
        delta H to (0, 0.4) (10001 pts)
        delta H to (0, 0.5) (10001 pts)


lambda_05/bar.xvg: 0.0 - 1000.0; lambda = (0, 0.5)
    dH/dl & foreign lambdas:
        dH/dl (coul-lambda) (10001 pts)
        dH/dl (vdw-lambda) (10001 pts)
        delta H to (0, 0.4) (10001 pts)
        delta H to (0, 0.5) (10001 pts)
        delta H to (0, 0.55) (10001 pts)


lambda_06/bar.xvg: 0.0 - 1000.0; lambda = (0, 0.55)
    dH/dl & foreign lambdas:
        dH/dl (coul-lambda) (10001 pts)
        dH/dl (vdw-lambda) (10001 pts)
        delta H to (0, 0.5) (10001 pts)
        delta H to (0, 0.55) (10001 pts)
        delta H to (0, 0.6) (10001 pts)


lambda_07/bar.xvg: 0.0 - 1000.0; lambda = (0, 0.6)
    dH/dl & foreign lambdas:
        dH/dl (coul-lambda) (10001 pts)
        dH/dl (vdw-lambda) (10001 pts)
        delta H to (0, 0.55) (10001 pts)
        delta H to (0, 0.6) (10001 pts)
        delta H to (0, 0.65) (10001 pts)


lambda_08/bar.xvg: 0.0 - 1000.0; lambda = (0, 0.65)
    dH/dl & foreign lambdas:
        dH/dl (coul-lambda) (10001 pts)
        dH/dl (vdw-lambda) (10001 pts)
        delta H to (0, 0.6) (10001 pts)
        delta H to (0, 0.65) (10001 pts)
        delta H to (0, 0.7) (10001 pts)


lambda_09/bar.xvg: 0.0 - 1000.0; lambda = (0, 0.7)
    dH/dl & foreign lambdas:
        dH/dl (coul-lambda) (10001 pts)
        dH/dl (vdw-lambda) (10001 pts)
        delta H to (0, 0.65) (10001 pts)
        delta H to (0, 0.7) (10001 pts)
        delta H to (0, 0.75) (10001 pts)


lambda_10/bar.xvg: 0.0 - 1000.0; lambda = (0, 0.75)
    dH/dl & foreign lambdas:
        dH/dl (coul-lambda) (10001 pts)
        dH/dl (vdw-lambda) (10001 pts)
        delta H to (0, 0.7) (10001 pts)
        delta H to (0, 0.75) (10001 pts)
        delta H to (0, 0.8) (10001 pts)


lambda_11/bar.xvg: 0.0 - 1000.0; lambda = (0, 0.8)
    dH/dl & foreign lambdas:
        dH/dl (coul-lambda) (10001 pts)
        dH/dl (vdw-lambda) (10001 pts)
        delta H to (0, 0.75) (10001 pts)
        delta H to (0, 0.8) (10001 pts)
        delta H to (0, 0.85) (10001 pts)


lambda_12/bar.xvg: 0.0 - 1000.0; lambda = (0, 0.85)
    dH/dl & foreign lambdas:
        dH/dl (coul-lambda) (10001 pts)
        dH/dl (vdw-lambda) (10001 pts)
        delta H to (0, 0.8) (10001 pts)
        delta H to (0, 0.85) (10001 pts)
        delta H to (0, 0.9) (10001 pts)


lambda_13/bar.xvg: 0.0 - 1000.0; lambda = (0, 0.9)
    dH/dl & foreign lambdas:
        dH/dl (coul-lambda) (10001 pts)
        dH/dl (vdw-lambda) (10001 pts)
        delta H to (0, 0.85) (10001 pts)
        delta H to (0, 0.9) (10001 pts)
        delta H to (0, 0.95) (10001 pts)


lambda_14/bar.xvg: 0.0 - 1000.0; lambda = (0, 0.95)
    dH/dl & foreign lambdas:
        dH/dl (coul-lambda) (10001 pts)
        dH/dl (vdw-lambda) (10001 pts)
        delta H to (0, 0.9) (10001 pts)
        delta H to (0, 0.95) (10001 pts)
        delta H to (0, 1) (10001 pts)


lambda_15/bar.xvg: 0.0 - 1000.0; lambda = (0, 1)
    dH/dl & foreign lambdas:
        dH/dl (coul-lambda) (10001 pts)
        dH/dl (vdw-lambda) (10001 pts)
        delta H to (0, 0.95) (10001 pts)
        delta H to (0, 1) (10001 pts)
        delta H to (0.2, 1) (10001 pts)


lambda_16/bar.xvg: 0.0 - 1000.0; lambda = (0.2, 1)
    dH/dl & foreign lambdas:
        dH/dl (coul-lambda) (10001 pts)
        dH/dl (vdw-lambda) (10001 pts)
        delta H to (0, 1) (10001 pts)
        delta H to (0.2, 1) (10001 pts)
        delta H to (0.4, 1) (10001 pts)


lambda_17/bar.xvg: 0.0 - 1000.0; lambda = (0.4, 1)
    dH/dl & foreign lambdas:
        dH/dl (coul-lambda) (10001 pts)
        dH/dl (vdw-lambda) (10001 pts)
        delta H to (0.2, 1) (10001 pts)
        delta H to (0.4, 1) (10001 pts)
        delta H to (0.5, 1) (10001 pts)


lambda_18/bar.xvg: 0.0 - 1000.0; lambda = (0.5, 1)
    dH/dl & foreign lambdas:
        dH/dl (coul-lambda) (10001 pts)
        dH/dl (vdw-lambda) (10001 pts)
        delta H to (0.4, 1) (10001 pts)
        delta H to (0.5, 1) (10001 pts)
        delta H to (0.6, 1) (10001 pts)


lambda_19/bar.xvg: 0.0 - 1000.0; lambda = (0.6, 1)
    dH/dl & foreign lambdas:
        dH/dl (coul-lambda) (10001 pts)
        dH/dl (vdw-lambda) (10001 pts)
        delta H to (0.5, 1) (10001 pts)
        delta H to (0.6, 1) (10001 pts)
        delta H to (0.7, 1) (10001 pts)


lambda_20/bar.xvg: 0.0 - 1000.0; lambda = (0.7, 1)
    dH/dl & foreign lambdas:
        dH/dl (coul-lambda) (10001 pts)
        dH/dl (vdw-lambda) (10001 pts)
        delta H to (0.6, 1) (10001 pts)
        delta H to (0.7, 1) (10001 pts)
        delta H to (0.8, 1) (10001 pts)


lambda_21/bar.xvg: 0.0 - 1000.0; lambda = (0.8, 1)
    dH/dl & foreign lambdas:
        dH/dl (coul-lambda) (10001 pts)
        dH/dl (vdw-lambda) (10001 pts)
        delta H to (0.7, 1) (10001 pts)
        delta H to (0.8, 1) (10001 pts)
        delta H to (0.9, 1) (10001 pts)


lambda_22/bar.xvg: 0.0 - 1000.0; lambda = (0.9, 1)
    dH/dl & foreign lambdas:
        dH/dl (coul-lambda) (10001 pts)
        dH/dl (vdw-lambda) (10001 pts)
        delta H to (0.8, 1) (10001 pts)
        delta H to (0.9, 1) (10001 pts)
        delta H to (1, 1) (10001 pts)


lambda_23/bar.xvg: 0.0 - 1000.0; lambda = (1, 1)
    dH/dl & foreign lambdas:
        dH/dl (coul-lambda) (10001 pts)
        dH/dl (vdw-lambda) (10001 pts)
        delta H to (0.9, 1) (10001 pts)
        delta H to (1, 1) (10001 pts)



Temperature: 300 K

Detailed results in kT (see help for explanation):

 lam_A  lam_B      DG   +/-     s_A   +/-     s_B   +/-   stdev   +/- 
     0      1   -6.81  0.01    0.03  0.01    0.03  0.01    0.24  0.01
     1      2   -5.39  0.01    0.03  0.01    0.03  0.01    0.24  0.00
     2      3   -2.73  0.01    0.08  0.01    0.08  0.01    0.38  0.00
     3      4    1.91  0.02    0.36  0.03    0.40  0.04    0.88  0.01
     4      5    8.19  0.10    2.56  0.05    2.87  0.05    2.80  0.03
     5      6    4.67  0.04    2.27  0.04    2.00  0.05    2.33  0.03
     6      7    3.03  0.02    2.30  0.03    1.57  0.02    2.12  0.02
     7      8    1.88  0.01    1.67  0.04    1.13  0.02    1.71  0.01
     8      9    1.18  0.02    1.29  0.03    0.92  0.01    1.50  0.01
     9     10    0.70  0.02    1.04  0.03    0.72  0.02    1.35  0.02
    10     11    0.34  0.02    0.93  0.03    0.64  0.02    1.24  0.01
    11     12    0.06  0.02    0.78  0.02    0.54  0.01    1.14  0.01
    12     13   -0.15  0.01    0.69  0.01    0.48  0.01    1.05  0.00
    13     14   -0.30  0.00    0.59  0.02    0.42  0.01    0.99  0.01
    14     15   -0.41  0.01    0.55  0.01    0.39  0.01    0.95  0.01
    15     16   -0.47  0.01    0.49  0.02    0.51  0.02    1.01  0.01
    16     17   -1.58  0.02    0.60  0.03    0.68  0.03    1.16  0.01
    17     18   -1.35  0.01    0.22  0.02    0.23  0.02    0.67  0.00
    18     19   -1.81  0.01    0.23  0.01    0.24  0.01    0.73  0.01
    19     20   -2.35  0.01    0.30  0.01    0.31  0.01    0.78  0.01
    20     21   -2.98  0.00    0.32  0.02    0.33  0.02    0.82  0.01
    21     22   -3.67  0.02    0.36  0.03    0.37  0.03    0.85  0.01
    22     23   -4.41  0.03    0.37  0.02    0.38  0.02    0.86  0.01


Final results in kJ/mol:

point      0 -      1,   DG -16.99 +/-  0.02
point      1 -      2,   DG -13.44 +/-  0.01
point      2 -      3,   DG -6.81 +/-  0.02
point      3 -      4,   DG  4.77 +/-  0.05
point      4 -      5,   DG 20.44 +/-  0.26
point      5 -      6,   DG 11.64 +/-  0.10
point      6 -      7,   DG  7.57 +/-  0.05
point      7 -      8,   DG  4.68 +/-  0.04
point      8 -      9,   DG  2.94 +/-  0.04
point      9 -     10,   DG  1.74 +/-  0.05
point     10 -     11,   DG  0.86 +/-  0.05
point     11 -     12,   DG  0.15 +/-  0.04
point     12 -     13,   DG -0.36 +/-  0.01
point     13 -     14,   DG -0.74 +/-  0.01
point     14 -     15,   DG -1.03 +/-  0.02
point     15 -     16,   DG -1.17 +/-  0.03
point     16 -     17,   DG -3.94 +/-  0.06
point     17 -     18,   DG -3.36 +/-  0.04
point     18 -     19,   DG -4.51 +/-  0.01
point     19 -     20,   DG -5.86 +/-  0.02
point     20 -     21,   DG -7.44 +/-  0.01
point     21 -     22,   DG -9.16 +/-  0.05
point     22 -     23,   DG -10.99 +/-  0.08

total      0 -     23,   DG -31.01 +/-  0.30

