lambda_00/bar.xvg: 0.0 - 937.0; lambda = (0, 0)
    dH/dl & foreign lambdas:
        dH/dl (coul-lambda) (9371 pts)
        dH/dl (vdw-lambda) (9371 pts)
        delta H to (0, 0) (9371 pts)
        delta H to (0, 0.1) (9371 pts)


lambda_01/bar.xvg: 0.0 - 944.5; lambda = (0, 0.1)
    dH/dl & foreign lambdas:
        dH/dl (coul-lambda) (9446 pts)
        dH/dl (vdw-lambda) (9446 pts)
        delta H to (0, 0) (9446 pts)
        delta H to (0, 0.1) (9446 pts)
        delta H to (0, 0.2) (9446 pts)


lambda_02/bar.xvg: 0.0 - 944.6; lambda = (0, 0.2)
    dH/dl & foreign lambdas:
        dH/dl (coul-lambda) (9447 pts)
        dH/dl (vdw-lambda) (9447 pts)
        delta H to (0, 0.1) (9447 pts)
        delta H to (0, 0.2) (9447 pts)
        delta H to (0, 0.3) (9447 pts)


lambda_03/bar.xvg: 0.0 - 946.9; lambda = (0, 0.3)
    dH/dl & foreign lambdas:
        dH/dl (coul-lambda) (9470 pts)
        dH/dl (vdw-lambda) (9470 pts)
        delta H to (0, 0.2) (9470 pts)
        delta H to (0, 0.3) (9470 pts)
        delta H to (0, 0.4) (9470 pts)


lambda_04/bar.xvg: 0.0 - 945.8; lambda = (0, 0.4)
    dH/dl & foreign lambdas:
        dH/dl (coul-lambda) (9459 pts)
        dH/dl (vdw-lambda) (9459 pts)
        delta H to (0, 0.3) (9459 pts)
        delta H to (0, 0.4) (9459 pts)
        delta H to (0, 0.5) (9459 pts)


lambda_05/bar.xvg: 0.0 - 945.9; lambda = (0, 0.5)
    dH/dl & foreign lambdas:
        dH/dl (coul-lambda) (9460 pts)
        dH/dl (vdw-lambda) (9460 pts)
        delta H to (0, 0.4) (9460 pts)
        delta H to (0, 0.5) (9460 pts)
        delta H to (0, 0.55) (9460 pts)


lambda_06/bar.xvg: 0.0 - 945.0; lambda = (0, 0.55)
    dH/dl & foreign lambdas:
        dH/dl (coul-lambda) (9451 pts)
        dH/dl (vdw-lambda) (9451 pts)
        delta H to (0, 0.5) (9451 pts)
        delta H to (0, 0.55) (9451 pts)
        delta H to (0, 0.6) (9451 pts)


lambda_07/bar.xvg: 0.0 - 943.9; lambda = (0, 0.6)
    dH/dl & foreign lambdas:
        dH/dl (coul-lambda) (9440 pts)
        dH/dl (vdw-lambda) (9440 pts)
        delta H to (0, 0.55) (9440 pts)
        delta H to (0, 0.6) (9440 pts)
        delta H to (0, 0.65) (9440 pts)


lambda_08/bar.xvg: 0.0 - 941.4; lambda = (0, 0.65)
    dH/dl & foreign lambdas:
        dH/dl (coul-lambda) (9415 pts)
        dH/dl (vdw-lambda) (9415 pts)
        delta H to (0, 0.6) (9415 pts)
        delta H to (0, 0.65) (9415 pts)
        delta H to (0, 0.7) (9415 pts)


lambda_09/bar.xvg: 0.0 - 939.6; lambda = (0, 0.7)
    dH/dl & foreign lambdas:
        dH/dl (coul-lambda) (9397 pts)
        dH/dl (vdw-lambda) (9397 pts)
        delta H to (0, 0.65) (9397 pts)
        delta H to (0, 0.7) (9397 pts)
        delta H to (0, 0.75) (9397 pts)


lambda_10/bar.xvg: 0.0 - 937.3; lambda = (0, 0.75)
    dH/dl & foreign lambdas:
        dH/dl (coul-lambda) (9374 pts)
        dH/dl (vdw-lambda) (9374 pts)
        delta H to (0, 0.7) (9374 pts)
        delta H to (0, 0.75) (9374 pts)
        delta H to (0, 0.8) (9374 pts)


lambda_11/bar.xvg: 0.0 - 949.3; lambda = (0, 0.8)
    dH/dl & foreign lambdas:
        dH/dl (coul-lambda) (9494 pts)
        dH/dl (vdw-lambda) (9494 pts)
        delta H to (0, 0.75) (9494 pts)
        delta H to (0, 0.8) (9494 pts)
        delta H to (0, 0.85) (9494 pts)


lambda_12/bar.xvg: 0.0 - 947.5; lambda = (0, 0.85)
    dH/dl & foreign lambdas:
        dH/dl (coul-lambda) (9476 pts)
        dH/dl (vdw-lambda) (9476 pts)
        delta H to (0, 0.8) (9476 pts)
        delta H to (0, 0.85) (9476 pts)
        delta H to (0, 0.9) (9476 pts)


lambda_13/bar.xvg: 0.0 - 946.2; lambda = (0, 0.9)
    dH/dl & foreign lambdas:
        dH/dl (coul-lambda) (9463 pts)
        dH/dl (vdw-lambda) (9463 pts)
        delta H to (0, 0.85) (9463 pts)
        delta H to (0, 0.9) (9463 pts)
        delta H to (0, 0.95) (9463 pts)


lambda_14/bar.xvg: 0.0 - 945.5; lambda = (0, 0.95)
    dH/dl & foreign lambdas:
        dH/dl (coul-lambda) (9456 pts)
        dH/dl (vdw-lambda) (9456 pts)
        delta H to (0, 0.9) (9456 pts)
        delta H to (0, 0.95) (9456 pts)
        delta H to (0, 1) (9456 pts)


lambda_15/bar.xvg: 0.0 - 945.4; lambda = (0, 1)
    dH/dl & foreign lambdas:
        dH/dl (coul-lambda) (9455 pts)
        dH/dl (vdw-lambda) (9455 pts)
        delta H to (0, 0.95) (9455 pts)
        delta H to (0, 1) (9455 pts)
        delta H to (0.2, 1) (9455 pts)


lambda_16/bar.xvg: 0.0 - 949.7; lambda = (0.2, 1)
    dH/dl & foreign lambdas:
        dH/dl (coul-lambda) (9498 pts)
        dH/dl (vdw-lambda) (9498 pts)
        delta H to (0, 1) (9498 pts)
        delta H to (0.2, 1) (9498 pts)
        delta H to (0.4, 1) (9498 pts)


lambda_17/bar.xvg: 0.0 - 940.5; lambda = (0.4, 1)
    dH/dl & foreign lambdas:
        dH/dl (coul-lambda) (9406 pts)
        dH/dl (vdw-lambda) (9406 pts)
        delta H to (0.2, 1) (9406 pts)
        delta H to (0.4, 1) (9406 pts)
        delta H to (0.5, 1) (9406 pts)


lambda_18/bar.xvg: 0.0 - 942.7; lambda = (0.5, 1)
    dH/dl & foreign lambdas:
        dH/dl (coul-lambda) (9428 pts)
        dH/dl (vdw-lambda) (9428 pts)
        delta H to (0.4, 1) (9428 pts)
        delta H to (0.5, 1) (9428 pts)
        delta H to (0.6, 1) (9428 pts)


lambda_19/bar.xvg: 0.0 - 944.6; lambda = (0.6, 1)
    dH/dl & foreign lambdas:
        dH/dl (coul-lambda) (9447 pts)
        dH/dl (vdw-lambda) (9447 pts)
        delta H to (0.5, 1) (9447 pts)
        delta H to (0.6, 1) (9447 pts)
        delta H to (0.7, 1) (9447 pts)


lambda_20/bar.xvg: 0.0 - 946.7; lambda = (0.7, 1)
    dH/dl & foreign lambdas:
        dH/dl (coul-lambda) (9468 pts)
        dH/dl (vdw-lambda) (9468 pts)
        delta H to (0.6, 1) (9468 pts)
        delta H to (0.7, 1) (9468 pts)
        delta H to (0.8, 1) (9468 pts)


lambda_21/bar.xvg: 0.0 - 949.1; lambda = (0.8, 1)
    dH/dl & foreign lambdas:
        dH/dl (coul-lambda) (9492 pts)
        dH/dl (vdw-lambda) (9492 pts)
        delta H to (0.7, 1) (9492 pts)
        delta H to (0.8, 1) (9492 pts)
        delta H to (0.9, 1) (9492 pts)


lambda_22/bar.xvg: 0.0 - 937.3; lambda = (0.9, 1)
    dH/dl & foreign lambdas:
        dH/dl (coul-lambda) (9374 pts)
        dH/dl (vdw-lambda) (9374 pts)
        delta H to (0.8, 1) (9374 pts)
        delta H to (0.9, 1) (9374 pts)
        delta H to (1, 1) (9374 pts)


lambda_23/bar.xvg: 0.0 - 948.5; lambda = (1, 1)
    dH/dl & foreign lambdas:
        dH/dl (coul-lambda) (9486 pts)
        dH/dl (vdw-lambda) (9486 pts)
        delta H to (0.9, 1) (9486 pts)
        delta H to (1, 1) (9486 pts)



   Samples in time interval: 0.000 - 949.700
Removing samples outside of: 100.000 - 949.700

Temperature: 300 K

Detailed results in kT (see help for explanation):

 lam_A  lam_B      DG   +/-     s_A   +/-     s_B   +/-   stdev   +/- 
     0      1   -7.28  0.01    0.04  0.01    0.04  0.01    0.25  0.00
     1      2   -5.76  0.01    0.03  0.00    0.03  0.00    0.24  0.00
     2      3   -2.91  0.01    0.07  0.01    0.07  0.01    0.39  0.01
     3      4    2.07  0.02    0.42  0.04    0.45  0.04    0.91  0.02
     4      5    8.92  0.09    2.59  0.05    3.01  0.04    2.82  0.05
     5      6    5.06  0.06    2.55  0.08    2.24  0.05    2.52  0.06
     6      7    3.21  0.09    2.47  0.06    1.64  0.07    2.19  0.04
     7      8    2.04  0.03    1.76  0.09    1.21  0.06    1.79  0.04
     8      9    1.30  0.03    1.39  0.06    0.96  0.04    1.57  0.03
     9     10    0.79  0.03    1.16  0.03    0.81  0.02    1.42  0.02
    10     11    0.41  0.01    1.00  0.01    0.69  0.00    1.29  0.00
    11     12    0.13  0.01    0.84  0.00    0.60  0.00    1.19  0.01
    12     13   -0.11  0.01    0.78  0.01    0.55  0.01    1.11  0.00
    13     14   -0.31  0.01    0.64  0.01    0.45  0.01    1.03  0.01
    14     15   -0.42  0.01    0.59  0.02    0.42  0.01    0.99  0.01
    15     16   -0.52  0.02    0.56  0.01    0.59  0.01    1.08  0.01
    16     17   -1.82  0.02    0.71  0.02    0.80  0.02    1.26  0.01
    17     18   -1.54  0.02    0.23  0.01    0.25  0.01    0.71  0.01
    18     19   -2.08  0.03    0.29  0.02    0.31  0.02    0.78  0.01
    19     20   -2.73  0.03    0.34  0.02    0.36  0.02    0.84  0.01
    20     21   -3.48  0.03    0.39  0.01    0.40  0.01    0.88  0.01
    21     22   -4.22  0.01    0.35  0.02    0.36  0.02    0.90  0.01
    22     23   -5.05  0.02    0.46  0.03    0.46  0.03    0.95  0.01


Final results in kJ/mol:

point      0 -      1,   DG -18.15 +/-  0.01
point      1 -      2,   DG -14.36 +/-  0.02
point      2 -      3,   DG -7.26 +/-  0.03
point      3 -      4,   DG  5.16 +/-  0.04
point      4 -      5,   DG 22.25 +/-  0.23
point      5 -      6,   DG 12.63 +/-  0.14
point      6 -      7,   DG  8.00 +/-  0.21
point      7 -      8,   DG  5.08 +/-  0.07
point      8 -      9,   DG  3.25 +/-  0.06
point      9 -     10,   DG  1.98 +/-  0.08
point     10 -     11,   DG  1.02 +/-  0.02
point     11 -     12,   DG  0.32 +/-  0.01
point     12 -     13,   DG -0.29 +/-  0.02
point     13 -     14,   DG -0.76 +/-  0.03
point     14 -     15,   DG -1.05 +/-  0.03
point     15 -     16,   DG -1.29 +/-  0.06
point     16 -     17,   DG -4.54 +/-  0.04
point     17 -     18,   DG -3.84 +/-  0.04
point     18 -     19,   DG -5.18 +/-  0.06
point     19 -     20,   DG -6.81 +/-  0.08
point     20 -     21,   DG -8.67 +/-  0.06
point     21 -     22,   DG -10.53 +/-  0.03
point     22 -     23,   DG -12.59 +/-  0.04

total      0 -     23,   DG -35.63 +/-  0.54

