lambda_00/bar.xvg: 0.0 - 968.6; lambda = (0, 0)
    dH/dl & foreign lambdas:
        dH/dl (coul-lambda) (9687 pts)
        dH/dl (vdw-lambda) (9687 pts)
        delta H to (0, 0) (9687 pts)
        delta H to (0, 0.1) (9687 pts)


lambda_01/bar.xvg: 0.0 - 957.7; lambda = (0, 0.1)
    dH/dl & foreign lambdas:
        dH/dl (coul-lambda) (9578 pts)
        dH/dl (vdw-lambda) (9578 pts)
        delta H to (0, 0) (9578 pts)
        delta H to (0, 0.1) (9578 pts)
        delta H to (0, 0.2) (9578 pts)


lambda_02/bar.xvg: 0.0 - 957.7; lambda = (0, 0.2)
    dH/dl & foreign lambdas:
        dH/dl (coul-lambda) (9578 pts)
        dH/dl (vdw-lambda) (9578 pts)
        delta H to (0, 0.1) (9578 pts)
        delta H to (0, 0.2) (9578 pts)
        delta H to (0, 0.3) (9578 pts)


lambda_03/bar.xvg: 0.0 - 960.4; lambda = (0, 0.3)
    dH/dl & foreign lambdas:
        dH/dl (coul-lambda) (9605 pts)
        dH/dl (vdw-lambda) (9605 pts)
        delta H to (0, 0.2) (9605 pts)
        delta H to (0, 0.3) (9605 pts)
        delta H to (0, 0.4) (9605 pts)


lambda_04/bar.xvg: 0.0 - 959.2; lambda = (0, 0.4)
    dH/dl & foreign lambdas:
        dH/dl (coul-lambda) (9593 pts)
        dH/dl (vdw-lambda) (9593 pts)
        delta H to (0, 0.3) (9593 pts)
        delta H to (0, 0.4) (9593 pts)
        delta H to (0, 0.5) (9593 pts)


lambda_05/bar.xvg: 0.0 - 959.9; lambda = (0, 0.5)
    dH/dl & foreign lambdas:
        dH/dl (coul-lambda) (9600 pts)
        dH/dl (vdw-lambda) (9600 pts)
        delta H to (0, 0.4) (9600 pts)
        delta H to (0, 0.5) (9600 pts)
        delta H to (0, 0.55) (9600 pts)


lambda_06/bar.xvg: 0.0 - 958.4; lambda = (0, 0.55)
    dH/dl & foreign lambdas:
        dH/dl (coul-lambda) (9585 pts)
        dH/dl (vdw-lambda) (9585 pts)
        delta H to (0, 0.5) (9585 pts)
        delta H to (0, 0.55) (9585 pts)
        delta H to (0, 0.6) (9585 pts)


lambda_07/bar.xvg: 0.0 - 970.0; lambda = (0, 0.6)
    dH/dl & foreign lambdas:
        dH/dl (coul-lambda) (9701 pts)
        dH/dl (vdw-lambda) (9701 pts)
        delta H to (0, 0.55) (9701 pts)
        delta H to (0, 0.6) (9701 pts)
        delta H to (0, 0.65) (9701 pts)


lambda_08/bar.xvg: 0.0 - 967.5; lambda = (0, 0.65)
    dH/dl & foreign lambdas:
        dH/dl (coul-lambda) (9676 pts)
        dH/dl (vdw-lambda) (9676 pts)
        delta H to (0, 0.6) (9676 pts)
        delta H to (0, 0.65) (9676 pts)
        delta H to (0, 0.7) (9676 pts)


lambda_09/bar.xvg: 0.0 - 965.2; lambda = (0, 0.7)
    dH/dl & foreign lambdas:
        dH/dl (coul-lambda) (9653 pts)
        dH/dl (vdw-lambda) (9653 pts)
        delta H to (0, 0.65) (9653 pts)
        delta H to (0, 0.7) (9653 pts)
        delta H to (0, 0.75) (9653 pts)


lambda_10/bar.xvg: 0.0 - 962.9; lambda = (0, 0.75)
    dH/dl & foreign lambdas:
        dH/dl (coul-lambda) (9630 pts)
        dH/dl (vdw-lambda) (9630 pts)
        delta H to (0, 0.7) (9630 pts)
        delta H to (0, 0.75) (9630 pts)
        delta H to (0, 0.8) (9630 pts)


lambda_11/bar.xvg: 0.0 - 960.9; lambda = (0, 0.8)
    dH/dl & foreign lambdas:
        dH/dl (coul-lambda) (9610 pts)
        dH/dl (vdw-lambda) (9610 pts)
        delta H to (0, 0.75) (9610 pts)
        delta H to (0, 0.8) (9610 pts)
        delta H to (0, 0.85) (9610 pts)


lambda_12/bar.xvg: 0.0 - 959.1; lambda = (0, 0.85)
    dH/dl & foreign lambdas:
        dH/dl (coul-lambda) (9592 pts)
        dH/dl (vdw-lambda) (9592 pts)
        delta H to (0, 0.8) (9592 pts)
        delta H to (0, 0.85) (9592 pts)
        delta H to (0, 0.9) (9592 pts)


lambda_13/bar.xvg: 0.0 - 958.5; lambda = (0, 0.9)
    dH/dl & foreign lambdas:
        dH/dl (coul-lambda) (9586 pts)
        dH/dl (vdw-lambda) (9586 pts)
        delta H to (0, 0.85) (9586 pts)
        delta H to (0, 0.9) (9586 pts)
        delta H to (0, 0.95) (9586 pts)


lambda_14/bar.xvg: 0.0 - 957.5; lambda = (0, 0.95)
    dH/dl & foreign lambdas:
        dH/dl (coul-lambda) (9576 pts)
        dH/dl (vdw-lambda) (9576 pts)
        delta H to (0, 0.9) (9576 pts)
        delta H to (0, 0.95) (9576 pts)
        delta H to (0, 1) (9576 pts)


lambda_15/bar.xvg: 0.0 - 970.1; lambda = (0, 1)
    dH/dl & foreign lambdas:
        dH/dl (coul-lambda) (9702 pts)
        dH/dl (vdw-lambda) (9702 pts)
        delta H to (0, 0.95) (9702 pts)
        delta H to (0, 1) (9702 pts)
        delta H to (0.2, 1) (9702 pts)


lambda_16/bar.xvg: 0.0 - 962.5; lambda = (0.2, 1)
    dH/dl & foreign lambdas:
        dH/dl (coul-lambda) (9626 pts)
        dH/dl (vdw-lambda) (9626 pts)
        delta H to (0, 1) (9626 pts)
        delta H to (0.2, 1) (9626 pts)
        delta H to (0.4, 1) (9626 pts)


lambda_17/bar.xvg: 0.0 - 966.3; lambda = (0.4, 1)
    dH/dl & foreign lambdas:
        dH/dl (coul-lambda) (9664 pts)
        dH/dl (vdw-lambda) (9664 pts)
        delta H to (0.2, 1) (9664 pts)
        delta H to (0.4, 1) (9664 pts)
        delta H to (0.5, 1) (9664 pts)


lambda_18/bar.xvg: 0.0 - 968.8; lambda = (0.5, 1)
    dH/dl & foreign lambdas:
        dH/dl (coul-lambda) (9689 pts)
        dH/dl (vdw-lambda) (9689 pts)
        delta H to (0.4, 1) (9689 pts)
        delta H to (0.5, 1) (9689 pts)
        delta H to (0.6, 1) (9689 pts)


lambda_19/bar.xvg: 0.0 - 957.8; lambda = (0.6, 1)
    dH/dl & foreign lambdas:
        dH/dl (coul-lambda) (9579 pts)
        dH/dl (vdw-lambda) (9579 pts)
        delta H to (0.5, 1) (9579 pts)
        delta H to (0.6, 1) (9579 pts)
        delta H to (0.7, 1) (9579 pts)


lambda_20/bar.xvg: 0.0 - 960.0; lambda = (0.7, 1)
    dH/dl & foreign lambdas:
        dH/dl (coul-lambda) (9601 pts)
        dH/dl (vdw-lambda) (9601 pts)
        delta H to (0.6, 1) (9601 pts)
        delta H to (0.7, 1) (9601 pts)
        delta H to (0.8, 1) (9601 pts)


lambda_21/bar.xvg: 0.0 - 962.2; lambda = (0.8, 1)
    dH/dl & foreign lambdas:
        dH/dl (coul-lambda) (9623 pts)
        dH/dl (vdw-lambda) (9623 pts)
        delta H to (0.7, 1) (9623 pts)
        delta H to (0.8, 1) (9623 pts)
        delta H to (0.9, 1) (9623 pts)


lambda_22/bar.xvg: 0.0 - 964.0; lambda = (0.9, 1)
    dH/dl & foreign lambdas:
        dH/dl (coul-lambda) (9641 pts)
        dH/dl (vdw-lambda) (9641 pts)
        delta H to (0.8, 1) (9641 pts)
        delta H to (0.9, 1) (9641 pts)
        delta H to (1, 1) (9641 pts)


lambda_23/bar.xvg: 0.0 - 964.6; lambda = (1, 1)
    dH/dl & foreign lambdas:
        dH/dl (coul-lambda) (9647 pts)
        dH/dl (vdw-lambda) (9647 pts)
        delta H to (0.9, 1) (9647 pts)
        delta H to (1, 1) (9647 pts)



   Samples in time interval: 0.000 - 970.100
Removing samples outside of: 100.000 - 970.100

Temperature: 300 K

Detailed results in kT (see help for explanation):

 lam_A  lam_B      DG   +/-     s_A   +/-     s_B   +/-   stdev   +/- 
     0      1   -5.99  0.00    0.02  0.00    0.02  0.00    0.21  0.00
     1      2   -4.73  0.01    0.02  0.00    0.02  0.00    0.22  0.00
     2      3   -2.40  0.01    0.06  0.01    0.06  0.01    0.36  0.00
     3      4    1.70  0.03    0.32  0.02    0.35  0.03    0.81  0.01
     4      5    7.34  0.10    2.16  0.05    2.52  0.07    2.46  0.04
     5      6    4.29  0.11    1.93  0.05    1.71  0.06    2.17  0.02
     6      7    2.81  0.02    2.25  0.07    1.43  0.05    2.00  0.04
     7      8    1.80  0.04    1.46  0.04    1.03  0.03    1.62  0.03
     8      9    1.19  0.04    1.17  0.02    0.82  0.02    1.41  0.02
     9     10    0.75  0.03    0.99  0.01    0.71  0.01    1.29  0.01
    10     11    0.41  0.02    0.84  0.03    0.59  0.02    1.18  0.01
    11     12    0.15  0.01    0.74  0.01    0.52  0.01    1.09  0.01
    12     13   -0.03  0.01    0.61  0.01    0.43  0.01    1.02  0.00
    13     14   -0.18  0.01    0.60  0.01    0.43  0.01    0.97  0.01
    14     15   -0.32  0.01    0.49  0.01    0.35  0.01    0.91  0.01
    15     16   -0.48  0.01    0.46  0.03    0.48  0.03    0.99  0.01
    16     17   -1.56  0.02    0.59  0.04    0.66  0.04    1.14  0.02
    17     18   -1.32  0.02    0.21  0.01    0.22  0.01    0.65  0.00
    18     19   -1.77  0.01    0.23  0.01    0.25  0.01    0.71  0.00
    19     20   -2.31  0.02    0.29  0.02    0.30  0.02    0.76  0.01
    20     21   -2.96  0.02    0.35  0.01    0.36  0.01    0.82  0.01
    21     22   -3.65  0.01    0.33  0.01    0.34  0.01    0.85  0.01
    22     23   -4.38  0.00    0.39  0.02    0.40  0.02    0.89  0.01


Final results in kJ/mol:

point      0 -      1,   DG -14.95 +/-  0.01
point      1 -      2,   DG -11.79 +/-  0.01
point      2 -      3,   DG -5.98 +/-  0.03
point      3 -      4,   DG  4.23 +/-  0.07
point      4 -      5,   DG 18.30 +/-  0.25
point      5 -      6,   DG 10.70 +/-  0.26
point      6 -      7,   DG  7.01 +/-  0.05
point      7 -      8,   DG  4.50 +/-  0.10
point      8 -      9,   DG  2.96 +/-  0.09
point      9 -     10,   DG  1.87 +/-  0.08
point     10 -     11,   DG  1.02 +/-  0.04
point     11 -     12,   DG  0.37 +/-  0.03
point     12 -     13,   DG -0.07 +/-  0.03
point     13 -     14,   DG -0.45 +/-  0.03
point     14 -     15,   DG -0.80 +/-  0.03
point     15 -     16,   DG -1.21 +/-  0.02
point     16 -     17,   DG -3.89 +/-  0.04
point     17 -     18,   DG -3.28 +/-  0.04
point     18 -     19,   DG -4.42 +/-  0.02
point     19 -     20,   DG -5.76 +/-  0.04
point     20 -     21,   DG -7.38 +/-  0.05
point     21 -     22,   DG -9.10 +/-  0.03
point     22 -     23,   DG -10.93 +/-  0.00

total      0 -     23,   DG -29.03 +/-  0.34

