lambda_00/bar.xvg: 0.0 - 555.3; lambda = (0, 0)
    dH/dl & foreign lambdas:
        dH/dl (coul-lambda) (5554 pts)
        dH/dl (vdw-lambda) (5554 pts)
        delta H to (0, 0) (5554 pts)
        delta H to (0, 0.1) (5554 pts)


lambda_01/bar.xvg: 0.0 - 558.4; lambda = (0, 0.1)
    dH/dl & foreign lambdas:
        dH/dl (coul-lambda) (5585 pts)
        dH/dl (vdw-lambda) (5585 pts)
        delta H to (0, 0) (5585 pts)
        delta H to (0, 0.1) (5585 pts)
        delta H to (0, 0.2) (5585 pts)


lambda_02/bar.xvg: 0.0 - 558.2; lambda = (0, 0.2)
    dH/dl & foreign lambdas:
        dH/dl (coul-lambda) (5583 pts)
        dH/dl (vdw-lambda) (5583 pts)
        delta H to (0, 0.1) (5583 pts)
        delta H to (0, 0.2) (5583 pts)
        delta H to (0, 0.3) (5583 pts)


lambda_03/bar.xvg: 0.0 - 554.1; lambda = (0, 0.3)
    dH/dl & foreign lambdas:
        dH/dl (coul-lambda) (5542 pts)
        dH/dl (vdw-lambda) (5542 pts)
        delta H to (0, 0.2) (5542 pts)
        delta H to (0, 0.3) (5542 pts)
        delta H to (0, 0.4) (5542 pts)


lambda_04/bar.xvg: 0.0 - 553.4; lambda = (0, 0.4)
    dH/dl & foreign lambdas:
        dH/dl (coul-lambda) (5535 pts)
        dH/dl (vdw-lambda) (5535 pts)
        delta H to (0, 0.3) (5535 pts)
        delta H to (0, 0.4) (5535 pts)
        delta H to (0, 0.5) (5535 pts)


lambda_05/bar.xvg: 0.0 - 553.7; lambda = (0, 0.5)
    dH/dl & foreign lambdas:
        dH/dl (coul-lambda) (5538 pts)
        dH/dl (vdw-lambda) (5538 pts)
        delta H to (0, 0.4) (5538 pts)
        delta H to (0, 0.5) (5538 pts)
        delta H to (0, 0.55) (5538 pts)


lambda_06/bar.xvg: 0.0 - 552.7; lambda = (0, 0.55)
    dH/dl & foreign lambdas:
        dH/dl (coul-lambda) (5528 pts)
        dH/dl (vdw-lambda) (5528 pts)
        delta H to (0, 0.5) (5528 pts)
        delta H to (0, 0.55) (5528 pts)
        delta H to (0, 0.6) (5528 pts)


lambda_07/bar.xvg: 0.0 - 551.5; lambda = (0, 0.6)
    dH/dl & foreign lambdas:
        dH/dl (coul-lambda) (5516 pts)
        dH/dl (vdw-lambda) (5516 pts)
        delta H to (0, 0.55) (5516 pts)
        delta H to (0, 0.6) (5516 pts)
        delta H to (0, 0.65) (5516 pts)


lambda_08/bar.xvg: 0.0 - 549.9; lambda = (0, 0.65)
    dH/dl & foreign lambdas:
        dH/dl (coul-lambda) (5500 pts)
        dH/dl (vdw-lambda) (5500 pts)
        delta H to (0, 0.6) (5500 pts)
        delta H to (0, 0.65) (5500 pts)
        delta H to (0, 0.7) (5500 pts)


lambda_09/bar.xvg: 0.0 - 548.5; lambda = (0, 0.7)
    dH/dl & foreign lambdas:
        dH/dl (coul-lambda) (5486 pts)
        dH/dl (vdw-lambda) (5486 pts)
        delta H to (0, 0.65) (5486 pts)
        delta H to (0, 0.7) (5486 pts)
        delta H to (0, 0.75) (5486 pts)


lambda_10/bar.xvg: 0.0 - 560.6; lambda = (0, 0.75)
    dH/dl & foreign lambdas:
        dH/dl (coul-lambda) (5607 pts)
        dH/dl (vdw-lambda) (5607 pts)
        delta H to (0, 0.7) (5607 pts)
        delta H to (0, 0.75) (5607 pts)
        delta H to (0, 0.8) (5607 pts)


lambda_11/bar.xvg: 0.0 - 559.5; lambda = (0, 0.8)
    dH/dl & foreign lambdas:
        dH/dl (coul-lambda) (5596 pts)
        dH/dl (vdw-lambda) (5596 pts)
        delta H to (0, 0.75) (5596 pts)
        delta H to (0, 0.8) (5596 pts)
        delta H to (0, 0.85) (5596 pts)


lambda_12/bar.xvg: 0.0 - 558.8; lambda = (0, 0.85)
    dH/dl & foreign lambdas:
        dH/dl (coul-lambda) (5589 pts)
        dH/dl (vdw-lambda) (5589 pts)
        delta H to (0, 0.8) (5589 pts)
        delta H to (0, 0.85) (5589 pts)
        delta H to (0, 0.9) (5589 pts)


lambda_13/bar.xvg: 0.0 - 558.3; lambda = (0, 0.9)
    dH/dl & foreign lambdas:
        dH/dl (coul-lambda) (5584 pts)
        dH/dl (vdw-lambda) (5584 pts)
        delta H to (0, 0.85) (5584 pts)
        delta H to (0, 0.9) (5584 pts)
        delta H to (0, 0.95) (5584 pts)


lambda_14/bar.xvg: 0.0 - 557.5; lambda = (0, 0.95)
    dH/dl & foreign lambdas:
        dH/dl (coul-lambda) (5576 pts)
        dH/dl (vdw-lambda) (5576 pts)
        delta H to (0, 0.9) (5576 pts)
        delta H to (0, 0.95) (5576 pts)
        delta H to (0, 1) (5576 pts)


lambda_15/bar.xvg: 0.0 - 557.7; lambda = (0, 1)
    dH/dl & foreign lambdas:
        dH/dl (coul-lambda) (5578 pts)
        dH/dl (vdw-lambda) (5578 pts)
        delta H to (0, 0.95) (5578 pts)
        delta H to (0, 1) (5578 pts)
        delta H to (0.2, 1) (5578 pts)


lambda_16/bar.xvg: 0.0 - 553.7; lambda = (0.2, 1)
    dH/dl & foreign lambdas:
        dH/dl (coul-lambda) (5538 pts)
        dH/dl (vdw-lambda) (5538 pts)
        delta H to (0, 1) (5538 pts)
        delta H to (0.2, 1) (5538 pts)
        delta H to (0.4, 1) (5538 pts)


lambda_17/bar.xvg: 0.0 - 556.1; lambda = (0.4, 1)
    dH/dl & foreign lambdas:
        dH/dl (coul-lambda) (5562 pts)
        dH/dl (vdw-lambda) (5562 pts)
        delta H to (0.2, 1) (5562 pts)
        delta H to (0.4, 1) (5562 pts)
        delta H to (0.5, 1) (5562 pts)


lambda_18/bar.xvg: 0.0 - 557.5; lambda = (0.5, 1)
    dH/dl & foreign lambdas:
        dH/dl (coul-lambda) (5576 pts)
        dH/dl (vdw-lambda) (5576 pts)
        delta H to (0.4, 1) (5576 pts)
        delta H to (0.5, 1) (5576 pts)
        delta H to (0.6, 1) (5576 pts)


lambda_19/bar.xvg: 0.0 - 558.7; lambda = (0.6, 1)
    dH/dl & foreign lambdas:
        dH/dl (coul-lambda) (5588 pts)
        dH/dl (vdw-lambda) (5588 pts)
        delta H to (0.5, 1) (5588 pts)
        delta H to (0.6, 1) (5588 pts)
        delta H to (0.7, 1) (5588 pts)


lambda_20/bar.xvg: 0.0 - 560.0; lambda = (0.7, 1)
    dH/dl & foreign lambdas:
        dH/dl (coul-lambda) (5601 pts)
        dH/dl (vdw-lambda) (5601 pts)
        delta H to (0.6, 1) (5601 pts)
        delta H to (0.7, 1) (5601 pts)
        delta H to (0.8, 1) (5601 pts)


lambda_21/bar.xvg: 0.0 - 548.0; lambda = (0.8, 1)
    dH/dl & foreign lambdas:
        dH/dl (coul-lambda) (5481 pts)
        dH/dl (vdw-lambda) (5481 pts)
        delta H to (0.7, 1) (5481 pts)
        delta H to (0.8, 1) (5481 pts)
        delta H to (0.9, 1) (5481 pts)


lambda_22/bar.xvg: 0.0 - 548.9; lambda = (0.9, 1)
    dH/dl & foreign lambdas:
        dH/dl (coul-lambda) (5490 pts)
        dH/dl (vdw-lambda) (5490 pts)
        delta H to (0.8, 1) (5490 pts)
        delta H to (0.9, 1) (5490 pts)
        delta H to (1, 1) (5490 pts)


lambda_23/bar.xvg: 0.0 - 555.7; lambda = (1, 1)
    dH/dl & foreign lambdas:
        dH/dl (coul-lambda) (5558 pts)
        dH/dl (vdw-lambda) (5558 pts)
        delta H to (0.9, 1) (5558 pts)
        delta H to (1, 1) (5558 pts)



   Samples in time interval: 0.000 - 560.600
Removing samples outside of: 100.000 - 560.600

Temperature: 300 K

Detailed results in kT (see help for explanation):

 lam_A  lam_B      DG   +/-     s_A   +/-     s_B   +/-   stdev   +/- 
     0      1   -5.50  0.01    0.04  0.01    0.03  0.01    0.21  0.00
     1      2   -4.35  0.01    0.02  0.01    0.02  0.01    0.20  0.00
     2      3   -2.21  0.01    0.07  0.01    0.07  0.01    0.34  0.01
     3      4    1.57  0.03    0.24  0.04    0.27  0.04    0.76  0.02
     4      5    6.85  0.17    2.01  0.09    2.41  0.10    2.38  0.06
     5      6    3.82  0.13    1.91  0.13    1.61  0.12    2.09  0.07
     6      7    2.48  0.04    1.92  0.14    1.29  0.05    1.85  0.03
     7      8    1.58  0.04    1.30  0.07    0.92  0.03    1.52  0.02
     8      9    1.05  0.03    1.04  0.02    0.71  0.01    1.34  0.01
     9     10    0.67  0.03    0.93  0.03    0.64  0.02    1.24  0.01
    10     11    0.33  0.03    0.78  0.03    0.55  0.02    1.12  0.02
    11     12    0.10  0.01    0.62  0.01    0.43  0.01    1.01  0.01
    12     13   -0.05  0.01    0.58  0.01    0.42  0.01    0.97  0.00
    13     14   -0.20  0.01    0.50  0.02    0.36  0.01    0.90  0.01
    14     15   -0.30  0.00    0.45  0.00    0.33  0.01    0.85  0.01
    15     16   -0.55  0.02    0.53  0.02    0.56  0.02    1.07  0.01
    16     17   -1.78  0.02    0.68  0.02    0.77  0.03    1.24  0.02
    17     18   -1.52  0.02    0.25  0.01    0.26  0.00    0.71  0.01
    18     19   -2.07  0.01    0.28  0.02    0.29  0.02    0.77  0.01
    19     20   -2.67  0.01    0.30  0.01    0.31  0.01    0.81  0.01
    20     21   -3.35  0.03    0.37  0.02    0.38  0.02    0.86  0.01
    21     22   -4.14  0.02    0.41  0.03    0.41  0.03    0.89  0.01
    22     23   -4.94  0.02    0.39  0.03    0.40  0.03    0.92  0.01


Final results in kJ/mol:

point      0 -      1,   DG -13.72 +/-  0.03
point      1 -      2,   DG -10.86 +/-  0.02
point      2 -      3,   DG -5.52 +/-  0.02
point      3 -      4,   DG  3.91 +/-  0.09
point      4 -      5,   DG 17.08 +/-  0.42
point      5 -      6,   DG  9.53 +/-  0.32
point      6 -      7,   DG  6.19 +/-  0.10
point      7 -      8,   DG  3.94 +/-  0.11
point      8 -      9,   DG  2.62 +/-  0.08
point      9 -     10,   DG  1.67 +/-  0.07
point     10 -     11,   DG  0.83 +/-  0.07
point     11 -     12,   DG  0.25 +/-  0.03
point     12 -     13,   DG -0.13 +/-  0.02
point     13 -     14,   DG -0.51 +/-  0.02
point     14 -     15,   DG -0.75 +/-  0.01
point     15 -     16,   DG -1.36 +/-  0.05
point     16 -     17,   DG -4.45 +/-  0.06
point     17 -     18,   DG -3.80 +/-  0.04
point     18 -     19,   DG -5.16 +/-  0.02
point     19 -     20,   DG -6.65 +/-  0.03
point     20 -     21,   DG -8.36 +/-  0.07
point     21 -     22,   DG -10.33 +/-  0.04
point     22 -     23,   DG -12.33 +/-  0.04

total      0 -     23,   DG -37.91 +/-  0.67

