lambda_00/bar.xvg: 0.0 - 968.8; lambda = (0, 0)
    dH/dl & foreign lambdas:
        dH/dl (coul-lambda) (9689 pts)
        dH/dl (vdw-lambda) (9689 pts)
        delta H to (0, 0) (9689 pts)
        delta H to (0, 0.1) (9689 pts)


lambda_01/bar.xvg: 0.0 - 971.1; lambda = (0, 0.1)
    dH/dl & foreign lambdas:
        dH/dl (coul-lambda) (9712 pts)
        dH/dl (vdw-lambda) (9712 pts)
        delta H to (0, 0) (9712 pts)
        delta H to (0, 0.1) (9712 pts)
        delta H to (0, 0.2) (9712 pts)


lambda_02/bar.xvg: 0.0 - 971.2; lambda = (0, 0.2)
    dH/dl & foreign lambdas:
        dH/dl (coul-lambda) (9713 pts)
        dH/dl (vdw-lambda) (9713 pts)
        delta H to (0, 0.1) (9713 pts)
        delta H to (0, 0.2) (9713 pts)
        delta H to (0, 0.3) (9713 pts)


lambda_03/bar.xvg: 0.0 - 974.0; lambda = (0, 0.3)
    dH/dl & foreign lambdas:
        dH/dl (coul-lambda) (9741 pts)
        dH/dl (vdw-lambda) (9741 pts)
        delta H to (0, 0.2) (9741 pts)
        delta H to (0, 0.3) (9741 pts)
        delta H to (0, 0.4) (9741 pts)


lambda_04/bar.xvg: 0.0 - 972.6; lambda = (0, 0.4)
    dH/dl & foreign lambdas:
        dH/dl (coul-lambda) (9727 pts)
        dH/dl (vdw-lambda) (9727 pts)
        delta H to (0, 0.3) (9727 pts)
        delta H to (0, 0.4) (9727 pts)
        delta H to (0, 0.5) (9727 pts)


lambda_05/bar.xvg: 0.0 - 973.2; lambda = (0, 0.5)
    dH/dl & foreign lambdas:
        dH/dl (coul-lambda) (9733 pts)
        dH/dl (vdw-lambda) (9733 pts)
        delta H to (0, 0.4) (9733 pts)
        delta H to (0, 0.5) (9733 pts)
        delta H to (0, 0.55) (9733 pts)


lambda_06/bar.xvg: 0.0 - 971.8; lambda = (0, 0.55)
    dH/dl & foreign lambdas:
        dH/dl (coul-lambda) (9719 pts)
        dH/dl (vdw-lambda) (9719 pts)
        delta H to (0, 0.5) (9719 pts)
        delta H to (0, 0.55) (9719 pts)
        delta H to (0, 0.6) (9719 pts)


lambda_07/bar.xvg: 0.0 - 983.3; lambda = (0, 0.6)
    dH/dl & foreign lambdas:
        dH/dl (coul-lambda) (9834 pts)
        dH/dl (vdw-lambda) (9834 pts)
        delta H to (0, 0.55) (9834 pts)
        delta H to (0, 0.6) (9834 pts)
        delta H to (0, 0.65) (9834 pts)


lambda_08/bar.xvg: 0.0 - 981.1; lambda = (0, 0.65)
    dH/dl & foreign lambdas:
        dH/dl (coul-lambda) (9812 pts)
        dH/dl (vdw-lambda) (9812 pts)
        delta H to (0, 0.6) (9812 pts)
        delta H to (0, 0.65) (9812 pts)
        delta H to (0, 0.7) (9812 pts)


lambda_09/bar.xvg: 0.0 - 979.1; lambda = (0, 0.7)
    dH/dl & foreign lambdas:
        dH/dl (coul-lambda) (9792 pts)
        dH/dl (vdw-lambda) (9792 pts)
        delta H to (0, 0.65) (9792 pts)
        delta H to (0, 0.7) (9792 pts)
        delta H to (0, 0.75) (9792 pts)


lambda_10/bar.xvg: 0.0 - 976.0; lambda = (0, 0.75)
    dH/dl & foreign lambdas:
        dH/dl (coul-lambda) (9761 pts)
        dH/dl (vdw-lambda) (9761 pts)
        delta H to (0, 0.7) (9761 pts)
        delta H to (0, 0.75) (9761 pts)
        delta H to (0, 0.8) (9761 pts)


lambda_11/bar.xvg: 0.0 - 974.8; lambda = (0, 0.8)
    dH/dl & foreign lambdas:
        dH/dl (coul-lambda) (9749 pts)
        dH/dl (vdw-lambda) (9749 pts)
        delta H to (0, 0.75) (9749 pts)
        delta H to (0, 0.8) (9749 pts)
        delta H to (0, 0.85) (9749 pts)


lambda_12/bar.xvg: 0.0 - 973.1; lambda = (0, 0.85)
    dH/dl & foreign lambdas:
        dH/dl (coul-lambda) (9732 pts)
        dH/dl (vdw-lambda) (9732 pts)
        delta H to (0, 0.8) (9732 pts)
        delta H to (0, 0.85) (9732 pts)
        delta H to (0, 0.9) (9732 pts)


lambda_13/bar.xvg: 0.0 - 972.0; lambda = (0, 0.9)
    dH/dl & foreign lambdas:
        dH/dl (coul-lambda) (9721 pts)
        dH/dl (vdw-lambda) (9721 pts)
        delta H to (0, 0.85) (9721 pts)
        delta H to (0, 0.9) (9721 pts)
        delta H to (0, 0.95) (9721 pts)


lambda_14/bar.xvg: 0.0 - 971.0; lambda = (0, 0.95)
    dH/dl & foreign lambdas:
        dH/dl (coul-lambda) (9711 pts)
        dH/dl (vdw-lambda) (9711 pts)
        delta H to (0, 0.9) (9711 pts)
        delta H to (0, 0.95) (9711 pts)
        delta H to (0, 1) (9711 pts)


lambda_15/bar.xvg: 0.0 - 983.8; lambda = (0, 1)
    dH/dl & foreign lambdas:
        dH/dl (coul-lambda) (9839 pts)
        dH/dl (vdw-lambda) (9839 pts)
        delta H to (0, 0.95) (9839 pts)
        delta H to (0, 1) (9839 pts)
        delta H to (0.2, 1) (9839 pts)


lambda_16/bar.xvg: 0.0 - 975.7; lambda = (0.2, 1)
    dH/dl & foreign lambdas:
        dH/dl (coul-lambda) (9758 pts)
        dH/dl (vdw-lambda) (9758 pts)
        delta H to (0, 1) (9758 pts)
        delta H to (0.2, 1) (9758 pts)
        delta H to (0.4, 1) (9758 pts)


lambda_17/bar.xvg: 0.0 - 979.9; lambda = (0.4, 1)
    dH/dl & foreign lambdas:
        dH/dl (coul-lambda) (9800 pts)
        dH/dl (vdw-lambda) (9800 pts)
        delta H to (0.2, 1) (9800 pts)
        delta H to (0.4, 1) (9800 pts)
        delta H to (0.5, 1) (9800 pts)


lambda_18/bar.xvg: 0.0 - 982.0; lambda = (0.5, 1)
    dH/dl & foreign lambdas:
        dH/dl (coul-lambda) (9821 pts)
        dH/dl (vdw-lambda) (9821 pts)
        delta H to (0.4, 1) (9821 pts)
        delta H to (0.5, 1) (9821 pts)
        delta H to (0.6, 1) (9821 pts)


lambda_19/bar.xvg: 0.0 - 971.0; lambda = (0.6, 1)
    dH/dl & foreign lambdas:
        dH/dl (coul-lambda) (9711 pts)
        dH/dl (vdw-lambda) (9711 pts)
        delta H to (0.5, 1) (9711 pts)
        delta H to (0.6, 1) (9711 pts)
        delta H to (0.7, 1) (9711 pts)


lambda_20/bar.xvg: 0.0 - 973.3; lambda = (0.7, 1)
    dH/dl & foreign lambdas:
        dH/dl (coul-lambda) (9734 pts)
        dH/dl (vdw-lambda) (9734 pts)
        delta H to (0.6, 1) (9734 pts)
        delta H to (0.7, 1) (9734 pts)
        delta H to (0.8, 1) (9734 pts)


lambda_21/bar.xvg: 0.0 - 975.4; lambda = (0.8, 1)
    dH/dl & foreign lambdas:
        dH/dl (coul-lambda) (9755 pts)
        dH/dl (vdw-lambda) (9755 pts)
        delta H to (0.7, 1) (9755 pts)
        delta H to (0.8, 1) (9755 pts)
        delta H to (0.9, 1) (9755 pts)


lambda_22/bar.xvg: 0.0 - 977.5; lambda = (0.9, 1)
    dH/dl & foreign lambdas:
        dH/dl (coul-lambda) (9776 pts)
        dH/dl (vdw-lambda) (9776 pts)
        delta H to (0.8, 1) (9776 pts)
        delta H to (0.9, 1) (9776 pts)
        delta H to (1, 1) (9776 pts)


lambda_23/bar.xvg: 0.0 - 981.1; lambda = (1, 1)
    dH/dl & foreign lambdas:
        dH/dl (coul-lambda) (9812 pts)
        dH/dl (vdw-lambda) (9812 pts)
        delta H to (0.9, 1) (9812 pts)
        delta H to (1, 1) (9812 pts)



   Samples in time interval: 0.000 - 983.800
Removing samples outside of: 100.000 - 983.800

Temperature: 300 K

Detailed results in kT (see help for explanation):

 lam_A  lam_B      DG   +/-     s_A   +/-     s_B   +/-   stdev   +/- 
     0      1   -6.42  0.01    0.03  0.01    0.03  0.01    0.23  0.00
     1      2   -5.08  0.00    0.03  0.00    0.03  0.00    0.22  0.00
     2      3   -2.57  0.01    0.05  0.00    0.06  0.01    0.36  0.01
     3      4    1.85  0.03    0.31  0.02    0.34  0.02    0.83  0.01
     4      5    8.00  0.08    2.31  0.04    2.75  0.04    2.61  0.04
     5      6    4.42  0.07    2.31  0.03    1.91  0.03    2.31  0.02
     6      7    2.86  0.03    2.16  0.08    1.49  0.03    2.04  0.03
     7      8    1.80  0.04    1.52  0.03    1.04  0.02    1.63  0.01
     8      9    1.21  0.02    1.19  0.03    0.84  0.02    1.44  0.01
     9     10    0.74  0.02    1.07  0.02    0.75  0.01    1.34  0.01
    10     11    0.38  0.01    0.84  0.03    0.58  0.02    1.19  0.01
    11     12    0.12  0.01    0.79  0.01    0.55  0.01    1.12  0.01
    12     13   -0.10  0.01    0.64  0.01    0.45  0.01    1.02  0.00
    13     14   -0.24  0.01    0.57  0.01    0.40  0.01    0.97  0.01
    14     15   -0.35  0.01    0.53  0.01    0.37  0.01    0.93  0.00
    15     16   -0.50  0.01    0.48  0.01    0.51  0.01    1.00  0.01
    16     17   -1.63  0.01    0.62  0.01    0.70  0.02    1.17  0.00
    17     18   -1.37  0.01    0.21  0.01    0.22  0.01    0.67  0.01
    18     19   -1.84  0.01    0.24  0.02    0.25  0.02    0.72  0.01
    19     20   -2.41  0.01    0.32  0.01    0.33  0.01    0.77  0.01
    20     21   -3.05  0.02    0.31  0.02    0.33  0.02    0.81  0.01
    21     22   -3.75  0.02    0.37  0.03    0.39  0.03    0.87  0.01
    22     23   -4.55  0.02    0.41  0.02    0.42  0.02    0.91  0.01


Final results in kJ/mol:

point      0 -      1,   DG -16.02 +/-  0.02
point      1 -      2,   DG -12.67 +/-  0.01
point      2 -      3,   DG -6.41 +/-  0.03
point      3 -      4,   DG  4.62 +/-  0.07
point      4 -      5,   DG 19.94 +/-  0.19
point      5 -      6,   DG 11.03 +/-  0.18
point      6 -      7,   DG  7.14 +/-  0.08
point      7 -      8,   DG  4.48 +/-  0.09
point      8 -      9,   DG  3.02 +/-  0.06
point      9 -     10,   DG  1.85 +/-  0.06
point     10 -     11,   DG  0.95 +/-  0.02
point     11 -     12,   DG  0.30 +/-  0.03
point     12 -     13,   DG -0.25 +/-  0.03
point     13 -     14,   DG -0.60 +/-  0.03
point     14 -     15,   DG -0.88 +/-  0.02
point     15 -     16,   DG -1.24 +/-  0.02
point     16 -     17,   DG -4.07 +/-  0.02
point     17 -     18,   DG -3.43 +/-  0.03
point     18 -     19,   DG -4.58 +/-  0.02
point     19 -     20,   DG -6.00 +/-  0.03
point     20 -     21,   DG -7.60 +/-  0.05
point     21 -     22,   DG -9.35 +/-  0.05
point     22 -     23,   DG -11.34 +/-  0.06

total      0 -     23,   DG -31.09 +/-  0.50

