lambda_00/bar.xvg: 0.0 - 984.8; lambda = (0, 0)
    dH/dl & foreign lambdas:
        dH/dl (coul-lambda) (9849 pts)
        dH/dl (vdw-lambda) (9849 pts)
        delta H to (0, 0) (9849 pts)
        delta H to (0, 0.1) (9849 pts)


lambda_01/bar.xvg: 0.0 - 997.5; lambda = (0, 0.1)
    dH/dl & foreign lambdas:
        dH/dl (coul-lambda) (9976 pts)
        dH/dl (vdw-lambda) (9976 pts)
        delta H to (0, 0) (9976 pts)
        delta H to (0, 0.1) (9976 pts)
        delta H to (0, 0.2) (9976 pts)


lambda_02/bar.xvg: 0.0 - 997.6; lambda = (0, 0.2)
    dH/dl & foreign lambdas:
        dH/dl (coul-lambda) (9977 pts)
        dH/dl (vdw-lambda) (9977 pts)
        delta H to (0, 0.1) (9977 pts)
        delta H to (0, 0.2) (9977 pts)
        delta H to (0, 0.3) (9977 pts)


lambda_03/bar.xvg: 0.0 - 987.2; lambda = (0, 0.3)
    dH/dl & foreign lambdas:
        dH/dl (coul-lambda) (9873 pts)
        dH/dl (vdw-lambda) (9873 pts)
        delta H to (0, 0.2) (9873 pts)
        delta H to (0, 0.3) (9873 pts)
        delta H to (0, 0.4) (9873 pts)


lambda_04/bar.xvg: 0.0 - 986.6; lambda = (0, 0.4)
    dH/dl & foreign lambdas:
        dH/dl (coul-lambda) (9867 pts)
        dH/dl (vdw-lambda) (9867 pts)
        delta H to (0, 0.3) (9867 pts)
        delta H to (0, 0.4) (9867 pts)
        delta H to (0, 0.5) (9867 pts)


lambda_05/bar.xvg: 0.0 - 986.8; lambda = (0, 0.5)
    dH/dl & foreign lambdas:
        dH/dl (coul-lambda) (9869 pts)
        dH/dl (vdw-lambda) (9869 pts)
        delta H to (0, 0.4) (9869 pts)
        delta H to (0, 0.5) (9869 pts)
        delta H to (0, 0.55) (9869 pts)


lambda_06/bar.xvg: 0.0 - 999.0; lambda = (0, 0.55)
    dH/dl & foreign lambdas:
        dH/dl (coul-lambda) (9991 pts)
        dH/dl (vdw-lambda) (9991 pts)
        delta H to (0, 0.5) (9991 pts)
        delta H to (0, 0.55) (9991 pts)
        delta H to (0, 0.6) (9991 pts)


lambda_07/bar.xvg: 0.0 - 996.8; lambda = (0, 0.6)
    dH/dl & foreign lambdas:
        dH/dl (coul-lambda) (9969 pts)
        dH/dl (vdw-lambda) (9969 pts)
        delta H to (0, 0.55) (9969 pts)
        delta H to (0, 0.6) (9969 pts)
        delta H to (0, 0.65) (9969 pts)


lambda_08/bar.xvg: 0.0 - 995.3; lambda = (0, 0.65)
    dH/dl & foreign lambdas:
        dH/dl (coul-lambda) (9954 pts)
        dH/dl (vdw-lambda) (9954 pts)
        delta H to (0, 0.6) (9954 pts)
        delta H to (0, 0.65) (9954 pts)
        delta H to (0, 0.7) (9954 pts)


lambda_09/bar.xvg: 0.0 - 992.9; lambda = (0, 0.7)
    dH/dl & foreign lambdas:
        dH/dl (coul-lambda) (9930 pts)
        dH/dl (vdw-lambda) (9930 pts)
        delta H to (0, 0.65) (9930 pts)
        delta H to (0, 0.7) (9930 pts)
        delta H to (0, 0.75) (9930 pts)


lambda_10/bar.xvg: 0.0 - 989.7; lambda = (0, 0.75)
    dH/dl & foreign lambdas:
        dH/dl (coul-lambda) (9898 pts)
        dH/dl (vdw-lambda) (9898 pts)
        delta H to (0, 0.7) (9898 pts)
        delta H to (0, 0.75) (9898 pts)
        delta H to (0, 0.8) (9898 pts)


lambda_11/bar.xvg: 0.0 - 988.4; lambda = (0, 0.8)
    dH/dl & foreign lambdas:
        dH/dl (coul-lambda) (9885 pts)
        dH/dl (vdw-lambda) (9885 pts)
        delta H to (0, 0.75) (9885 pts)
        delta H to (0, 0.8) (9885 pts)
        delta H to (0, 0.85) (9885 pts)


lambda_12/bar.xvg: 0.0 - 987.1; lambda = (0, 0.85)
    dH/dl & foreign lambdas:
        dH/dl (coul-lambda) (9872 pts)
        dH/dl (vdw-lambda) (9872 pts)
        delta H to (0, 0.8) (9872 pts)
        delta H to (0, 0.85) (9872 pts)
        delta H to (0, 0.9) (9872 pts)


lambda_13/bar.xvg: 0.0 - 986.0; lambda = (0, 0.9)
    dH/dl & foreign lambdas:
        dH/dl (coul-lambda) (9861 pts)
        dH/dl (vdw-lambda) (9861 pts)
        delta H to (0, 0.85) (9861 pts)
        delta H to (0, 0.9) (9861 pts)
        delta H to (0, 0.95) (9861 pts)


lambda_14/bar.xvg: 0.0 - 998.0; lambda = (0, 0.95)
    dH/dl & foreign lambdas:
        dH/dl (coul-lambda) (9981 pts)
        dH/dl (vdw-lambda) (9981 pts)
        delta H to (0, 0.9) (9981 pts)
        delta H to (0, 0.95) (9981 pts)
        delta H to (0, 1) (9981 pts)


lambda_15/bar.xvg: 0.0 - 998.1; lambda = (0, 1)
    dH/dl & foreign lambdas:
        dH/dl (coul-lambda) (9982 pts)
        dH/dl (vdw-lambda) (9982 pts)
        delta H to (0, 0.95) (9982 pts)
        delta H to (0, 1) (9982 pts)
        delta H to (0.2, 1) (9982 pts)


lambda_16/bar.xvg: 0.0 - 989.2; lambda = (0.2, 1)
    dH/dl & foreign lambdas:
        dH/dl (coul-lambda) (9893 pts)
        dH/dl (vdw-lambda) (9893 pts)
        delta H to (0, 1) (9893 pts)
        delta H to (0.2, 1) (9893 pts)
        delta H to (0.4, 1) (9893 pts)


lambda_17/bar.xvg: 0.0 - 993.6; lambda = (0.4, 1)
    dH/dl & foreign lambdas:
        dH/dl (coul-lambda) (9937 pts)
        dH/dl (vdw-lambda) (9937 pts)
        delta H to (0.2, 1) (9937 pts)
        delta H to (0.4, 1) (9937 pts)
        delta H to (0.5, 1) (9937 pts)


lambda_18/bar.xvg: 0.0 - 995.5; lambda = (0.5, 1)
    dH/dl & foreign lambdas:
        dH/dl (coul-lambda) (9956 pts)
        dH/dl (vdw-lambda) (9956 pts)
        delta H to (0.4, 1) (9956 pts)
        delta H to (0.5, 1) (9956 pts)
        delta H to (0.6, 1) (9956 pts)


lambda_19/bar.xvg: 0.0 - 997.8; lambda = (0.6, 1)
    dH/dl & foreign lambdas:
        dH/dl (coul-lambda) (9979 pts)
        dH/dl (vdw-lambda) (9979 pts)
        delta H to (0.5, 1) (9979 pts)
        delta H to (0.6, 1) (9979 pts)
        delta H to (0.7, 1) (9979 pts)


lambda_20/bar.xvg: 0.0 - 986.9; lambda = (0.7, 1)
    dH/dl & foreign lambdas:
        dH/dl (coul-lambda) (9870 pts)
        dH/dl (vdw-lambda) (9870 pts)
        delta H to (0.6, 1) (9870 pts)
        delta H to (0.7, 1) (9870 pts)
        delta H to (0.8, 1) (9870 pts)


lambda_21/bar.xvg: 0.0 - 989.2; lambda = (0.8, 1)
    dH/dl & foreign lambdas:
        dH/dl (coul-lambda) (9893 pts)
        dH/dl (vdw-lambda) (9893 pts)
        delta H to (0.7, 1) (9893 pts)
        delta H to (0.8, 1) (9893 pts)
        delta H to (0.9, 1) (9893 pts)


lambda_22/bar.xvg: 0.0 - 991.0; lambda = (0.9, 1)
    dH/dl & foreign lambdas:
        dH/dl (coul-lambda) (9911 pts)
        dH/dl (vdw-lambda) (9911 pts)
        delta H to (0.8, 1) (9911 pts)
        delta H to (0.9, 1) (9911 pts)
        delta H to (1, 1) (9911 pts)


lambda_23/bar.xvg: 0.0 - 997.6; lambda = (1, 1)
    dH/dl & foreign lambdas:
        dH/dl (coul-lambda) (9977 pts)
        dH/dl (vdw-lambda) (9977 pts)
        delta H to (0.9, 1) (9977 pts)
        delta H to (1, 1) (9977 pts)



   Samples in time interval: 0.000 - 999.000
Removing samples outside of: 100.000 - 999.000

Temperature: 300 K

Detailed results in kT (see help for explanation):

 lam_A  lam_B      DG   +/-     s_A   +/-     s_B   +/-   stdev   +/- 
     0      1   -6.81  0.00    0.03  0.01    0.02  0.01    0.24  0.00
     1      2   -5.39  0.01    0.04  0.00    0.04  0.00    0.24  0.00
     2      3   -2.74  0.01    0.06  0.01    0.06  0.01    0.37  0.01
     3      4    1.95  0.04    0.34  0.03    0.38  0.04    0.86  0.02
     4      5    8.37  0.12    2.54  0.06    3.02  0.12    2.81  0.07
     5      6    4.67  0.12    2.29  0.03    1.95  0.07    2.34  0.03
     6      7    2.93  0.06    2.48  0.06    1.62  0.05    2.17  0.05
     7      8    1.82  0.03    1.50  0.05    1.04  0.03    1.64  0.02
     8      9    1.24  0.01    1.29  0.03    0.90  0.02    1.51  0.01
     9     10    0.73  0.02    1.14  0.03    0.81  0.02    1.38  0.01
    10     11    0.33  0.02    0.88  0.01    0.61  0.01    1.21  0.01
    11     12    0.08  0.01    0.79  0.01    0.56  0.01    1.14  0.01
    12     13   -0.13  0.01    0.70  0.01    0.49  0.01    1.06  0.00
    13     14   -0.29  0.01    0.59  0.01    0.43  0.01    0.99  0.00
    14     15   -0.40  0.01    0.55  0.01    0.40  0.01    0.95  0.00
    15     16   -0.52  0.01    0.56  0.01    0.59  0.01    1.07  0.01
    16     17   -1.83  0.02    0.71  0.02    0.81  0.03    1.25  0.01
    17     18   -1.52  0.01    0.20  0.01    0.22  0.01    0.69  0.01
    18     19   -2.02  0.01    0.28  0.01    0.29  0.01    0.75  0.01
    19     20   -2.67  0.01    0.35  0.02    0.37  0.02    0.82  0.01
    20     21   -3.38  0.02    0.35  0.02    0.35  0.02    0.85  0.00
    21     22   -4.11  0.01    0.38  0.02    0.39  0.02    0.87  0.01
    22     23   -4.88  0.01    0.38  0.02    0.38  0.02    0.90  0.01


Final results in kJ/mol:

point      0 -      1,   DG -16.99 +/-  0.01
point      1 -      2,   DG -13.45 +/-  0.02
point      2 -      3,   DG -6.84 +/-  0.03
point      3 -      4,   DG  4.85 +/-  0.09
point      4 -      5,   DG 20.87 +/-  0.31
point      5 -      6,   DG 11.64 +/-  0.30
point      6 -      7,   DG  7.31 +/-  0.15
point      7 -      8,   DG  4.54 +/-  0.08
point      8 -      9,   DG  3.09 +/-  0.03
point      9 -     10,   DG  1.81 +/-  0.04
point     10 -     11,   DG  0.81 +/-  0.05
point     11 -     12,   DG  0.21 +/-  0.02
point     12 -     13,   DG -0.33 +/-  0.03
point     13 -     14,   DG -0.72 +/-  0.03
point     14 -     15,   DG -1.00 +/-  0.03
point     15 -     16,   DG -1.30 +/-  0.02
point     16 -     17,   DG -4.56 +/-  0.05
point     17 -     18,   DG -3.80 +/-  0.03
point     18 -     19,   DG -5.05 +/-  0.02
point     19 -     20,   DG -6.65 +/-  0.03
point     20 -     21,   DG -8.43 +/-  0.05
point     21 -     22,   DG -10.25 +/-  0.03
point     22 -     23,   DG -12.16 +/-  0.03

total      0 -     23,   DG -36.39 +/-  0.67

