lambda_00/bar.xvg: 0.0 - 969.1; lambda = (0, 0)
    dH/dl & foreign lambdas:
        dH/dl (coul-lambda) (9692 pts)
        dH/dl (vdw-lambda) (9692 pts)
        delta H to (0, 0) (9692 pts)
        delta H to (0, 0.1) (9692 pts)


lambda_01/bar.xvg: 0.0 - 957.7; lambda = (0, 0.1)
    dH/dl & foreign lambdas:
        dH/dl (coul-lambda) (9578 pts)
        dH/dl (vdw-lambda) (9578 pts)
        delta H to (0, 0) (9578 pts)
        delta H to (0, 0.1) (9578 pts)
        delta H to (0, 0.2) (9578 pts)


lambda_02/bar.xvg: 0.0 - 957.6; lambda = (0, 0.2)
    dH/dl & foreign lambdas:
        dH/dl (coul-lambda) (9577 pts)
        dH/dl (vdw-lambda) (9577 pts)
        delta H to (0, 0.1) (9577 pts)
        delta H to (0, 0.2) (9577 pts)
        delta H to (0, 0.3) (9577 pts)


lambda_03/bar.xvg: 0.0 - 960.1; lambda = (0, 0.3)
    dH/dl & foreign lambdas:
        dH/dl (coul-lambda) (9602 pts)
        dH/dl (vdw-lambda) (9602 pts)
        delta H to (0, 0.2) (9602 pts)
        delta H to (0, 0.3) (9602 pts)
        delta H to (0, 0.4) (9602 pts)


lambda_04/bar.xvg: 0.0 - 959.0; lambda = (0, 0.4)
    dH/dl & foreign lambdas:
        dH/dl (coul-lambda) (9591 pts)
        dH/dl (vdw-lambda) (9591 pts)
        delta H to (0, 0.3) (9591 pts)
        delta H to (0, 0.4) (9591 pts)
        delta H to (0, 0.5) (9591 pts)


lambda_05/bar.xvg: 0.0 - 959.9; lambda = (0, 0.5)
    dH/dl & foreign lambdas:
        dH/dl (coul-lambda) (9600 pts)
        dH/dl (vdw-lambda) (9600 pts)
        delta H to (0, 0.4) (9600 pts)
        delta H to (0, 0.5) (9600 pts)
        delta H to (0, 0.55) (9600 pts)


lambda_06/bar.xvg: 0.0 - 958.5; lambda = (0, 0.55)
    dH/dl & foreign lambdas:
        dH/dl (coul-lambda) (9586 pts)
        dH/dl (vdw-lambda) (9586 pts)
        delta H to (0, 0.5) (9586 pts)
        delta H to (0, 0.55) (9586 pts)
        delta H to (0, 0.6) (9586 pts)


lambda_07/bar.xvg: 0.0 - 956.8; lambda = (0, 0.6)
    dH/dl & foreign lambdas:
        dH/dl (coul-lambda) (9569 pts)
        dH/dl (vdw-lambda) (9569 pts)
        delta H to (0, 0.55) (9569 pts)
        delta H to (0, 0.6) (9569 pts)
        delta H to (0, 0.65) (9569 pts)


lambda_08/bar.xvg: 0.0 - 968.0; lambda = (0, 0.65)
    dH/dl & foreign lambdas:
        dH/dl (coul-lambda) (9681 pts)
        dH/dl (vdw-lambda) (9681 pts)
        delta H to (0, 0.6) (9681 pts)
        delta H to (0, 0.65) (9681 pts)
        delta H to (0, 0.7) (9681 pts)


lambda_09/bar.xvg: 0.0 - 965.6; lambda = (0, 0.7)
    dH/dl & foreign lambdas:
        dH/dl (coul-lambda) (9657 pts)
        dH/dl (vdw-lambda) (9657 pts)
        delta H to (0, 0.65) (9657 pts)
        delta H to (0, 0.7) (9657 pts)
        delta H to (0, 0.75) (9657 pts)


lambda_10/bar.xvg: 0.0 - 963.5; lambda = (0, 0.75)
    dH/dl & foreign lambdas:
        dH/dl (coul-lambda) (9636 pts)
        dH/dl (vdw-lambda) (9636 pts)
        delta H to (0, 0.7) (9636 pts)
        delta H to (0, 0.75) (9636 pts)
        delta H to (0, 0.8) (9636 pts)


lambda_11/bar.xvg: 0.0 - 961.6; lambda = (0, 0.8)
    dH/dl & foreign lambdas:
        dH/dl (coul-lambda) (9617 pts)
        dH/dl (vdw-lambda) (9617 pts)
        delta H to (0, 0.75) (9617 pts)
        delta H to (0, 0.8) (9617 pts)
        delta H to (0, 0.85) (9617 pts)


lambda_12/bar.xvg: 0.0 - 960.4; lambda = (0, 0.85)
    dH/dl & foreign lambdas:
        dH/dl (coul-lambda) (9605 pts)
        dH/dl (vdw-lambda) (9605 pts)
        delta H to (0, 0.8) (9605 pts)
        delta H to (0, 0.85) (9605 pts)
        delta H to (0, 0.9) (9605 pts)


lambda_13/bar.xvg: 0.0 - 959.4; lambda = (0, 0.9)
    dH/dl & foreign lambdas:
        dH/dl (coul-lambda) (9595 pts)
        dH/dl (vdw-lambda) (9595 pts)
        delta H to (0, 0.85) (9595 pts)
        delta H to (0, 0.9) (9595 pts)
        delta H to (0, 0.95) (9595 pts)


lambda_14/bar.xvg: 0.0 - 958.1; lambda = (0, 0.95)
    dH/dl & foreign lambdas:
        dH/dl (coul-lambda) (9582 pts)
        dH/dl (vdw-lambda) (9582 pts)
        delta H to (0, 0.9) (9582 pts)
        delta H to (0, 0.95) (9582 pts)
        delta H to (0, 1) (9582 pts)


lambda_15/bar.xvg: 0.0 - 958.0; lambda = (0, 1)
    dH/dl & foreign lambdas:
        dH/dl (coul-lambda) (9581 pts)
        dH/dl (vdw-lambda) (9581 pts)
        delta H to (0, 0.95) (9581 pts)
        delta H to (0, 1) (9581 pts)
        delta H to (0.2, 1) (9581 pts)


lambda_16/bar.xvg: 0.0 - 963.2; lambda = (0.2, 1)
    dH/dl & foreign lambdas:
        dH/dl (coul-lambda) (9633 pts)
        dH/dl (vdw-lambda) (9633 pts)
        delta H to (0, 1) (9633 pts)
        delta H to (0.2, 1) (9633 pts)
        delta H to (0.4, 1) (9633 pts)


lambda_17/bar.xvg: 0.0 - 966.9; lambda = (0.4, 1)
    dH/dl & foreign lambdas:
        dH/dl (coul-lambda) (9670 pts)
        dH/dl (vdw-lambda) (9670 pts)
        delta H to (0.2, 1) (9670 pts)
        delta H to (0.4, 1) (9670 pts)
        delta H to (0.5, 1) (9670 pts)


lambda_18/bar.xvg: 0.0 - 969.5; lambda = (0.5, 1)
    dH/dl & foreign lambdas:
        dH/dl (coul-lambda) (9696 pts)
        dH/dl (vdw-lambda) (9696 pts)
        delta H to (0.4, 1) (9696 pts)
        delta H to (0.5, 1) (9696 pts)
        delta H to (0.6, 1) (9696 pts)


lambda_19/bar.xvg: 0.0 - 958.4; lambda = (0.6, 1)
    dH/dl & foreign lambdas:
        dH/dl (coul-lambda) (9585 pts)
        dH/dl (vdw-lambda) (9585 pts)
        delta H to (0.5, 1) (9585 pts)
        delta H to (0.6, 1) (9585 pts)
        delta H to (0.7, 1) (9585 pts)


lambda_20/bar.xvg: 0.0 - 960.4; lambda = (0.7, 1)
    dH/dl & foreign lambdas:
        dH/dl (coul-lambda) (9605 pts)
        dH/dl (vdw-lambda) (9605 pts)
        delta H to (0.6, 1) (9605 pts)
        delta H to (0.7, 1) (9605 pts)
        delta H to (0.8, 1) (9605 pts)


lambda_21/bar.xvg: 0.0 - 962.6; lambda = (0.8, 1)
    dH/dl & foreign lambdas:
        dH/dl (coul-lambda) (9627 pts)
        dH/dl (vdw-lambda) (9627 pts)
        delta H to (0.7, 1) (9627 pts)
        delta H to (0.8, 1) (9627 pts)
        delta H to (0.9, 1) (9627 pts)


lambda_22/bar.xvg: 0.0 - 964.5; lambda = (0.9, 1)
    dH/dl & foreign lambdas:
        dH/dl (coul-lambda) (9646 pts)
        dH/dl (vdw-lambda) (9646 pts)
        delta H to (0.8, 1) (9646 pts)
        delta H to (0.9, 1) (9646 pts)
        delta H to (1, 1) (9646 pts)


lambda_23/bar.xvg: 0.0 - 964.9; lambda = (1, 1)
    dH/dl & foreign lambdas:
        dH/dl (coul-lambda) (9650 pts)
        dH/dl (vdw-lambda) (9650 pts)
        delta H to (0.9, 1) (9650 pts)
        delta H to (1, 1) (9650 pts)



Temperature: 300 K

Detailed results in kT (see help for explanation):

 lam_A  lam_B      DG   +/-     s_A   +/-     s_B   +/-   stdev   +/- 
     0      1   -6.41  0.00    0.01  0.01    0.01  0.01    0.23  0.00
     1      2   -5.07  0.01    0.03  0.01    0.03  0.01    0.22  0.00
     2      3   -2.58  0.01    0.08  0.01    0.08  0.01    0.37  0.01
     3      4    1.76  0.02    0.34  0.03    0.38  0.03    0.87  0.01
     4      5    7.85  0.06    2.16  0.09    2.55  0.10    2.51  0.07
     5      6    4.59  0.09    2.21  0.02    1.95  0.04    2.33  0.02
     6      7    2.98  0.02    2.26  0.07    1.46  0.05    2.03  0.04
     7      8    1.91  0.04    1.65  0.04    1.15  0.04    1.73  0.01
     8      9    1.20  0.04    1.24  0.04    0.87  0.02    1.46  0.02
     9     10    0.75  0.03    1.03  0.04    0.73  0.02    1.33  0.02
    10     11    0.40  0.01    0.90  0.02    0.63  0.01    1.23  0.01
    11     12    0.14  0.01    0.75  0.01    0.52  0.01    1.12  0.01
    12     13   -0.05  0.01    0.69  0.01    0.48  0.00    1.06  0.00
    13     14   -0.21  0.01    0.61  0.00    0.43  0.01    0.99  0.00
    14     15   -0.34  0.01    0.53  0.01    0.39  0.01    0.93  0.01
    15     16   -0.53  0.01    0.56  0.01    0.58  0.02    1.07  0.00
    16     17   -1.78  0.02    0.67  0.03    0.76  0.03    1.23  0.02
    17     18   -1.53  0.01    0.25  0.02    0.26  0.02    0.70  0.01
    18     19   -2.06  0.01    0.27  0.02    0.28  0.02    0.75  0.01
    19     20   -2.68  0.02    0.34  0.01    0.35  0.01    0.81  0.01
    20     21   -3.37  0.01    0.34  0.01    0.35  0.01    0.85  0.00
    21     22   -4.12  0.02    0.40  0.01    0.41  0.01    0.91  0.01
    22     23   -4.96  0.03    0.43  0.01    0.43  0.01    0.94  0.00


Final results in kJ/mol:

point      0 -      1,   DG -16.00 +/-  0.00
point      1 -      2,   DG -12.64 +/-  0.01
point      2 -      3,   DG -6.43 +/-  0.02
point      3 -      4,   DG  4.38 +/-  0.06
point      4 -      5,   DG 19.59 +/-  0.15
point      5 -      6,   DG 11.45 +/-  0.23
point      6 -      7,   DG  7.43 +/-  0.06
point      7 -      8,   DG  4.77 +/-  0.10
point      8 -      9,   DG  3.00 +/-  0.09
point      9 -     10,   DG  1.88 +/-  0.07
point     10 -     11,   DG  0.99 +/-  0.02
point     11 -     12,   DG  0.34 +/-  0.03
point     12 -     13,   DG -0.12 +/-  0.02
point     13 -     14,   DG -0.53 +/-  0.03
point     14 -     15,   DG -0.86 +/-  0.02
point     15 -     16,   DG -1.32 +/-  0.03
point     16 -     17,   DG -4.45 +/-  0.06
point     17 -     18,   DG -3.81 +/-  0.03
point     18 -     19,   DG -5.14 +/-  0.02
point     19 -     20,   DG -6.69 +/-  0.04
point     20 -     21,   DG -8.42 +/-  0.02
point     21 -     22,   DG -10.28 +/-  0.05
point     22 -     23,   DG -12.37 +/-  0.07

total      0 -     23,   DG -35.19 +/-  0.35

