lambda_00/bar.xvg: 0.0 - 937.3; lambda = (0, 0)
    dH/dl & foreign lambdas:
        dH/dl (coul-lambda) (9374 pts)
        dH/dl (vdw-lambda) (9374 pts)
        delta H to (0, 0) (9374 pts)
        delta H to (0, 0.1) (9374 pts)


lambda_01/bar.xvg: 0.0 - 944.2; lambda = (0, 0.1)
    dH/dl & foreign lambdas:
        dH/dl (coul-lambda) (9443 pts)
        dH/dl (vdw-lambda) (9443 pts)
        delta H to (0, 0) (9443 pts)
        delta H to (0, 0.1) (9443 pts)
        delta H to (0, 0.2) (9443 pts)


lambda_02/bar.xvg: 0.0 - 944.5; lambda = (0, 0.2)
    dH/dl & foreign lambdas:
        dH/dl (coul-lambda) (9446 pts)
        dH/dl (vdw-lambda) (9446 pts)
        delta H to (0, 0.1) (9446 pts)
        delta H to (0, 0.2) (9446 pts)
        delta H to (0, 0.3) (9446 pts)


lambda_03/bar.xvg: 0.0 - 947.1; lambda = (0, 0.3)
    dH/dl & foreign lambdas:
        dH/dl (coul-lambda) (9472 pts)
        dH/dl (vdw-lambda) (9472 pts)
        delta H to (0, 0.2) (9472 pts)
        delta H to (0, 0.3) (9472 pts)
        delta H to (0, 0.4) (9472 pts)


lambda_04/bar.xvg: 0.0 - 945.8; lambda = (0, 0.4)
    dH/dl & foreign lambdas:
        dH/dl (coul-lambda) (9459 pts)
        dH/dl (vdw-lambda) (9459 pts)
        delta H to (0, 0.3) (9459 pts)
        delta H to (0, 0.4) (9459 pts)
        delta H to (0, 0.5) (9459 pts)


lambda_05/bar.xvg: 0.0 - 945.9; lambda = (0, 0.5)
    dH/dl & foreign lambdas:
        dH/dl (coul-lambda) (9460 pts)
        dH/dl (vdw-lambda) (9460 pts)
        delta H to (0, 0.4) (9460 pts)
        delta H to (0, 0.5) (9460 pts)
        delta H to (0, 0.55) (9460 pts)


lambda_06/bar.xvg: 0.0 - 945.1; lambda = (0, 0.55)
    dH/dl & foreign lambdas:
        dH/dl (coul-lambda) (9452 pts)
        dH/dl (vdw-lambda) (9452 pts)
        delta H to (0, 0.5) (9452 pts)
        delta H to (0, 0.55) (9452 pts)
        delta H to (0, 0.6) (9452 pts)


lambda_07/bar.xvg: 0.0 - 943.2; lambda = (0, 0.6)
    dH/dl & foreign lambdas:
        dH/dl (coul-lambda) (9433 pts)
        dH/dl (vdw-lambda) (9433 pts)
        delta H to (0, 0.55) (9433 pts)
        delta H to (0, 0.6) (9433 pts)
        delta H to (0, 0.65) (9433 pts)


lambda_08/bar.xvg: 0.0 - 941.2; lambda = (0, 0.65)
    dH/dl & foreign lambdas:
        dH/dl (coul-lambda) (9413 pts)
        dH/dl (vdw-lambda) (9413 pts)
        delta H to (0, 0.6) (9413 pts)
        delta H to (0, 0.65) (9413 pts)
        delta H to (0, 0.7) (9413 pts)


lambda_09/bar.xvg: 0.0 - 938.9; lambda = (0, 0.7)
    dH/dl & foreign lambdas:
        dH/dl (coul-lambda) (9390 pts)
        dH/dl (vdw-lambda) (9390 pts)
        delta H to (0, 0.65) (9390 pts)
        delta H to (0, 0.7) (9390 pts)
        delta H to (0, 0.75) (9390 pts)


lambda_10/bar.xvg: 0.0 - 950.0; lambda = (0, 0.75)
    dH/dl & foreign lambdas:
        dH/dl (coul-lambda) (9501 pts)
        dH/dl (vdw-lambda) (9501 pts)
        delta H to (0, 0.7) (9501 pts)
        delta H to (0, 0.75) (9501 pts)
        delta H to (0, 0.8) (9501 pts)


lambda_11/bar.xvg: 0.0 - 948.6; lambda = (0, 0.8)
    dH/dl & foreign lambdas:
        dH/dl (coul-lambda) (9487 pts)
        dH/dl (vdw-lambda) (9487 pts)
        delta H to (0, 0.75) (9487 pts)
        delta H to (0, 0.8) (9487 pts)
        delta H to (0, 0.85) (9487 pts)


lambda_12/bar.xvg: 0.0 - 947.0; lambda = (0, 0.85)
    dH/dl & foreign lambdas:
        dH/dl (coul-lambda) (9471 pts)
        dH/dl (vdw-lambda) (9471 pts)
        delta H to (0, 0.8) (9471 pts)
        delta H to (0, 0.85) (9471 pts)
        delta H to (0, 0.9) (9471 pts)


lambda_13/bar.xvg: 0.0 - 946.2; lambda = (0, 0.9)
    dH/dl & foreign lambdas:
        dH/dl (coul-lambda) (9463 pts)
        dH/dl (vdw-lambda) (9463 pts)
        delta H to (0, 0.85) (9463 pts)
        delta H to (0, 0.9) (9463 pts)
        delta H to (0, 0.95) (9463 pts)


lambda_14/bar.xvg: 0.0 - 945.1; lambda = (0, 0.95)
    dH/dl & foreign lambdas:
        dH/dl (coul-lambda) (9452 pts)
        dH/dl (vdw-lambda) (9452 pts)
        delta H to (0, 0.9) (9452 pts)
        delta H to (0, 0.95) (9452 pts)
        delta H to (0, 1) (9452 pts)


lambda_15/bar.xvg: 0.0 - 945.3; lambda = (0, 1)
    dH/dl & foreign lambdas:
        dH/dl (coul-lambda) (9454 pts)
        dH/dl (vdw-lambda) (9454 pts)
        delta H to (0, 0.95) (9454 pts)
        delta H to (0, 1) (9454 pts)
        delta H to (0.2, 1) (9454 pts)


lambda_16/bar.xvg: 0.0 - 950.2; lambda = (0.2, 1)
    dH/dl & foreign lambdas:
        dH/dl (coul-lambda) (9503 pts)
        dH/dl (vdw-lambda) (9503 pts)
        delta H to (0, 1) (9503 pts)
        delta H to (0.2, 1) (9503 pts)
        delta H to (0.4, 1) (9503 pts)


lambda_17/bar.xvg: 0.0 - 940.5; lambda = (0.4, 1)
    dH/dl & foreign lambdas:
        dH/dl (coul-lambda) (9406 pts)
        dH/dl (vdw-lambda) (9406 pts)
        delta H to (0.2, 1) (9406 pts)
        delta H to (0.4, 1) (9406 pts)
        delta H to (0.5, 1) (9406 pts)


lambda_18/bar.xvg: 0.0 - 942.6; lambda = (0.5, 1)
    dH/dl & foreign lambdas:
        dH/dl (coul-lambda) (9427 pts)
        dH/dl (vdw-lambda) (9427 pts)
        delta H to (0.4, 1) (9427 pts)
        delta H to (0.5, 1) (9427 pts)
        delta H to (0.6, 1) (9427 pts)


lambda_19/bar.xvg: 0.0 - 944.8; lambda = (0.6, 1)
    dH/dl & foreign lambdas:
        dH/dl (coul-lambda) (9449 pts)
        dH/dl (vdw-lambda) (9449 pts)
        delta H to (0.5, 1) (9449 pts)
        delta H to (0.6, 1) (9449 pts)
        delta H to (0.7, 1) (9449 pts)


lambda_20/bar.xvg: 0.0 - 947.0; lambda = (0.7, 1)
    dH/dl & foreign lambdas:
        dH/dl (coul-lambda) (9471 pts)
        dH/dl (vdw-lambda) (9471 pts)
        delta H to (0.6, 1) (9471 pts)
        delta H to (0.7, 1) (9471 pts)
        delta H to (0.8, 1) (9471 pts)


lambda_21/bar.xvg: 0.0 - 949.2; lambda = (0.8, 1)
    dH/dl & foreign lambdas:
        dH/dl (coul-lambda) (9493 pts)
        dH/dl (vdw-lambda) (9493 pts)
        delta H to (0.7, 1) (9493 pts)
        delta H to (0.8, 1) (9493 pts)
        delta H to (0.9, 1) (9493 pts)


lambda_22/bar.xvg: 0.0 - 950.9; lambda = (0.9, 1)
    dH/dl & foreign lambdas:
        dH/dl (coul-lambda) (9510 pts)
        dH/dl (vdw-lambda) (9510 pts)
        delta H to (0.8, 1) (9510 pts)
        delta H to (0.9, 1) (9510 pts)
        delta H to (1, 1) (9510 pts)


lambda_23/bar.xvg: 0.0 - 948.6; lambda = (1, 1)
    dH/dl & foreign lambdas:
        dH/dl (coul-lambda) (9487 pts)
        dH/dl (vdw-lambda) (9487 pts)
        delta H to (0.9, 1) (9487 pts)
        delta H to (1, 1) (9487 pts)



   Samples in time interval: 0.000 - 950.900
Removing samples outside of: 100.000 - 950.900

Temperature: 300 K

Detailed results in kT (see help for explanation):

 lam_A  lam_B      DG   +/-     s_A   +/-     s_B   +/-   stdev   +/- 
     0      1   -6.80  0.01    0.03  0.01    0.03  0.01    0.24  0.00
     1      2   -5.38  0.00    0.03  0.01    0.03  0.01    0.23  0.00
     2      3   -2.72  0.01    0.07  0.01    0.08  0.01    0.38  0.00
     3      4    1.96  0.02    0.35  0.03    0.39  0.03    0.87  0.01
     4      5    8.31  0.05    2.58  0.11    2.98  0.14    2.81  0.09
     5      6    4.61  0.08    2.33  0.08    1.93  0.09    2.33  0.05
     6      7    3.04  0.06    2.33  0.06    1.60  0.06    2.13  0.04
     7      8    1.86  0.03    1.65  0.05    1.15  0.04    1.72  0.02
     8      9    1.18  0.02    1.25  0.02    0.89  0.01    1.49  0.01
     9     10    0.69  0.01    1.09  0.03    0.76  0.02    1.37  0.01
    10     11    0.33  0.02    0.90  0.03    0.61  0.02    1.23  0.01
    11     12    0.09  0.01    0.79  0.03    0.55  0.02    1.14  0.01
    12     13   -0.11  0.01    0.70  0.02    0.49  0.01    1.07  0.01
    13     14   -0.27  0.01    0.62  0.00    0.44  0.01    1.00  0.01
    14     15   -0.40  0.01    0.56  0.01    0.40  0.01    0.95  0.00
    15     16   -0.55  0.01    0.59  0.01    0.62  0.01    1.11  0.01
    16     17   -1.88  0.01    0.71  0.02    0.81  0.02    1.27  0.01
    17     18   -1.60  0.01    0.26  0.01    0.27  0.01    0.72  0.00
    18     19   -2.16  0.02    0.29  0.01    0.30  0.01    0.78  0.01
    19     20   -2.80  0.01    0.34  0.02    0.35  0.02    0.84  0.00
    20     21   -3.55  0.01    0.40  0.02    0.40  0.02    0.88  0.01
    21     22   -4.35  0.01    0.40  0.01    0.41  0.01    0.90  0.00
    22     23   -5.17  0.01    0.41  0.01    0.42  0.01    0.93  0.00


Final results in kJ/mol:

point      0 -      1,   DG -16.97 +/-  0.02
point      1 -      2,   DG -13.41 +/-  0.01
point      2 -      3,   DG -6.79 +/-  0.02
point      3 -      4,   DG  4.89 +/-  0.06
point      4 -      5,   DG 20.72 +/-  0.11
point      5 -      6,   DG 11.50 +/-  0.20
point      6 -      7,   DG  7.58 +/-  0.14
point      7 -      8,   DG  4.65 +/-  0.08
point      8 -      9,   DG  2.95 +/-  0.05
point      9 -     10,   DG  1.73 +/-  0.02
point     10 -     11,   DG  0.83 +/-  0.05
point     11 -     12,   DG  0.22 +/-  0.03
point     12 -     13,   DG -0.27 +/-  0.03
point     13 -     14,   DG -0.68 +/-  0.01
point     14 -     15,   DG -1.01 +/-  0.03
point     15 -     16,   DG -1.38 +/-  0.02
point     16 -     17,   DG -4.69 +/-  0.02
point     17 -     18,   DG -4.00 +/-  0.03
point     18 -     19,   DG -5.39 +/-  0.04
point     19 -     20,   DG -6.99 +/-  0.03
point     20 -     21,   DG -8.85 +/-  0.03
point     21 -     22,   DG -10.85 +/-  0.03
point     22 -     23,   DG -12.90 +/-  0.03

total      0 -     23,   DG -39.11 +/-  0.14

