lambda_00/bar.xvg: 0.0 - 968.8; lambda = (0, 0)
    dH/dl & foreign lambdas:
        dH/dl (coul-lambda) (9689 pts)
        dH/dl (vdw-lambda) (9689 pts)
        delta H to (0, 0) (9689 pts)
        delta H to (0, 0.1) (9689 pts)


lambda_01/bar.xvg: 0.0 - 971.1; lambda = (0, 0.1)
    dH/dl & foreign lambdas:
        dH/dl (coul-lambda) (9712 pts)
        dH/dl (vdw-lambda) (9712 pts)
        delta H to (0, 0) (9712 pts)
        delta H to (0, 0.1) (9712 pts)
        delta H to (0, 0.2) (9712 pts)


lambda_02/bar.xvg: 0.0 - 971.1; lambda = (0, 0.2)
    dH/dl & foreign lambdas:
        dH/dl (coul-lambda) (9712 pts)
        dH/dl (vdw-lambda) (9712 pts)
        delta H to (0, 0.1) (9712 pts)
        delta H to (0, 0.2) (9712 pts)
        delta H to (0, 0.3) (9712 pts)


lambda_03/bar.xvg: 0.0 - 973.9; lambda = (0, 0.3)
    dH/dl & foreign lambdas:
        dH/dl (coul-lambda) (9740 pts)
        dH/dl (vdw-lambda) (9740 pts)
        delta H to (0, 0.2) (9740 pts)
        delta H to (0, 0.3) (9740 pts)
        delta H to (0, 0.4) (9740 pts)


lambda_04/bar.xvg: 0.0 - 972.8; lambda = (0, 0.4)
    dH/dl & foreign lambdas:
        dH/dl (coul-lambda) (9729 pts)
        dH/dl (vdw-lambda) (9729 pts)
        delta H to (0, 0.3) (9729 pts)
        delta H to (0, 0.4) (9729 pts)
        delta H to (0, 0.5) (9729 pts)


lambda_05/bar.xvg: 0.0 - 973.3; lambda = (0, 0.5)
    dH/dl & foreign lambdas:
        dH/dl (coul-lambda) (9734 pts)
        dH/dl (vdw-lambda) (9734 pts)
        delta H to (0, 0.4) (9734 pts)
        delta H to (0, 0.5) (9734 pts)
        delta H to (0, 0.55) (9734 pts)


lambda_06/bar.xvg: 0.0 - 972.2; lambda = (0, 0.55)
    dH/dl & foreign lambdas:
        dH/dl (coul-lambda) (9723 pts)
        dH/dl (vdw-lambda) (9723 pts)
        delta H to (0, 0.5) (9723 pts)
        delta H to (0, 0.55) (9723 pts)
        delta H to (0, 0.6) (9723 pts)


lambda_07/bar.xvg: 0.0 - 969.9; lambda = (0, 0.6)
    dH/dl & foreign lambdas:
        dH/dl (coul-lambda) (9700 pts)
        dH/dl (vdw-lambda) (9700 pts)
        delta H to (0, 0.55) (9700 pts)
        delta H to (0, 0.6) (9700 pts)
        delta H to (0, 0.65) (9700 pts)


lambda_08/bar.xvg: 0.0 - 967.7; lambda = (0, 0.65)
    dH/dl & foreign lambdas:
        dH/dl (coul-lambda) (9678 pts)
        dH/dl (vdw-lambda) (9678 pts)
        delta H to (0, 0.6) (9678 pts)
        delta H to (0, 0.65) (9678 pts)
        delta H to (0, 0.7) (9678 pts)


lambda_09/bar.xvg: 0.0 - 978.9; lambda = (0, 0.7)
    dH/dl & foreign lambdas:
        dH/dl (coul-lambda) (9790 pts)
        dH/dl (vdw-lambda) (9790 pts)
        delta H to (0, 0.65) (9790 pts)
        delta H to (0, 0.7) (9790 pts)
        delta H to (0, 0.75) (9790 pts)


lambda_10/bar.xvg: 0.0 - 976.5; lambda = (0, 0.75)
    dH/dl & foreign lambdas:
        dH/dl (coul-lambda) (9766 pts)
        dH/dl (vdw-lambda) (9766 pts)
        delta H to (0, 0.7) (9766 pts)
        delta H to (0, 0.75) (9766 pts)
        delta H to (0, 0.8) (9766 pts)


lambda_11/bar.xvg: 0.0 - 974.5; lambda = (0, 0.8)
    dH/dl & foreign lambdas:
        dH/dl (coul-lambda) (9746 pts)
        dH/dl (vdw-lambda) (9746 pts)
        delta H to (0, 0.75) (9746 pts)
        delta H to (0, 0.8) (9746 pts)
        delta H to (0, 0.85) (9746 pts)


lambda_12/bar.xvg: 0.0 - 973.1; lambda = (0, 0.85)
    dH/dl & foreign lambdas:
        dH/dl (coul-lambda) (9732 pts)
        dH/dl (vdw-lambda) (9732 pts)
        delta H to (0, 0.8) (9732 pts)
        delta H to (0, 0.85) (9732 pts)
        delta H to (0, 0.9) (9732 pts)


lambda_13/bar.xvg: 0.0 - 972.0; lambda = (0, 0.9)
    dH/dl & foreign lambdas:
        dH/dl (coul-lambda) (9721 pts)
        dH/dl (vdw-lambda) (9721 pts)
        delta H to (0, 0.85) (9721 pts)
        delta H to (0, 0.9) (9721 pts)
        delta H to (0, 0.95) (9721 pts)


lambda_14/bar.xvg: 0.0 - 971.0; lambda = (0, 0.95)
    dH/dl & foreign lambdas:
        dH/dl (coul-lambda) (9711 pts)
        dH/dl (vdw-lambda) (9711 pts)
        delta H to (0, 0.9) (9711 pts)
        delta H to (0, 0.95) (9711 pts)
        delta H to (0, 1) (9711 pts)


lambda_15/bar.xvg: 0.0 - 970.6; lambda = (0, 1)
    dH/dl & foreign lambdas:
        dH/dl (coul-lambda) (9707 pts)
        dH/dl (vdw-lambda) (9707 pts)
        delta H to (0, 0.95) (9707 pts)
        delta H to (0, 1) (9707 pts)
        delta H to (0.2, 1) (9707 pts)


lambda_16/bar.xvg: 0.0 - 975.9; lambda = (0.2, 1)
    dH/dl & foreign lambdas:
        dH/dl (coul-lambda) (9760 pts)
        dH/dl (vdw-lambda) (9760 pts)
        delta H to (0, 1) (9760 pts)
        delta H to (0.2, 1) (9760 pts)
        delta H to (0.4, 1) (9760 pts)


lambda_17/bar.xvg: 0.0 - 980.1; lambda = (0.4, 1)
    dH/dl & foreign lambdas:
        dH/dl (coul-lambda) (9802 pts)
        dH/dl (vdw-lambda) (9802 pts)
        delta H to (0.2, 1) (9802 pts)
        delta H to (0.4, 1) (9802 pts)
        delta H to (0.5, 1) (9802 pts)


lambda_18/bar.xvg: 0.0 - 968.8; lambda = (0.5, 1)
    dH/dl & foreign lambdas:
        dH/dl (coul-lambda) (9689 pts)
        dH/dl (vdw-lambda) (9689 pts)
        delta H to (0.4, 1) (9689 pts)
        delta H to (0.5, 1) (9689 pts)
        delta H to (0.6, 1) (9689 pts)


lambda_19/bar.xvg: 0.0 - 970.9; lambda = (0.6, 1)
    dH/dl & foreign lambdas:
        dH/dl (coul-lambda) (9710 pts)
        dH/dl (vdw-lambda) (9710 pts)
        delta H to (0.5, 1) (9710 pts)
        delta H to (0.6, 1) (9710 pts)
        delta H to (0.7, 1) (9710 pts)


lambda_20/bar.xvg: 0.0 - 973.2; lambda = (0.7, 1)
    dH/dl & foreign lambdas:
        dH/dl (coul-lambda) (9733 pts)
        dH/dl (vdw-lambda) (9733 pts)
        delta H to (0.6, 1) (9733 pts)
        delta H to (0.7, 1) (9733 pts)
        delta H to (0.8, 1) (9733 pts)


lambda_21/bar.xvg: 0.0 - 975.4; lambda = (0.8, 1)
    dH/dl & foreign lambdas:
        dH/dl (coul-lambda) (9755 pts)
        dH/dl (vdw-lambda) (9755 pts)
        delta H to (0.7, 1) (9755 pts)
        delta H to (0.8, 1) (9755 pts)
        delta H to (0.9, 1) (9755 pts)


lambda_22/bar.xvg: 0.0 - 977.3; lambda = (0.9, 1)
    dH/dl & foreign lambdas:
        dH/dl (coul-lambda) (9774 pts)
        dH/dl (vdw-lambda) (9774 pts)
        delta H to (0.8, 1) (9774 pts)
        delta H to (0.9, 1) (9774 pts)
        delta H to (1, 1) (9774 pts)


lambda_23/bar.xvg: 0.0 - 964.6; lambda = (1, 1)
    dH/dl & foreign lambdas:
        dH/dl (coul-lambda) (9647 pts)
        dH/dl (vdw-lambda) (9647 pts)
        delta H to (0.9, 1) (9647 pts)
        delta H to (1, 1) (9647 pts)



Temperature: 300 K

Detailed results in kT (see help for explanation):

 lam_A  lam_B      DG   +/-     s_A   +/-     s_B   +/-   stdev   +/- 
     0      1   -6.81  0.01    0.04  0.01    0.03  0.01    0.25  0.00
     1      2   -5.38  0.01    0.02  0.01    0.02  0.01    0.23  0.00
     2      3   -2.73  0.01    0.06  0.01    0.07  0.01    0.38  0.00
     3      4    1.97  0.02    0.34  0.02    0.39  0.03    0.87  0.02
     4      5    8.34  0.16    2.60  0.10    3.10  0.09    2.86  0.07
     5      6    4.58  0.10    2.27  0.10    1.89  0.08    2.35  0.07
     6      7    2.96  0.08    2.40  0.04    1.57  0.03    2.10  0.04
     7      8    1.85  0.05    1.57  0.06    1.08  0.02    1.68  0.03
     8      9    1.20  0.03    1.28  0.04    0.90  0.02    1.49  0.02
     9     10    0.70  0.01    1.06  0.02    0.75  0.01    1.34  0.01
    10     11    0.33  0.01    0.90  0.01    0.62  0.01    1.21  0.00
    11     12    0.06  0.01    0.77  0.01    0.55  0.01    1.12  0.01
    12     13   -0.15  0.01    0.65  0.01    0.46  0.01    1.03  0.00
    13     14   -0.30  0.01    0.58  0.01    0.42  0.01    0.97  0.01
    14     15   -0.41  0.00    0.51  0.01    0.36  0.01    0.92  0.00
    15     16   -0.52  0.00    0.50  0.02    0.53  0.01    1.02  0.01
    16     17   -1.70  0.02    0.65  0.01    0.74  0.02    1.19  0.00
    17     18   -1.44  0.01    0.22  0.00    0.23  0.00    0.68  0.00
    18     19   -1.92  0.01    0.24  0.02    0.26  0.02    0.73  0.01
    19     20   -2.51  0.02    0.33  0.01    0.34  0.01    0.80  0.00
    20     21   -3.16  0.01    0.32  0.01    0.33  0.01    0.82  0.00
    21     22   -3.86  0.01    0.37  0.02    0.38  0.02    0.88  0.01
    22     23   -4.61  0.02    0.37  0.03    0.37  0.03    0.90  0.01


Final results in kJ/mol:

point      0 -      1,   DG -16.98 +/-  0.02
point      1 -      2,   DG -13.43 +/-  0.02
point      2 -      3,   DG -6.80 +/-  0.02
point      3 -      4,   DG  4.91 +/-  0.05
point      4 -      5,   DG 20.80 +/-  0.41
point      5 -      6,   DG 11.43 +/-  0.25
point      6 -      7,   DG  7.39 +/-  0.21
point      7 -      8,   DG  4.62 +/-  0.12
point      8 -      9,   DG  3.00 +/-  0.08
point      9 -     10,   DG  1.76 +/-  0.03
point     10 -     11,   DG  0.82 +/-  0.02
point     11 -     12,   DG  0.14 +/-  0.02
point     12 -     13,   DG -0.38 +/-  0.03
point     13 -     14,   DG -0.75 +/-  0.02
point     14 -     15,   DG -1.02 +/-  0.01
point     15 -     16,   DG -1.29 +/-  0.01
point     16 -     17,   DG -4.24 +/-  0.04
point     17 -     18,   DG -3.59 +/-  0.03
point     18 -     19,   DG -4.79 +/-  0.02
point     19 -     20,   DG -6.25 +/-  0.04
point     20 -     21,   DG -7.89 +/-  0.04
point     21 -     22,   DG -9.63 +/-  0.04
point     22 -     23,   DG -11.49 +/-  0.04

total      0 -     23,   DG -33.67 +/-  0.79

