lambda_00/bar.xvg: 0.0 - 905.2; lambda = (0, 0)
    dH/dl & foreign lambdas:
        dH/dl (coul-lambda) (9053 pts)
        dH/dl (vdw-lambda) (9053 pts)
        delta H to (0, 0) (9053 pts)
        delta H to (0, 0.1) (9053 pts)


lambda_01/bar.xvg: 0.0 - 904.5; lambda = (0, 0.1)
    dH/dl & foreign lambdas:
        dH/dl (coul-lambda) (9046 pts)
        dH/dl (vdw-lambda) (9046 pts)
        delta H to (0, 0) (9046 pts)
        delta H to (0, 0.1) (9046 pts)
        delta H to (0, 0.2) (9046 pts)


lambda_02/bar.xvg: 0.0 - 904.4; lambda = (0, 0.2)
    dH/dl & foreign lambdas:
        dH/dl (coul-lambda) (9045 pts)
        dH/dl (vdw-lambda) (9045 pts)
        delta H to (0, 0.1) (9045 pts)
        delta H to (0, 0.2) (9045 pts)
        delta H to (0, 0.3) (9045 pts)


lambda_03/bar.xvg: 0.0 - 905.9; lambda = (0, 0.3)
    dH/dl & foreign lambdas:
        dH/dl (coul-lambda) (9060 pts)
        dH/dl (vdw-lambda) (9060 pts)
        delta H to (0, 0.2) (9060 pts)
        delta H to (0, 0.3) (9060 pts)
        delta H to (0, 0.4) (9060 pts)


lambda_04/bar.xvg: 0.0 - 905.3; lambda = (0, 0.4)
    dH/dl & foreign lambdas:
        dH/dl (coul-lambda) (9054 pts)
        dH/dl (vdw-lambda) (9054 pts)
        delta H to (0, 0.3) (9054 pts)
        delta H to (0, 0.4) (9054 pts)
        delta H to (0, 0.5) (9054 pts)


lambda_05/bar.xvg: 0.0 - 905.5; lambda = (0, 0.5)
    dH/dl & foreign lambdas:
        dH/dl (coul-lambda) (9056 pts)
        dH/dl (vdw-lambda) (9056 pts)
        delta H to (0, 0.4) (9056 pts)
        delta H to (0, 0.5) (9056 pts)
        delta H to (0, 0.55) (9056 pts)


lambda_06/bar.xvg: 0.0 - 904.5; lambda = (0, 0.55)
    dH/dl & foreign lambdas:
        dH/dl (coul-lambda) (9046 pts)
        dH/dl (vdw-lambda) (9046 pts)
        delta H to (0, 0.5) (9046 pts)
        delta H to (0, 0.55) (9046 pts)
        delta H to (0, 0.6) (9046 pts)


lambda_07/bar.xvg: 0.0 - 902.6; lambda = (0, 0.6)
    dH/dl & foreign lambdas:
        dH/dl (coul-lambda) (9027 pts)
        dH/dl (vdw-lambda) (9027 pts)
        delta H to (0, 0.55) (9027 pts)
        delta H to (0, 0.6) (9027 pts)
        delta H to (0, 0.65) (9027 pts)


lambda_08/bar.xvg: 0.0 - 900.9; lambda = (0, 0.65)
    dH/dl & foreign lambdas:
        dH/dl (coul-lambda) (9010 pts)
        dH/dl (vdw-lambda) (9010 pts)
        delta H to (0, 0.6) (9010 pts)
        delta H to (0, 0.65) (9010 pts)
        delta H to (0, 0.7) (9010 pts)


lambda_09/bar.xvg: 0.0 - 899.0; lambda = (0, 0.7)
    dH/dl & foreign lambdas:
        dH/dl (coul-lambda) (8991 pts)
        dH/dl (vdw-lambda) (8991 pts)
        delta H to (0, 0.65) (8991 pts)
        delta H to (0, 0.7) (8991 pts)
        delta H to (0, 0.75) (8991 pts)


lambda_10/bar.xvg: 0.0 - 910.6; lambda = (0, 0.75)
    dH/dl & foreign lambdas:
        dH/dl (coul-lambda) (9107 pts)
        dH/dl (vdw-lambda) (9107 pts)
        delta H to (0, 0.7) (9107 pts)
        delta H to (0, 0.75) (9107 pts)
        delta H to (0, 0.8) (9107 pts)


lambda_11/bar.xvg: 0.0 - 908.6; lambda = (0, 0.8)
    dH/dl & foreign lambdas:
        dH/dl (coul-lambda) (9087 pts)
        dH/dl (vdw-lambda) (9087 pts)
        delta H to (0, 0.75) (9087 pts)
        delta H to (0, 0.8) (9087 pts)
        delta H to (0, 0.85) (9087 pts)


lambda_12/bar.xvg: 0.0 - 907.3; lambda = (0, 0.85)
    dH/dl & foreign lambdas:
        dH/dl (coul-lambda) (9074 pts)
        dH/dl (vdw-lambda) (9074 pts)
        delta H to (0, 0.8) (9074 pts)
        delta H to (0, 0.85) (9074 pts)
        delta H to (0, 0.9) (9074 pts)


lambda_13/bar.xvg: 0.0 - 906.2; lambda = (0, 0.9)
    dH/dl & foreign lambdas:
        dH/dl (coul-lambda) (9063 pts)
        dH/dl (vdw-lambda) (9063 pts)
        delta H to (0, 0.85) (9063 pts)
        delta H to (0, 0.9) (9063 pts)
        delta H to (0, 0.95) (9063 pts)


lambda_14/bar.xvg: 0.0 - 905.3; lambda = (0, 0.95)
    dH/dl & foreign lambdas:
        dH/dl (coul-lambda) (9054 pts)
        dH/dl (vdw-lambda) (9054 pts)
        delta H to (0, 0.9) (9054 pts)
        delta H to (0, 0.95) (9054 pts)
        delta H to (0, 1) (9054 pts)


lambda_15/bar.xvg: 0.0 - 904.8; lambda = (0, 1)
    dH/dl & foreign lambdas:
        dH/dl (coul-lambda) (9049 pts)
        dH/dl (vdw-lambda) (9049 pts)
        delta H to (0, 0.95) (9049 pts)
        delta H to (0, 1) (9049 pts)
        delta H to (0.2, 1) (9049 pts)


lambda_16/bar.xvg: 0.0 - 910.1; lambda = (0.2, 1)
    dH/dl & foreign lambdas:
        dH/dl (coul-lambda) (9102 pts)
        dH/dl (vdw-lambda) (9102 pts)
        delta H to (0, 1) (9102 pts)
        delta H to (0.2, 1) (9102 pts)
        delta H to (0.4, 1) (9102 pts)


lambda_17/bar.xvg: 0.0 - 900.5; lambda = (0.4, 1)
    dH/dl & foreign lambdas:
        dH/dl (coul-lambda) (9006 pts)
        dH/dl (vdw-lambda) (9006 pts)
        delta H to (0.2, 1) (9006 pts)
        delta H to (0.4, 1) (9006 pts)
        delta H to (0.5, 1) (9006 pts)


lambda_18/bar.xvg: 0.0 - 902.7; lambda = (0.5, 1)
    dH/dl & foreign lambdas:
        dH/dl (coul-lambda) (9028 pts)
        dH/dl (vdw-lambda) (9028 pts)
        delta H to (0.4, 1) (9028 pts)
        delta H to (0.5, 1) (9028 pts)
        delta H to (0.6, 1) (9028 pts)


lambda_19/bar.xvg: 0.0 - 904.6; lambda = (0.6, 1)
    dH/dl & foreign lambdas:
        dH/dl (coul-lambda) (9047 pts)
        dH/dl (vdw-lambda) (9047 pts)
        delta H to (0.5, 1) (9047 pts)
        delta H to (0.6, 1) (9047 pts)
        delta H to (0.7, 1) (9047 pts)


lambda_20/bar.xvg: 0.0 - 906.7; lambda = (0.7, 1)
    dH/dl & foreign lambdas:
        dH/dl (coul-lambda) (9068 pts)
        dH/dl (vdw-lambda) (9068 pts)
        delta H to (0.6, 1) (9068 pts)
        delta H to (0.7, 1) (9068 pts)
        delta H to (0.8, 1) (9068 pts)


lambda_21/bar.xvg: 0.0 - 908.8; lambda = (0.8, 1)
    dH/dl & foreign lambdas:
        dH/dl (coul-lambda) (9089 pts)
        dH/dl (vdw-lambda) (9089 pts)
        delta H to (0.7, 1) (9089 pts)
        delta H to (0.8, 1) (9089 pts)
        delta H to (0.9, 1) (9089 pts)


lambda_22/bar.xvg: 0.0 - 910.6; lambda = (0.9, 1)
    dH/dl & foreign lambdas:
        dH/dl (coul-lambda) (9107 pts)
        dH/dl (vdw-lambda) (9107 pts)
        delta H to (0.8, 1) (9107 pts)
        delta H to (0.9, 1) (9107 pts)
        delta H to (1, 1) (9107 pts)


lambda_23/bar.xvg: 0.0 - 899.5; lambda = (1, 1)
    dH/dl & foreign lambdas:
        dH/dl (coul-lambda) (8996 pts)
        dH/dl (vdw-lambda) (8996 pts)
        delta H to (0.9, 1) (8996 pts)
        delta H to (1, 1) (8996 pts)



   Samples in time interval: 0.000 - 910.600
Removing samples outside of: 100.000 - 910.600

Temperature: 300 K

Detailed results in kT (see help for explanation):

 lam_A  lam_B      DG   +/-     s_A   +/-     s_B   +/-   stdev   +/- 
     0      1   -7.29  0.01    0.03  0.00    0.03  0.00    0.25  0.00
     1      2   -5.77  0.01    0.02  0.01    0.02  0.01    0.24  0.00
     2      3   -2.91  0.01    0.10  0.00    0.10  0.00    0.40  0.01
     3      4    2.01  0.03    0.40  0.02    0.44  0.03    0.93  0.02
     4      5    8.76  0.19    2.64  0.14    3.05  0.13    2.87  0.13
     5      6    4.86  0.12    2.56  0.14    2.17  0.12    2.50  0.10
     6      7    3.11  0.07    2.37  0.04    1.60  0.04    2.14  0.03
     7      8    1.98  0.04    1.72  0.07    1.18  0.06    1.78  0.03
     8      9    1.29  0.02    1.36  0.03    0.95  0.02    1.55  0.01
     9     10    0.81  0.03    1.14  0.02    0.80  0.01    1.42  0.01
    10     11    0.41  0.02    1.03  0.03    0.71  0.02    1.30  0.02
    11     12    0.08  0.01    0.84  0.02    0.59  0.01    1.17  0.01
    12     13   -0.13  0.01    0.72  0.01    0.50  0.01    1.09  0.01
    13     14   -0.29  0.01    0.66  0.03    0.47  0.02    1.04  0.01
    14     15   -0.43  0.01    0.59  0.02    0.42  0.01    0.99  0.01
    15     16   -0.54  0.02    0.55  0.02    0.58  0.02    1.07  0.01
    16     17   -1.82  0.01    0.69  0.02    0.78  0.02    1.24  0.01
    17     18   -1.55  0.01    0.26  0.01    0.27  0.01    0.71  0.01
    18     19   -2.10  0.02    0.28  0.02    0.29  0.02    0.76  0.01
    19     20   -2.70  0.02    0.32  0.01    0.34  0.01    0.83  0.01
    20     21   -3.42  0.02    0.38  0.01    0.38  0.01    0.88  0.00
    21     22   -4.20  0.03    0.40  0.02    0.41  0.02    0.90  0.02
    22     23   -5.04  0.02    0.44  0.02    0.44  0.02    0.93  0.01


Final results in kJ/mol:

point      0 -      1,   DG -18.19 +/-  0.02
point      1 -      2,   DG -14.38 +/-  0.02
point      2 -      3,   DG -7.27 +/-  0.02
point      3 -      4,   DG  5.00 +/-  0.06
point      4 -      5,   DG 21.85 +/-  0.47
point      5 -      6,   DG 12.13 +/-  0.30
point      6 -      7,   DG  7.75 +/-  0.19
point      7 -      8,   DG  4.95 +/-  0.11
point      8 -      9,   DG  3.21 +/-  0.04
point      9 -     10,   DG  2.03 +/-  0.07
point     10 -     11,   DG  1.01 +/-  0.05
point     11 -     12,   DG  0.20 +/-  0.04
point     12 -     13,   DG -0.33 +/-  0.03
point     13 -     14,   DG -0.72 +/-  0.04
point     14 -     15,   DG -1.07 +/-  0.02
point     15 -     16,   DG -1.34 +/-  0.04
point     16 -     17,   DG -4.53 +/-  0.03
point     17 -     18,   DG -3.87 +/-  0.02
point     18 -     19,   DG -5.24 +/-  0.04
point     19 -     20,   DG -6.75 +/-  0.06
point     20 -     21,   DG -8.52 +/-  0.05
point     21 -     22,   DG -10.47 +/-  0.06
point     22 -     23,   DG -12.57 +/-  0.06

total      0 -     23,   DG -37.10 +/-  0.99

