lambda_00/bar.xvg: 0.0 - 968.9; lambda = (0, 0)
    dH/dl & foreign lambdas:
        dH/dl (coul-lambda) (9690 pts)
        dH/dl (vdw-lambda) (9690 pts)
        delta H to (0, 0) (9690 pts)
        delta H to (0, 0.1) (9690 pts)


lambda_01/bar.xvg: 0.0 - 971.3; lambda = (0, 0.1)
    dH/dl & foreign lambdas:
        dH/dl (coul-lambda) (9714 pts)
        dH/dl (vdw-lambda) (9714 pts)
        delta H to (0, 0) (9714 pts)
        delta H to (0, 0.1) (9714 pts)
        delta H to (0, 0.2) (9714 pts)


lambda_02/bar.xvg: 0.0 - 971.1; lambda = (0, 0.2)
    dH/dl & foreign lambdas:
        dH/dl (coul-lambda) (9712 pts)
        dH/dl (vdw-lambda) (9712 pts)
        delta H to (0, 0.1) (9712 pts)
        delta H to (0, 0.2) (9712 pts)
        delta H to (0, 0.3) (9712 pts)


lambda_03/bar.xvg: 0.0 - 974.1; lambda = (0, 0.3)
    dH/dl & foreign lambdas:
        dH/dl (coul-lambda) (9742 pts)
        dH/dl (vdw-lambda) (9742 pts)
        delta H to (0, 0.2) (9742 pts)
        delta H to (0, 0.3) (9742 pts)
        delta H to (0, 0.4) (9742 pts)


lambda_04/bar.xvg: 0.0 - 972.8; lambda = (0, 0.4)
    dH/dl & foreign lambdas:
        dH/dl (coul-lambda) (9729 pts)
        dH/dl (vdw-lambda) (9729 pts)
        delta H to (0, 0.3) (9729 pts)
        delta H to (0, 0.4) (9729 pts)
        delta H to (0, 0.5) (9729 pts)


lambda_05/bar.xvg: 0.0 - 973.2; lambda = (0, 0.5)
    dH/dl & foreign lambdas:
        dH/dl (coul-lambda) (9733 pts)
        dH/dl (vdw-lambda) (9733 pts)
        delta H to (0, 0.4) (9733 pts)
        delta H to (0, 0.5) (9733 pts)
        delta H to (0, 0.55) (9733 pts)


lambda_06/bar.xvg: 0.0 - 971.9; lambda = (0, 0.55)
    dH/dl & foreign lambdas:
        dH/dl (coul-lambda) (9720 pts)
        dH/dl (vdw-lambda) (9720 pts)
        delta H to (0, 0.5) (9720 pts)
        delta H to (0, 0.55) (9720 pts)
        delta H to (0, 0.6) (9720 pts)


lambda_07/bar.xvg: 0.0 - 970.2; lambda = (0, 0.6)
    dH/dl & foreign lambdas:
        dH/dl (coul-lambda) (9703 pts)
        dH/dl (vdw-lambda) (9703 pts)
        delta H to (0, 0.55) (9703 pts)
        delta H to (0, 0.6) (9703 pts)
        delta H to (0, 0.65) (9703 pts)


lambda_08/bar.xvg: 0.0 - 968.3; lambda = (0, 0.65)
    dH/dl & foreign lambdas:
        dH/dl (coul-lambda) (9684 pts)
        dH/dl (vdw-lambda) (9684 pts)
        delta H to (0, 0.6) (9684 pts)
        delta H to (0, 0.65) (9684 pts)
        delta H to (0, 0.7) (9684 pts)


lambda_09/bar.xvg: 0.0 - 965.5; lambda = (0, 0.7)
    dH/dl & foreign lambdas:
        dH/dl (coul-lambda) (9656 pts)
        dH/dl (vdw-lambda) (9656 pts)
        delta H to (0, 0.65) (9656 pts)
        delta H to (0, 0.7) (9656 pts)
        delta H to (0, 0.75) (9656 pts)


lambda_10/bar.xvg: 0.0 - 963.2; lambda = (0, 0.75)
    dH/dl & foreign lambdas:
        dH/dl (coul-lambda) (9633 pts)
        dH/dl (vdw-lambda) (9633 pts)
        delta H to (0, 0.7) (9633 pts)
        delta H to (0, 0.75) (9633 pts)
        delta H to (0, 0.8) (9633 pts)


lambda_11/bar.xvg: 0.0 - 974.9; lambda = (0, 0.8)
    dH/dl & foreign lambdas:
        dH/dl (coul-lambda) (9750 pts)
        dH/dl (vdw-lambda) (9750 pts)
        delta H to (0, 0.75) (9750 pts)
        delta H to (0, 0.8) (9750 pts)
        delta H to (0, 0.85) (9750 pts)


lambda_12/bar.xvg: 0.0 - 973.3; lambda = (0, 0.85)
    dH/dl & foreign lambdas:
        dH/dl (coul-lambda) (9734 pts)
        dH/dl (vdw-lambda) (9734 pts)
        delta H to (0, 0.8) (9734 pts)
        delta H to (0, 0.85) (9734 pts)
        delta H to (0, 0.9) (9734 pts)


lambda_13/bar.xvg: 0.0 - 972.1; lambda = (0, 0.9)
    dH/dl & foreign lambdas:
        dH/dl (coul-lambda) (9722 pts)
        dH/dl (vdw-lambda) (9722 pts)
        delta H to (0, 0.85) (9722 pts)
        delta H to (0, 0.9) (9722 pts)
        delta H to (0, 0.95) (9722 pts)


lambda_14/bar.xvg: 0.0 - 971.4; lambda = (0, 0.95)
    dH/dl & foreign lambdas:
        dH/dl (coul-lambda) (9715 pts)
        dH/dl (vdw-lambda) (9715 pts)
        delta H to (0, 0.9) (9715 pts)
        delta H to (0, 0.95) (9715 pts)
        delta H to (0, 1) (9715 pts)


lambda_15/bar.xvg: 0.0 - 970.5; lambda = (0, 1)
    dH/dl & foreign lambdas:
        dH/dl (coul-lambda) (9706 pts)
        dH/dl (vdw-lambda) (9706 pts)
        delta H to (0, 0.95) (9706 pts)
        delta H to (0, 1) (9706 pts)
        delta H to (0.2, 1) (9706 pts)


lambda_16/bar.xvg: 0.0 - 976.2; lambda = (0.2, 1)
    dH/dl & foreign lambdas:
        dH/dl (coul-lambda) (9763 pts)
        dH/dl (vdw-lambda) (9763 pts)
        delta H to (0, 1) (9763 pts)
        delta H to (0.2, 1) (9763 pts)
        delta H to (0.4, 1) (9763 pts)


lambda_17/bar.xvg: 0.0 - 967.1; lambda = (0.4, 1)
    dH/dl & foreign lambdas:
        dH/dl (coul-lambda) (9672 pts)
        dH/dl (vdw-lambda) (9672 pts)
        delta H to (0.2, 1) (9672 pts)
        delta H to (0.4, 1) (9672 pts)
        delta H to (0.5, 1) (9672 pts)


lambda_18/bar.xvg: 0.0 - 969.2; lambda = (0.5, 1)
    dH/dl & foreign lambdas:
        dH/dl (coul-lambda) (9693 pts)
        dH/dl (vdw-lambda) (9693 pts)
        delta H to (0.4, 1) (9693 pts)
        delta H to (0.5, 1) (9693 pts)
        delta H to (0.6, 1) (9693 pts)


lambda_19/bar.xvg: 0.0 - 971.2; lambda = (0.6, 1)
    dH/dl & foreign lambdas:
        dH/dl (coul-lambda) (9713 pts)
        dH/dl (vdw-lambda) (9713 pts)
        delta H to (0.5, 1) (9713 pts)
        delta H to (0.6, 1) (9713 pts)
        delta H to (0.7, 1) (9713 pts)


lambda_20/bar.xvg: 0.0 - 973.4; lambda = (0.7, 1)
    dH/dl & foreign lambdas:
        dH/dl (coul-lambda) (9735 pts)
        dH/dl (vdw-lambda) (9735 pts)
        delta H to (0.6, 1) (9735 pts)
        delta H to (0.7, 1) (9735 pts)
        delta H to (0.8, 1) (9735 pts)


lambda_21/bar.xvg: 0.0 - 975.7; lambda = (0.8, 1)
    dH/dl & foreign lambdas:
        dH/dl (coul-lambda) (9758 pts)
        dH/dl (vdw-lambda) (9758 pts)
        delta H to (0.7, 1) (9758 pts)
        delta H to (0.8, 1) (9758 pts)
        delta H to (0.9, 1) (9758 pts)


lambda_22/bar.xvg: 0.0 - 964.1; lambda = (0.9, 1)
    dH/dl & foreign lambdas:
        dH/dl (coul-lambda) (9642 pts)
        dH/dl (vdw-lambda) (9642 pts)
        delta H to (0.8, 1) (9642 pts)
        delta H to (0.9, 1) (9642 pts)
        delta H to (1, 1) (9642 pts)


lambda_23/bar.xvg: 0.0 - 964.8; lambda = (1, 1)
    dH/dl & foreign lambdas:
        dH/dl (coul-lambda) (9649 pts)
        dH/dl (vdw-lambda) (9649 pts)
        delta H to (0.9, 1) (9649 pts)
        delta H to (1, 1) (9649 pts)



   Samples in time interval: 0.000 - 976.200
Removing samples outside of: 100.000 - 976.200

Temperature: 300 K

Detailed results in kT (see help for explanation):

 lam_A  lam_B      DG   +/-     s_A   +/-     s_B   +/-   stdev   +/- 
     0      1   -6.42  0.00    0.02  0.00    0.02  0.00    0.22  0.00
     1      2   -5.07  0.00    0.02  0.00    0.02  0.00    0.22  0.00
     2      3   -2.56  0.01    0.07  0.00    0.07  0.00    0.36  0.01
     3      4    1.86  0.02    0.32  0.02    0.35  0.02    0.82  0.01
     4      5    7.92  0.05    2.40  0.05    2.87  0.06    2.68  0.06
     5      6    4.49  0.02    2.08  0.05    1.80  0.04    2.22  0.02
     6      7    2.97  0.04    2.34  0.05    1.52  0.01    2.06  0.02
     7      8    1.94  0.02    1.51  0.06    1.08  0.04    1.66  0.02
     8      9    1.27  0.02    1.30  0.04    0.92  0.02    1.51  0.02
     9     10    0.76  0.02    1.06  0.03    0.74  0.02    1.34  0.01
    10     11    0.42  0.02    0.86  0.02    0.61  0.02    1.21  0.01
    11     12    0.16  0.01    0.79  0.01    0.56  0.01    1.14  0.01
    12     13   -0.06  0.01    0.66  0.01    0.47  0.01    1.05  0.01
    13     14   -0.21  0.01    0.61  0.01    0.43  0.01    0.99  0.01
    14     15   -0.35  0.01    0.55  0.01    0.39  0.01    0.94  0.01
    15     16   -0.53  0.01    0.50  0.02    0.53  0.01    1.03  0.01
    16     17   -1.73  0.02    0.68  0.02    0.76  0.02    1.20  0.01
    17     18   -1.47  0.01    0.22  0.01    0.24  0.01    0.68  0.00
    18     19   -1.93  0.02    0.23  0.01    0.24  0.01    0.74  0.00
    19     20   -2.47  0.01    0.29  0.02    0.31  0.02    0.79  0.01
    20     21   -3.16  0.01    0.38  0.01    0.40  0.01    0.86  0.01
    21     22   -3.90  0.01    0.35  0.02    0.36  0.02    0.87  0.00
    22     23   -4.66  0.01    0.39  0.03    0.40  0.03    0.90  0.01


Final results in kJ/mol:

point      0 -      1,   DG -16.00 +/-  0.01
point      1 -      2,   DG -12.64 +/-  0.00
point      2 -      3,   DG -6.38 +/-  0.03
point      3 -      4,   DG  4.63 +/-  0.04
point      4 -      5,   DG 19.75 +/-  0.11
point      5 -      6,   DG 11.20 +/-  0.06
point      6 -      7,   DG  7.40 +/-  0.10
point      7 -      8,   DG  4.83 +/-  0.05
point      8 -      9,   DG  3.18 +/-  0.05
point      9 -     10,   DG  1.89 +/-  0.05
point     10 -     11,   DG  1.04 +/-  0.06
point     11 -     12,   DG  0.40 +/-  0.03
point     12 -     13,   DG -0.15 +/-  0.02
point     13 -     14,   DG -0.54 +/-  0.02
point     14 -     15,   DG -0.86 +/-  0.01
point     15 -     16,   DG -1.32 +/-  0.04
point     16 -     17,   DG -4.32 +/-  0.04
point     17 -     18,   DG -3.66 +/-  0.03
point     18 -     19,   DG -4.82 +/-  0.05
point     19 -     20,   DG -6.16 +/-  0.03
point     20 -     21,   DG -7.88 +/-  0.02
point     21 -     22,   DG -9.74 +/-  0.04
point     22 -     23,   DG -11.61 +/-  0.04

total      0 -     23,   DG -31.78 +/-  0.18

