lambda_00/bar.xvg: 0.0 - 968.9; lambda = (0, 0)
    dH/dl & foreign lambdas:
        dH/dl (coul-lambda) (9690 pts)
        dH/dl (vdw-lambda) (9690 pts)
        delta H to (0, 0) (9690 pts)
        delta H to (0, 0.1) (9690 pts)


lambda_01/bar.xvg: 0.0 - 970.8; lambda = (0, 0.1)
    dH/dl & foreign lambdas:
        dH/dl (coul-lambda) (9709 pts)
        dH/dl (vdw-lambda) (9709 pts)
        delta H to (0, 0) (9709 pts)
        delta H to (0, 0.1) (9709 pts)
        delta H to (0, 0.2) (9709 pts)


lambda_02/bar.xvg: 0.0 - 971.1; lambda = (0, 0.2)
    dH/dl & foreign lambdas:
        dH/dl (coul-lambda) (9712 pts)
        dH/dl (vdw-lambda) (9712 pts)
        delta H to (0, 0.1) (9712 pts)
        delta H to (0, 0.2) (9712 pts)
        delta H to (0, 0.3) (9712 pts)


lambda_03/bar.xvg: 0.0 - 973.9; lambda = (0, 0.3)
    dH/dl & foreign lambdas:
        dH/dl (coul-lambda) (9740 pts)
        dH/dl (vdw-lambda) (9740 pts)
        delta H to (0, 0.2) (9740 pts)
        delta H to (0, 0.3) (9740 pts)
        delta H to (0, 0.4) (9740 pts)


lambda_04/bar.xvg: 0.0 - 972.7; lambda = (0, 0.4)
    dH/dl & foreign lambdas:
        dH/dl (coul-lambda) (9728 pts)
        dH/dl (vdw-lambda) (9728 pts)
        delta H to (0, 0.3) (9728 pts)
        delta H to (0, 0.4) (9728 pts)
        delta H to (0, 0.5) (9728 pts)


lambda_05/bar.xvg: 0.0 - 973.4; lambda = (0, 0.5)
    dH/dl & foreign lambdas:
        dH/dl (coul-lambda) (9735 pts)
        dH/dl (vdw-lambda) (9735 pts)
        delta H to (0, 0.4) (9735 pts)
        delta H to (0, 0.5) (9735 pts)
        delta H to (0, 0.55) (9735 pts)


lambda_06/bar.xvg: 0.0 - 971.9; lambda = (0, 0.55)
    dH/dl & foreign lambdas:
        dH/dl (coul-lambda) (9720 pts)
        dH/dl (vdw-lambda) (9720 pts)
        delta H to (0, 0.5) (9720 pts)
        delta H to (0, 0.55) (9720 pts)
        delta H to (0, 0.6) (9720 pts)


lambda_07/bar.xvg: 0.0 - 970.1; lambda = (0, 0.6)
    dH/dl & foreign lambdas:
        dH/dl (coul-lambda) (9702 pts)
        dH/dl (vdw-lambda) (9702 pts)
        delta H to (0, 0.55) (9702 pts)
        delta H to (0, 0.6) (9702 pts)
        delta H to (0, 0.65) (9702 pts)


lambda_08/bar.xvg: 0.0 - 981.4; lambda = (0, 0.65)
    dH/dl & foreign lambdas:
        dH/dl (coul-lambda) (9815 pts)
        dH/dl (vdw-lambda) (9815 pts)
        delta H to (0, 0.6) (9815 pts)
        delta H to (0, 0.65) (9815 pts)
        delta H to (0, 0.7) (9815 pts)


lambda_09/bar.xvg: 0.0 - 979.3; lambda = (0, 0.7)
    dH/dl & foreign lambdas:
        dH/dl (coul-lambda) (9794 pts)
        dH/dl (vdw-lambda) (9794 pts)
        delta H to (0, 0.65) (9794 pts)
        delta H to (0, 0.7) (9794 pts)
        delta H to (0, 0.75) (9794 pts)


lambda_10/bar.xvg: 0.0 - 976.9; lambda = (0, 0.75)
    dH/dl & foreign lambdas:
        dH/dl (coul-lambda) (9770 pts)
        dH/dl (vdw-lambda) (9770 pts)
        delta H to (0, 0.7) (9770 pts)
        delta H to (0, 0.75) (9770 pts)
        delta H to (0, 0.8) (9770 pts)


lambda_11/bar.xvg: 0.0 - 975.0; lambda = (0, 0.8)
    dH/dl & foreign lambdas:
        dH/dl (coul-lambda) (9751 pts)
        dH/dl (vdw-lambda) (9751 pts)
        delta H to (0, 0.75) (9751 pts)
        delta H to (0, 0.8) (9751 pts)
        delta H to (0, 0.85) (9751 pts)


lambda_12/bar.xvg: 0.0 - 973.7; lambda = (0, 0.85)
    dH/dl & foreign lambdas:
        dH/dl (coul-lambda) (9738 pts)
        dH/dl (vdw-lambda) (9738 pts)
        delta H to (0, 0.8) (9738 pts)
        delta H to (0, 0.85) (9738 pts)
        delta H to (0, 0.9) (9738 pts)


lambda_13/bar.xvg: 0.0 - 972.8; lambda = (0, 0.9)
    dH/dl & foreign lambdas:
        dH/dl (coul-lambda) (9729 pts)
        dH/dl (vdw-lambda) (9729 pts)
        delta H to (0, 0.85) (9729 pts)
        delta H to (0, 0.9) (9729 pts)
        delta H to (0, 0.95) (9729 pts)


lambda_14/bar.xvg: 0.0 - 971.6; lambda = (0, 0.95)
    dH/dl & foreign lambdas:
        dH/dl (coul-lambda) (9717 pts)
        dH/dl (vdw-lambda) (9717 pts)
        delta H to (0, 0.9) (9717 pts)
        delta H to (0, 0.95) (9717 pts)
        delta H to (0, 1) (9717 pts)


lambda_15/bar.xvg: 0.0 - 971.7; lambda = (0, 1)
    dH/dl & foreign lambdas:
        dH/dl (coul-lambda) (9718 pts)
        dH/dl (vdw-lambda) (9718 pts)
        delta H to (0, 0.95) (9718 pts)
        delta H to (0, 1) (9718 pts)
        delta H to (0.2, 1) (9718 pts)


lambda_16/bar.xvg: 0.0 - 976.1; lambda = (0.2, 1)
    dH/dl & foreign lambdas:
        dH/dl (coul-lambda) (9762 pts)
        dH/dl (vdw-lambda) (9762 pts)
        delta H to (0, 1) (9762 pts)
        delta H to (0.2, 1) (9762 pts)
        delta H to (0.4, 1) (9762 pts)


lambda_17/bar.xvg: 0.0 - 980.1; lambda = (0.4, 1)
    dH/dl & foreign lambdas:
        dH/dl (coul-lambda) (9802 pts)
        dH/dl (vdw-lambda) (9802 pts)
        delta H to (0.2, 1) (9802 pts)
        delta H to (0.4, 1) (9802 pts)
        delta H to (0.5, 1) (9802 pts)


lambda_18/bar.xvg: 0.0 - 982.7; lambda = (0.5, 1)
    dH/dl & foreign lambdas:
        dH/dl (coul-lambda) (9828 pts)
        dH/dl (vdw-lambda) (9828 pts)
        delta H to (0.4, 1) (9828 pts)
        delta H to (0.5, 1) (9828 pts)
        delta H to (0.6, 1) (9828 pts)


lambda_19/bar.xvg: 0.0 - 971.6; lambda = (0.6, 1)
    dH/dl & foreign lambdas:
        dH/dl (coul-lambda) (9717 pts)
        dH/dl (vdw-lambda) (9717 pts)
        delta H to (0.5, 1) (9717 pts)
        delta H to (0.6, 1) (9717 pts)
        delta H to (0.7, 1) (9717 pts)


lambda_20/bar.xvg: 0.0 - 973.6; lambda = (0.7, 1)
    dH/dl & foreign lambdas:
        dH/dl (coul-lambda) (9737 pts)
        dH/dl (vdw-lambda) (9737 pts)
        delta H to (0.6, 1) (9737 pts)
        delta H to (0.7, 1) (9737 pts)
        delta H to (0.8, 1) (9737 pts)


lambda_21/bar.xvg: 0.0 - 975.9; lambda = (0.8, 1)
    dH/dl & foreign lambdas:
        dH/dl (coul-lambda) (9760 pts)
        dH/dl (vdw-lambda) (9760 pts)
        delta H to (0.7, 1) (9760 pts)
        delta H to (0.8, 1) (9760 pts)
        delta H to (0.9, 1) (9760 pts)


lambda_22/bar.xvg: 0.0 - 977.9; lambda = (0.9, 1)
    dH/dl & foreign lambdas:
        dH/dl (coul-lambda) (9780 pts)
        dH/dl (vdw-lambda) (9780 pts)
        delta H to (0.8, 1) (9780 pts)
        delta H to (0.9, 1) (9780 pts)
        delta H to (1, 1) (9780 pts)


lambda_23/bar.xvg: 0.0 - 981.4; lambda = (1, 1)
    dH/dl & foreign lambdas:
        dH/dl (coul-lambda) (9815 pts)
        dH/dl (vdw-lambda) (9815 pts)
        delta H to (0.9, 1) (9815 pts)
        delta H to (1, 1) (9815 pts)



   Samples in time interval: 0.000 - 982.700
Removing samples outside of: 100.000 - 982.700

Temperature: 300 K

Detailed results in kT (see help for explanation):

 lam_A  lam_B      DG   +/-     s_A   +/-     s_B   +/-   stdev   +/- 
     0      1   -6.81  0.00    0.03  0.01    0.03  0.01    0.24  0.00
     1      2   -5.39  0.00    0.03  0.01    0.03  0.01    0.23  0.00
     2      3   -2.73  0.01    0.08  0.01    0.08  0.01    0.38  0.00
     3      4    1.87  0.03    0.42  0.03    0.45  0.04    0.90  0.02
     4      5    8.16  0.14    2.40  0.10    2.81  0.10    2.65  0.07
     5      6    4.60  0.10    2.36  0.08    2.00  0.09    2.38  0.05
     6      7    2.97  0.03    2.28  0.03    1.50  0.04    2.12  0.02
     7      8    1.86  0.02    1.69  0.05    1.14  0.03    1.71  0.01
     8      9    1.18  0.00    1.26  0.03    0.88  0.03    1.48  0.02
     9     10    0.71  0.03    1.09  0.02    0.77  0.02    1.36  0.01
    10     11    0.33  0.01    0.91  0.02    0.63  0.01    1.23  0.01
    11     12    0.09  0.01    0.77  0.02    0.54  0.01    1.13  0.01
    12     13   -0.10  0.01    0.70  0.02    0.49  0.02    1.07  0.01
    13     14   -0.28  0.01    0.63  0.02    0.45  0.02    1.01  0.01
    14     15   -0.41  0.01    0.53  0.01    0.38  0.01    0.94  0.00
    15     16   -0.53  0.01    0.57  0.03    0.61  0.03    1.08  0.01
    16     17   -1.83  0.04    0.69  0.03    0.79  0.03    1.25  0.01
    17     18   -1.56  0.02    0.25  0.02    0.26  0.02    0.71  0.00
    18     19   -2.12  0.01    0.29  0.02    0.31  0.02    0.77  0.01
    19     20   -2.74  0.02    0.31  0.02    0.32  0.02    0.82  0.01
    20     21   -3.43  0.01    0.36  0.02    0.37  0.02    0.87  0.01
    21     22   -4.25  0.01    0.44  0.01    0.45  0.01    0.92  0.01
    22     23   -5.09  0.03    0.39  0.02    0.39  0.02    0.91  0.01


Final results in kJ/mol:

point      0 -      1,   DG -16.99 +/-  0.01
point      1 -      2,   DG -13.44 +/-  0.01
point      2 -      3,   DG -6.82 +/-  0.03
point      3 -      4,   DG  4.66 +/-  0.07
point      4 -      5,   DG 20.35 +/-  0.35
point      5 -      6,   DG 11.48 +/-  0.24
point      6 -      7,   DG  7.41 +/-  0.08
point      7 -      8,   DG  4.64 +/-  0.06
point      8 -      9,   DG  2.94 +/-  0.01
point      9 -     10,   DG  1.77 +/-  0.06
point     10 -     11,   DG  0.83 +/-  0.02
point     11 -     12,   DG  0.23 +/-  0.02
point     12 -     13,   DG -0.25 +/-  0.03
point     13 -     14,   DG -0.70 +/-  0.03
point     14 -     15,   DG -1.02 +/-  0.02
point     15 -     16,   DG -1.33 +/-  0.03
point     16 -     17,   DG -4.58 +/-  0.09
point     17 -     18,   DG -3.89 +/-  0.04
point     18 -     19,   DG -5.29 +/-  0.02
point     19 -     20,   DG -6.84 +/-  0.04
point     20 -     21,   DG -8.55 +/-  0.02
point     21 -     22,   DG -10.59 +/-  0.04
point     22 -     23,   DG -12.69 +/-  0.07

total      0 -     23,   DG -38.67 +/-  0.55

