lambda_00/bar.xvg: 0.0 - 937.0; lambda = (0, 0)
    dH/dl & foreign lambdas:
        dH/dl (coul-lambda) (9371 pts)
        dH/dl (vdw-lambda) (9371 pts)
        delta H to (0, 0) (9371 pts)
        delta H to (0, 0.1) (9371 pts)


lambda_01/bar.xvg: 0.0 - 944.4; lambda = (0, 0.1)
    dH/dl & foreign lambdas:
        dH/dl (coul-lambda) (9445 pts)
        dH/dl (vdw-lambda) (9445 pts)
        delta H to (0, 0) (9445 pts)
        delta H to (0, 0.1) (9445 pts)
        delta H to (0, 0.2) (9445 pts)


lambda_02/bar.xvg: 0.0 - 944.0; lambda = (0, 0.2)
    dH/dl & foreign lambdas:
        dH/dl (coul-lambda) (9441 pts)
        dH/dl (vdw-lambda) (9441 pts)
        delta H to (0, 0.1) (9441 pts)
        delta H to (0, 0.2) (9441 pts)
        delta H to (0, 0.3) (9441 pts)


lambda_03/bar.xvg: 0.0 - 946.5; lambda = (0, 0.3)
    dH/dl & foreign lambdas:
        dH/dl (coul-lambda) (9466 pts)
        dH/dl (vdw-lambda) (9466 pts)
        delta H to (0, 0.2) (9466 pts)
        delta H to (0, 0.3) (9466 pts)
        delta H to (0, 0.4) (9466 pts)


lambda_04/bar.xvg: 0.0 - 945.8; lambda = (0, 0.4)
    dH/dl & foreign lambdas:
        dH/dl (coul-lambda) (9459 pts)
        dH/dl (vdw-lambda) (9459 pts)
        delta H to (0, 0.3) (9459 pts)
        delta H to (0, 0.4) (9459 pts)
        delta H to (0, 0.5) (9459 pts)


lambda_05/bar.xvg: 0.0 - 946.1; lambda = (0, 0.5)
    dH/dl & foreign lambdas:
        dH/dl (coul-lambda) (9462 pts)
        dH/dl (vdw-lambda) (9462 pts)
        delta H to (0, 0.4) (9462 pts)
        delta H to (0, 0.5) (9462 pts)
        delta H to (0, 0.55) (9462 pts)


lambda_06/bar.xvg: 0.0 - 944.8; lambda = (0, 0.55)
    dH/dl & foreign lambdas:
        dH/dl (coul-lambda) (9449 pts)
        dH/dl (vdw-lambda) (9449 pts)
        delta H to (0, 0.5) (9449 pts)
        delta H to (0, 0.55) (9449 pts)
        delta H to (0, 0.6) (9449 pts)


lambda_07/bar.xvg: 0.0 - 943.2; lambda = (0, 0.6)
    dH/dl & foreign lambdas:
        dH/dl (coul-lambda) (9433 pts)
        dH/dl (vdw-lambda) (9433 pts)
        delta H to (0, 0.55) (9433 pts)
        delta H to (0, 0.6) (9433 pts)
        delta H to (0, 0.65) (9433 pts)


lambda_08/bar.xvg: 0.0 - 941.0; lambda = (0, 0.65)
    dH/dl & foreign lambdas:
        dH/dl (coul-lambda) (9411 pts)
        dH/dl (vdw-lambda) (9411 pts)
        delta H to (0, 0.6) (9411 pts)
        delta H to (0, 0.65) (9411 pts)
        delta H to (0, 0.7) (9411 pts)


lambda_09/bar.xvg: 0.0 - 939.2; lambda = (0, 0.7)
    dH/dl & foreign lambdas:
        dH/dl (coul-lambda) (9393 pts)
        dH/dl (vdw-lambda) (9393 pts)
        delta H to (0, 0.65) (9393 pts)
        delta H to (0, 0.7) (9393 pts)
        delta H to (0, 0.75) (9393 pts)


lambda_10/bar.xvg: 0.0 - 937.0; lambda = (0, 0.75)
    dH/dl & foreign lambdas:
        dH/dl (coul-lambda) (9371 pts)
        dH/dl (vdw-lambda) (9371 pts)
        delta H to (0, 0.7) (9371 pts)
        delta H to (0, 0.75) (9371 pts)
        delta H to (0, 0.8) (9371 pts)


lambda_11/bar.xvg: 0.0 - 935.4; lambda = (0, 0.8)
    dH/dl & foreign lambdas:
        dH/dl (coul-lambda) (9355 pts)
        dH/dl (vdw-lambda) (9355 pts)
        delta H to (0, 0.75) (9355 pts)
        delta H to (0, 0.8) (9355 pts)
        delta H to (0, 0.85) (9355 pts)


lambda_12/bar.xvg: 0.0 - 946.9; lambda = (0, 0.85)
    dH/dl & foreign lambdas:
        dH/dl (coul-lambda) (9470 pts)
        dH/dl (vdw-lambda) (9470 pts)
        delta H to (0, 0.8) (9470 pts)
        delta H to (0, 0.85) (9470 pts)
        delta H to (0, 0.9) (9470 pts)


lambda_13/bar.xvg: 0.0 - 945.9; lambda = (0, 0.9)
    dH/dl & foreign lambdas:
        dH/dl (coul-lambda) (9460 pts)
        dH/dl (vdw-lambda) (9460 pts)
        delta H to (0, 0.85) (9460 pts)
        delta H to (0, 0.9) (9460 pts)
        delta H to (0, 0.95) (9460 pts)


lambda_14/bar.xvg: 0.0 - 945.1; lambda = (0, 0.95)
    dH/dl & foreign lambdas:
        dH/dl (coul-lambda) (9452 pts)
        dH/dl (vdw-lambda) (9452 pts)
        delta H to (0, 0.9) (9452 pts)
        delta H to (0, 0.95) (9452 pts)
        delta H to (0, 1) (9452 pts)


lambda_15/bar.xvg: 0.0 - 944.8; lambda = (0, 1)
    dH/dl & foreign lambdas:
        dH/dl (coul-lambda) (9449 pts)
        dH/dl (vdw-lambda) (9449 pts)
        delta H to (0, 0.95) (9449 pts)
        delta H to (0, 1) (9449 pts)
        delta H to (0.2, 1) (9449 pts)


lambda_16/bar.xvg: 0.0 - 936.5; lambda = (0.2, 1)
    dH/dl & foreign lambdas:
        dH/dl (coul-lambda) (9366 pts)
        dH/dl (vdw-lambda) (9366 pts)
        delta H to (0, 1) (9366 pts)
        delta H to (0.2, 1) (9366 pts)
        delta H to (0.4, 1) (9366 pts)


lambda_17/bar.xvg: 0.0 - 940.2; lambda = (0.4, 1)
    dH/dl & foreign lambdas:
        dH/dl (coul-lambda) (9403 pts)
        dH/dl (vdw-lambda) (9403 pts)
        delta H to (0.2, 1) (9403 pts)
        delta H to (0.4, 1) (9403 pts)
        delta H to (0.5, 1) (9403 pts)


lambda_18/bar.xvg: 0.0 - 942.3; lambda = (0.5, 1)
    dH/dl & foreign lambdas:
        dH/dl (coul-lambda) (9424 pts)
        dH/dl (vdw-lambda) (9424 pts)
        delta H to (0.4, 1) (9424 pts)
        delta H to (0.5, 1) (9424 pts)
        delta H to (0.6, 1) (9424 pts)


lambda_19/bar.xvg: 0.0 - 944.6; lambda = (0.6, 1)
    dH/dl & foreign lambdas:
        dH/dl (coul-lambda) (9447 pts)
        dH/dl (vdw-lambda) (9447 pts)
        delta H to (0.5, 1) (9447 pts)
        delta H to (0.6, 1) (9447 pts)
        delta H to (0.7, 1) (9447 pts)


lambda_20/bar.xvg: 0.0 - 946.8; lambda = (0.7, 1)
    dH/dl & foreign lambdas:
        dH/dl (coul-lambda) (9469 pts)
        dH/dl (vdw-lambda) (9469 pts)
        delta H to (0.6, 1) (9469 pts)
        delta H to (0.7, 1) (9469 pts)
        delta H to (0.8, 1) (9469 pts)


lambda_21/bar.xvg: 0.0 - 935.6; lambda = (0.8, 1)
    dH/dl & foreign lambdas:
        dH/dl (coul-lambda) (9357 pts)
        dH/dl (vdw-lambda) (9357 pts)
        delta H to (0.7, 1) (9357 pts)
        delta H to (0.8, 1) (9357 pts)
        delta H to (0.9, 1) (9357 pts)


lambda_22/bar.xvg: 0.0 - 937.4; lambda = (0.9, 1)
    dH/dl & foreign lambdas:
        dH/dl (coul-lambda) (9375 pts)
        dH/dl (vdw-lambda) (9375 pts)
        delta H to (0.8, 1) (9375 pts)
        delta H to (0.9, 1) (9375 pts)
        delta H to (1, 1) (9375 pts)


lambda_23/bar.xvg: 0.0 - 948.4; lambda = (1, 1)
    dH/dl & foreign lambdas:
        dH/dl (coul-lambda) (9485 pts)
        dH/dl (vdw-lambda) (9485 pts)
        delta H to (0.9, 1) (9485 pts)
        delta H to (1, 1) (9485 pts)



   Samples in time interval: 0.000 - 948.400
Removing samples outside of: 100.000 - 948.400

Temperature: 300 K

Detailed results in kT (see help for explanation):

 lam_A  lam_B      DG   +/-     s_A   +/-     s_B   +/-   stdev   +/- 
     0      1   -6.82  0.01    0.02  0.01    0.02  0.01    0.24  0.00
     1      2   -5.39  0.01    0.04  0.00    0.04  0.00    0.24  0.00
     2      3   -2.74  0.01    0.06  0.01    0.07  0.01    0.38  0.00
     3      4    1.90  0.03    0.39  0.02    0.43  0.02    0.90  0.01
     4      5    8.14  0.07    2.52  0.05    2.91  0.07    2.80  0.03
     5      6    4.60  0.04    2.26  0.06    1.94  0.06    2.31  0.03
     6      7    2.96  0.04    2.37  0.07    1.53  0.03    2.12  0.02
     7      8    1.89  0.03    1.62  0.04    1.13  0.02    1.70  0.02
     8      9    1.20  0.03    1.30  0.04    0.91  0.02    1.50  0.02
     9     10    0.74  0.04    1.06  0.02    0.74  0.01    1.34  0.01
    10     11    0.38  0.02    0.95  0.03    0.67  0.02    1.25  0.01
    11     12    0.08  0.01    0.79  0.01    0.56  0.01    1.15  0.00
    12     13   -0.13  0.01    0.69  0.01    0.49  0.01    1.06  0.01
    13     14   -0.28  0.01    0.61  0.01    0.43  0.00    1.00  0.00
    14     15   -0.40  0.01    0.56  0.00    0.40  0.00    0.96  0.01
    15     16   -0.50  0.02    0.55  0.01    0.58  0.01    1.05  0.01
    16     17   -1.73  0.02    0.65  0.01    0.74  0.02    1.20  0.01
    17     18   -1.46  0.01    0.22  0.01    0.24  0.01    0.68  0.00
    18     19   -1.97  0.01    0.28  0.01    0.29  0.01    0.75  0.00
    19     20   -2.57  0.02    0.31  0.01    0.32  0.01    0.81  0.01
    20     21   -3.24  0.02    0.35  0.01    0.36  0.01    0.84  0.01
    21     22   -3.97  0.01    0.37  0.01    0.38  0.01    0.86  0.01
    22     23   -4.72  0.01    0.37  0.02    0.38  0.02    0.88  0.01


Final results in kJ/mol:

point      0 -      1,   DG -17.00 +/-  0.02
point      1 -      2,   DG -13.45 +/-  0.02
point      2 -      3,   DG -6.84 +/-  0.03
point      3 -      4,   DG  4.73 +/-  0.07
point      4 -      5,   DG 20.29 +/-  0.16
point      5 -      6,   DG 11.46 +/-  0.11
point      6 -      7,   DG  7.39 +/-  0.11
point      7 -      8,   DG  4.72 +/-  0.09
point      8 -      9,   DG  3.00 +/-  0.06
point      9 -     10,   DG  1.83 +/-  0.09
point     10 -     11,   DG  0.96 +/-  0.06
point     11 -     12,   DG  0.21 +/-  0.04
point     12 -     13,   DG -0.32 +/-  0.03
point     13 -     14,   DG -0.70 +/-  0.02
point     14 -     15,   DG -1.01 +/-  0.03
point     15 -     16,   DG -1.26 +/-  0.04
point     16 -     17,   DG -4.32 +/-  0.05
point     17 -     18,   DG -3.64 +/-  0.03
point     18 -     19,   DG -4.91 +/-  0.03
point     19 -     20,   DG -6.41 +/-  0.05
point     20 -     21,   DG -8.09 +/-  0.04
point     21 -     22,   DG -9.90 +/-  0.01
point     22 -     23,   DG -11.76 +/-  0.04

total      0 -     23,   DG -35.02 +/-  0.16

