lambda_00/bar.xvg: 0.0 - 364.6; lambda = (0, 0)
    dH/dl & foreign lambdas:
        dH/dl (coul-lambda) (3647 pts)
        dH/dl (vdw-lambda) (3647 pts)
        delta H to (0, 0) (3647 pts)
        delta H to (0, 0.1) (3647 pts)


lambda_01/bar.xvg: 0.0 - 371.8; lambda = (0, 0.1)
    dH/dl & foreign lambdas:
        dH/dl (coul-lambda) (3719 pts)
        dH/dl (vdw-lambda) (3719 pts)
        delta H to (0, 0) (3719 pts)
        delta H to (0, 0.1) (3719 pts)
        delta H to (0, 0.2) (3719 pts)


lambda_02/bar.xvg: 0.0 - 372.1; lambda = (0, 0.2)
    dH/dl & foreign lambdas:
        dH/dl (coul-lambda) (3722 pts)
        dH/dl (vdw-lambda) (3722 pts)
        delta H to (0, 0.1) (3722 pts)
        delta H to (0, 0.2) (3722 pts)
        delta H to (0, 0.3) (3722 pts)


lambda_03/bar.xvg: 0.0 - 364.4; lambda = (0, 0.3)
    dH/dl & foreign lambdas:
        dH/dl (coul-lambda) (3645 pts)
        dH/dl (vdw-lambda) (3645 pts)
        delta H to (0, 0.2) (3645 pts)
        delta H to (0, 0.3) (3645 pts)
        delta H to (0, 0.4) (3645 pts)


lambda_04/bar.xvg: 0.0 - 377.7; lambda = (0, 0.4)
    dH/dl & foreign lambdas:
        dH/dl (coul-lambda) (3778 pts)
        dH/dl (vdw-lambda) (3778 pts)
        delta H to (0, 0.3) (3778 pts)
        delta H to (0, 0.4) (3778 pts)
        delta H to (0, 0.5) (3778 pts)


lambda_05/bar.xvg: 0.0 - 364.3; lambda = (0, 0.5)
    dH/dl & foreign lambdas:
        dH/dl (coul-lambda) (3644 pts)
        dH/dl (vdw-lambda) (3644 pts)
        delta H to (0, 0.4) (3644 pts)
        delta H to (0, 0.5) (3644 pts)
        delta H to (0, 0.55) (3644 pts)


lambda_06/bar.xvg: 0.0 - 377.1; lambda = (0, 0.55)
    dH/dl & foreign lambdas:
        dH/dl (coul-lambda) (3772 pts)
        dH/dl (vdw-lambda) (3772 pts)
        delta H to (0, 0.5) (3772 pts)
        delta H to (0, 0.55) (3772 pts)
        delta H to (0, 0.6) (3772 pts)


lambda_07/bar.xvg: 0.0 - 376.5; lambda = (0, 0.6)
    dH/dl & foreign lambdas:
        dH/dl (coul-lambda) (3766 pts)
        dH/dl (vdw-lambda) (3766 pts)
        delta H to (0, 0.55) (3766 pts)
        delta H to (0, 0.6) (3766 pts)
        delta H to (0, 0.65) (3766 pts)


lambda_08/bar.xvg: 0.0 - 375.8; lambda = (0, 0.65)
    dH/dl & foreign lambdas:
        dH/dl (coul-lambda) (3759 pts)
        dH/dl (vdw-lambda) (3759 pts)
        delta H to (0, 0.6) (3759 pts)
        delta H to (0, 0.65) (3759 pts)
        delta H to (0, 0.7) (3759 pts)


lambda_09/bar.xvg: 0.0 - 374.6; lambda = (0, 0.7)
    dH/dl & foreign lambdas:
        dH/dl (coul-lambda) (3747 pts)
        dH/dl (vdw-lambda) (3747 pts)
        delta H to (0, 0.65) (3747 pts)
        delta H to (0, 0.7) (3747 pts)
        delta H to (0, 0.75) (3747 pts)


lambda_10/bar.xvg: 0.0 - 373.6; lambda = (0, 0.75)
    dH/dl & foreign lambdas:
        dH/dl (coul-lambda) (3737 pts)
        dH/dl (vdw-lambda) (3737 pts)
        delta H to (0, 0.7) (3737 pts)
        delta H to (0, 0.75) (3737 pts)
        delta H to (0, 0.8) (3737 pts)


lambda_11/bar.xvg: 0.0 - 372.6; lambda = (0, 0.8)
    dH/dl & foreign lambdas:
        dH/dl (coul-lambda) (3727 pts)
        dH/dl (vdw-lambda) (3727 pts)
        delta H to (0, 0.75) (3727 pts)
        delta H to (0, 0.8) (3727 pts)
        delta H to (0, 0.85) (3727 pts)


lambda_12/bar.xvg: 0.0 - 372.3; lambda = (0, 0.85)
    dH/dl & foreign lambdas:
        dH/dl (coul-lambda) (3724 pts)
        dH/dl (vdw-lambda) (3724 pts)
        delta H to (0, 0.8) (3724 pts)
        delta H to (0, 0.85) (3724 pts)
        delta H to (0, 0.9) (3724 pts)


lambda_13/bar.xvg: 0.0 - 371.8; lambda = (0, 0.9)
    dH/dl & foreign lambdas:
        dH/dl (coul-lambda) (3719 pts)
        dH/dl (vdw-lambda) (3719 pts)
        delta H to (0, 0.85) (3719 pts)
        delta H to (0, 0.9) (3719 pts)
        delta H to (0, 0.95) (3719 pts)


lambda_14/bar.xvg: 0.0 - 371.6; lambda = (0, 0.95)
    dH/dl & foreign lambdas:
        dH/dl (coul-lambda) (3717 pts)
        dH/dl (vdw-lambda) (3717 pts)
        delta H to (0, 0.9) (3717 pts)
        delta H to (0, 0.95) (3717 pts)
        delta H to (0, 1) (3717 pts)


lambda_15/bar.xvg: 0.0 - 371.6; lambda = (0, 1)
    dH/dl & foreign lambdas:
        dH/dl (coul-lambda) (3717 pts)
        dH/dl (vdw-lambda) (3717 pts)
        delta H to (0, 0.95) (3717 pts)
        delta H to (0, 1) (3717 pts)
        delta H to (0.2, 1) (3717 pts)


lambda_16/bar.xvg: 0.0 - 368.9; lambda = (0.2, 1)
    dH/dl & foreign lambdas:
        dH/dl (coul-lambda) (3690 pts)
        dH/dl (vdw-lambda) (3690 pts)
        delta H to (0, 1) (3690 pts)
        delta H to (0.2, 1) (3690 pts)
        delta H to (0.4, 1) (3690 pts)


lambda_17/bar.xvg: 0.0 - 370.3; lambda = (0.4, 1)
    dH/dl & foreign lambdas:
        dH/dl (coul-lambda) (3704 pts)
        dH/dl (vdw-lambda) (3704 pts)
        delta H to (0.2, 1) (3704 pts)
        delta H to (0.4, 1) (3704 pts)
        delta H to (0.5, 1) (3704 pts)


lambda_18/bar.xvg: 0.0 - 371.2; lambda = (0.5, 1)
    dH/dl & foreign lambdas:
        dH/dl (coul-lambda) (3713 pts)
        dH/dl (vdw-lambda) (3713 pts)
        delta H to (0.4, 1) (3713 pts)
        delta H to (0.5, 1) (3713 pts)
        delta H to (0.6, 1) (3713 pts)


lambda_19/bar.xvg: 0.0 - 372.1; lambda = (0.6, 1)
    dH/dl & foreign lambdas:
        dH/dl (coul-lambda) (3722 pts)
        dH/dl (vdw-lambda) (3722 pts)
        delta H to (0.5, 1) (3722 pts)
        delta H to (0.6, 1) (3722 pts)
        delta H to (0.7, 1) (3722 pts)


lambda_20/bar.xvg: 0.0 - 373.1; lambda = (0.7, 1)
    dH/dl & foreign lambdas:
        dH/dl (coul-lambda) (3732 pts)
        dH/dl (vdw-lambda) (3732 pts)
        delta H to (0.6, 1) (3732 pts)
        delta H to (0.7, 1) (3732 pts)
        delta H to (0.8, 1) (3732 pts)


lambda_21/bar.xvg: 0.0 - 374.0; lambda = (0.8, 1)
    dH/dl & foreign lambdas:
        dH/dl (coul-lambda) (3741 pts)
        dH/dl (vdw-lambda) (3741 pts)
        delta H to (0.7, 1) (3741 pts)
        delta H to (0.8, 1) (3741 pts)
        delta H to (0.9, 1) (3741 pts)


lambda_22/bar.xvg: 0.0 - 374.6; lambda = (0.9, 1)
    dH/dl & foreign lambdas:
        dH/dl (coul-lambda) (3747 pts)
        dH/dl (vdw-lambda) (3747 pts)
        delta H to (0.8, 1) (3747 pts)
        delta H to (0.9, 1) (3747 pts)
        delta H to (1, 1) (3747 pts)


lambda_23/bar.xvg: 0.0 - 375.6; lambda = (1, 1)
    dH/dl & foreign lambdas:
        dH/dl (coul-lambda) (3757 pts)
        dH/dl (vdw-lambda) (3757 pts)
        delta H to (0.9, 1) (3757 pts)
        delta H to (1, 1) (3757 pts)



   Samples in time interval: 0.000 - 377.700
Removing samples outside of: 100.000 - 377.700

Temperature: 300 K

Detailed results in kT (see help for explanation):

 lam_A  lam_B      DG   +/-     s_A   +/-     s_B   +/-   stdev   +/- 
     0      1   -5.51  0.01    0.03  0.01    0.03  0.01    0.21  0.01
     1      2   -4.37  0.01    0.03  0.01    0.03  0.01    0.21  0.00
     2      3   -2.24  0.01    0.05  0.02    0.05  0.02    0.35  0.01
     3      4    1.52  0.05    0.28  0.02    0.31  0.02    0.78  0.02
     4      5    6.72  0.13    1.97  0.06    2.32  0.11    2.39  0.07
     5      6    3.78  0.12    1.92  0.12    1.59  0.09    2.08  0.07
     6      7    2.55  0.12    1.82  0.10    1.21  0.05    1.82  0.06
     7      8    1.72  0.04    1.40  0.08    0.99  0.04    1.55  0.03
     8      9    1.08  0.02    1.14  0.03    0.80  0.02    1.38  0.01
     9     10    0.62  0.00    0.90  0.06    0.65  0.04    1.22  0.02
    10     11    0.30  0.01    0.74  0.06    0.51  0.04    1.10  0.02
    11     12    0.12  0.03    0.64  0.04    0.46  0.03    1.02  0.02
    12     13   -0.06  0.02    0.58  0.02    0.43  0.01    0.97  0.01
    13     14   -0.21  0.02    0.51  0.03    0.36  0.03    0.91  0.01
    14     15   -0.29  0.02    0.44  0.02    0.32  0.01    0.86  0.01
    15     16   -0.50  0.03    0.53  0.01    0.56  0.02    1.04  0.01
    16     17   -1.69  0.02    0.63  0.02    0.71  0.02    1.19  0.01
    17     18   -1.43  0.02    0.23  0.01    0.25  0.01    0.69  0.01
    18     19   -1.95  0.02    0.27  0.02    0.29  0.02    0.77  0.00
    19     20   -2.61  0.02    0.36  0.02    0.38  0.03    0.83  0.02
    20     21   -3.35  0.01    0.37  0.03    0.38  0.03    0.85  0.01
    21     22   -4.10  0.04    0.37  0.03    0.38  0.03    0.88  0.01
    22     23   -4.91  0.06    0.43  0.04    0.43  0.04    0.92  0.02


Final results in kJ/mol:

point      0 -      1,   DG -13.74 +/-  0.02
point      1 -      2,   DG -10.90 +/-  0.03
point      2 -      3,   DG -5.59 +/-  0.01
point      3 -      4,   DG  3.80 +/-  0.12
point      4 -      5,   DG 16.76 +/-  0.33
point      5 -      6,   DG  9.43 +/-  0.29
point      6 -      7,   DG  6.37 +/-  0.31
point      7 -      8,   DG  4.29 +/-  0.10
point      8 -      9,   DG  2.69 +/-  0.05
point      9 -     10,   DG  1.55 +/-  0.01
point     10 -     11,   DG  0.75 +/-  0.03
point     11 -     12,   DG  0.29 +/-  0.07
point     12 -     13,   DG -0.15 +/-  0.05
point     13 -     14,   DG -0.53 +/-  0.05
point     14 -     15,   DG -0.73 +/-  0.04
point     15 -     16,   DG -1.24 +/-  0.06
point     16 -     17,   DG -4.22 +/-  0.05
point     17 -     18,   DG -3.58 +/-  0.05
point     18 -     19,   DG -4.87 +/-  0.04
point     19 -     20,   DG -6.50 +/-  0.06
point     20 -     21,   DG -8.35 +/-  0.04
point     21 -     22,   DG -10.24 +/-  0.09
point     22 -     23,   DG -12.25 +/-  0.14

total      0 -     23,   DG -36.94 +/-  0.83

