lambda_00/bar.xvg: 0.0 - 968.5; lambda = (0, 0)
    dH/dl & foreign lambdas:
        dH/dl (coul-lambda) (9686 pts)
        dH/dl (vdw-lambda) (9686 pts)
        delta H to (0, 0) (9686 pts)
        delta H to (0, 0.1) (9686 pts)


lambda_01/bar.xvg: 0.0 - 957.6; lambda = (0, 0.1)
    dH/dl & foreign lambdas:
        dH/dl (coul-lambda) (9577 pts)
        dH/dl (vdw-lambda) (9577 pts)
        delta H to (0, 0) (9577 pts)
        delta H to (0, 0.1) (9577 pts)
        delta H to (0, 0.2) (9577 pts)


lambda_02/bar.xvg: 0.0 - 957.8; lambda = (0, 0.2)
    dH/dl & foreign lambdas:
        dH/dl (coul-lambda) (9579 pts)
        dH/dl (vdw-lambda) (9579 pts)
        delta H to (0, 0.1) (9579 pts)
        delta H to (0, 0.2) (9579 pts)
        delta H to (0, 0.3) (9579 pts)


lambda_03/bar.xvg: 0.0 - 960.4; lambda = (0, 0.3)
    dH/dl & foreign lambdas:
        dH/dl (coul-lambda) (9605 pts)
        dH/dl (vdw-lambda) (9605 pts)
        delta H to (0, 0.2) (9605 pts)
        delta H to (0, 0.3) (9605 pts)
        delta H to (0, 0.4) (9605 pts)


lambda_04/bar.xvg: 0.0 - 959.3; lambda = (0, 0.4)
    dH/dl & foreign lambdas:
        dH/dl (coul-lambda) (9594 pts)
        dH/dl (vdw-lambda) (9594 pts)
        delta H to (0, 0.3) (9594 pts)
        delta H to (0, 0.4) (9594 pts)
        delta H to (0, 0.5) (9594 pts)


lambda_05/bar.xvg: 0.0 - 959.6; lambda = (0, 0.5)
    dH/dl & foreign lambdas:
        dH/dl (coul-lambda) (9597 pts)
        dH/dl (vdw-lambda) (9597 pts)
        delta H to (0, 0.4) (9597 pts)
        delta H to (0, 0.5) (9597 pts)
        delta H to (0, 0.55) (9597 pts)


lambda_06/bar.xvg: 0.0 - 958.9; lambda = (0, 0.55)
    dH/dl & foreign lambdas:
        dH/dl (coul-lambda) (9590 pts)
        dH/dl (vdw-lambda) (9590 pts)
        delta H to (0, 0.5) (9590 pts)
        delta H to (0, 0.55) (9590 pts)
        delta H to (0, 0.6) (9590 pts)


lambda_07/bar.xvg: 0.0 - 957.0; lambda = (0, 0.6)
    dH/dl & foreign lambdas:
        dH/dl (coul-lambda) (9571 pts)
        dH/dl (vdw-lambda) (9571 pts)
        delta H to (0, 0.55) (9571 pts)
        delta H to (0, 0.6) (9571 pts)
        delta H to (0, 0.65) (9571 pts)


lambda_08/bar.xvg: 0.0 - 968.0; lambda = (0, 0.65)
    dH/dl & foreign lambdas:
        dH/dl (coul-lambda) (9681 pts)
        dH/dl (vdw-lambda) (9681 pts)
        delta H to (0, 0.6) (9681 pts)
        delta H to (0, 0.65) (9681 pts)
        delta H to (0, 0.7) (9681 pts)


lambda_09/bar.xvg: 0.0 - 965.6; lambda = (0, 0.7)
    dH/dl & foreign lambdas:
        dH/dl (coul-lambda) (9657 pts)
        dH/dl (vdw-lambda) (9657 pts)
        delta H to (0, 0.65) (9657 pts)
        delta H to (0, 0.7) (9657 pts)
        delta H to (0, 0.75) (9657 pts)


lambda_10/bar.xvg: 0.0 - 963.2; lambda = (0, 0.75)
    dH/dl & foreign lambdas:
        dH/dl (coul-lambda) (9633 pts)
        dH/dl (vdw-lambda) (9633 pts)
        delta H to (0, 0.7) (9633 pts)
        delta H to (0, 0.75) (9633 pts)
        delta H to (0, 0.8) (9633 pts)


lambda_11/bar.xvg: 0.0 - 961.5; lambda = (0, 0.8)
    dH/dl & foreign lambdas:
        dH/dl (coul-lambda) (9616 pts)
        dH/dl (vdw-lambda) (9616 pts)
        delta H to (0, 0.75) (9616 pts)
        delta H to (0, 0.8) (9616 pts)
        delta H to (0, 0.85) (9616 pts)


lambda_12/bar.xvg: 0.0 - 959.8; lambda = (0, 0.85)
    dH/dl & foreign lambdas:
        dH/dl (coul-lambda) (9599 pts)
        dH/dl (vdw-lambda) (9599 pts)
        delta H to (0, 0.8) (9599 pts)
        delta H to (0, 0.85) (9599 pts)
        delta H to (0, 0.9) (9599 pts)


lambda_13/bar.xvg: 0.0 - 958.8; lambda = (0, 0.9)
    dH/dl & foreign lambdas:
        dH/dl (coul-lambda) (9589 pts)
        dH/dl (vdw-lambda) (9589 pts)
        delta H to (0, 0.85) (9589 pts)
        delta H to (0, 0.9) (9589 pts)
        delta H to (0, 0.95) (9589 pts)


lambda_14/bar.xvg: 0.0 - 958.3; lambda = (0, 0.95)
    dH/dl & foreign lambdas:
        dH/dl (coul-lambda) (9584 pts)
        dH/dl (vdw-lambda) (9584 pts)
        delta H to (0, 0.9) (9584 pts)
        delta H to (0, 0.95) (9584 pts)
        delta H to (0, 1) (9584 pts)


lambda_15/bar.xvg: 0.0 - 958.2; lambda = (0, 1)
    dH/dl & foreign lambdas:
        dH/dl (coul-lambda) (9583 pts)
        dH/dl (vdw-lambda) (9583 pts)
        delta H to (0, 0.95) (9583 pts)
        delta H to (0, 1) (9583 pts)
        delta H to (0.2, 1) (9583 pts)


lambda_16/bar.xvg: 0.0 - 963.1; lambda = (0.2, 1)
    dH/dl & foreign lambdas:
        dH/dl (coul-lambda) (9632 pts)
        dH/dl (vdw-lambda) (9632 pts)
        delta H to (0, 1) (9632 pts)
        delta H to (0.2, 1) (9632 pts)
        delta H to (0.4, 1) (9632 pts)


lambda_17/bar.xvg: 0.0 - 966.5; lambda = (0.4, 1)
    dH/dl & foreign lambdas:
        dH/dl (coul-lambda) (9666 pts)
        dH/dl (vdw-lambda) (9666 pts)
        delta H to (0.2, 1) (9666 pts)
        delta H to (0.4, 1) (9666 pts)
        delta H to (0.5, 1) (9666 pts)


lambda_18/bar.xvg: 0.0 - 968.9; lambda = (0.5, 1)
    dH/dl & foreign lambdas:
        dH/dl (coul-lambda) (9690 pts)
        dH/dl (vdw-lambda) (9690 pts)
        delta H to (0.4, 1) (9690 pts)
        delta H to (0.5, 1) (9690 pts)
        delta H to (0.6, 1) (9690 pts)


lambda_19/bar.xvg: 0.0 - 957.8; lambda = (0.6, 1)
    dH/dl & foreign lambdas:
        dH/dl (coul-lambda) (9579 pts)
        dH/dl (vdw-lambda) (9579 pts)
        delta H to (0.5, 1) (9579 pts)
        delta H to (0.6, 1) (9579 pts)
        delta H to (0.7, 1) (9579 pts)


lambda_20/bar.xvg: 0.0 - 959.9; lambda = (0.7, 1)
    dH/dl & foreign lambdas:
        dH/dl (coul-lambda) (9600 pts)
        dH/dl (vdw-lambda) (9600 pts)
        delta H to (0.6, 1) (9600 pts)
        delta H to (0.7, 1) (9600 pts)
        delta H to (0.8, 1) (9600 pts)


lambda_21/bar.xvg: 0.0 - 962.4; lambda = (0.8, 1)
    dH/dl & foreign lambdas:
        dH/dl (coul-lambda) (9625 pts)
        dH/dl (vdw-lambda) (9625 pts)
        delta H to (0.7, 1) (9625 pts)
        delta H to (0.8, 1) (9625 pts)
        delta H to (0.9, 1) (9625 pts)


lambda_22/bar.xvg: 0.0 - 964.2; lambda = (0.9, 1)
    dH/dl & foreign lambdas:
        dH/dl (coul-lambda) (9643 pts)
        dH/dl (vdw-lambda) (9643 pts)
        delta H to (0.8, 1) (9643 pts)
        delta H to (0.9, 1) (9643 pts)
        delta H to (1, 1) (9643 pts)


lambda_23/bar.xvg: 0.0 - 964.9; lambda = (1, 1)
    dH/dl & foreign lambdas:
        dH/dl (coul-lambda) (9650 pts)
        dH/dl (vdw-lambda) (9650 pts)
        delta H to (0.9, 1) (9650 pts)
        delta H to (1, 1) (9650 pts)



   Samples in time interval: 0.000 - 968.900
Removing samples outside of: 100.000 - 968.900

Temperature: 300 K

Detailed results in kT (see help for explanation):

 lam_A  lam_B      DG   +/-     s_A   +/-     s_B   +/-   stdev   +/- 
     0      1   -6.81  0.01    0.03  0.00    0.03  0.00    0.23  0.00
     1      2   -5.39  0.01    0.04  0.00    0.03  0.00    0.23  0.00
     2      3   -2.74  0.01    0.05  0.01    0.05  0.01    0.38  0.00
     3      4    1.96  0.04    0.36  0.01    0.38  0.01    0.86  0.01
     4      5    8.37  0.10    2.54  0.07    3.00  0.11    2.78  0.06
     5      6    4.70  0.10    2.28  0.08    1.93  0.06    2.33  0.04
     6      7    3.07  0.09    2.43  0.11    1.62  0.07    2.13  0.06
     7      8    1.89  0.03    1.62  0.03    1.16  0.02    1.72  0.02
     8      9    1.18  0.03    1.27  0.02    0.89  0.02    1.49  0.01
     9     10    0.72  0.03    1.08  0.04    0.76  0.01    1.36  0.01
    10     11    0.35  0.02    0.91  0.02    0.63  0.02    1.24  0.01
    11     12    0.07  0.01    0.83  0.02    0.57  0.01    1.14  0.01
    12     13   -0.15  0.01    0.66  0.01    0.47  0.01    1.04  0.00
    13     14   -0.28  0.02    0.61  0.01    0.43  0.01    1.00  0.01
    14     15   -0.40  0.01    0.55  0.01    0.39  0.01    0.95  0.01
    15     16   -0.52  0.02    0.55  0.02    0.58  0.02    1.06  0.01
    16     17   -1.74  0.03    0.64  0.01    0.72  0.02    1.19  0.01
    17     18   -1.46  0.01    0.23  0.01    0.25  0.01    0.69  0.01
    18     19   -2.00  0.02    0.28  0.01    0.30  0.01    0.75  0.00
    19     20   -2.60  0.02    0.31  0.01    0.32  0.01    0.80  0.01
    20     21   -3.29  0.03    0.36  0.02    0.38  0.02    0.86  0.01
    21     22   -4.08  0.02    0.42  0.02    0.43  0.02    0.91  0.01
    22     23   -4.91  0.01    0.40  0.01    0.41  0.01    0.92  0.00


Final results in kJ/mol:

point      0 -      1,   DG -17.00 +/-  0.02
point      1 -      2,   DG -13.46 +/-  0.01
point      2 -      3,   DG -6.83 +/-  0.01
point      3 -      4,   DG  4.88 +/-  0.09
point      4 -      5,   DG 20.87 +/-  0.24
point      5 -      6,   DG 11.73 +/-  0.26
point      6 -      7,   DG  7.65 +/-  0.24
point      7 -      8,   DG  4.72 +/-  0.08
point      8 -      9,   DG  2.95 +/-  0.07
point      9 -     10,   DG  1.79 +/-  0.07
point     10 -     11,   DG  0.88 +/-  0.06
point     11 -     12,   DG  0.17 +/-  0.03
point     12 -     13,   DG -0.37 +/-  0.02
point     13 -     14,   DG -0.71 +/-  0.04
point     14 -     15,   DG -1.00 +/-  0.02
point     15 -     16,   DG -1.31 +/-  0.05
point     16 -     17,   DG -4.34 +/-  0.07
point     17 -     18,   DG -3.65 +/-  0.03
point     18 -     19,   DG -4.98 +/-  0.04
point     19 -     20,   DG -6.49 +/-  0.05
point     20 -     21,   DG -8.20 +/-  0.07
point     21 -     22,   DG -10.18 +/-  0.06
point     22 -     23,   DG -12.25 +/-  0.02

total      0 -     23,   DG -35.11 +/-  0.68

