lambda_00/bar.xvg: 0.0 - 1000.0; lambda = (0, 0)
    dH/dl & foreign lambdas:
        dH/dl (coul-lambda) (10001 pts)
        dH/dl (vdw-lambda) (10001 pts)
        delta H to (0, 0) (10001 pts)
        delta H to (0, 0.1) (10001 pts)


lambda_01/bar.xvg: 0.0 - 1000.0; lambda = (0, 0.1)
    dH/dl & foreign lambdas:
        dH/dl (coul-lambda) (10001 pts)
        dH/dl (vdw-lambda) (10001 pts)
        delta H to (0, 0) (10001 pts)
        delta H to (0, 0.1) (10001 pts)
        delta H to (0, 0.2) (10001 pts)


lambda_02/bar.xvg: 0.0 - 1000.0; lambda = (0, 0.2)
    dH/dl & foreign lambdas:
        dH/dl (coul-lambda) (10001 pts)
        dH/dl (vdw-lambda) (10001 pts)
        delta H to (0, 0.1) (10001 pts)
        delta H to (0, 0.2) (10001 pts)
        delta H to (0, 0.3) (10001 pts)


lambda_03/bar.xvg: 0.0 - 1000.0; lambda = (0, 0.3)
    dH/dl & foreign lambdas:
        dH/dl (coul-lambda) (10001 pts)
        dH/dl (vdw-lambda) (10001 pts)
        delta H to (0, 0.2) (10001 pts)
        delta H to (0, 0.3) (10001 pts)
        delta H to (0, 0.4) (10001 pts)


lambda_04/bar.xvg: 0.0 - 1000.0; lambda = (0, 0.4)
    dH/dl & foreign lambdas:
        dH/dl (coul-lambda) (10001 pts)
        dH/dl (vdw-lambda) (10001 pts)
        delta H to (0, 0.3) (10001 pts)
        delta H to (0, 0.4) (10001 pts)
        delta H to (0, 0.5) (10001 pts)


lambda_05/bar.xvg: 0.0 - 1000.0; lambda = (0, 0.5)
    dH/dl & foreign lambdas:
        dH/dl (coul-lambda) (10001 pts)
        dH/dl (vdw-lambda) (10001 pts)
        delta H to (0, 0.4) (10001 pts)
        delta H to (0, 0.5) (10001 pts)
        delta H to (0, 0.55) (10001 pts)


lambda_06/bar.xvg: 0.0 - 1000.0; lambda = (0, 0.55)
    dH/dl & foreign lambdas:
        dH/dl (coul-lambda) (10001 pts)
        dH/dl (vdw-lambda) (10001 pts)
        delta H to (0, 0.5) (10001 pts)
        delta H to (0, 0.55) (10001 pts)
        delta H to (0, 0.6) (10001 pts)


lambda_07/bar.xvg: 0.0 - 1000.0; lambda = (0, 0.6)
    dH/dl & foreign lambdas:
        dH/dl (coul-lambda) (10001 pts)
        dH/dl (vdw-lambda) (10001 pts)
        delta H to (0, 0.55) (10001 pts)
        delta H to (0, 0.6) (10001 pts)
        delta H to (0, 0.65) (10001 pts)


lambda_08/bar.xvg: 0.0 - 1000.0; lambda = (0, 0.65)
    dH/dl & foreign lambdas:
        dH/dl (coul-lambda) (10001 pts)
        dH/dl (vdw-lambda) (10001 pts)
        delta H to (0, 0.6) (10001 pts)
        delta H to (0, 0.65) (10001 pts)
        delta H to (0, 0.7) (10001 pts)


lambda_09/bar.xvg: 0.0 - 1000.0; lambda = (0, 0.7)
    dH/dl & foreign lambdas:
        dH/dl (coul-lambda) (10001 pts)
        dH/dl (vdw-lambda) (10001 pts)
        delta H to (0, 0.65) (10001 pts)
        delta H to (0, 0.7) (10001 pts)
        delta H to (0, 0.75) (10001 pts)


lambda_10/bar.xvg: 0.0 - 1000.0; lambda = (0, 0.75)
    dH/dl & foreign lambdas:
        dH/dl (coul-lambda) (10001 pts)
        dH/dl (vdw-lambda) (10001 pts)
        delta H to (0, 0.7) (10001 pts)
        delta H to (0, 0.75) (10001 pts)
        delta H to (0, 0.8) (10001 pts)


lambda_11/bar.xvg: 0.0 - 1000.0; lambda = (0, 0.8)
    dH/dl & foreign lambdas:
        dH/dl (coul-lambda) (10001 pts)
        dH/dl (vdw-lambda) (10001 pts)
        delta H to (0, 0.75) (10001 pts)
        delta H to (0, 0.8) (10001 pts)
        delta H to (0, 0.85) (10001 pts)


lambda_12/bar.xvg: 0.0 - 1000.0; lambda = (0, 0.85)
    dH/dl & foreign lambdas:
        dH/dl (coul-lambda) (10001 pts)
        dH/dl (vdw-lambda) (10001 pts)
        delta H to (0, 0.8) (10001 pts)
        delta H to (0, 0.85) (10001 pts)
        delta H to (0, 0.9) (10001 pts)


lambda_13/bar.xvg: 0.0 - 1000.0; lambda = (0, 0.9)
    dH/dl & foreign lambdas:
        dH/dl (coul-lambda) (10001 pts)
        dH/dl (vdw-lambda) (10001 pts)
        delta H to (0, 0.85) (10001 pts)
        delta H to (0, 0.9) (10001 pts)
        delta H to (0, 0.95) (10001 pts)


lambda_14/bar.xvg: 0.0 - 1000.0; lambda = (0, 0.95)
    dH/dl & foreign lambdas:
        dH/dl (coul-lambda) (10001 pts)
        dH/dl (vdw-lambda) (10001 pts)
        delta H to (0, 0.9) (10001 pts)
        delta H to (0, 0.95) (10001 pts)
        delta H to (0, 1) (10001 pts)


lambda_15/bar.xvg: 0.0 - 1000.0; lambda = (0, 1)
    dH/dl & foreign lambdas:
        dH/dl (coul-lambda) (10001 pts)
        dH/dl (vdw-lambda) (10001 pts)
        delta H to (0, 0.95) (10001 pts)
        delta H to (0, 1) (10001 pts)
        delta H to (0.2, 1) (10001 pts)


lambda_16/bar.xvg: 0.0 - 1000.0; lambda = (0.2, 1)
    dH/dl & foreign lambdas:
        dH/dl (coul-lambda) (10001 pts)
        dH/dl (vdw-lambda) (10001 pts)
        delta H to (0, 1) (10001 pts)
        delta H to (0.2, 1) (10001 pts)
        delta H to (0.4, 1) (10001 pts)


lambda_17/bar.xvg: 0.0 - 1000.0; lambda = (0.4, 1)
    dH/dl & foreign lambdas:
        dH/dl (coul-lambda) (10001 pts)
        dH/dl (vdw-lambda) (10001 pts)
        delta H to (0.2, 1) (10001 pts)
        delta H to (0.4, 1) (10001 pts)
        delta H to (0.5, 1) (10001 pts)


lambda_18/bar.xvg: 0.0 - 1000.0; lambda = (0.5, 1)
    dH/dl & foreign lambdas:
        dH/dl (coul-lambda) (10001 pts)
        dH/dl (vdw-lambda) (10001 pts)
        delta H to (0.4, 1) (10001 pts)
        delta H to (0.5, 1) (10001 pts)
        delta H to (0.6, 1) (10001 pts)


lambda_19/bar.xvg: 0.0 - 1000.0; lambda = (0.6, 1)
    dH/dl & foreign lambdas:
        dH/dl (coul-lambda) (10001 pts)
        dH/dl (vdw-lambda) (10001 pts)
        delta H to (0.5, 1) (10001 pts)
        delta H to (0.6, 1) (10001 pts)
        delta H to (0.7, 1) (10001 pts)


lambda_20/bar.xvg: 0.0 - 1000.0; lambda = (0.7, 1)
    dH/dl & foreign lambdas:
        dH/dl (coul-lambda) (10001 pts)
        dH/dl (vdw-lambda) (10001 pts)
        delta H to (0.6, 1) (10001 pts)
        delta H to (0.7, 1) (10001 pts)
        delta H to (0.8, 1) (10001 pts)


lambda_21/bar.xvg: 0.0 - 1000.0; lambda = (0.8, 1)
    dH/dl & foreign lambdas:
        dH/dl (coul-lambda) (10001 pts)
        dH/dl (vdw-lambda) (10001 pts)
        delta H to (0.7, 1) (10001 pts)
        delta H to (0.8, 1) (10001 pts)
        delta H to (0.9, 1) (10001 pts)


lambda_22/bar.xvg: 0.0 - 1000.0; lambda = (0.9, 1)
    dH/dl & foreign lambdas:
        dH/dl (coul-lambda) (10001 pts)
        dH/dl (vdw-lambda) (10001 pts)
        delta H to (0.8, 1) (10001 pts)
        delta H to (0.9, 1) (10001 pts)
        delta H to (1, 1) (10001 pts)


lambda_23/bar.xvg: 0.0 - 1000.0; lambda = (1, 1)
    dH/dl & foreign lambdas:
        dH/dl (coul-lambda) (10001 pts)
        dH/dl (vdw-lambda) (10001 pts)
        delta H to (0.9, 1) (10001 pts)
        delta H to (1, 1) (10001 pts)



Temperature: 300 K

Detailed results in kT (see help for explanation):

 lam_A  lam_B      DG   +/-     s_A   +/-     s_B   +/-   stdev   +/- 
     0      1   -2.90  0.00    0.01  0.00    0.01  0.00    0.13  0.00
     1      2   -2.29  0.00    0.01  0.00    0.01  0.00    0.14  0.00
     2      3   -1.16  0.01    0.03  0.01    0.03  0.01    0.25  0.00
     3      4    0.84  0.00    0.13  0.01    0.15  0.01    0.54  0.00
     4      5    3.71  0.03    0.99  0.03    1.16  0.03    1.52  0.02
     5      6    2.26  0.04    0.95  0.02    0.84  0.02    1.37  0.02
     6      7    1.68  0.04    1.03  0.03    0.74  0.02    1.34  0.01
     7      8    1.15  0.02    0.86  0.03    0.59  0.02    1.17  0.01
     8      9    0.80  0.01    0.64  0.01    0.45  0.01    1.04  0.01
     9     10    0.54  0.02    0.57  0.02    0.40  0.02    0.96  0.01
    10     11    0.34  0.01    0.46  0.01    0.32  0.01    0.86  0.00
    11     12    0.20  0.01    0.41  0.01    0.28  0.01    0.80  0.01
    12     13    0.08  0.02    0.36  0.01    0.26  0.01    0.75  0.01
    13     14   -0.01  0.01    0.31  0.01    0.22  0.01    0.70  0.01
    14     15   -0.07  0.01    0.27  0.01    0.20  0.01    0.67  0.01
    15     16   -0.51  0.02    0.46  0.01    0.49  0.01    0.98  0.00
    16     17   -1.59  0.02    0.59  0.01    0.65  0.01    1.13  0.01
    17     18   -1.32  0.01    0.20  0.01    0.21  0.01    0.64  0.01
    18     19   -1.77  0.02    0.24  0.01    0.26  0.01    0.71  0.00
    19     20   -2.31  0.01    0.28  0.02    0.30  0.02    0.75  0.00
    20     21   -2.91  0.01    0.30  0.01    0.31  0.01    0.79  0.01
    21     22   -3.55  0.01    0.34  0.02    0.35  0.02    0.83  0.01
    22     23   -4.27  0.01    0.37  0.02    0.38  0.02    0.87  0.01


Final results in kJ/mol:

point      0 -      1,   DG -7.22 +/-  0.01
point      1 -      2,   DG -5.71 +/-  0.01
point      2 -      3,   DG -2.89 +/-  0.02
point      3 -      4,   DG  2.10 +/-  0.01
point      4 -      5,   DG  9.24 +/-  0.07
point      5 -      6,   DG  5.63 +/-  0.09
point      6 -      7,   DG  4.19 +/-  0.11
point      7 -      8,   DG  2.87 +/-  0.06
point      8 -      9,   DG  1.98 +/-  0.03
point      9 -     10,   DG  1.35 +/-  0.05
point     10 -     11,   DG  0.85 +/-  0.03
point     11 -     12,   DG  0.50 +/-  0.03
point     12 -     13,   DG  0.21 +/-  0.04
point     13 -     14,   DG -0.03 +/-  0.02
point     14 -     15,   DG -0.18 +/-  0.02
point     15 -     16,   DG -1.27 +/-  0.04
point     16 -     17,   DG -3.96 +/-  0.05
point     17 -     18,   DG -3.29 +/-  0.03
point     18 -     19,   DG -4.41 +/-  0.05
point     19 -     20,   DG -5.76 +/-  0.02
point     20 -     21,   DG -7.25 +/-  0.02
point     21 -     22,   DG -8.86 +/-  0.03
point     22 -     23,   DG -10.65 +/-  0.02

total      0 -     23,   DG -32.56 +/-  0.40

