lambda_00/bar.xvg: 0.0 - 873.3; lambda = (0, 0)
    dH/dl & foreign lambdas:
        dH/dl (coul-lambda) (8734 pts)
        dH/dl (vdw-lambda) (8734 pts)
        delta H to (0, 0) (8734 pts)
        delta H to (0, 0.1) (8734 pts)


lambda_01/bar.xvg: 0.0 - 877.6; lambda = (0, 0.1)
    dH/dl & foreign lambdas:
        dH/dl (coul-lambda) (8777 pts)
        dH/dl (vdw-lambda) (8777 pts)
        delta H to (0, 0) (8777 pts)
        delta H to (0, 0.1) (8777 pts)
        delta H to (0, 0.2) (8777 pts)


lambda_02/bar.xvg: 0.0 - 877.9; lambda = (0, 0.2)
    dH/dl & foreign lambdas:
        dH/dl (coul-lambda) (8780 pts)
        dH/dl (vdw-lambda) (8780 pts)
        delta H to (0, 0.1) (8780 pts)
        delta H to (0, 0.2) (8780 pts)
        delta H to (0, 0.3) (8780 pts)


lambda_03/bar.xvg: 0.0 - 879.4; lambda = (0, 0.3)
    dH/dl & foreign lambdas:
        dH/dl (coul-lambda) (8795 pts)
        dH/dl (vdw-lambda) (8795 pts)
        delta H to (0, 0.2) (8795 pts)
        delta H to (0, 0.3) (8795 pts)
        delta H to (0, 0.4) (8795 pts)


lambda_04/bar.xvg: 0.0 - 878.3; lambda = (0, 0.4)
    dH/dl & foreign lambdas:
        dH/dl (coul-lambda) (8784 pts)
        dH/dl (vdw-lambda) (8784 pts)
        delta H to (0, 0.3) (8784 pts)
        delta H to (0, 0.4) (8784 pts)
        delta H to (0, 0.5) (8784 pts)


lambda_05/bar.xvg: 0.0 - 878.2; lambda = (0, 0.5)
    dH/dl & foreign lambdas:
        dH/dl (coul-lambda) (8783 pts)
        dH/dl (vdw-lambda) (8783 pts)
        delta H to (0, 0.4) (8783 pts)
        delta H to (0, 0.5) (8783 pts)
        delta H to (0, 0.55) (8783 pts)


lambda_06/bar.xvg: 0.0 - 877.0; lambda = (0, 0.55)
    dH/dl & foreign lambdas:
        dH/dl (coul-lambda) (8771 pts)
        dH/dl (vdw-lambda) (8771 pts)
        delta H to (0, 0.5) (8771 pts)
        delta H to (0, 0.55) (8771 pts)
        delta H to (0, 0.6) (8771 pts)


lambda_07/bar.xvg: 0.0 - 875.9; lambda = (0, 0.6)
    dH/dl & foreign lambdas:
        dH/dl (coul-lambda) (8760 pts)
        dH/dl (vdw-lambda) (8760 pts)
        delta H to (0, 0.55) (8760 pts)
        delta H to (0, 0.6) (8760 pts)
        delta H to (0, 0.65) (8760 pts)


lambda_08/bar.xvg: 0.0 - 887.5; lambda = (0, 0.65)
    dH/dl & foreign lambdas:
        dH/dl (coul-lambda) (8876 pts)
        dH/dl (vdw-lambda) (8876 pts)
        delta H to (0, 0.6) (8876 pts)
        delta H to (0, 0.65) (8876 pts)
        delta H to (0, 0.7) (8876 pts)


lambda_09/bar.xvg: 0.0 - 885.0; lambda = (0, 0.7)
    dH/dl & foreign lambdas:
        dH/dl (coul-lambda) (8851 pts)
        dH/dl (vdw-lambda) (8851 pts)
        delta H to (0, 0.65) (8851 pts)
        delta H to (0, 0.7) (8851 pts)
        delta H to (0, 0.75) (8851 pts)


lambda_10/bar.xvg: 0.0 - 883.3; lambda = (0, 0.75)
    dH/dl & foreign lambdas:
        dH/dl (coul-lambda) (8834 pts)
        dH/dl (vdw-lambda) (8834 pts)
        delta H to (0, 0.7) (8834 pts)
        delta H to (0, 0.75) (8834 pts)
        delta H to (0, 0.8) (8834 pts)


lambda_11/bar.xvg: 0.0 - 881.4; lambda = (0, 0.8)
    dH/dl & foreign lambdas:
        dH/dl (coul-lambda) (8815 pts)
        dH/dl (vdw-lambda) (8815 pts)
        delta H to (0, 0.75) (8815 pts)
        delta H to (0, 0.8) (8815 pts)
        delta H to (0, 0.85) (8815 pts)


lambda_12/bar.xvg: 0.0 - 880.2; lambda = (0, 0.85)
    dH/dl & foreign lambdas:
        dH/dl (coul-lambda) (8803 pts)
        dH/dl (vdw-lambda) (8803 pts)
        delta H to (0, 0.8) (8803 pts)
        delta H to (0, 0.85) (8803 pts)
        delta H to (0, 0.9) (8803 pts)


lambda_13/bar.xvg: 0.0 - 878.7; lambda = (0, 0.9)
    dH/dl & foreign lambdas:
        dH/dl (coul-lambda) (8788 pts)
        dH/dl (vdw-lambda) (8788 pts)
        delta H to (0, 0.85) (8788 pts)
        delta H to (0, 0.9) (8788 pts)
        delta H to (0, 0.95) (8788 pts)


lambda_14/bar.xvg: 0.0 - 878.5; lambda = (0, 0.95)
    dH/dl & foreign lambdas:
        dH/dl (coul-lambda) (8786 pts)
        dH/dl (vdw-lambda) (8786 pts)
        delta H to (0, 0.9) (8786 pts)
        delta H to (0, 0.95) (8786 pts)
        delta H to (0, 1) (8786 pts)


lambda_15/bar.xvg: 0.0 - 877.6; lambda = (0, 1)
    dH/dl & foreign lambdas:
        dH/dl (coul-lambda) (8777 pts)
        dH/dl (vdw-lambda) (8777 pts)
        delta H to (0, 0.95) (8777 pts)
        delta H to (0, 1) (8777 pts)
        delta H to (0.2, 1) (8777 pts)


lambda_16/bar.xvg: 0.0 - 883.7; lambda = (0.2, 1)
    dH/dl & foreign lambdas:
        dH/dl (coul-lambda) (8838 pts)
        dH/dl (vdw-lambda) (8838 pts)
        delta H to (0, 1) (8838 pts)
        delta H to (0.2, 1) (8838 pts)
        delta H to (0.4, 1) (8838 pts)


lambda_17/bar.xvg: 0.0 - 887.1; lambda = (0.4, 1)
    dH/dl & foreign lambdas:
        dH/dl (coul-lambda) (8872 pts)
        dH/dl (vdw-lambda) (8872 pts)
        delta H to (0.2, 1) (8872 pts)
        delta H to (0.4, 1) (8872 pts)
        delta H to (0.5, 1) (8872 pts)


lambda_18/bar.xvg: 0.0 - 875.5; lambda = (0.5, 1)
    dH/dl & foreign lambdas:
        dH/dl (coul-lambda) (8756 pts)
        dH/dl (vdw-lambda) (8756 pts)
        delta H to (0.4, 1) (8756 pts)
        delta H to (0.5, 1) (8756 pts)
        delta H to (0.6, 1) (8756 pts)


lambda_19/bar.xvg: 0.0 - 877.8; lambda = (0.6, 1)
    dH/dl & foreign lambdas:
        dH/dl (coul-lambda) (8779 pts)
        dH/dl (vdw-lambda) (8779 pts)
        delta H to (0.5, 1) (8779 pts)
        delta H to (0.6, 1) (8779 pts)
        delta H to (0.7, 1) (8779 pts)


lambda_20/bar.xvg: 0.0 - 879.6; lambda = (0.7, 1)
    dH/dl & foreign lambdas:
        dH/dl (coul-lambda) (8797 pts)
        dH/dl (vdw-lambda) (8797 pts)
        delta H to (0.6, 1) (8797 pts)
        delta H to (0.7, 1) (8797 pts)
        delta H to (0.8, 1) (8797 pts)


lambda_21/bar.xvg: 0.0 - 881.8; lambda = (0.8, 1)
    dH/dl & foreign lambdas:
        dH/dl (coul-lambda) (8819 pts)
        dH/dl (vdw-lambda) (8819 pts)
        delta H to (0.7, 1) (8819 pts)
        delta H to (0.8, 1) (8819 pts)
        delta H to (0.9, 1) (8819 pts)


lambda_22/bar.xvg: 0.0 - 883.4; lambda = (0.9, 1)
    dH/dl & foreign lambdas:
        dH/dl (coul-lambda) (8835 pts)
        dH/dl (vdw-lambda) (8835 pts)
        delta H to (0.8, 1) (8835 pts)
        delta H to (0.9, 1) (8835 pts)
        delta H to (1, 1) (8835 pts)


lambda_23/bar.xvg: 0.0 - 882.8; lambda = (1, 1)
    dH/dl & foreign lambdas:
        dH/dl (coul-lambda) (8829 pts)
        dH/dl (vdw-lambda) (8829 pts)
        delta H to (0.9, 1) (8829 pts)
        delta H to (1, 1) (8829 pts)



   Samples in time interval: 0.000 - 887.500
Removing samples outside of: 100.000 - 887.500

Temperature: 300 K

Detailed results in kT (see help for explanation):

 lam_A  lam_B      DG   +/-     s_A   +/-     s_B   +/-   stdev   +/- 
     0      1   -6.81  0.01    0.03  0.00    0.03  0.00    0.23  0.00
     1      2   -5.39  0.01    0.03  0.01    0.03  0.01    0.24  0.00
     2      3   -2.74  0.01    0.05  0.01    0.06  0.01    0.38  0.01
     3      4    1.91  0.00    0.39  0.01    0.43  0.01    0.90  0.01
     4      5    8.10  0.06    2.60  0.06    3.00  0.12    2.83  0.04
     5      6    4.51  0.09    2.23  0.07    1.88  0.07    2.29  0.03
     6      7    3.00  0.04    2.30  0.07    1.54  0.02    2.09  0.03
     7      8    1.89  0.04    1.65  0.02    1.15  0.03    1.72  0.02
     8      9    1.20  0.02    1.29  0.03    0.91  0.02    1.49  0.01
     9     10    0.73  0.02    1.05  0.02    0.75  0.02    1.36  0.01
    10     11    0.37  0.01    0.96  0.01    0.66  0.01    1.25  0.00
    11     12    0.08  0.02    0.79  0.01    0.55  0.01    1.15  0.00
    12     13   -0.13  0.02    0.69  0.02    0.49  0.02    1.06  0.01
    13     14   -0.28  0.01    0.60  0.02    0.43  0.01    1.00  0.01
    14     15   -0.40  0.00    0.56  0.01    0.40  0.01    0.96  0.00
    15     16   -0.50  0.01    0.49  0.01    0.52  0.02    1.01  0.01
    16     17   -1.67  0.02    0.66  0.02    0.73  0.02    1.18  0.01
    17     18   -1.41  0.02    0.21  0.01    0.22  0.01    0.67  0.00
    18     19   -1.92  0.02    0.28  0.02    0.30  0.01    0.74  0.01
    19     20   -2.51  0.01    0.29  0.02    0.31  0.02    0.78  0.01
    20     21   -3.16  0.02    0.35  0.01    0.36  0.01    0.83  0.01
    21     22   -3.86  0.02    0.34  0.02    0.35  0.02    0.86  0.01
    22     23   -4.63  0.01    0.41  0.02    0.42  0.02    0.90  0.00


Final results in kJ/mol:

point      0 -      1,   DG -16.98 +/-  0.02
point      1 -      2,   DG -13.44 +/-  0.01
point      2 -      3,   DG -6.83 +/-  0.03
point      3 -      4,   DG  4.77 +/-  0.01
point      4 -      5,   DG 20.20 +/-  0.15
point      5 -      6,   DG 11.25 +/-  0.21
point      6 -      7,   DG  7.48 +/-  0.10
point      7 -      8,   DG  4.73 +/-  0.09
point      8 -      9,   DG  2.98 +/-  0.05
point      9 -     10,   DG  1.83 +/-  0.06
point     10 -     11,   DG  0.91 +/-  0.01
point     11 -     12,   DG  0.20 +/-  0.04
point     12 -     13,   DG -0.32 +/-  0.05
point     13 -     14,   DG -0.70 +/-  0.02
point     14 -     15,   DG -1.00 +/-  0.01
point     15 -     16,   DG -1.24 +/-  0.02
point     16 -     17,   DG -4.17 +/-  0.05
point     17 -     18,   DG -3.52 +/-  0.05
point     18 -     19,   DG -4.78 +/-  0.05
point     19 -     20,   DG -6.25 +/-  0.02
point     20 -     21,   DG -7.88 +/-  0.05
point     21 -     22,   DG -9.63 +/-  0.04
point     22 -     23,   DG -11.54 +/-  0.02

total      0 -     23,   DG -33.93 +/-  0.45

