lambda_00/bar.xvg: 0.0 - 921.0; lambda = (0, 0)
    dH/dl & foreign lambdas:
        dH/dl (coul-lambda) (9211 pts)
        dH/dl (vdw-lambda) (9211 pts)
        delta H to (0, 0) (9211 pts)
        delta H to (0, 0.1) (9211 pts)


lambda_01/bar.xvg: 0.0 - 917.6; lambda = (0, 0.1)
    dH/dl & foreign lambdas:
        dH/dl (coul-lambda) (9177 pts)
        dH/dl (vdw-lambda) (9177 pts)
        delta H to (0, 0) (9177 pts)
        delta H to (0, 0.1) (9177 pts)
        delta H to (0, 0.2) (9177 pts)


lambda_02/bar.xvg: 0.0 - 917.9; lambda = (0, 0.2)
    dH/dl & foreign lambdas:
        dH/dl (coul-lambda) (9180 pts)
        dH/dl (vdw-lambda) (9180 pts)
        delta H to (0, 0.1) (9180 pts)
        delta H to (0, 0.2) (9180 pts)
        delta H to (0, 0.3) (9180 pts)


lambda_03/bar.xvg: 0.0 - 919.8; lambda = (0, 0.3)
    dH/dl & foreign lambdas:
        dH/dl (coul-lambda) (9199 pts)
        dH/dl (vdw-lambda) (9199 pts)
        delta H to (0, 0.2) (9199 pts)
        delta H to (0, 0.3) (9199 pts)
        delta H to (0, 0.4) (9199 pts)


lambda_04/bar.xvg: 0.0 - 918.9; lambda = (0, 0.4)
    dH/dl & foreign lambdas:
        dH/dl (coul-lambda) (9190 pts)
        dH/dl (vdw-lambda) (9190 pts)
        delta H to (0, 0.3) (9190 pts)
        delta H to (0, 0.4) (9190 pts)
        delta H to (0, 0.5) (9190 pts)


lambda_05/bar.xvg: 0.0 - 919.0; lambda = (0, 0.5)
    dH/dl & foreign lambdas:
        dH/dl (coul-lambda) (9191 pts)
        dH/dl (vdw-lambda) (9191 pts)
        delta H to (0, 0.4) (9191 pts)
        delta H to (0, 0.5) (9191 pts)
        delta H to (0, 0.55) (9191 pts)


lambda_06/bar.xvg: 0.0 - 917.5; lambda = (0, 0.55)
    dH/dl & foreign lambdas:
        dH/dl (coul-lambda) (9176 pts)
        dH/dl (vdw-lambda) (9176 pts)
        delta H to (0, 0.5) (9176 pts)
        delta H to (0, 0.55) (9176 pts)
        delta H to (0, 0.6) (9176 pts)


lambda_07/bar.xvg: 0.0 - 916.1; lambda = (0, 0.6)
    dH/dl & foreign lambdas:
        dH/dl (coul-lambda) (9162 pts)
        dH/dl (vdw-lambda) (9162 pts)
        delta H to (0, 0.55) (9162 pts)
        delta H to (0, 0.6) (9162 pts)
        delta H to (0, 0.65) (9162 pts)


lambda_08/bar.xvg: 0.0 - 927.4; lambda = (0, 0.65)
    dH/dl & foreign lambdas:
        dH/dl (coul-lambda) (9275 pts)
        dH/dl (vdw-lambda) (9275 pts)
        delta H to (0, 0.6) (9275 pts)
        delta H to (0, 0.65) (9275 pts)
        delta H to (0, 0.7) (9275 pts)


lambda_09/bar.xvg: 0.0 - 925.4; lambda = (0, 0.7)
    dH/dl & foreign lambdas:
        dH/dl (coul-lambda) (9255 pts)
        dH/dl (vdw-lambda) (9255 pts)
        delta H to (0, 0.65) (9255 pts)
        delta H to (0, 0.7) (9255 pts)
        delta H to (0, 0.75) (9255 pts)


lambda_10/bar.xvg: 0.0 - 923.0; lambda = (0, 0.75)
    dH/dl & foreign lambdas:
        dH/dl (coul-lambda) (9231 pts)
        dH/dl (vdw-lambda) (9231 pts)
        delta H to (0, 0.7) (9231 pts)
        delta H to (0, 0.75) (9231 pts)
        delta H to (0, 0.8) (9231 pts)


lambda_11/bar.xvg: 0.0 - 921.1; lambda = (0, 0.8)
    dH/dl & foreign lambdas:
        dH/dl (coul-lambda) (9212 pts)
        dH/dl (vdw-lambda) (9212 pts)
        delta H to (0, 0.75) (9212 pts)
        delta H to (0, 0.8) (9212 pts)
        delta H to (0, 0.85) (9212 pts)


lambda_12/bar.xvg: 0.0 - 919.7; lambda = (0, 0.85)
    dH/dl & foreign lambdas:
        dH/dl (coul-lambda) (9198 pts)
        dH/dl (vdw-lambda) (9198 pts)
        delta H to (0, 0.8) (9198 pts)
        delta H to (0, 0.85) (9198 pts)
        delta H to (0, 0.9) (9198 pts)


lambda_13/bar.xvg: 0.0 - 918.9; lambda = (0, 0.9)
    dH/dl & foreign lambdas:
        dH/dl (coul-lambda) (9190 pts)
        dH/dl (vdw-lambda) (9190 pts)
        delta H to (0, 0.85) (9190 pts)
        delta H to (0, 0.9) (9190 pts)
        delta H to (0, 0.95) (9190 pts)


lambda_14/bar.xvg: 0.0 - 917.8; lambda = (0, 0.95)
    dH/dl & foreign lambdas:
        dH/dl (coul-lambda) (9179 pts)
        dH/dl (vdw-lambda) (9179 pts)
        delta H to (0, 0.9) (9179 pts)
        delta H to (0, 0.95) (9179 pts)
        delta H to (0, 1) (9179 pts)


lambda_15/bar.xvg: 0.0 - 917.2; lambda = (0, 1)
    dH/dl & foreign lambdas:
        dH/dl (coul-lambda) (9173 pts)
        dH/dl (vdw-lambda) (9173 pts)
        delta H to (0, 0.95) (9173 pts)
        delta H to (0, 1) (9173 pts)
        delta H to (0.2, 1) (9173 pts)


lambda_16/bar.xvg: 0.0 - 922.9; lambda = (0.2, 1)
    dH/dl & foreign lambdas:
        dH/dl (coul-lambda) (9230 pts)
        dH/dl (vdw-lambda) (9230 pts)
        delta H to (0, 1) (9230 pts)
        delta H to (0.2, 1) (9230 pts)
        delta H to (0.4, 1) (9230 pts)


lambda_17/bar.xvg: 0.0 - 926.9; lambda = (0.4, 1)
    dH/dl & foreign lambdas:
        dH/dl (coul-lambda) (9270 pts)
        dH/dl (vdw-lambda) (9270 pts)
        delta H to (0.2, 1) (9270 pts)
        delta H to (0.4, 1) (9270 pts)
        delta H to (0.5, 1) (9270 pts)


lambda_18/bar.xvg: 0.0 - 928.8; lambda = (0.5, 1)
    dH/dl & foreign lambdas:
        dH/dl (coul-lambda) (9289 pts)
        dH/dl (vdw-lambda) (9289 pts)
        delta H to (0.4, 1) (9289 pts)
        delta H to (0.5, 1) (9289 pts)
        delta H to (0.6, 1) (9289 pts)


lambda_19/bar.xvg: 0.0 - 918.0; lambda = (0.6, 1)
    dH/dl & foreign lambdas:
        dH/dl (coul-lambda) (9181 pts)
        dH/dl (vdw-lambda) (9181 pts)
        delta H to (0.5, 1) (9181 pts)
        delta H to (0.6, 1) (9181 pts)
        delta H to (0.7, 1) (9181 pts)


lambda_20/bar.xvg: 0.0 - 920.0; lambda = (0.7, 1)
    dH/dl & foreign lambdas:
        dH/dl (coul-lambda) (9201 pts)
        dH/dl (vdw-lambda) (9201 pts)
        delta H to (0.6, 1) (9201 pts)
        delta H to (0.7, 1) (9201 pts)
        delta H to (0.8, 1) (9201 pts)


lambda_21/bar.xvg: 0.0 - 922.0; lambda = (0.8, 1)
    dH/dl & foreign lambdas:
        dH/dl (coul-lambda) (9221 pts)
        dH/dl (vdw-lambda) (9221 pts)
        delta H to (0.7, 1) (9221 pts)
        delta H to (0.8, 1) (9221 pts)
        delta H to (0.9, 1) (9221 pts)


lambda_22/bar.xvg: 0.0 - 923.7; lambda = (0.9, 1)
    dH/dl & foreign lambdas:
        dH/dl (coul-lambda) (9238 pts)
        dH/dl (vdw-lambda) (9238 pts)
        delta H to (0.8, 1) (9238 pts)
        delta H to (0.9, 1) (9238 pts)
        delta H to (1, 1) (9238 pts)


lambda_23/bar.xvg: 0.0 - 915.6; lambda = (1, 1)
    dH/dl & foreign lambdas:
        dH/dl (coul-lambda) (9157 pts)
        dH/dl (vdw-lambda) (9157 pts)
        delta H to (0.9, 1) (9157 pts)
        delta H to (1, 1) (9157 pts)



   Samples in time interval: 0.000 - 928.800
Removing samples outside of: 100.000 - 928.800

Temperature: 300 K

Detailed results in kT (see help for explanation):

 lam_A  lam_B      DG   +/-     s_A   +/-     s_B   +/-   stdev   +/- 
     0      1   -6.43  0.00    0.02  0.01    0.02  0.01    0.22  0.00
     1      2   -5.07  0.01    0.01  0.00    0.01  0.00    0.22  0.00
     2      3   -2.57  0.02    0.08  0.01    0.09  0.01    0.37  0.00
     3      4    1.80  0.02    0.34  0.03    0.38  0.03    0.85  0.01
     4      5    7.91  0.05    2.24  0.07    2.51  0.02    2.48  0.05
     5      6    4.64  0.03    2.23  0.04    2.03  0.03    2.38  0.03
     6      7    2.94  0.04    2.24  0.05    1.45  0.06    2.05  0.03
     7      8    1.87  0.03    1.64  0.08    1.11  0.04    1.70  0.03
     8      9    1.21  0.03    1.23  0.02    0.85  0.01    1.46  0.01
     9     10    0.75  0.02    1.06  0.01    0.75  0.01    1.33  0.01
    10     11    0.38  0.01    0.88  0.02    0.61  0.02    1.21  0.01
    11     12    0.12  0.01    0.75  0.01    0.53  0.01    1.12  0.01
    12     13   -0.07  0.01    0.66  0.01    0.46  0.01    1.04  0.01
    13     14   -0.22  0.01    0.61  0.01    0.43  0.00    0.99  0.00
    14     15   -0.36  0.01    0.53  0.01    0.38  0.01    0.93  0.00
    15     16   -0.51  0.01    0.51  0.01    0.53  0.01    1.02  0.01
    16     17   -1.67  0.03    0.62  0.02    0.70  0.02    1.16  0.01
    17     18   -1.39  0.01    0.21  0.01    0.22  0.01    0.66  0.00
    18     19   -1.89  0.01    0.27  0.01    0.29  0.02    0.73  0.01
    19     20   -2.47  0.02    0.30  0.02    0.31  0.02    0.78  0.01
    20     21   -3.10  0.01    0.32  0.03    0.33  0.02    0.83  0.01
    21     22   -3.82  0.01    0.40  0.03    0.41  0.03    0.89  0.01
    22     23   -4.62  0.02    0.39  0.01    0.40  0.01    0.91  0.01


Final results in kJ/mol:

point      0 -      1,   DG -16.04 +/-  0.01
point      1 -      2,   DG -12.64 +/-  0.02
point      2 -      3,   DG -6.40 +/-  0.04
point      3 -      4,   DG  4.49 +/-  0.04
point      4 -      5,   DG 19.72 +/-  0.13
point      5 -      6,   DG 11.58 +/-  0.08
point      6 -      7,   DG  7.34 +/-  0.10
point      7 -      8,   DG  4.67 +/-  0.07
point      8 -      9,   DG  3.01 +/-  0.07
point      9 -     10,   DG  1.86 +/-  0.05
point     10 -     11,   DG  0.95 +/-  0.04
point     11 -     12,   DG  0.30 +/-  0.04
point     12 -     13,   DG -0.17 +/-  0.02
point     13 -     14,   DG -0.56 +/-  0.02
point     14 -     15,   DG -0.90 +/-  0.03
point     15 -     16,   DG -1.28 +/-  0.02
point     16 -     17,   DG -4.15 +/-  0.07
point     17 -     18,   DG -3.47 +/-  0.04
point     18 -     19,   DG -4.71 +/-  0.03
point     19 -     20,   DG -6.17 +/-  0.05
point     20 -     21,   DG -7.73 +/-  0.03
point     21 -     22,   DG -9.54 +/-  0.03
point     22 -     23,   DG -11.53 +/-  0.06

total      0 -     23,   DG -31.38 +/-  0.39

