lambda_00/bar.xvg: 0.0 - 317.0; lambda = (0, 0)
    dH/dl & foreign lambdas:
        dH/dl (coul-lambda) (3171 pts)
        dH/dl (vdw-lambda) (3171 pts)
        delta H to (0, 0) (3171 pts)
        delta H to (0, 0.1) (3171 pts)


lambda_01/bar.xvg: 0.0 - 331.9; lambda = (0, 0.1)
    dH/dl & foreign lambdas:
        dH/dl (coul-lambda) (3320 pts)
        dH/dl (vdw-lambda) (3320 pts)
        delta H to (0, 0) (3320 pts)
        delta H to (0, 0.1) (3320 pts)
        delta H to (0, 0.2) (3320 pts)


lambda_02/bar.xvg: 0.0 - 331.9; lambda = (0, 0.2)
    dH/dl & foreign lambdas:
        dH/dl (coul-lambda) (3320 pts)
        dH/dl (vdw-lambda) (3320 pts)
        delta H to (0, 0.1) (3320 pts)
        delta H to (0, 0.2) (3320 pts)
        delta H to (0, 0.3) (3320 pts)


lambda_03/bar.xvg: 0.0 - 322.6; lambda = (0, 0.3)
    dH/dl & foreign lambdas:
        dH/dl (coul-lambda) (3227 pts)
        dH/dl (vdw-lambda) (3227 pts)
        delta H to (0, 0.2) (3227 pts)
        delta H to (0, 0.3) (3227 pts)
        delta H to (0, 0.4) (3227 pts)


lambda_04/bar.xvg: 0.0 - 322.7; lambda = (0, 0.4)
    dH/dl & foreign lambdas:
        dH/dl (coul-lambda) (3228 pts)
        dH/dl (vdw-lambda) (3228 pts)
        delta H to (0, 0.3) (3228 pts)
        delta H to (0, 0.4) (3228 pts)
        delta H to (0, 0.5) (3228 pts)


lambda_05/bar.xvg: 0.0 - 323.2; lambda = (0, 0.5)
    dH/dl & foreign lambdas:
        dH/dl (coul-lambda) (3233 pts)
        dH/dl (vdw-lambda) (3233 pts)
        delta H to (0, 0.4) (3233 pts)
        delta H to (0, 0.5) (3233 pts)
        delta H to (0, 0.55) (3233 pts)


lambda_06/bar.xvg: 0.0 - 321.8; lambda = (0, 0.55)
    dH/dl & foreign lambdas:
        dH/dl (coul-lambda) (3219 pts)
        dH/dl (vdw-lambda) (3219 pts)
        delta H to (0, 0.5) (3219 pts)
        delta H to (0, 0.55) (3219 pts)
        delta H to (0, 0.6) (3219 pts)


lambda_07/bar.xvg: 0.0 - 320.2; lambda = (0, 0.6)
    dH/dl & foreign lambdas:
        dH/dl (coul-lambda) (3203 pts)
        dH/dl (vdw-lambda) (3203 pts)
        delta H to (0, 0.55) (3203 pts)
        delta H to (0, 0.6) (3203 pts)
        delta H to (0, 0.65) (3203 pts)


lambda_08/bar.xvg: 0.0 - 332.5; lambda = (0, 0.65)
    dH/dl & foreign lambdas:
        dH/dl (coul-lambda) (3326 pts)
        dH/dl (vdw-lambda) (3326 pts)
        delta H to (0, 0.6) (3326 pts)
        delta H to (0, 0.65) (3326 pts)
        delta H to (0, 0.7) (3326 pts)


lambda_09/bar.xvg: 0.0 - 331.4; lambda = (0, 0.7)
    dH/dl & foreign lambdas:
        dH/dl (coul-lambda) (3315 pts)
        dH/dl (vdw-lambda) (3315 pts)
        delta H to (0, 0.65) (3315 pts)
        delta H to (0, 0.7) (3315 pts)
        delta H to (0, 0.75) (3315 pts)


lambda_10/bar.xvg: 0.0 - 330.6; lambda = (0, 0.75)
    dH/dl & foreign lambdas:
        dH/dl (coul-lambda) (3307 pts)
        dH/dl (vdw-lambda) (3307 pts)
        delta H to (0, 0.7) (3307 pts)
        delta H to (0, 0.75) (3307 pts)
        delta H to (0, 0.8) (3307 pts)


lambda_11/bar.xvg: 0.0 - 330.1; lambda = (0, 0.8)
    dH/dl & foreign lambdas:
        dH/dl (coul-lambda) (3302 pts)
        dH/dl (vdw-lambda) (3302 pts)
        delta H to (0, 0.75) (3302 pts)
        delta H to (0, 0.8) (3302 pts)
        delta H to (0, 0.85) (3302 pts)


lambda_12/bar.xvg: 0.0 - 329.6; lambda = (0, 0.85)
    dH/dl & foreign lambdas:
        dH/dl (coul-lambda) (3297 pts)
        dH/dl (vdw-lambda) (3297 pts)
        delta H to (0, 0.8) (3297 pts)
        delta H to (0, 0.85) (3297 pts)
        delta H to (0, 0.9) (3297 pts)


lambda_13/bar.xvg: 0.0 - 329.6; lambda = (0, 0.9)
    dH/dl & foreign lambdas:
        dH/dl (coul-lambda) (3297 pts)
        dH/dl (vdw-lambda) (3297 pts)
        delta H to (0, 0.85) (3297 pts)
        delta H to (0, 0.9) (3297 pts)
        delta H to (0, 0.95) (3297 pts)


lambda_14/bar.xvg: 0.0 - 329.3; lambda = (0, 0.95)
    dH/dl & foreign lambdas:
        dH/dl (coul-lambda) (3294 pts)
        dH/dl (vdw-lambda) (3294 pts)
        delta H to (0, 0.9) (3294 pts)
        delta H to (0, 0.95) (3294 pts)
        delta H to (0, 1) (3294 pts)


lambda_15/bar.xvg: 0.0 - 330.4; lambda = (0, 1)
    dH/dl & foreign lambdas:
        dH/dl (coul-lambda) (3305 pts)
        dH/dl (vdw-lambda) (3305 pts)
        delta H to (0, 0.95) (3305 pts)
        delta H to (0, 1) (3305 pts)
        delta H to (0.2, 1) (3305 pts)


lambda_16/bar.xvg: 0.0 - 329.5; lambda = (0.2, 1)
    dH/dl & foreign lambdas:
        dH/dl (coul-lambda) (3296 pts)
        dH/dl (vdw-lambda) (3296 pts)
        delta H to (0, 1) (3296 pts)
        delta H to (0.2, 1) (3296 pts)
        delta H to (0.4, 1) (3296 pts)


lambda_17/bar.xvg: 0.0 - 331.0; lambda = (0.4, 1)
    dH/dl & foreign lambdas:
        dH/dl (coul-lambda) (3311 pts)
        dH/dl (vdw-lambda) (3311 pts)
        delta H to (0.2, 1) (3311 pts)
        delta H to (0.4, 1) (3311 pts)
        delta H to (0.5, 1) (3311 pts)


lambda_18/bar.xvg: 0.0 - 331.7; lambda = (0.5, 1)
    dH/dl & foreign lambdas:
        dH/dl (coul-lambda) (3318 pts)
        dH/dl (vdw-lambda) (3318 pts)
        delta H to (0.4, 1) (3318 pts)
        delta H to (0.5, 1) (3318 pts)
        delta H to (0.6, 1) (3318 pts)


lambda_19/bar.xvg: 0.0 - 332.6; lambda = (0.6, 1)
    dH/dl & foreign lambdas:
        dH/dl (coul-lambda) (3327 pts)
        dH/dl (vdw-lambda) (3327 pts)
        delta H to (0.5, 1) (3327 pts)
        delta H to (0.6, 1) (3327 pts)
        delta H to (0.7, 1) (3327 pts)


lambda_20/bar.xvg: 0.0 - 320.0; lambda = (0.7, 1)
    dH/dl & foreign lambdas:
        dH/dl (coul-lambda) (3201 pts)
        dH/dl (vdw-lambda) (3201 pts)
        delta H to (0.6, 1) (3201 pts)
        delta H to (0.7, 1) (3201 pts)
        delta H to (0.8, 1) (3201 pts)


lambda_21/bar.xvg: 0.0 - 320.5; lambda = (0.8, 1)
    dH/dl & foreign lambdas:
        dH/dl (coul-lambda) (3206 pts)
        dH/dl (vdw-lambda) (3206 pts)
        delta H to (0.7, 1) (3206 pts)
        delta H to (0.8, 1) (3206 pts)
        delta H to (0.9, 1) (3206 pts)


lambda_22/bar.xvg: 0.0 - 321.0; lambda = (0.9, 1)
    dH/dl & foreign lambdas:
        dH/dl (coul-lambda) (3211 pts)
        dH/dl (vdw-lambda) (3211 pts)
        delta H to (0.8, 1) (3211 pts)
        delta H to (0.9, 1) (3211 pts)
        delta H to (1, 1) (3211 pts)


lambda_23/bar.xvg: 0.0 - 326.6; lambda = (1, 1)
    dH/dl & foreign lambdas:
        dH/dl (coul-lambda) (3267 pts)
        dH/dl (vdw-lambda) (3267 pts)
        delta H to (0.9, 1) (3267 pts)
        delta H to (1, 1) (3267 pts)



   Samples in time interval: 0.000 - 332.600
Removing samples outside of: 100.000 - 332.600

Temperature: 300 K

Detailed results in kT (see help for explanation):

 lam_A  lam_B      DG   +/-     s_A   +/-     s_B   +/-   stdev   +/- 
     0      1   -2.41  0.01    0.01  0.00    0.01  0.00    0.12  0.00
     1      2   -1.91  0.00    0.01  0.00    0.01  0.00    0.14  0.00
     2      3   -1.00  0.01    0.04  0.01    0.04  0.01    0.25  0.01
     3      4    0.58  0.02    0.13  0.00    0.13  0.01    0.55  0.02
     4      5    2.69  0.08    0.91  0.06    1.01  0.04    1.45  0.03
     5      6    1.57  0.04    0.73  0.07    0.61  0.05    1.17  0.05
     6      7    1.23  0.03    0.70  0.07    0.53  0.05    1.14  0.02
     7      8    0.85  0.04    0.70  0.07    0.48  0.05    1.06  0.03
     8      9    0.55  0.05    0.50  0.03    0.35  0.01    0.89  0.02
     9     10    0.38  0.03    0.41  0.05    0.29  0.04    0.82  0.02
    10     11    0.23  0.02    0.41  0.02    0.29  0.02    0.77  0.01
    11     12    0.08  0.02    0.31  0.02    0.22  0.01    0.70  0.01
    12     13   -0.00  0.01    0.27  0.03    0.19  0.02    0.66  0.01
    13     14   -0.07  0.01    0.24  0.01    0.17  0.01    0.62  0.01
    14     15   -0.11  0.01    0.21  0.02    0.15  0.01    0.59  0.01
    15     16   -0.49  0.03    0.51  0.03    0.54  0.03    1.04  0.01
    16     17   -1.72  0.05    0.70  0.03    0.77  0.04    1.22  0.03
    17     18   -1.46  0.03    0.21  0.03    0.22  0.03    0.66  0.02
    18     19   -1.96  0.02    0.28  0.02    0.28  0.02    0.70  0.01
    19     20   -2.50  0.01    0.26  0.03    0.27  0.03    0.73  0.01
    20     21   -3.03  0.05    0.27  0.02    0.28  0.02    0.79  0.01
    21     22   -3.69  0.07    0.38  0.02    0.38  0.01    0.86  0.01
    22     23   -4.38  0.05    0.31  0.02    0.31  0.02    0.84  0.01


Final results in kJ/mol:

point      0 -      1,   DG -6.01 +/-  0.02
point      1 -      2,   DG -4.77 +/-  0.01
point      2 -      3,   DG -2.49 +/-  0.01
point      3 -      4,   DG  1.45 +/-  0.05
point      4 -      5,   DG  6.72 +/-  0.20
point      5 -      6,   DG  3.92 +/-  0.11
point      6 -      7,   DG  3.06 +/-  0.09
point      7 -      8,   DG  2.12 +/-  0.09
point      8 -      9,   DG  1.36 +/-  0.12
point      9 -     10,   DG  0.95 +/-  0.07
point     10 -     11,   DG  0.56 +/-  0.04
point     11 -     12,   DG  0.20 +/-  0.04
point     12 -     13,   DG -0.00 +/-  0.02
point     13 -     14,   DG -0.17 +/-  0.03
point     14 -     15,   DG -0.27 +/-  0.02
point     15 -     16,   DG -1.23 +/-  0.07
point     16 -     17,   DG -4.30 +/-  0.13
point     17 -     18,   DG -3.64 +/-  0.08
point     18 -     19,   DG -4.88 +/-  0.06
point     19 -     20,   DG -6.23 +/-  0.04
point     20 -     21,   DG -7.56 +/-  0.12
point     21 -     22,   DG -9.20 +/-  0.16
point     22 -     23,   DG -10.93 +/-  0.14

total      0 -     23,   DG -41.33 +/-  0.54

