lambda_00/bar.xvg: 0.0 - 969.1; lambda = (0, 0)
    dH/dl & foreign lambdas:
        dH/dl (coul-lambda) (9692 pts)
        dH/dl (vdw-lambda) (9692 pts)
        delta H to (0, 0) (9692 pts)
        delta H to (0, 0.1) (9692 pts)


lambda_01/bar.xvg: 0.0 - 970.9; lambda = (0, 0.1)
    dH/dl & foreign lambdas:
        dH/dl (coul-lambda) (9710 pts)
        dH/dl (vdw-lambda) (9710 pts)
        delta H to (0, 0) (9710 pts)
        delta H to (0, 0.1) (9710 pts)
        delta H to (0, 0.2) (9710 pts)


lambda_02/bar.xvg: 0.0 - 971.0; lambda = (0, 0.2)
    dH/dl & foreign lambdas:
        dH/dl (coul-lambda) (9711 pts)
        dH/dl (vdw-lambda) (9711 pts)
        delta H to (0, 0.1) (9711 pts)
        delta H to (0, 0.2) (9711 pts)
        delta H to (0, 0.3) (9711 pts)


lambda_03/bar.xvg: 0.0 - 967.6; lambda = (0, 0.3)
    dH/dl & foreign lambdas:
        dH/dl (coul-lambda) (9677 pts)
        dH/dl (vdw-lambda) (9677 pts)
        delta H to (0, 0.2) (9677 pts)
        delta H to (0, 0.3) (9677 pts)
        delta H to (0, 0.4) (9677 pts)


lambda_04/bar.xvg: 0.0 - 967.6; lambda = (0, 0.4)
    dH/dl & foreign lambdas:
        dH/dl (coul-lambda) (9677 pts)
        dH/dl (vdw-lambda) (9677 pts)
        delta H to (0, 0.3) (9677 pts)
        delta H to (0, 0.4) (9677 pts)
        delta H to (0, 0.5) (9677 pts)


lambda_05/bar.xvg: 0.0 - 967.6; lambda = (0, 0.5)
    dH/dl & foreign lambdas:
        dH/dl (coul-lambda) (9677 pts)
        dH/dl (vdw-lambda) (9677 pts)
        delta H to (0, 0.4) (9677 pts)
        delta H to (0, 0.5) (9677 pts)
        delta H to (0, 0.55) (9677 pts)


lambda_06/bar.xvg: 0.0 - 972.1; lambda = (0, 0.55)
    dH/dl & foreign lambdas:
        dH/dl (coul-lambda) (9722 pts)
        dH/dl (vdw-lambda) (9722 pts)
        delta H to (0, 0.5) (9722 pts)
        delta H to (0, 0.55) (9722 pts)
        delta H to (0, 0.6) (9722 pts)


lambda_07/bar.xvg: 0.0 - 970.6; lambda = (0, 0.6)
    dH/dl & foreign lambdas:
        dH/dl (coul-lambda) (9707 pts)
        dH/dl (vdw-lambda) (9707 pts)
        delta H to (0, 0.55) (9707 pts)
        delta H to (0, 0.6) (9707 pts)
        delta H to (0, 0.65) (9707 pts)


lambda_08/bar.xvg: 0.0 - 968.7; lambda = (0, 0.65)
    dH/dl & foreign lambdas:
        dH/dl (coul-lambda) (9688 pts)
        dH/dl (vdw-lambda) (9688 pts)
        delta H to (0, 0.6) (9688 pts)
        delta H to (0, 0.65) (9688 pts)
        delta H to (0, 0.7) (9688 pts)


lambda_09/bar.xvg: 0.0 - 967.6; lambda = (0, 0.7)
    dH/dl & foreign lambdas:
        dH/dl (coul-lambda) (9677 pts)
        dH/dl (vdw-lambda) (9677 pts)
        delta H to (0, 0.65) (9677 pts)
        delta H to (0, 0.7) (9677 pts)
        delta H to (0, 0.75) (9677 pts)


lambda_10/bar.xvg: 0.0 - 967.6; lambda = (0, 0.75)
    dH/dl & foreign lambdas:
        dH/dl (coul-lambda) (9677 pts)
        dH/dl (vdw-lambda) (9677 pts)
        delta H to (0, 0.7) (9677 pts)
        delta H to (0, 0.75) (9677 pts)
        delta H to (0, 0.8) (9677 pts)


lambda_11/bar.xvg: 0.0 - 967.6; lambda = (0, 0.8)
    dH/dl & foreign lambdas:
        dH/dl (coul-lambda) (9677 pts)
        dH/dl (vdw-lambda) (9677 pts)
        delta H to (0, 0.75) (9677 pts)
        delta H to (0, 0.8) (9677 pts)
        delta H to (0, 0.85) (9677 pts)


lambda_12/bar.xvg: 0.0 - 967.6; lambda = (0, 0.85)
    dH/dl & foreign lambdas:
        dH/dl (coul-lambda) (9677 pts)
        dH/dl (vdw-lambda) (9677 pts)
        delta H to (0, 0.8) (9677 pts)
        delta H to (0, 0.85) (9677 pts)
        delta H to (0, 0.9) (9677 pts)


lambda_13/bar.xvg: 0.0 - 967.6; lambda = (0, 0.9)
    dH/dl & foreign lambdas:
        dH/dl (coul-lambda) (9677 pts)
        dH/dl (vdw-lambda) (9677 pts)
        delta H to (0, 0.85) (9677 pts)
        delta H to (0, 0.9) (9677 pts)
        delta H to (0, 0.95) (9677 pts)


lambda_14/bar.xvg: 0.0 - 972.3; lambda = (0, 0.95)
    dH/dl & foreign lambdas:
        dH/dl (coul-lambda) (9724 pts)
        dH/dl (vdw-lambda) (9724 pts)
        delta H to (0, 0.9) (9724 pts)
        delta H to (0, 0.95) (9724 pts)
        delta H to (0, 1) (9724 pts)


lambda_15/bar.xvg: 0.0 - 971.7; lambda = (0, 1)
    dH/dl & foreign lambdas:
        dH/dl (coul-lambda) (9718 pts)
        dH/dl (vdw-lambda) (9718 pts)
        delta H to (0, 0.95) (9718 pts)
        delta H to (0, 1) (9718 pts)
        delta H to (0.2, 1) (9718 pts)


lambda_16/bar.xvg: 0.0 - 967.6; lambda = (0.2, 1)
    dH/dl & foreign lambdas:
        dH/dl (coul-lambda) (9677 pts)
        dH/dl (vdw-lambda) (9677 pts)
        delta H to (0, 1) (9677 pts)
        delta H to (0.2, 1) (9677 pts)
        delta H to (0.4, 1) (9677 pts)


lambda_17/bar.xvg: 0.0 - 967.6; lambda = (0.4, 1)
    dH/dl & foreign lambdas:
        dH/dl (coul-lambda) (9677 pts)
        dH/dl (vdw-lambda) (9677 pts)
        delta H to (0.2, 1) (9677 pts)
        delta H to (0.4, 1) (9677 pts)
        delta H to (0.5, 1) (9677 pts)


lambda_18/bar.xvg: 0.0 - 968.9; lambda = (0.5, 1)
    dH/dl & foreign lambdas:
        dH/dl (coul-lambda) (9690 pts)
        dH/dl (vdw-lambda) (9690 pts)
        delta H to (0.4, 1) (9690 pts)
        delta H to (0.5, 1) (9690 pts)
        delta H to (0.6, 1) (9690 pts)


lambda_19/bar.xvg: 0.0 - 971.1; lambda = (0.6, 1)
    dH/dl & foreign lambdas:
        dH/dl (coul-lambda) (9712 pts)
        dH/dl (vdw-lambda) (9712 pts)
        delta H to (0.5, 1) (9712 pts)
        delta H to (0.6, 1) (9712 pts)
        delta H to (0.7, 1) (9712 pts)


lambda_20/bar.xvg: 0.0 - 967.6; lambda = (0.7, 1)
    dH/dl & foreign lambdas:
        dH/dl (coul-lambda) (9677 pts)
        dH/dl (vdw-lambda) (9677 pts)
        delta H to (0.6, 1) (9677 pts)
        delta H to (0.7, 1) (9677 pts)
        delta H to (0.8, 1) (9677 pts)


lambda_21/bar.xvg: 0.0 - 967.6; lambda = (0.8, 1)
    dH/dl & foreign lambdas:
        dH/dl (coul-lambda) (9677 pts)
        dH/dl (vdw-lambda) (9677 pts)
        delta H to (0.7, 1) (9677 pts)
        delta H to (0.8, 1) (9677 pts)
        delta H to (0.9, 1) (9677 pts)


lambda_22/bar.xvg: 0.0 - 967.6; lambda = (0.9, 1)
    dH/dl & foreign lambdas:
        dH/dl (coul-lambda) (9677 pts)
        dH/dl (vdw-lambda) (9677 pts)
        delta H to (0.8, 1) (9677 pts)
        delta H to (0.9, 1) (9677 pts)
        delta H to (1, 1) (9677 pts)


lambda_23/bar.xvg: 0.0 - 967.6; lambda = (1, 1)
    dH/dl & foreign lambdas:
        dH/dl (coul-lambda) (9677 pts)
        dH/dl (vdw-lambda) (9677 pts)
        delta H to (0.9, 1) (9677 pts)
        delta H to (1, 1) (9677 pts)



   Samples in time interval: 0.000 - 972.300
Removing samples outside of: 100.000 - 972.300

Temperature: 300 K

Detailed results in kT (see help for explanation):

 lam_A  lam_B      DG   +/-     s_A   +/-     s_B   +/-   stdev   +/- 
     0      1   -7.28  0.00    0.03  0.01    0.03  0.01    0.24  0.00
     1      2   -5.75  0.01    0.03  0.00    0.03  0.00    0.24  0.00
     2      3   -2.92  0.01    0.08  0.01    0.08  0.01    0.39  0.01
     3      4    2.07  0.03    0.38  0.02    0.41  0.02    0.89  0.02
     4      5    8.75  0.06    2.86  0.10    3.24  0.10    3.02  0.08
     5      6    4.97  0.05    2.28  0.07    2.02  0.08    2.37  0.05
     6      7    3.31  0.06    2.55  0.08    1.70  0.05    2.24  0.03
     7      8    2.06  0.05    1.82  0.08    1.24  0.05    1.81  0.04
     8      9    1.31  0.03    1.38  0.04    0.96  0.04    1.56  0.02
     9     10    0.80  0.03    1.18  0.02    0.82  0.02    1.42  0.02
    10     11    0.41  0.02    1.00  0.02    0.69  0.01    1.30  0.01
    11     12    0.13  0.02    0.85  0.02    0.59  0.01    1.19  0.01
    12     13   -0.09  0.01    0.77  0.01    0.55  0.00    1.12  0.01
    13     14   -0.28  0.01    0.66  0.02    0.47  0.01    1.05  0.01
    14     15   -0.41  0.01    0.60  0.02    0.43  0.01    1.00  0.01
    15     16   -0.52  0.02    0.54  0.02    0.57  0.02    1.05  0.01
    16     17   -1.76  0.03    0.67  0.01    0.76  0.02    1.22  0.01
    17     18   -1.50  0.01    0.24  0.02    0.25  0.02    0.70  0.00
    18     19   -2.02  0.01    0.27  0.02    0.29  0.02    0.76  0.00
    19     20   -2.64  0.01    0.34  0.02    0.35  0.02    0.81  0.01
    20     21   -3.35  0.02    0.36  0.02    0.37  0.02    0.85  0.01
    21     22   -4.11  0.02    0.39  0.01    0.39  0.01    0.88  0.01
    22     23   -4.89  0.02    0.39  0.01    0.39  0.01    0.90  0.00


Final results in kJ/mol:

point      0 -      1,   DG -18.15 +/-  0.01
point      1 -      2,   DG -14.35 +/-  0.02
point      2 -      3,   DG -7.29 +/-  0.02
point      3 -      4,   DG  5.16 +/-  0.08
point      4 -      5,   DG 21.82 +/-  0.15
point      5 -      6,   DG 12.41 +/-  0.12
point      6 -      7,   DG  8.26 +/-  0.14
point      7 -      8,   DG  5.13 +/-  0.13
point      8 -      9,   DG  3.27 +/-  0.07
point      9 -     10,   DG  2.00 +/-  0.08
point     10 -     11,   DG  1.03 +/-  0.05
point     11 -     12,   DG  0.32 +/-  0.05
point     12 -     13,   DG -0.23 +/-  0.03
point     13 -     14,   DG -0.70 +/-  0.02
point     14 -     15,   DG -1.02 +/-  0.02
point     15 -     16,   DG -1.30 +/-  0.05
point     16 -     17,   DG -4.40 +/-  0.08
point     17 -     18,   DG -3.73 +/-  0.03
point     18 -     19,   DG -5.04 +/-  0.02
point     19 -     20,   DG -6.59 +/-  0.03
point     20 -     21,   DG -8.36 +/-  0.05
point     21 -     22,   DG -10.25 +/-  0.05
point     22 -     23,   DG -12.20 +/-  0.04

total      0 -     23,   DG -34.22 +/-  0.52

