lambda_00/bar.xvg: 0.0 - 952.9; lambda = (0, 0)
    dH/dl & foreign lambdas:
        dH/dl (coul-lambda) (9530 pts)
        dH/dl (vdw-lambda) (9530 pts)
        delta H to (0, 0) (9530 pts)
        delta H to (0, 0.1) (9530 pts)


lambda_01/bar.xvg: 0.0 - 958.0; lambda = (0, 0.1)
    dH/dl & foreign lambdas:
        dH/dl (coul-lambda) (9581 pts)
        dH/dl (vdw-lambda) (9581 pts)
        delta H to (0, 0) (9581 pts)
        delta H to (0, 0.1) (9581 pts)
        delta H to (0, 0.2) (9581 pts)


lambda_02/bar.xvg: 0.0 - 957.7; lambda = (0, 0.2)
    dH/dl & foreign lambdas:
        dH/dl (coul-lambda) (9578 pts)
        dH/dl (vdw-lambda) (9578 pts)
        delta H to (0, 0.1) (9578 pts)
        delta H to (0, 0.2) (9578 pts)
        delta H to (0, 0.3) (9578 pts)


lambda_03/bar.xvg: 0.0 - 960.0; lambda = (0, 0.3)
    dH/dl & foreign lambdas:
        dH/dl (coul-lambda) (9601 pts)
        dH/dl (vdw-lambda) (9601 pts)
        delta H to (0, 0.2) (9601 pts)
        delta H to (0, 0.3) (9601 pts)
        delta H to (0, 0.4) (9601 pts)


lambda_04/bar.xvg: 0.0 - 959.4; lambda = (0, 0.4)
    dH/dl & foreign lambdas:
        dH/dl (coul-lambda) (9595 pts)
        dH/dl (vdw-lambda) (9595 pts)
        delta H to (0, 0.3) (9595 pts)
        delta H to (0, 0.4) (9595 pts)
        delta H to (0, 0.5) (9595 pts)


lambda_05/bar.xvg: 0.0 - 959.7; lambda = (0, 0.5)
    dH/dl & foreign lambdas:
        dH/dl (coul-lambda) (9598 pts)
        dH/dl (vdw-lambda) (9598 pts)
        delta H to (0, 0.4) (9598 pts)
        delta H to (0, 0.5) (9598 pts)
        delta H to (0, 0.55) (9598 pts)


lambda_06/bar.xvg: 0.0 - 958.9; lambda = (0, 0.55)
    dH/dl & foreign lambdas:
        dH/dl (coul-lambda) (9590 pts)
        dH/dl (vdw-lambda) (9590 pts)
        delta H to (0, 0.5) (9590 pts)
        delta H to (0, 0.55) (9590 pts)
        delta H to (0, 0.6) (9590 pts)


lambda_07/bar.xvg: 0.0 - 957.1; lambda = (0, 0.6)
    dH/dl & foreign lambdas:
        dH/dl (coul-lambda) (9572 pts)
        dH/dl (vdw-lambda) (9572 pts)
        delta H to (0, 0.55) (9572 pts)
        delta H to (0, 0.6) (9572 pts)
        delta H to (0, 0.65) (9572 pts)


lambda_08/bar.xvg: 0.0 - 954.9; lambda = (0, 0.65)
    dH/dl & foreign lambdas:
        dH/dl (coul-lambda) (9550 pts)
        dH/dl (vdw-lambda) (9550 pts)
        delta H to (0, 0.6) (9550 pts)
        delta H to (0, 0.65) (9550 pts)
        delta H to (0, 0.7) (9550 pts)


lambda_09/bar.xvg: 0.0 - 952.6; lambda = (0, 0.7)
    dH/dl & foreign lambdas:
        dH/dl (coul-lambda) (9527 pts)
        dH/dl (vdw-lambda) (9527 pts)
        delta H to (0, 0.65) (9527 pts)
        delta H to (0, 0.7) (9527 pts)
        delta H to (0, 0.75) (9527 pts)


lambda_10/bar.xvg: 0.0 - 964.0; lambda = (0, 0.75)
    dH/dl & foreign lambdas:
        dH/dl (coul-lambda) (9641 pts)
        dH/dl (vdw-lambda) (9641 pts)
        delta H to (0, 0.7) (9641 pts)
        delta H to (0, 0.75) (9641 pts)
        delta H to (0, 0.8) (9641 pts)


lambda_11/bar.xvg: 0.0 - 962.0; lambda = (0, 0.8)
    dH/dl & foreign lambdas:
        dH/dl (coul-lambda) (9621 pts)
        dH/dl (vdw-lambda) (9621 pts)
        delta H to (0, 0.75) (9621 pts)
        delta H to (0, 0.8) (9621 pts)
        delta H to (0, 0.85) (9621 pts)


lambda_12/bar.xvg: 0.0 - 960.9; lambda = (0, 0.85)
    dH/dl & foreign lambdas:
        dH/dl (coul-lambda) (9610 pts)
        dH/dl (vdw-lambda) (9610 pts)
        delta H to (0, 0.8) (9610 pts)
        delta H to (0, 0.85) (9610 pts)
        delta H to (0, 0.9) (9610 pts)


lambda_13/bar.xvg: 0.0 - 959.7; lambda = (0, 0.9)
    dH/dl & foreign lambdas:
        dH/dl (coul-lambda) (9598 pts)
        dH/dl (vdw-lambda) (9598 pts)
        delta H to (0, 0.85) (9598 pts)
        delta H to (0, 0.9) (9598 pts)
        delta H to (0, 0.95) (9598 pts)


lambda_14/bar.xvg: 0.0 - 958.6; lambda = (0, 0.95)
    dH/dl & foreign lambdas:
        dH/dl (coul-lambda) (9587 pts)
        dH/dl (vdw-lambda) (9587 pts)
        delta H to (0, 0.9) (9587 pts)
        delta H to (0, 0.95) (9587 pts)
        delta H to (0, 1) (9587 pts)


lambda_15/bar.xvg: 0.0 - 958.2; lambda = (0, 1)
    dH/dl & foreign lambdas:
        dH/dl (coul-lambda) (9583 pts)
        dH/dl (vdw-lambda) (9583 pts)
        delta H to (0, 0.95) (9583 pts)
        delta H to (0, 1) (9583 pts)
        delta H to (0.2, 1) (9583 pts)


lambda_16/bar.xvg: 0.0 - 962.8; lambda = (0.2, 1)
    dH/dl & foreign lambdas:
        dH/dl (coul-lambda) (9629 pts)
        dH/dl (vdw-lambda) (9629 pts)
        delta H to (0, 1) (9629 pts)
        delta H to (0.2, 1) (9629 pts)
        delta H to (0.4, 1) (9629 pts)


lambda_17/bar.xvg: 0.0 - 953.4; lambda = (0.4, 1)
    dH/dl & foreign lambdas:
        dH/dl (coul-lambda) (9535 pts)
        dH/dl (vdw-lambda) (9535 pts)
        delta H to (0.2, 1) (9535 pts)
        delta H to (0.4, 1) (9535 pts)
        delta H to (0.5, 1) (9535 pts)


lambda_18/bar.xvg: 0.0 - 956.0; lambda = (0.5, 1)
    dH/dl & foreign lambdas:
        dH/dl (coul-lambda) (9561 pts)
        dH/dl (vdw-lambda) (9561 pts)
        delta H to (0.4, 1) (9561 pts)
        delta H to (0.5, 1) (9561 pts)
        delta H to (0.6, 1) (9561 pts)


lambda_19/bar.xvg: 0.0 - 958.1; lambda = (0.6, 1)
    dH/dl & foreign lambdas:
        dH/dl (coul-lambda) (9582 pts)
        dH/dl (vdw-lambda) (9582 pts)
        delta H to (0.5, 1) (9582 pts)
        delta H to (0.6, 1) (9582 pts)
        delta H to (0.7, 1) (9582 pts)


lambda_20/bar.xvg: 0.0 - 960.0; lambda = (0.7, 1)
    dH/dl & foreign lambdas:
        dH/dl (coul-lambda) (9601 pts)
        dH/dl (vdw-lambda) (9601 pts)
        delta H to (0.6, 1) (9601 pts)
        delta H to (0.7, 1) (9601 pts)
        delta H to (0.8, 1) (9601 pts)


lambda_21/bar.xvg: 0.0 - 962.4; lambda = (0.8, 1)
    dH/dl & foreign lambdas:
        dH/dl (coul-lambda) (9625 pts)
        dH/dl (vdw-lambda) (9625 pts)
        delta H to (0.7, 1) (9625 pts)
        delta H to (0.8, 1) (9625 pts)
        delta H to (0.9, 1) (9625 pts)


lambda_22/bar.xvg: 0.0 - 964.1; lambda = (0.9, 1)
    dH/dl & foreign lambdas:
        dH/dl (coul-lambda) (9642 pts)
        dH/dl (vdw-lambda) (9642 pts)
        delta H to (0.8, 1) (9642 pts)
        delta H to (0.9, 1) (9642 pts)
        delta H to (1, 1) (9642 pts)


lambda_23/bar.xvg: 0.0 - 948.5; lambda = (1, 1)
    dH/dl & foreign lambdas:
        dH/dl (coul-lambda) (9486 pts)
        dH/dl (vdw-lambda) (9486 pts)
        delta H to (0.9, 1) (9486 pts)
        delta H to (1, 1) (9486 pts)



Temperature: 300 K

Detailed results in kT (see help for explanation):

 lam_A  lam_B      DG   +/-     s_A   +/-     s_B   +/-   stdev   +/- 
     0      1   -7.29  0.00    0.03  0.01    0.03  0.01    0.26  0.01
     1      2   -5.76  0.00    0.02  0.00    0.02  0.00    0.24  0.00
     2      3   -2.91  0.01    0.09  0.01    0.09  0.01    0.40  0.01
     3      4    2.10  0.03    0.35  0.02    0.39  0.02    0.89  0.01
     4      5    9.06  0.04    2.62  0.04    3.05  0.15    2.84  0.06
     5      6    5.16  0.16    2.54  0.06    2.20  0.08    2.54  0.02
     6      7    3.28  0.06    2.56  0.13    1.75  0.06    2.25  0.07
     7      8    1.97  0.04    1.75  0.03    1.19  0.03    1.78  0.02
     8      9    1.26  0.02    1.33  0.05    0.94  0.03    1.53  0.02
     9     10    0.77  0.02    1.11  0.04    0.78  0.03    1.38  0.02
    10     11    0.40  0.02    0.98  0.02    0.68  0.01    1.28  0.01
    11     12    0.11  0.01    0.84  0.02    0.58  0.01    1.18  0.01
    12     13   -0.11  0.01    0.72  0.01    0.50  0.01    1.10  0.00
    13     14   -0.25  0.00    0.64  0.01    0.45  0.01    1.03  0.01
    14     15   -0.38  0.01    0.60  0.01    0.43  0.01    0.98  0.00
    15     16   -0.52  0.01    0.54  0.01    0.58  0.01    1.06  0.01
    16     17   -1.76  0.02    0.66  0.02    0.74  0.02    1.22  0.01
    17     18   -1.51  0.02    0.25  0.01    0.27  0.01    0.70  0.01
    18     19   -2.07  0.02    0.30  0.02    0.31  0.02    0.77  0.01
    19     20   -2.69  0.02    0.30  0.02    0.31  0.02    0.81  0.00
    20     21   -3.35  0.02    0.35  0.01    0.36  0.01    0.85  0.01
    21     22   -4.12  0.03    0.40  0.01    0.41  0.01    0.90  0.01
    22     23   -4.95  0.02    0.42  0.02    0.42  0.03    0.92  0.01


Final results in kJ/mol:

point      0 -      1,   DG -18.18 +/-  0.01
point      1 -      2,   DG -14.37 +/-  0.01
point      2 -      3,   DG -7.26 +/-  0.02
point      3 -      4,   DG  5.23 +/-  0.08
point      4 -      5,   DG 22.61 +/-  0.11
point      5 -      6,   DG 12.86 +/-  0.41
point      6 -      7,   DG  8.18 +/-  0.14
point      7 -      8,   DG  4.91 +/-  0.10
point      8 -      9,   DG  3.13 +/-  0.04
point      9 -     10,   DG  1.93 +/-  0.06
point     10 -     11,   DG  1.01 +/-  0.04
point     11 -     12,   DG  0.26 +/-  0.03
point     12 -     13,   DG -0.26 +/-  0.02
point     13 -     14,   DG -0.63 +/-  0.01
point     14 -     15,   DG -0.95 +/-  0.02
point     15 -     16,   DG -1.31 +/-  0.04
point     16 -     17,   DG -4.40 +/-  0.05
point     17 -     18,   DG -3.76 +/-  0.04
point     18 -     19,   DG -5.17 +/-  0.04
point     19 -     20,   DG -6.70 +/-  0.04
point     20 -     21,   DG -8.37 +/-  0.04
point     21 -     22,   DG -10.27 +/-  0.07
point     22 -     23,   DG -12.33 +/-  0.05

total      0 -     23,   DG -33.85 +/-  0.74

