lambda_00/bar.xvg: 0.0 - 968.9; lambda = (0, 0)
    dH/dl & foreign lambdas:
        dH/dl (coul-lambda) (9690 pts)
        dH/dl (vdw-lambda) (9690 pts)
        delta H to (0, 0) (9690 pts)
        delta H to (0, 0.1) (9690 pts)


lambda_01/bar.xvg: 0.0 - 971.1; lambda = (0, 0.1)
    dH/dl & foreign lambdas:
        dH/dl (coul-lambda) (9712 pts)
        dH/dl (vdw-lambda) (9712 pts)
        delta H to (0, 0) (9712 pts)
        delta H to (0, 0.1) (9712 pts)
        delta H to (0, 0.2) (9712 pts)


lambda_02/bar.xvg: 0.0 - 971.1; lambda = (0, 0.2)
    dH/dl & foreign lambdas:
        dH/dl (coul-lambda) (9712 pts)
        dH/dl (vdw-lambda) (9712 pts)
        delta H to (0, 0.1) (9712 pts)
        delta H to (0, 0.2) (9712 pts)
        delta H to (0, 0.3) (9712 pts)


lambda_03/bar.xvg: 0.0 - 973.6; lambda = (0, 0.3)
    dH/dl & foreign lambdas:
        dH/dl (coul-lambda) (9737 pts)
        dH/dl (vdw-lambda) (9737 pts)
        delta H to (0, 0.2) (9737 pts)
        delta H to (0, 0.3) (9737 pts)
        delta H to (0, 0.4) (9737 pts)


lambda_04/bar.xvg: 0.0 - 972.7; lambda = (0, 0.4)
    dH/dl & foreign lambdas:
        dH/dl (coul-lambda) (9728 pts)
        dH/dl (vdw-lambda) (9728 pts)
        delta H to (0, 0.3) (9728 pts)
        delta H to (0, 0.4) (9728 pts)
        delta H to (0, 0.5) (9728 pts)


lambda_05/bar.xvg: 0.0 - 973.2; lambda = (0, 0.5)
    dH/dl & foreign lambdas:
        dH/dl (coul-lambda) (9733 pts)
        dH/dl (vdw-lambda) (9733 pts)
        delta H to (0, 0.4) (9733 pts)
        delta H to (0, 0.5) (9733 pts)
        delta H to (0, 0.55) (9733 pts)


lambda_06/bar.xvg: 0.0 - 972.2; lambda = (0, 0.55)
    dH/dl & foreign lambdas:
        dH/dl (coul-lambda) (9723 pts)
        dH/dl (vdw-lambda) (9723 pts)
        delta H to (0, 0.5) (9723 pts)
        delta H to (0, 0.55) (9723 pts)
        delta H to (0, 0.6) (9723 pts)


lambda_07/bar.xvg: 0.0 - 970.7; lambda = (0, 0.6)
    dH/dl & foreign lambdas:
        dH/dl (coul-lambda) (9708 pts)
        dH/dl (vdw-lambda) (9708 pts)
        delta H to (0, 0.55) (9708 pts)
        delta H to (0, 0.6) (9708 pts)
        delta H to (0, 0.65) (9708 pts)


lambda_08/bar.xvg: 0.0 - 982.0; lambda = (0, 0.65)
    dH/dl & foreign lambdas:
        dH/dl (coul-lambda) (9821 pts)
        dH/dl (vdw-lambda) (9821 pts)
        delta H to (0, 0.6) (9821 pts)
        delta H to (0, 0.65) (9821 pts)
        delta H to (0, 0.7) (9821 pts)


lambda_09/bar.xvg: 0.0 - 979.9; lambda = (0, 0.7)
    dH/dl & foreign lambdas:
        dH/dl (coul-lambda) (9800 pts)
        dH/dl (vdw-lambda) (9800 pts)
        delta H to (0, 0.65) (9800 pts)
        delta H to (0, 0.7) (9800 pts)
        delta H to (0, 0.75) (9800 pts)


lambda_10/bar.xvg: 0.0 - 977.8; lambda = (0, 0.75)
    dH/dl & foreign lambdas:
        dH/dl (coul-lambda) (9779 pts)
        dH/dl (vdw-lambda) (9779 pts)
        delta H to (0, 0.7) (9779 pts)
        delta H to (0, 0.75) (9779 pts)
        delta H to (0, 0.8) (9779 pts)


lambda_11/bar.xvg: 0.0 - 975.9; lambda = (0, 0.8)
    dH/dl & foreign lambdas:
        dH/dl (coul-lambda) (9760 pts)
        dH/dl (vdw-lambda) (9760 pts)
        delta H to (0, 0.75) (9760 pts)
        delta H to (0, 0.8) (9760 pts)
        delta H to (0, 0.85) (9760 pts)


lambda_12/bar.xvg: 0.0 - 974.2; lambda = (0, 0.85)
    dH/dl & foreign lambdas:
        dH/dl (coul-lambda) (9743 pts)
        dH/dl (vdw-lambda) (9743 pts)
        delta H to (0, 0.8) (9743 pts)
        delta H to (0, 0.85) (9743 pts)
        delta H to (0, 0.9) (9743 pts)


lambda_13/bar.xvg: 0.0 - 973.1; lambda = (0, 0.9)
    dH/dl & foreign lambdas:
        dH/dl (coul-lambda) (9732 pts)
        dH/dl (vdw-lambda) (9732 pts)
        delta H to (0, 0.85) (9732 pts)
        delta H to (0, 0.9) (9732 pts)
        delta H to (0, 0.95) (9732 pts)


lambda_14/bar.xvg: 0.0 - 972.1; lambda = (0, 0.95)
    dH/dl & foreign lambdas:
        dH/dl (coul-lambda) (9722 pts)
        dH/dl (vdw-lambda) (9722 pts)
        delta H to (0, 0.9) (9722 pts)
        delta H to (0, 0.95) (9722 pts)
        delta H to (0, 1) (9722 pts)


lambda_15/bar.xvg: 0.0 - 972.2; lambda = (0, 1)
    dH/dl & foreign lambdas:
        dH/dl (coul-lambda) (9723 pts)
        dH/dl (vdw-lambda) (9723 pts)
        delta H to (0, 0.95) (9723 pts)
        delta H to (0, 1) (9723 pts)
        delta H to (0.2, 1) (9723 pts)


lambda_16/bar.xvg: 0.0 - 976.2; lambda = (0.2, 1)
    dH/dl & foreign lambdas:
        dH/dl (coul-lambda) (9763 pts)
        dH/dl (vdw-lambda) (9763 pts)
        delta H to (0, 1) (9763 pts)
        delta H to (0.2, 1) (9763 pts)
        delta H to (0.4, 1) (9763 pts)


lambda_17/bar.xvg: 0.0 - 980.0; lambda = (0.4, 1)
    dH/dl & foreign lambdas:
        dH/dl (coul-lambda) (9801 pts)
        dH/dl (vdw-lambda) (9801 pts)
        delta H to (0.2, 1) (9801 pts)
        delta H to (0.4, 1) (9801 pts)
        delta H to (0.5, 1) (9801 pts)


lambda_18/bar.xvg: 0.0 - 982.3; lambda = (0.5, 1)
    dH/dl & foreign lambdas:
        dH/dl (coul-lambda) (9824 pts)
        dH/dl (vdw-lambda) (9824 pts)
        delta H to (0.4, 1) (9824 pts)
        delta H to (0.5, 1) (9824 pts)
        delta H to (0.6, 1) (9824 pts)


lambda_19/bar.xvg: 0.0 - 971.4; lambda = (0.6, 1)
    dH/dl & foreign lambdas:
        dH/dl (coul-lambda) (9715 pts)
        dH/dl (vdw-lambda) (9715 pts)
        delta H to (0.5, 1) (9715 pts)
        delta H to (0.6, 1) (9715 pts)
        delta H to (0.7, 1) (9715 pts)


lambda_20/bar.xvg: 0.0 - 973.4; lambda = (0.7, 1)
    dH/dl & foreign lambdas:
        dH/dl (coul-lambda) (9735 pts)
        dH/dl (vdw-lambda) (9735 pts)
        delta H to (0.6, 1) (9735 pts)
        delta H to (0.7, 1) (9735 pts)
        delta H to (0.8, 1) (9735 pts)


lambda_21/bar.xvg: 0.0 - 975.5; lambda = (0.8, 1)
    dH/dl & foreign lambdas:
        dH/dl (coul-lambda) (9756 pts)
        dH/dl (vdw-lambda) (9756 pts)
        delta H to (0.7, 1) (9756 pts)
        delta H to (0.8, 1) (9756 pts)
        delta H to (0.9, 1) (9756 pts)


lambda_22/bar.xvg: 0.0 - 977.4; lambda = (0.9, 1)
    dH/dl & foreign lambdas:
        dH/dl (coul-lambda) (9775 pts)
        dH/dl (vdw-lambda) (9775 pts)
        delta H to (0.8, 1) (9775 pts)
        delta H to (0.9, 1) (9775 pts)
        delta H to (1, 1) (9775 pts)


lambda_23/bar.xvg: 0.0 - 981.1; lambda = (1, 1)
    dH/dl & foreign lambdas:
        dH/dl (coul-lambda) (9812 pts)
        dH/dl (vdw-lambda) (9812 pts)
        delta H to (0.9, 1) (9812 pts)
        delta H to (1, 1) (9812 pts)



   Samples in time interval: 0.000 - 982.300
Removing samples outside of: 100.000 - 982.300

Temperature: 300 K

Detailed results in kT (see help for explanation):

 lam_A  lam_B      DG   +/-     s_A   +/-     s_B   +/-   stdev   +/- 
     0      1   -7.29  0.01    0.02  0.00    0.02  0.00    0.24  0.00
     1      2   -5.76  0.01    0.03  0.01    0.03  0.01    0.24  0.00
     2      3   -2.92  0.00    0.07  0.01    0.07  0.01    0.39  0.01
     3      4    2.04  0.02    0.40  0.01    0.43  0.01    0.90  0.01
     4      5    8.85  0.04    2.63  0.08    3.13  0.12    2.87  0.07
     5      6    5.05  0.09    2.39  0.09    2.06  0.09    2.42  0.05
     6      7    3.34  0.04    2.58  0.12    1.72  0.04    2.26  0.03
     7      8    2.04  0.02    1.84  0.05    1.25  0.03    1.81  0.02
     8      9    1.30  0.01    1.34  0.02    0.95  0.02    1.54  0.01
     9     10    0.83  0.02    1.14  0.02    0.81  0.01    1.41  0.01
    10     11    0.45  0.01    1.02  0.02    0.71  0.02    1.31  0.00
    11     12    0.12  0.02    0.88  0.02    0.61  0.01    1.19  0.01
    12     13   -0.12  0.02    0.75  0.01    0.53  0.01    1.11  0.01
    13     14   -0.29  0.01    0.65  0.02    0.46  0.02    1.04  0.01
    14     15   -0.42  0.01    0.61  0.02    0.44  0.02    0.99  0.01
    15     16   -0.52  0.02    0.55  0.01    0.58  0.01    1.07  0.00
    16     17   -1.77  0.01    0.67  0.02    0.76  0.02    1.23  0.01
    17     18   -1.52  0.01    0.25  0.01    0.27  0.01    0.70  0.01
    18     19   -2.07  0.01    0.29  0.01    0.30  0.01    0.77  0.01
    19     20   -2.71  0.01    0.33  0.02    0.34  0.02    0.82  0.01
    20     21   -3.38  0.02    0.33  0.01    0.34  0.01    0.84  0.01
    21     22   -4.10  0.03    0.37  0.01    0.38  0.01    0.87  0.01
    22     23   -4.87  0.02    0.39  0.02    0.40  0.02    0.91  0.01


Final results in kJ/mol:

point      0 -      1,   DG -18.19 +/-  0.02
point      1 -      2,   DG -14.37 +/-  0.01
point      2 -      3,   DG -7.29 +/-  0.01
point      3 -      4,   DG  5.09 +/-  0.06
point      4 -      5,   DG 22.07 +/-  0.10
point      5 -      6,   DG 12.60 +/-  0.24
point      6 -      7,   DG  8.33 +/-  0.10
point      7 -      8,   DG  5.09 +/-  0.05
point      8 -      9,   DG  3.24 +/-  0.03
point      9 -     10,   DG  2.08 +/-  0.05
point     10 -     11,   DG  1.11 +/-  0.03
point     11 -     12,   DG  0.31 +/-  0.04
point     12 -     13,   DG -0.29 +/-  0.04
point     13 -     14,   DG -0.71 +/-  0.03
point     14 -     15,   DG -1.05 +/-  0.04
point     15 -     16,   DG -1.29 +/-  0.04
point     16 -     17,   DG -4.43 +/-  0.03
point     17 -     18,   DG -3.79 +/-  0.02
point     18 -     19,   DG -5.18 +/-  0.04
point     19 -     20,   DG -6.76 +/-  0.02
point     20 -     21,   DG -8.44 +/-  0.05
point     21 -     22,   DG -10.21 +/-  0.06
point     22 -     23,   DG -12.15 +/-  0.04

total      0 -     23,   DG -34.23 +/-  0.16

