lambda_00/bar.xvg: 0.0 - 905.2; lambda = (0, 0)
    dH/dl & foreign lambdas:
        dH/dl (coul-lambda) (9053 pts)
        dH/dl (vdw-lambda) (9053 pts)
        delta H to (0, 0) (9053 pts)
        delta H to (0, 0.1) (9053 pts)


lambda_01/bar.xvg: 0.0 - 904.3; lambda = (0, 0.1)
    dH/dl & foreign lambdas:
        dH/dl (coul-lambda) (9044 pts)
        dH/dl (vdw-lambda) (9044 pts)
        delta H to (0, 0) (9044 pts)
        delta H to (0, 0.1) (9044 pts)
        delta H to (0, 0.2) (9044 pts)


lambda_02/bar.xvg: 0.0 - 904.7; lambda = (0, 0.2)
    dH/dl & foreign lambdas:
        dH/dl (coul-lambda) (9048 pts)
        dH/dl (vdw-lambda) (9048 pts)
        delta H to (0, 0.1) (9048 pts)
        delta H to (0, 0.2) (9048 pts)
        delta H to (0, 0.3) (9048 pts)


lambda_03/bar.xvg: 0.0 - 906.1; lambda = (0, 0.3)
    dH/dl & foreign lambdas:
        dH/dl (coul-lambda) (9062 pts)
        dH/dl (vdw-lambda) (9062 pts)
        delta H to (0, 0.2) (9062 pts)
        delta H to (0, 0.3) (9062 pts)
        delta H to (0, 0.4) (9062 pts)


lambda_04/bar.xvg: 0.0 - 904.8; lambda = (0, 0.4)
    dH/dl & foreign lambdas:
        dH/dl (coul-lambda) (9049 pts)
        dH/dl (vdw-lambda) (9049 pts)
        delta H to (0, 0.3) (9049 pts)
        delta H to (0, 0.4) (9049 pts)
        delta H to (0, 0.5) (9049 pts)


lambda_05/bar.xvg: 0.0 - 905.5; lambda = (0, 0.5)
    dH/dl & foreign lambdas:
        dH/dl (coul-lambda) (9056 pts)
        dH/dl (vdw-lambda) (9056 pts)
        delta H to (0, 0.4) (9056 pts)
        delta H to (0, 0.5) (9056 pts)
        delta H to (0, 0.55) (9056 pts)


lambda_06/bar.xvg: 0.0 - 904.2; lambda = (0, 0.55)
    dH/dl & foreign lambdas:
        dH/dl (coul-lambda) (9043 pts)
        dH/dl (vdw-lambda) (9043 pts)
        delta H to (0, 0.5) (9043 pts)
        delta H to (0, 0.55) (9043 pts)
        delta H to (0, 0.6) (9043 pts)


lambda_07/bar.xvg: 0.0 - 902.8; lambda = (0, 0.6)
    dH/dl & foreign lambdas:
        dH/dl (coul-lambda) (9029 pts)
        dH/dl (vdw-lambda) (9029 pts)
        delta H to (0, 0.55) (9029 pts)
        delta H to (0, 0.6) (9029 pts)
        delta H to (0, 0.65) (9029 pts)


lambda_08/bar.xvg: 0.0 - 914.3; lambda = (0, 0.65)
    dH/dl & foreign lambdas:
        dH/dl (coul-lambda) (9144 pts)
        dH/dl (vdw-lambda) (9144 pts)
        delta H to (0, 0.6) (9144 pts)
        delta H to (0, 0.65) (9144 pts)
        delta H to (0, 0.7) (9144 pts)


lambda_09/bar.xvg: 0.0 - 912.1; lambda = (0, 0.7)
    dH/dl & foreign lambdas:
        dH/dl (coul-lambda) (9122 pts)
        dH/dl (vdw-lambda) (9122 pts)
        delta H to (0, 0.65) (9122 pts)
        delta H to (0, 0.7) (9122 pts)
        delta H to (0, 0.75) (9122 pts)


lambda_10/bar.xvg: 0.0 - 909.8; lambda = (0, 0.75)
    dH/dl & foreign lambdas:
        dH/dl (coul-lambda) (9099 pts)
        dH/dl (vdw-lambda) (9099 pts)
        delta H to (0, 0.7) (9099 pts)
        delta H to (0, 0.75) (9099 pts)
        delta H to (0, 0.8) (9099 pts)


lambda_11/bar.xvg: 0.0 - 908.1; lambda = (0, 0.8)
    dH/dl & foreign lambdas:
        dH/dl (coul-lambda) (9082 pts)
        dH/dl (vdw-lambda) (9082 pts)
        delta H to (0, 0.75) (9082 pts)
        delta H to (0, 0.8) (9082 pts)
        delta H to (0, 0.85) (9082 pts)


lambda_12/bar.xvg: 0.0 - 906.7; lambda = (0, 0.85)
    dH/dl & foreign lambdas:
        dH/dl (coul-lambda) (9068 pts)
        dH/dl (vdw-lambda) (9068 pts)
        delta H to (0, 0.8) (9068 pts)
        delta H to (0, 0.85) (9068 pts)
        delta H to (0, 0.9) (9068 pts)


lambda_13/bar.xvg: 0.0 - 905.5; lambda = (0, 0.9)
    dH/dl & foreign lambdas:
        dH/dl (coul-lambda) (9056 pts)
        dH/dl (vdw-lambda) (9056 pts)
        delta H to (0, 0.85) (9056 pts)
        delta H to (0, 0.9) (9056 pts)
        delta H to (0, 0.95) (9056 pts)


lambda_14/bar.xvg: 0.0 - 905.0; lambda = (0, 0.95)
    dH/dl & foreign lambdas:
        dH/dl (coul-lambda) (9051 pts)
        dH/dl (vdw-lambda) (9051 pts)
        delta H to (0, 0.9) (9051 pts)
        delta H to (0, 0.95) (9051 pts)
        delta H to (0, 1) (9051 pts)


lambda_15/bar.xvg: 0.0 - 905.0; lambda = (0, 1)
    dH/dl & foreign lambdas:
        dH/dl (coul-lambda) (9051 pts)
        dH/dl (vdw-lambda) (9051 pts)
        delta H to (0, 0.95) (9051 pts)
        delta H to (0, 1) (9051 pts)
        delta H to (0.2, 1) (9051 pts)


lambda_16/bar.xvg: 0.0 - 909.8; lambda = (0.2, 1)
    dH/dl & foreign lambdas:
        dH/dl (coul-lambda) (9099 pts)
        dH/dl (vdw-lambda) (9099 pts)
        delta H to (0, 1) (9099 pts)
        delta H to (0.2, 1) (9099 pts)
        delta H to (0.4, 1) (9099 pts)


lambda_17/bar.xvg: 0.0 - 913.9; lambda = (0.4, 1)
    dH/dl & foreign lambdas:
        dH/dl (coul-lambda) (9140 pts)
        dH/dl (vdw-lambda) (9140 pts)
        delta H to (0.2, 1) (9140 pts)
        delta H to (0.4, 1) (9140 pts)
        delta H to (0.5, 1) (9140 pts)


lambda_18/bar.xvg: 0.0 - 902.6; lambda = (0.5, 1)
    dH/dl & foreign lambdas:
        dH/dl (coul-lambda) (9027 pts)
        dH/dl (vdw-lambda) (9027 pts)
        delta H to (0.4, 1) (9027 pts)
        delta H to (0.5, 1) (9027 pts)
        delta H to (0.6, 1) (9027 pts)


lambda_19/bar.xvg: 0.0 - 904.6; lambda = (0.6, 1)
    dH/dl & foreign lambdas:
        dH/dl (coul-lambda) (9047 pts)
        dH/dl (vdw-lambda) (9047 pts)
        delta H to (0.5, 1) (9047 pts)
        delta H to (0.6, 1) (9047 pts)
        delta H to (0.7, 1) (9047 pts)


lambda_20/bar.xvg: 0.0 - 906.7; lambda = (0.7, 1)
    dH/dl & foreign lambdas:
        dH/dl (coul-lambda) (9068 pts)
        dH/dl (vdw-lambda) (9068 pts)
        delta H to (0.6, 1) (9068 pts)
        delta H to (0.7, 1) (9068 pts)
        delta H to (0.8, 1) (9068 pts)


lambda_21/bar.xvg: 0.0 - 908.8; lambda = (0.8, 1)
    dH/dl & foreign lambdas:
        dH/dl (coul-lambda) (9089 pts)
        dH/dl (vdw-lambda) (9089 pts)
        delta H to (0.7, 1) (9089 pts)
        delta H to (0.8, 1) (9089 pts)
        delta H to (0.9, 1) (9089 pts)


lambda_22/bar.xvg: 0.0 - 910.5; lambda = (0.9, 1)
    dH/dl & foreign lambdas:
        dH/dl (coul-lambda) (9106 pts)
        dH/dl (vdw-lambda) (9106 pts)
        delta H to (0.8, 1) (9106 pts)
        delta H to (0.9, 1) (9106 pts)
        delta H to (1, 1) (9106 pts)


lambda_23/bar.xvg: 0.0 - 899.4; lambda = (1, 1)
    dH/dl & foreign lambdas:
        dH/dl (coul-lambda) (8995 pts)
        dH/dl (vdw-lambda) (8995 pts)
        delta H to (0.9, 1) (8995 pts)
        delta H to (1, 1) (8995 pts)



   Samples in time interval: 0.000 - 914.300
Removing samples outside of: 100.000 - 914.300

Temperature: 300 K

Detailed results in kT (see help for explanation):

 lam_A  lam_B      DG   +/-     s_A   +/-     s_B   +/-   stdev   +/- 
     0      1   -6.81  0.00    0.03  0.00    0.03  0.00    0.23  0.00
     1      2   -5.39  0.01    0.03  0.00    0.03  0.00    0.23  0.00
     2      3   -2.73  0.01    0.08  0.01    0.08  0.01    0.38  0.01
     3      4    1.88  0.02    0.40  0.04    0.44  0.05    0.91  0.03
     4      5    8.08  0.10    2.54  0.12    2.93  0.14    2.74  0.07
     5      6    4.55  0.06    2.23  0.13    1.87  0.09    2.33  0.05
     6      7    2.93  0.06    2.44  0.10    1.56  0.07    2.14  0.05
     7      8    1.83  0.03    1.60  0.02    1.09  0.01    1.67  0.01
     8      9    1.19  0.02    1.27  0.03    0.89  0.03    1.50  0.01
     9     10    0.72  0.01    1.08  0.01    0.76  0.01    1.35  0.00
    10     11    0.37  0.02    0.92  0.03    0.64  0.02    1.24  0.02
    11     12    0.10  0.02    0.81  0.03    0.57  0.02    1.15  0.01
    12     13   -0.12  0.01    0.71  0.01    0.50  0.01    1.08  0.01
    13     14   -0.30  0.01    0.61  0.01    0.43  0.01    1.00  0.00
    14     15   -0.42  0.01    0.55  0.01    0.40  0.01    0.95  0.00
    15     16   -0.52  0.01    0.52  0.01    0.55  0.01    1.05  0.00
    16     17   -1.76  0.02    0.70  0.02    0.79  0.02    1.22  0.01
    17     18   -1.49  0.01    0.22  0.01    0.23  0.01    0.68  0.00
    18     19   -1.99  0.01    0.27  0.01    0.28  0.01    0.75  0.01
    19     20   -2.60  0.02    0.33  0.01    0.34  0.01    0.80  0.01
    20     21   -3.30  0.01    0.36  0.02    0.38  0.02    0.85  0.01
    21     22   -4.02  0.02    0.35  0.01    0.35  0.01    0.88  0.01
    22     23   -4.83  0.01    0.45  0.01    0.46  0.01    0.93  0.01


Final results in kJ/mol:

point      0 -      1,   DG -16.98 +/-  0.01
point      1 -      2,   DG -13.44 +/-  0.01
point      2 -      3,   DG -6.82 +/-  0.02
point      3 -      4,   DG  4.70 +/-  0.05
point      4 -      5,   DG 20.15 +/-  0.26
point      5 -      6,   DG 11.35 +/-  0.15
point      6 -      7,   DG  7.31 +/-  0.16
point      7 -      8,   DG  4.56 +/-  0.07
point      8 -      9,   DG  2.97 +/-  0.06
point      9 -     10,   DG  1.80 +/-  0.03
point     10 -     11,   DG  0.93 +/-  0.05
point     11 -     12,   DG  0.26 +/-  0.05
point     12 -     13,   DG -0.30 +/-  0.03
point     13 -     14,   DG -0.74 +/-  0.04
point     14 -     15,   DG -1.04 +/-  0.03
point     15 -     16,   DG -1.28 +/-  0.02
point     16 -     17,   DG -4.39 +/-  0.04
point     17 -     18,   DG -3.72 +/-  0.03
point     18 -     19,   DG -4.96 +/-  0.02
point     19 -     20,   DG -6.48 +/-  0.05
point     20 -     21,   DG -8.24 +/-  0.03
point     21 -     22,   DG -10.03 +/-  0.04
point     22 -     23,   DG -12.04 +/-  0.03

total      0 -     23,   DG -36.43 +/-  0.47

