lambda_00/bar.xvg: 0.0 - 29.5; lambda = (0, 0)
    dH/dl & foreign lambdas:
        dH/dl (coul-lambda) (296 pts)
        dH/dl (vdw-lambda) (296 pts)
        delta H to (0, 0) (296 pts)
        delta H to (0, 0.1) (296 pts)


lambda_01/bar.xvg: 0.0 - 24.5; lambda = (0, 0.1)
    dH/dl & foreign lambdas:
        dH/dl (coul-lambda) (246 pts)
        dH/dl (vdw-lambda) (246 pts)
        delta H to (0, 0) (246 pts)
        delta H to (0, 0.1) (246 pts)
        delta H to (0, 0.2) (246 pts)


lambda_02/bar.xvg: 0.0 - 24.5; lambda = (0, 0.2)
    dH/dl & foreign lambdas:
        dH/dl (coul-lambda) (246 pts)
        dH/dl (vdw-lambda) (246 pts)
        delta H to (0, 0.1) (246 pts)
        delta H to (0, 0.2) (246 pts)
        delta H to (0, 0.3) (246 pts)


lambda_03/bar.xvg: 0.0 - 24.8; lambda = (0, 0.3)
    dH/dl & foreign lambdas:
        dH/dl (coul-lambda) (249 pts)
        dH/dl (vdw-lambda) (249 pts)
        delta H to (0, 0.2) (249 pts)
        delta H to (0, 0.3) (249 pts)
        delta H to (0, 0.4) (249 pts)


lambda_04/bar.xvg: 0.0 - 24.8; lambda = (0, 0.4)
    dH/dl & foreign lambdas:
        dH/dl (coul-lambda) (249 pts)
        dH/dl (vdw-lambda) (249 pts)
        delta H to (0, 0.3) (249 pts)
        delta H to (0, 0.4) (249 pts)
        delta H to (0, 0.5) (249 pts)


lambda_05/bar.xvg: 0.0 - 24.9; lambda = (0, 0.5)
    dH/dl & foreign lambdas:
        dH/dl (coul-lambda) (250 pts)
        dH/dl (vdw-lambda) (250 pts)
        delta H to (0, 0.4) (250 pts)
        delta H to (0, 0.5) (250 pts)
        delta H to (0, 0.55) (250 pts)


lambda_06/bar.xvg: 0.0 - 24.8; lambda = (0, 0.55)
    dH/dl & foreign lambdas:
        dH/dl (coul-lambda) (249 pts)
        dH/dl (vdw-lambda) (249 pts)
        delta H to (0, 0.5) (249 pts)
        delta H to (0, 0.55) (249 pts)
        delta H to (0, 0.6) (249 pts)


lambda_07/bar.xvg: 0.0 - 24.8; lambda = (0, 0.6)
    dH/dl & foreign lambdas:
        dH/dl (coul-lambda) (249 pts)
        dH/dl (vdw-lambda) (249 pts)
        delta H to (0, 0.55) (249 pts)
        delta H to (0, 0.6) (249 pts)
        delta H to (0, 0.65) (249 pts)


lambda_08/bar.xvg: 0.0 - 24.6; lambda = (0, 0.65)
    dH/dl & foreign lambdas:
        dH/dl (coul-lambda) (247 pts)
        dH/dl (vdw-lambda) (247 pts)
        delta H to (0, 0.6) (247 pts)
        delta H to (0, 0.65) (247 pts)
        delta H to (0, 0.7) (247 pts)


lambda_09/bar.xvg: 0.0 - 24.5; lambda = (0, 0.7)
    dH/dl & foreign lambdas:
        dH/dl (coul-lambda) (246 pts)
        dH/dl (vdw-lambda) (246 pts)
        delta H to (0, 0.65) (246 pts)
        delta H to (0, 0.7) (246 pts)
        delta H to (0, 0.75) (246 pts)


lambda_10/bar.xvg: 0.0 - 24.5; lambda = (0, 0.75)
    dH/dl & foreign lambdas:
        dH/dl (coul-lambda) (246 pts)
        dH/dl (vdw-lambda) (246 pts)
        delta H to (0, 0.7) (246 pts)
        delta H to (0, 0.75) (246 pts)
        delta H to (0, 0.8) (246 pts)


lambda_11/bar.xvg: 0.0 - 24.4; lambda = (0, 0.8)
    dH/dl & foreign lambdas:
        dH/dl (coul-lambda) (245 pts)
        dH/dl (vdw-lambda) (245 pts)
        delta H to (0, 0.75) (245 pts)
        delta H to (0, 0.8) (245 pts)
        delta H to (0, 0.85) (245 pts)


lambda_12/bar.xvg: 0.0 - 24.4; lambda = (0, 0.85)
    dH/dl & foreign lambdas:
        dH/dl (coul-lambda) (245 pts)
        dH/dl (vdw-lambda) (245 pts)
        delta H to (0, 0.8) (245 pts)
        delta H to (0, 0.85) (245 pts)
        delta H to (0, 0.9) (245 pts)


lambda_13/bar.xvg: 0.0 - 24.3; lambda = (0, 0.9)
    dH/dl & foreign lambdas:
        dH/dl (coul-lambda) (244 pts)
        dH/dl (vdw-lambda) (244 pts)
        delta H to (0, 0.85) (244 pts)
        delta H to (0, 0.9) (244 pts)
        delta H to (0, 0.95) (244 pts)


lambda_14/bar.xvg: 0.0 - 24.3; lambda = (0, 0.95)
    dH/dl & foreign lambdas:
        dH/dl (coul-lambda) (244 pts)
        dH/dl (vdw-lambda) (244 pts)
        delta H to (0, 0.9) (244 pts)
        delta H to (0, 0.95) (244 pts)
        delta H to (0, 1) (244 pts)


lambda_15/bar.xvg: 0.0 - 24.3; lambda = (0, 1)
    dH/dl & foreign lambdas:
        dH/dl (coul-lambda) (244 pts)
        dH/dl (vdw-lambda) (244 pts)
        delta H to (0, 0.95) (244 pts)
        delta H to (0, 1) (244 pts)
        delta H to (0.2, 1) (244 pts)


lambda_16/bar.xvg: 0.0 - 24.3; lambda = (0.2, 1)
    dH/dl & foreign lambdas:
        dH/dl (coul-lambda) (244 pts)
        dH/dl (vdw-lambda) (244 pts)
        delta H to (0, 1) (244 pts)
        delta H to (0.2, 1) (244 pts)
        delta H to (0.4, 1) (244 pts)


lambda_17/bar.xvg: 0.0 - 24.4; lambda = (0.4, 1)
    dH/dl & foreign lambdas:
        dH/dl (coul-lambda) (245 pts)
        dH/dl (vdw-lambda) (245 pts)
        delta H to (0.2, 1) (245 pts)
        delta H to (0.4, 1) (245 pts)
        delta H to (0.5, 1) (245 pts)


lambda_18/bar.xvg: 0.0 - 24.5; lambda = (0.5, 1)
    dH/dl & foreign lambdas:
        dH/dl (coul-lambda) (246 pts)
        dH/dl (vdw-lambda) (246 pts)
        delta H to (0.4, 1) (246 pts)
        delta H to (0.5, 1) (246 pts)
        delta H to (0.6, 1) (246 pts)


lambda_19/bar.xvg: 0.0 - 24.6; lambda = (0.6, 1)
    dH/dl & foreign lambdas:
        dH/dl (coul-lambda) (247 pts)
        dH/dl (vdw-lambda) (247 pts)
        delta H to (0.5, 1) (247 pts)
        delta H to (0.6, 1) (247 pts)
        delta H to (0.7, 1) (247 pts)


lambda_20/bar.xvg: 0.0 - 24.6; lambda = (0.7, 1)
    dH/dl & foreign lambdas:
        dH/dl (coul-lambda) (247 pts)
        dH/dl (vdw-lambda) (247 pts)
        delta H to (0.6, 1) (247 pts)
        delta H to (0.7, 1) (247 pts)
        delta H to (0.8, 1) (247 pts)


lambda_21/bar.xvg: 0.0 - 24.7; lambda = (0.8, 1)
    dH/dl & foreign lambdas:
        dH/dl (coul-lambda) (248 pts)
        dH/dl (vdw-lambda) (248 pts)
        delta H to (0.7, 1) (248 pts)
        delta H to (0.8, 1) (248 pts)
        delta H to (0.9, 1) (248 pts)


lambda_22/bar.xvg: 0.0 - 24.7; lambda = (0.9, 1)
    dH/dl & foreign lambdas:
        dH/dl (coul-lambda) (248 pts)
        dH/dl (vdw-lambda) (248 pts)
        delta H to (0.8, 1) (248 pts)
        delta H to (0.9, 1) (248 pts)
        delta H to (1, 1) (248 pts)


lambda_23/bar.xvg: 0.0 - 30.4; lambda = (1, 1)
    dH/dl & foreign lambdas:
        dH/dl (coul-lambda) (305 pts)
        dH/dl (vdw-lambda) (305 pts)
        delta H to (0.9, 1) (305 pts)
        delta H to (1, 1) (305 pts)



Temperature: 300 K

Detailed results in kT (see help for explanation):

 lam_A  lam_B      DG   +/-     s_A   +/-     s_B   +/-   stdev   +/- 
     0      1   -2.88  0.01    0.05  0.02    0.05  0.03    0.15  0.02
     1      2   -2.31  0.02   -0.02  0.02   -0.02  0.02    0.16  0.01
     2      3   -1.24  0.07    0.05  0.02    0.05  0.02    0.35  0.05
     3      4    0.68  0.12    0.07  0.07    0.13  0.06    0.67  0.10
     4      5    3.52  0.19    0.87  0.26    1.12  0.28    1.58  0.13
     5      6    2.13  0.26    0.96  0.17    0.83  0.16    1.53  0.09
     6      7    1.73  0.12    0.79  0.31    0.40  0.11    1.25  0.11
     7      8    1.50  0.13    1.12  0.20    0.79  0.14    1.30  0.10
     8      9    0.96  0.09    0.71  0.17    0.50  0.12    1.13  0.06
     9     10    0.59  0.13    0.72  0.16    0.48  0.13    1.02  0.08
    10     11    0.40  0.06    0.35  0.08    0.24  0.06    0.84  0.07
    11     12    0.27  0.07    0.52  0.06    0.39  0.03    0.84  0.02
    12     13    0.09  0.04    0.30  0.07    0.22  0.05    0.73  0.04
    13     14    0.03  0.04    0.33  0.02    0.28  0.02    0.72  0.01
    14     15   -0.08  0.04    0.26  0.05    0.19  0.04    0.68  0.04
    15     16   -0.58  0.08    0.41  0.03    0.52  0.09    1.01  0.03
    16     17   -1.86  0.13    0.76  0.08    0.86  0.05    1.30  0.03
    17     18   -1.58  0.09    0.22  0.07    0.24  0.07    0.70  0.04
    18     19   -2.02  0.10    0.20  0.06    0.21  0.05    0.70  0.03
    19     20   -2.54  0.11    0.31  0.06    0.34  0.06    0.75  0.04
    20     21   -3.26  0.08    0.38  0.10    0.38  0.11    0.83  0.04
    21     22   -3.98  0.12    0.35  0.07    0.35  0.08    0.83  0.03
    22     23   -4.85  0.17    0.51  0.09    0.49  0.07    0.91  0.05


Final results in kJ/mol:

point      0 -      1,   DG -7.18 +/-  0.02
point      1 -      2,   DG -5.77 +/-  0.05
point      2 -      3,   DG -3.09 +/-  0.18
point      3 -      4,   DG  1.70 +/-  0.30
point      4 -      5,   DG  8.79 +/-  0.48
point      5 -      6,   DG  5.30 +/-  0.64
point      6 -      7,   DG  4.33 +/-  0.31
point      7 -      8,   DG  3.73 +/-  0.34
point      8 -      9,   DG  2.40 +/-  0.21
point      9 -     10,   DG  1.47 +/-  0.31
point     10 -     11,   DG  0.99 +/-  0.14
point     11 -     12,   DG  0.68 +/-  0.18
point     12 -     13,   DG  0.21 +/-  0.10
point     13 -     14,   DG  0.07 +/-  0.11
point     14 -     15,   DG -0.19 +/-  0.10
point     15 -     16,   DG -1.45 +/-  0.19
point     16 -     17,   DG -4.64 +/-  0.31
point     17 -     18,   DG -3.94 +/-  0.22
point     18 -     19,   DG -5.03 +/-  0.26
point     19 -     20,   DG -6.34 +/-  0.28
point     20 -     21,   DG -8.12 +/-  0.20
point     21 -     22,   DG -9.93 +/-  0.30
point     22 -     23,   DG -12.09 +/-  0.43

total      0 -     23,   DG -38.10 +/-  2.02

