lambda_00/bar.xvg: 0.0 - 984.7; lambda = (0, 0)
    dH/dl & foreign lambdas:
        dH/dl (coul-lambda) (9848 pts)
        dH/dl (vdw-lambda) (9848 pts)
        delta H to (0, 0) (9848 pts)
        delta H to (0, 0.1) (9848 pts)


lambda_01/bar.xvg: 0.0 - 984.2; lambda = (0, 0.1)
    dH/dl & foreign lambdas:
        dH/dl (coul-lambda) (9843 pts)
        dH/dl (vdw-lambda) (9843 pts)
        delta H to (0, 0) (9843 pts)
        delta H to (0, 0.1) (9843 pts)
        delta H to (0, 0.2) (9843 pts)


lambda_02/bar.xvg: 0.0 - 984.3; lambda = (0, 0.2)
    dH/dl & foreign lambdas:
        dH/dl (coul-lambda) (9844 pts)
        dH/dl (vdw-lambda) (9844 pts)
        delta H to (0, 0.1) (9844 pts)
        delta H to (0, 0.2) (9844 pts)
        delta H to (0, 0.3) (9844 pts)


lambda_03/bar.xvg: 0.0 - 974.0; lambda = (0, 0.3)
    dH/dl & foreign lambdas:
        dH/dl (coul-lambda) (9741 pts)
        dH/dl (vdw-lambda) (9741 pts)
        delta H to (0, 0.2) (9741 pts)
        delta H to (0, 0.3) (9741 pts)
        delta H to (0, 0.4) (9741 pts)


lambda_04/bar.xvg: 0.0 - 972.9; lambda = (0, 0.4)
    dH/dl & foreign lambdas:
        dH/dl (coul-lambda) (9730 pts)
        dH/dl (vdw-lambda) (9730 pts)
        delta H to (0, 0.3) (9730 pts)
        delta H to (0, 0.4) (9730 pts)
        delta H to (0, 0.5) (9730 pts)


lambda_05/bar.xvg: 0.0 - 973.3; lambda = (0, 0.5)
    dH/dl & foreign lambdas:
        dH/dl (coul-lambda) (9734 pts)
        dH/dl (vdw-lambda) (9734 pts)
        delta H to (0, 0.4) (9734 pts)
        delta H to (0, 0.5) (9734 pts)
        delta H to (0, 0.55) (9734 pts)


lambda_06/bar.xvg: 0.0 - 985.2; lambda = (0, 0.55)
    dH/dl & foreign lambdas:
        dH/dl (coul-lambda) (9853 pts)
        dH/dl (vdw-lambda) (9853 pts)
        delta H to (0, 0.5) (9853 pts)
        delta H to (0, 0.55) (9853 pts)
        delta H to (0, 0.6) (9853 pts)


lambda_07/bar.xvg: 0.0 - 983.8; lambda = (0, 0.6)
    dH/dl & foreign lambdas:
        dH/dl (coul-lambda) (9839 pts)
        dH/dl (vdw-lambda) (9839 pts)
        delta H to (0, 0.55) (9839 pts)
        delta H to (0, 0.6) (9839 pts)
        delta H to (0, 0.65) (9839 pts)


lambda_08/bar.xvg: 0.0 - 981.2; lambda = (0, 0.65)
    dH/dl & foreign lambdas:
        dH/dl (coul-lambda) (9813 pts)
        dH/dl (vdw-lambda) (9813 pts)
        delta H to (0, 0.6) (9813 pts)
        delta H to (0, 0.65) (9813 pts)
        delta H to (0, 0.7) (9813 pts)


lambda_09/bar.xvg: 0.0 - 979.0; lambda = (0, 0.7)
    dH/dl & foreign lambdas:
        dH/dl (coul-lambda) (9791 pts)
        dH/dl (vdw-lambda) (9791 pts)
        delta H to (0, 0.65) (9791 pts)
        delta H to (0, 0.7) (9791 pts)
        delta H to (0, 0.75) (9791 pts)


lambda_10/bar.xvg: 0.0 - 977.1; lambda = (0, 0.75)
    dH/dl & foreign lambdas:
        dH/dl (coul-lambda) (9772 pts)
        dH/dl (vdw-lambda) (9772 pts)
        delta H to (0, 0.7) (9772 pts)
        delta H to (0, 0.75) (9772 pts)
        delta H to (0, 0.8) (9772 pts)


lambda_11/bar.xvg: 0.0 - 974.9; lambda = (0, 0.8)
    dH/dl & foreign lambdas:
        dH/dl (coul-lambda) (9750 pts)
        dH/dl (vdw-lambda) (9750 pts)
        delta H to (0, 0.75) (9750 pts)
        delta H to (0, 0.8) (9750 pts)
        delta H to (0, 0.85) (9750 pts)


lambda_12/bar.xvg: 0.0 - 973.7; lambda = (0, 0.85)
    dH/dl & foreign lambdas:
        dH/dl (coul-lambda) (9738 pts)
        dH/dl (vdw-lambda) (9738 pts)
        delta H to (0, 0.8) (9738 pts)
        delta H to (0, 0.85) (9738 pts)
        delta H to (0, 0.9) (9738 pts)


lambda_13/bar.xvg: 0.0 - 985.9; lambda = (0, 0.9)
    dH/dl & foreign lambdas:
        dH/dl (coul-lambda) (9860 pts)
        dH/dl (vdw-lambda) (9860 pts)
        delta H to (0, 0.85) (9860 pts)
        delta H to (0, 0.9) (9860 pts)
        delta H to (0, 0.95) (9860 pts)


lambda_14/bar.xvg: 0.0 - 985.1; lambda = (0, 0.95)
    dH/dl & foreign lambdas:
        dH/dl (coul-lambda) (9852 pts)
        dH/dl (vdw-lambda) (9852 pts)
        delta H to (0, 0.9) (9852 pts)
        delta H to (0, 0.95) (9852 pts)
        delta H to (0, 1) (9852 pts)


lambda_15/bar.xvg: 0.0 - 985.1; lambda = (0, 1)
    dH/dl & foreign lambdas:
        dH/dl (coul-lambda) (9852 pts)
        dH/dl (vdw-lambda) (9852 pts)
        delta H to (0, 0.95) (9852 pts)
        delta H to (0, 1) (9852 pts)
        delta H to (0.2, 1) (9852 pts)


lambda_16/bar.xvg: 0.0 - 976.0; lambda = (0.2, 1)
    dH/dl & foreign lambdas:
        dH/dl (coul-lambda) (9761 pts)
        dH/dl (vdw-lambda) (9761 pts)
        delta H to (0, 1) (9761 pts)
        delta H to (0.2, 1) (9761 pts)
        delta H to (0.4, 1) (9761 pts)


lambda_17/bar.xvg: 0.0 - 979.9; lambda = (0.4, 1)
    dH/dl & foreign lambdas:
        dH/dl (coul-lambda) (9800 pts)
        dH/dl (vdw-lambda) (9800 pts)
        delta H to (0.2, 1) (9800 pts)
        delta H to (0.4, 1) (9800 pts)
        delta H to (0.5, 1) (9800 pts)


lambda_18/bar.xvg: 0.0 - 982.3; lambda = (0.5, 1)
    dH/dl & foreign lambdas:
        dH/dl (coul-lambda) (9824 pts)
        dH/dl (vdw-lambda) (9824 pts)
        delta H to (0.4, 1) (9824 pts)
        delta H to (0.5, 1) (9824 pts)
        delta H to (0.6, 1) (9824 pts)


lambda_19/bar.xvg: 0.0 - 984.5; lambda = (0.6, 1)
    dH/dl & foreign lambdas:
        dH/dl (coul-lambda) (9846 pts)
        dH/dl (vdw-lambda) (9846 pts)
        delta H to (0.5, 1) (9846 pts)
        delta H to (0.6, 1) (9846 pts)
        delta H to (0.7, 1) (9846 pts)


lambda_20/bar.xvg: 0.0 - 973.5; lambda = (0.7, 1)
    dH/dl & foreign lambdas:
        dH/dl (coul-lambda) (9736 pts)
        dH/dl (vdw-lambda) (9736 pts)
        delta H to (0.6, 1) (9736 pts)
        delta H to (0.7, 1) (9736 pts)
        delta H to (0.8, 1) (9736 pts)


lambda_21/bar.xvg: 0.0 - 975.7; lambda = (0.8, 1)
    dH/dl & foreign lambdas:
        dH/dl (coul-lambda) (9758 pts)
        dH/dl (vdw-lambda) (9758 pts)
        delta H to (0.7, 1) (9758 pts)
        delta H to (0.8, 1) (9758 pts)
        delta H to (0.9, 1) (9758 pts)


lambda_22/bar.xvg: 0.0 - 977.5; lambda = (0.9, 1)
    dH/dl & foreign lambdas:
        dH/dl (coul-lambda) (9776 pts)
        dH/dl (vdw-lambda) (9776 pts)
        delta H to (0.8, 1) (9776 pts)
        delta H to (0.9, 1) (9776 pts)
        delta H to (1, 1) (9776 pts)


lambda_23/bar.xvg: 0.0 - 981.2; lambda = (1, 1)
    dH/dl & foreign lambdas:
        dH/dl (coul-lambda) (9813 pts)
        dH/dl (vdw-lambda) (9813 pts)
        delta H to (0.9, 1) (9813 pts)
        delta H to (1, 1) (9813 pts)



   Samples in time interval: 0.000 - 985.900
Removing samples outside of: 100.000 - 985.900

Temperature: 300 K

Detailed results in kT (see help for explanation):

 lam_A  lam_B      DG   +/-     s_A   +/-     s_B   +/-   stdev   +/- 
     0      1   -6.82  0.00    0.03  0.00    0.03  0.00    0.23  0.00
     1      2   -5.39  0.01    0.02  0.00    0.02  0.00    0.23  0.00
     2      3   -2.74  0.01    0.07  0.01    0.07  0.01    0.38  0.01
     3      4    1.90  0.02    0.38  0.03    0.43  0.03    0.89  0.01
     4      5    8.17  0.08    2.53  0.10    2.87  0.10    2.75  0.08
     5      6    4.58  0.09    2.35  0.09    2.02  0.08    2.40  0.07
     6      7    2.95  0.06    2.24  0.06    1.50  0.04    2.05  0.04
     7      8    1.87  0.03    1.67  0.04    1.16  0.02    1.72  0.01
     8      9    1.17  0.03    1.26  0.03    0.89  0.03    1.49  0.01
     9     10    0.71  0.02    1.07  0.04    0.75  0.03    1.35  0.02
    10     11    0.37  0.01    0.90  0.02    0.63  0.02    1.23  0.01
    11     12    0.10  0.02    0.82  0.01    0.58  0.01    1.16  0.00
    12     13   -0.12  0.01    0.69  0.02    0.48  0.01    1.07  0.01
    13     14   -0.27  0.01    0.61  0.01    0.43  0.01    1.00  0.01
    14     15   -0.39  0.01    0.57  0.01    0.41  0.01    0.95  0.00
    15     16   -0.52  0.01    0.56  0.01    0.60  0.01    1.07  0.01
    16     17   -1.79  0.01    0.67  0.03    0.77  0.03    1.24  0.01
    17     18   -1.52  0.01    0.24  0.01    0.25  0.01    0.70  0.00
    18     19   -2.06  0.02    0.28  0.01    0.30  0.01    0.77  0.01
    19     20   -2.68  0.03    0.32  0.01    0.33  0.01    0.82  0.01
    20     21   -3.38  0.01    0.38  0.03    0.39  0.03    0.86  0.01
    21     22   -4.09  0.02    0.32  0.01    0.33  0.01    0.87  0.00
    22     23   -4.89  0.01    0.46  0.01    0.47  0.01    0.93  0.01


Final results in kJ/mol:

point      0 -      1,   DG -17.01 +/-  0.01
point      1 -      2,   DG -13.45 +/-  0.02
point      2 -      3,   DG -6.83 +/-  0.01
point      3 -      4,   DG  4.74 +/-  0.05
point      4 -      5,   DG 20.38 +/-  0.20
point      5 -      6,   DG 11.43 +/-  0.22
point      6 -      7,   DG  7.36 +/-  0.16
point      7 -      8,   DG  4.68 +/-  0.08
point      8 -      9,   DG  2.92 +/-  0.07
point      9 -     10,   DG  1.76 +/-  0.05
point     10 -     11,   DG  0.92 +/-  0.02
point     11 -     12,   DG  0.26 +/-  0.04
point     12 -     13,   DG -0.30 +/-  0.02
point     13 -     14,   DG -0.66 +/-  0.03
point     14 -     15,   DG -0.98 +/-  0.02
point     15 -     16,   DG -1.30 +/-  0.02
point     16 -     17,   DG -4.47 +/-  0.04
point     17 -     18,   DG -3.79 +/-  0.04
point     18 -     19,   DG -5.13 +/-  0.05
point     19 -     20,   DG -6.67 +/-  0.06
point     20 -     21,   DG -8.44 +/-  0.03
point     21 -     22,   DG -10.21 +/-  0.05
point     22 -     23,   DG -12.19 +/-  0.03

total      0 -     23,   DG -36.99 +/-  0.23

