lambda_00/bar.xvg: 0.0 - 873.6; lambda = (0, 0)
    dH/dl & foreign lambdas:
        dH/dl (coul-lambda) (8737 pts)
        dH/dl (vdw-lambda) (8737 pts)
        delta H to (0, 0) (8737 pts)
        delta H to (0, 0.1) (8737 pts)


lambda_01/bar.xvg: 0.0 - 864.3; lambda = (0, 0.1)
    dH/dl & foreign lambdas:
        dH/dl (coul-lambda) (8644 pts)
        dH/dl (vdw-lambda) (8644 pts)
        delta H to (0, 0) (8644 pts)
        delta H to (0, 0.1) (8644 pts)
        delta H to (0, 0.2) (8644 pts)


lambda_02/bar.xvg: 0.0 - 864.5; lambda = (0, 0.2)
    dH/dl & foreign lambdas:
        dH/dl (coul-lambda) (8646 pts)
        dH/dl (vdw-lambda) (8646 pts)
        delta H to (0, 0.1) (8646 pts)
        delta H to (0, 0.2) (8646 pts)
        delta H to (0, 0.3) (8646 pts)


lambda_03/bar.xvg: 0.0 - 865.7; lambda = (0, 0.3)
    dH/dl & foreign lambdas:
        dH/dl (coul-lambda) (8658 pts)
        dH/dl (vdw-lambda) (8658 pts)
        delta H to (0, 0.2) (8658 pts)
        delta H to (0, 0.3) (8658 pts)
        delta H to (0, 0.4) (8658 pts)


lambda_04/bar.xvg: 0.0 - 864.5; lambda = (0, 0.4)
    dH/dl & foreign lambdas:
        dH/dl (coul-lambda) (8646 pts)
        dH/dl (vdw-lambda) (8646 pts)
        delta H to (0, 0.3) (8646 pts)
        delta H to (0, 0.4) (8646 pts)
        delta H to (0, 0.5) (8646 pts)


lambda_05/bar.xvg: 0.0 - 864.9; lambda = (0, 0.5)
    dH/dl & foreign lambdas:
        dH/dl (coul-lambda) (8650 pts)
        dH/dl (vdw-lambda) (8650 pts)
        delta H to (0, 0.4) (8650 pts)
        delta H to (0, 0.5) (8650 pts)
        delta H to (0, 0.55) (8650 pts)


lambda_06/bar.xvg: 0.0 - 863.8; lambda = (0, 0.55)
    dH/dl & foreign lambdas:
        dH/dl (coul-lambda) (8639 pts)
        dH/dl (vdw-lambda) (8639 pts)
        delta H to (0, 0.5) (8639 pts)
        delta H to (0, 0.55) (8639 pts)
        delta H to (0, 0.6) (8639 pts)


lambda_07/bar.xvg: 0.0 - 875.5; lambda = (0, 0.6)
    dH/dl & foreign lambdas:
        dH/dl (coul-lambda) (8756 pts)
        dH/dl (vdw-lambda) (8756 pts)
        delta H to (0, 0.55) (8756 pts)
        delta H to (0, 0.6) (8756 pts)
        delta H to (0, 0.65) (8756 pts)


lambda_08/bar.xvg: 0.0 - 873.6; lambda = (0, 0.65)
    dH/dl & foreign lambdas:
        dH/dl (coul-lambda) (8737 pts)
        dH/dl (vdw-lambda) (8737 pts)
        delta H to (0, 0.6) (8737 pts)
        delta H to (0, 0.65) (8737 pts)
        delta H to (0, 0.7) (8737 pts)


lambda_09/bar.xvg: 0.0 - 871.7; lambda = (0, 0.7)
    dH/dl & foreign lambdas:
        dH/dl (coul-lambda) (8718 pts)
        dH/dl (vdw-lambda) (8718 pts)
        delta H to (0, 0.65) (8718 pts)
        delta H to (0, 0.7) (8718 pts)
        delta H to (0, 0.75) (8718 pts)


lambda_10/bar.xvg: 0.0 - 869.5; lambda = (0, 0.75)
    dH/dl & foreign lambdas:
        dH/dl (coul-lambda) (8696 pts)
        dH/dl (vdw-lambda) (8696 pts)
        delta H to (0, 0.7) (8696 pts)
        delta H to (0, 0.75) (8696 pts)
        delta H to (0, 0.8) (8696 pts)


lambda_11/bar.xvg: 0.0 - 868.4; lambda = (0, 0.8)
    dH/dl & foreign lambdas:
        dH/dl (coul-lambda) (8685 pts)
        dH/dl (vdw-lambda) (8685 pts)
        delta H to (0, 0.75) (8685 pts)
        delta H to (0, 0.8) (8685 pts)
        delta H to (0, 0.85) (8685 pts)


lambda_12/bar.xvg: 0.0 - 867.0; lambda = (0, 0.85)
    dH/dl & foreign lambdas:
        dH/dl (coul-lambda) (8671 pts)
        dH/dl (vdw-lambda) (8671 pts)
        delta H to (0, 0.8) (8671 pts)
        delta H to (0, 0.85) (8671 pts)
        delta H to (0, 0.9) (8671 pts)


lambda_13/bar.xvg: 0.0 - 865.7; lambda = (0, 0.9)
    dH/dl & foreign lambdas:
        dH/dl (coul-lambda) (8658 pts)
        dH/dl (vdw-lambda) (8658 pts)
        delta H to (0, 0.85) (8658 pts)
        delta H to (0, 0.9) (8658 pts)
        delta H to (0, 0.95) (8658 pts)


lambda_14/bar.xvg: 0.0 - 865.1; lambda = (0, 0.95)
    dH/dl & foreign lambdas:
        dH/dl (coul-lambda) (8652 pts)
        dH/dl (vdw-lambda) (8652 pts)
        delta H to (0, 0.9) (8652 pts)
        delta H to (0, 0.95) (8652 pts)
        delta H to (0, 1) (8652 pts)


lambda_15/bar.xvg: 0.0 - 865.0; lambda = (0, 1)
    dH/dl & foreign lambdas:
        dH/dl (coul-lambda) (8651 pts)
        dH/dl (vdw-lambda) (8651 pts)
        delta H to (0, 0.95) (8651 pts)
        delta H to (0, 1) (8651 pts)
        delta H to (0.2, 1) (8651 pts)


lambda_16/bar.xvg: 0.0 - 870.5; lambda = (0.2, 1)
    dH/dl & foreign lambdas:
        dH/dl (coul-lambda) (8706 pts)
        dH/dl (vdw-lambda) (8706 pts)
        delta H to (0, 1) (8706 pts)
        delta H to (0.2, 1) (8706 pts)
        delta H to (0.4, 1) (8706 pts)


lambda_17/bar.xvg: 0.0 - 873.6; lambda = (0.4, 1)
    dH/dl & foreign lambdas:
        dH/dl (coul-lambda) (8737 pts)
        dH/dl (vdw-lambda) (8737 pts)
        delta H to (0.2, 1) (8737 pts)
        delta H to (0.4, 1) (8737 pts)
        delta H to (0.5, 1) (8737 pts)


lambda_18/bar.xvg: 0.0 - 875.7; lambda = (0.5, 1)
    dH/dl & foreign lambdas:
        dH/dl (coul-lambda) (8758 pts)
        dH/dl (vdw-lambda) (8758 pts)
        delta H to (0.4, 1) (8758 pts)
        delta H to (0.5, 1) (8758 pts)
        delta H to (0.6, 1) (8758 pts)


lambda_19/bar.xvg: 0.0 - 864.4; lambda = (0.6, 1)
    dH/dl & foreign lambdas:
        dH/dl (coul-lambda) (8645 pts)
        dH/dl (vdw-lambda) (8645 pts)
        delta H to (0.5, 1) (8645 pts)
        delta H to (0.6, 1) (8645 pts)
        delta H to (0.7, 1) (8645 pts)


lambda_20/bar.xvg: 0.0 - 866.5; lambda = (0.7, 1)
    dH/dl & foreign lambdas:
        dH/dl (coul-lambda) (8666 pts)
        dH/dl (vdw-lambda) (8666 pts)
        delta H to (0.6, 1) (8666 pts)
        delta H to (0.7, 1) (8666 pts)
        delta H to (0.8, 1) (8666 pts)


lambda_21/bar.xvg: 0.0 - 868.6; lambda = (0.8, 1)
    dH/dl & foreign lambdas:
        dH/dl (coul-lambda) (8687 pts)
        dH/dl (vdw-lambda) (8687 pts)
        delta H to (0.7, 1) (8687 pts)
        delta H to (0.8, 1) (8687 pts)
        delta H to (0.9, 1) (8687 pts)


lambda_22/bar.xvg: 0.0 - 870.2; lambda = (0.9, 1)
    dH/dl & foreign lambdas:
        dH/dl (coul-lambda) (8703 pts)
        dH/dl (vdw-lambda) (8703 pts)
        delta H to (0.8, 1) (8703 pts)
        delta H to (0.9, 1) (8703 pts)
        delta H to (1, 1) (8703 pts)


lambda_23/bar.xvg: 0.0 - 866.6; lambda = (1, 1)
    dH/dl & foreign lambdas:
        dH/dl (coul-lambda) (8667 pts)
        dH/dl (vdw-lambda) (8667 pts)
        delta H to (0.9, 1) (8667 pts)
        delta H to (1, 1) (8667 pts)



   Samples in time interval: 0.000 - 875.700
Removing samples outside of: 100.000 - 875.700

Temperature: 300 K

Detailed results in kT (see help for explanation):

 lam_A  lam_B      DG   +/-     s_A   +/-     s_B   +/-   stdev   +/- 
     0      1   -6.82  0.01    0.04  0.01    0.04  0.01    0.24  0.00
     1      2   -5.39  0.01    0.02  0.01    0.02  0.01    0.23  0.00
     2      3   -2.73  0.01    0.08  0.01    0.08  0.01    0.37  0.00
     3      4    1.92  0.01    0.36  0.03    0.39  0.04    0.88  0.01
     4      5    8.25  0.09    2.55  0.09    2.91  0.14    2.76  0.07
     5      6    4.62  0.09    2.34  0.11    2.03  0.11    2.37  0.07
     6      7    2.90  0.09    2.33  0.14    1.55  0.07    2.12  0.06
     7      8    1.83  0.07    1.55  0.08    1.06  0.05    1.67  0.04
     8      9    1.22  0.03    1.30  0.04    0.92  0.03    1.51  0.02
     9     10    0.72  0.04    1.08  0.03    0.75  0.03    1.35  0.01
    10     11    0.38  0.02    0.91  0.02    0.64  0.02    1.24  0.01
    11     12    0.11  0.01    0.81  0.01    0.57  0.01    1.15  0.01
    12     13   -0.12  0.01    0.70  0.00    0.50  0.00    1.07  0.01
    13     14   -0.29  0.01    0.62  0.01    0.43  0.00    1.00  0.00
    14     15   -0.42  0.01    0.56  0.01    0.40  0.01    0.96  0.00
    15     16   -0.49  0.03    0.52  0.02    0.55  0.02    1.05  0.01
    16     17   -1.70  0.03    0.66  0.01    0.74  0.02    1.21  0.01
    17     18   -1.45  0.03    0.23  0.01    0.24  0.01    0.69  0.01
    18     19   -1.97  0.02    0.28  0.03    0.29  0.03    0.76  0.01
    19     20   -2.58  0.03    0.32  0.02    0.33  0.02    0.81  0.01
    20     21   -3.26  0.02    0.35  0.03    0.36  0.03    0.85  0.01
    21     22   -4.04  0.02    0.42  0.02    0.43  0.02    0.91  0.01
    22     23   -4.89  0.02    0.42  0.02    0.42  0.02    0.93  0.01


Final results in kJ/mol:

point      0 -      1,   DG -17.01 +/-  0.02
point      1 -      2,   DG -13.45 +/-  0.01
point      2 -      3,   DG -6.81 +/-  0.02
point      3 -      4,   DG  4.78 +/-  0.03
point      4 -      5,   DG 20.57 +/-  0.22
point      5 -      6,   DG 11.52 +/-  0.22
point      6 -      7,   DG  7.24 +/-  0.21
point      7 -      8,   DG  4.57 +/-  0.16
point      8 -      9,   DG  3.04 +/-  0.06
point      9 -     10,   DG  1.80 +/-  0.09
point     10 -     11,   DG  0.95 +/-  0.05
point     11 -     12,   DG  0.27 +/-  0.02
point     12 -     13,   DG -0.29 +/-  0.02
point     13 -     14,   DG -0.73 +/-  0.02
point     14 -     15,   DG -1.06 +/-  0.02
point     15 -     16,   DG -1.23 +/-  0.07
point     16 -     17,   DG -4.23 +/-  0.09
point     17 -     18,   DG -3.61 +/-  0.06
point     18 -     19,   DG -4.90 +/-  0.04
point     19 -     20,   DG -6.43 +/-  0.07
point     20 -     21,   DG -8.13 +/-  0.04
point     21 -     22,   DG -10.07 +/-  0.04
point     22 -     23,   DG -12.20 +/-  0.06

total      0 -     23,   DG -35.40 +/-  0.56

