lambda_00/bar.xvg: 0.0 - 889.3; lambda = (0, 0)
    dH/dl & foreign lambdas:
        dH/dl (coul-lambda) (8894 pts)
        dH/dl (vdw-lambda) (8894 pts)
        delta H to (0, 0) (8894 pts)
        delta H to (0, 0.1) (8894 pts)


lambda_01/bar.xvg: 0.0 - 890.9; lambda = (0, 0.1)
    dH/dl & foreign lambdas:
        dH/dl (coul-lambda) (8910 pts)
        dH/dl (vdw-lambda) (8910 pts)
        delta H to (0, 0) (8910 pts)
        delta H to (0, 0.1) (8910 pts)
        delta H to (0, 0.2) (8910 pts)


lambda_02/bar.xvg: 0.0 - 891.0; lambda = (0, 0.2)
    dH/dl & foreign lambdas:
        dH/dl (coul-lambda) (8911 pts)
        dH/dl (vdw-lambda) (8911 pts)
        delta H to (0, 0.1) (8911 pts)
        delta H to (0, 0.2) (8911 pts)
        delta H to (0, 0.3) (8911 pts)


lambda_03/bar.xvg: 0.0 - 892.6; lambda = (0, 0.3)
    dH/dl & foreign lambdas:
        dH/dl (coul-lambda) (8927 pts)
        dH/dl (vdw-lambda) (8927 pts)
        delta H to (0, 0.2) (8927 pts)
        delta H to (0, 0.3) (8927 pts)
        delta H to (0, 0.4) (8927 pts)


lambda_04/bar.xvg: 0.0 - 891.8; lambda = (0, 0.4)
    dH/dl & foreign lambdas:
        dH/dl (coul-lambda) (8919 pts)
        dH/dl (vdw-lambda) (8919 pts)
        delta H to (0, 0.3) (8919 pts)
        delta H to (0, 0.4) (8919 pts)
        delta H to (0, 0.5) (8919 pts)


lambda_05/bar.xvg: 0.0 - 891.8; lambda = (0, 0.5)
    dH/dl & foreign lambdas:
        dH/dl (coul-lambda) (8919 pts)
        dH/dl (vdw-lambda) (8919 pts)
        delta H to (0, 0.4) (8919 pts)
        delta H to (0, 0.5) (8919 pts)
        delta H to (0, 0.55) (8919 pts)


lambda_06/bar.xvg: 0.0 - 890.8; lambda = (0, 0.55)
    dH/dl & foreign lambdas:
        dH/dl (coul-lambda) (8909 pts)
        dH/dl (vdw-lambda) (8909 pts)
        delta H to (0, 0.5) (8909 pts)
        delta H to (0, 0.55) (8909 pts)
        delta H to (0, 0.6) (8909 pts)


lambda_07/bar.xvg: 0.0 - 889.7; lambda = (0, 0.6)
    dH/dl & foreign lambdas:
        dH/dl (coul-lambda) (8898 pts)
        dH/dl (vdw-lambda) (8898 pts)
        delta H to (0, 0.55) (8898 pts)
        delta H to (0, 0.6) (8898 pts)
        delta H to (0, 0.65) (8898 pts)


lambda_08/bar.xvg: 0.0 - 887.7; lambda = (0, 0.65)
    dH/dl & foreign lambdas:
        dH/dl (coul-lambda) (8878 pts)
        dH/dl (vdw-lambda) (8878 pts)
        delta H to (0, 0.6) (8878 pts)
        delta H to (0, 0.65) (8878 pts)
        delta H to (0, 0.7) (8878 pts)


lambda_09/bar.xvg: 0.0 - 886.0; lambda = (0, 0.7)
    dH/dl & foreign lambdas:
        dH/dl (coul-lambda) (8861 pts)
        dH/dl (vdw-lambda) (8861 pts)
        delta H to (0, 0.65) (8861 pts)
        delta H to (0, 0.7) (8861 pts)
        delta H to (0, 0.75) (8861 pts)


lambda_10/bar.xvg: 0.0 - 883.7; lambda = (0, 0.75)
    dH/dl & foreign lambdas:
        dH/dl (coul-lambda) (8838 pts)
        dH/dl (vdw-lambda) (8838 pts)
        delta H to (0, 0.7) (8838 pts)
        delta H to (0, 0.75) (8838 pts)
        delta H to (0, 0.8) (8838 pts)


lambda_11/bar.xvg: 0.0 - 882.3; lambda = (0, 0.8)
    dH/dl & foreign lambdas:
        dH/dl (coul-lambda) (8824 pts)
        dH/dl (vdw-lambda) (8824 pts)
        delta H to (0, 0.75) (8824 pts)
        delta H to (0, 0.8) (8824 pts)
        delta H to (0, 0.85) (8824 pts)


lambda_12/bar.xvg: 0.0 - 894.4; lambda = (0, 0.85)
    dH/dl & foreign lambdas:
        dH/dl (coul-lambda) (8945 pts)
        dH/dl (vdw-lambda) (8945 pts)
        delta H to (0, 0.8) (8945 pts)
        delta H to (0, 0.85) (8945 pts)
        delta H to (0, 0.9) (8945 pts)


lambda_13/bar.xvg: 0.0 - 893.1; lambda = (0, 0.9)
    dH/dl & foreign lambdas:
        dH/dl (coul-lambda) (8932 pts)
        dH/dl (vdw-lambda) (8932 pts)
        delta H to (0, 0.85) (8932 pts)
        delta H to (0, 0.9) (8932 pts)
        delta H to (0, 0.95) (8932 pts)


lambda_14/bar.xvg: 0.0 - 892.2; lambda = (0, 0.95)
    dH/dl & foreign lambdas:
        dH/dl (coul-lambda) (8923 pts)
        dH/dl (vdw-lambda) (8923 pts)
        delta H to (0, 0.9) (8923 pts)
        delta H to (0, 0.95) (8923 pts)
        delta H to (0, 1) (8923 pts)


lambda_15/bar.xvg: 0.0 - 891.7; lambda = (0, 1)
    dH/dl & foreign lambdas:
        dH/dl (coul-lambda) (8918 pts)
        dH/dl (vdw-lambda) (8918 pts)
        delta H to (0, 0.95) (8918 pts)
        delta H to (0, 1) (8918 pts)
        delta H to (0.2, 1) (8918 pts)


lambda_16/bar.xvg: 0.0 - 884.1; lambda = (0.2, 1)
    dH/dl & foreign lambdas:
        dH/dl (coul-lambda) (8842 pts)
        dH/dl (vdw-lambda) (8842 pts)
        delta H to (0, 1) (8842 pts)
        delta H to (0.2, 1) (8842 pts)
        delta H to (0.4, 1) (8842 pts)


lambda_17/bar.xvg: 0.0 - 887.5; lambda = (0.4, 1)
    dH/dl & foreign lambdas:
        dH/dl (coul-lambda) (8876 pts)
        dH/dl (vdw-lambda) (8876 pts)
        delta H to (0.2, 1) (8876 pts)
        delta H to (0.4, 1) (8876 pts)
        delta H to (0.5, 1) (8876 pts)


lambda_18/bar.xvg: 0.0 - 889.2; lambda = (0.5, 1)
    dH/dl & foreign lambdas:
        dH/dl (coul-lambda) (8893 pts)
        dH/dl (vdw-lambda) (8893 pts)
        delta H to (0.4, 1) (8893 pts)
        delta H to (0.5, 1) (8893 pts)
        delta H to (0.6, 1) (8893 pts)


lambda_19/bar.xvg: 0.0 - 891.3; lambda = (0.6, 1)
    dH/dl & foreign lambdas:
        dH/dl (coul-lambda) (8914 pts)
        dH/dl (vdw-lambda) (8914 pts)
        delta H to (0.5, 1) (8914 pts)
        delta H to (0.6, 1) (8914 pts)
        delta H to (0.7, 1) (8914 pts)


lambda_20/bar.xvg: 0.0 - 893.1; lambda = (0.7, 1)
    dH/dl & foreign lambdas:
        dH/dl (coul-lambda) (8932 pts)
        dH/dl (vdw-lambda) (8932 pts)
        delta H to (0.6, 1) (8932 pts)
        delta H to (0.7, 1) (8932 pts)
        delta H to (0.8, 1) (8932 pts)


lambda_21/bar.xvg: 0.0 - 895.2; lambda = (0.8, 1)
    dH/dl & foreign lambdas:
        dH/dl (coul-lambda) (8953 pts)
        dH/dl (vdw-lambda) (8953 pts)
        delta H to (0.7, 1) (8953 pts)
        delta H to (0.8, 1) (8953 pts)
        delta H to (0.9, 1) (8953 pts)


lambda_22/bar.xvg: 0.0 - 883.5; lambda = (0.9, 1)
    dH/dl & foreign lambdas:
        dH/dl (coul-lambda) (8836 pts)
        dH/dl (vdw-lambda) (8836 pts)
        delta H to (0.8, 1) (8836 pts)
        delta H to (0.9, 1) (8836 pts)
        delta H to (1, 1) (8836 pts)


lambda_23/bar.xvg: 0.0 - 882.9; lambda = (1, 1)
    dH/dl & foreign lambdas:
        dH/dl (coul-lambda) (8830 pts)
        dH/dl (vdw-lambda) (8830 pts)
        delta H to (0.9, 1) (8830 pts)
        delta H to (1, 1) (8830 pts)



   Samples in time interval: 0.000 - 895.200
Removing samples outside of: 100.000 - 895.200

Temperature: 300 K

Detailed results in kT (see help for explanation):

 lam_A  lam_B      DG   +/-     s_A   +/-     s_B   +/-   stdev   +/- 
     0      1   -7.29  0.01    0.02  0.01    0.02  0.01    0.24  0.00
     1      2   -5.76  0.01    0.03  0.00    0.03  0.00    0.24  0.00
     2      3   -2.92  0.01    0.08  0.02    0.08  0.02    0.39  0.01
     3      4    2.06  0.02    0.37  0.03    0.41  0.03    0.89  0.02
     4      5    8.99  0.06    2.58  0.04    3.12  0.08    2.86  0.03
     5      6    5.10  0.05    2.49  0.07    2.09  0.07    2.44  0.04
     6      7    3.36  0.06    2.60  0.09    1.76  0.07    2.31  0.04
     7      8    2.02  0.03    1.84  0.05    1.24  0.02    1.82  0.02
     8      9    1.29  0.04    1.34  0.02    0.94  0.02    1.55  0.01
     9     10    0.80  0.04    1.17  0.02    0.81  0.01    1.41  0.01
    10     11    0.43  0.02    0.99  0.04    0.69  0.03    1.30  0.02
    11     12    0.13  0.01    0.88  0.02    0.61  0.01    1.20  0.01
    12     13   -0.09  0.02    0.75  0.01    0.53  0.01    1.11  0.00
    13     14   -0.27  0.02    0.67  0.01    0.48  0.01    1.05  0.01
    14     15   -0.41  0.01    0.61  0.02    0.44  0.02    1.00  0.01
    15     16   -0.52  0.01    0.55  0.02    0.58  0.02    1.07  0.01
    16     17   -1.78  0.02    0.68  0.02    0.76  0.02    1.23  0.01
    17     18   -1.51  0.02    0.23  0.02    0.25  0.02    0.69  0.01
    18     19   -2.03  0.02    0.27  0.02    0.29  0.02    0.76  0.00
    19     20   -2.63  0.02    0.32  0.02    0.33  0.02    0.82  0.01
    20     21   -3.32  0.02    0.35  0.02    0.36  0.02    0.86  0.01
    21     22   -4.06  0.01    0.38  0.01    0.39  0.02    0.89  0.01
    22     23   -4.87  0.02    0.42  0.01    0.42  0.01    0.92  0.01


Final results in kJ/mol:

point      0 -      1,   DG -18.18 +/-  0.03
point      1 -      2,   DG -14.37 +/-  0.03
point      2 -      3,   DG -7.29 +/-  0.02
point      3 -      4,   DG  5.13 +/-  0.06
point      4 -      5,   DG 22.43 +/-  0.15
point      5 -      6,   DG 12.72 +/-  0.12
point      6 -      7,   DG  8.37 +/-  0.15
point      7 -      8,   DG  5.04 +/-  0.07
point      8 -      9,   DG  3.21 +/-  0.10
point      9 -     10,   DG  2.00 +/-  0.10
point     10 -     11,   DG  1.08 +/-  0.05
point     11 -     12,   DG  0.33 +/-  0.03
point     12 -     13,   DG -0.22 +/-  0.04
point     13 -     14,   DG -0.67 +/-  0.05
point     14 -     15,   DG -1.03 +/-  0.02
point     15 -     16,   DG -1.30 +/-  0.03
point     16 -     17,   DG -4.45 +/-  0.04
point     17 -     18,   DG -3.75 +/-  0.04
point     18 -     19,   DG -5.05 +/-  0.04
point     19 -     20,   DG -6.57 +/-  0.06
point     20 -     21,   DG -8.28 +/-  0.05
point     21 -     22,   DG -10.13 +/-  0.04
point     22 -     23,   DG -12.14 +/-  0.06

total      0 -     23,   DG -33.13 +/-  0.72

