lambda_00/bar.xvg: 0.0 - 587.2; lambda = (0, 0)
    dH/dl & foreign lambdas:
        dH/dl (coul-lambda) (5873 pts)
        dH/dl (vdw-lambda) (5873 pts)
        delta H to (0, 0) (5873 pts)
        delta H to (0, 0.1) (5873 pts)


lambda_01/bar.xvg: 0.0 - 585.0; lambda = (0, 0.1)
    dH/dl & foreign lambdas:
        dH/dl (coul-lambda) (5851 pts)
        dH/dl (vdw-lambda) (5851 pts)
        delta H to (0, 0) (5851 pts)
        delta H to (0, 0.1) (5851 pts)
        delta H to (0, 0.2) (5851 pts)


lambda_02/bar.xvg: 0.0 - 584.9; lambda = (0, 0.2)
    dH/dl & foreign lambdas:
        dH/dl (coul-lambda) (5850 pts)
        dH/dl (vdw-lambda) (5850 pts)
        delta H to (0, 0.1) (5850 pts)
        delta H to (0, 0.2) (5850 pts)
        delta H to (0, 0.3) (5850 pts)


lambda_03/bar.xvg: 0.0 - 580.6; lambda = (0, 0.3)
    dH/dl & foreign lambdas:
        dH/dl (coul-lambda) (5807 pts)
        dH/dl (vdw-lambda) (5807 pts)
        delta H to (0, 0.2) (5807 pts)
        delta H to (0, 0.3) (5807 pts)
        delta H to (0, 0.4) (5807 pts)


lambda_04/bar.xvg: 0.0 - 579.7; lambda = (0, 0.4)
    dH/dl & foreign lambdas:
        dH/dl (coul-lambda) (5798 pts)
        dH/dl (vdw-lambda) (5798 pts)
        delta H to (0, 0.3) (5798 pts)
        delta H to (0, 0.4) (5798 pts)
        delta H to (0, 0.5) (5798 pts)


lambda_05/bar.xvg: 0.0 - 580.0; lambda = (0, 0.5)
    dH/dl & foreign lambdas:
        dH/dl (coul-lambda) (5801 pts)
        dH/dl (vdw-lambda) (5801 pts)
        delta H to (0, 0.4) (5801 pts)
        delta H to (0, 0.5) (5801 pts)
        delta H to (0, 0.55) (5801 pts)


lambda_06/bar.xvg: 0.0 - 591.9; lambda = (0, 0.55)
    dH/dl & foreign lambdas:
        dH/dl (coul-lambda) (5920 pts)
        dH/dl (vdw-lambda) (5920 pts)
        delta H to (0, 0.5) (5920 pts)
        delta H to (0, 0.55) (5920 pts)
        delta H to (0, 0.6) (5920 pts)


lambda_07/bar.xvg: 0.0 - 589.8; lambda = (0, 0.6)
    dH/dl & foreign lambdas:
        dH/dl (coul-lambda) (5899 pts)
        dH/dl (vdw-lambda) (5899 pts)
        delta H to (0, 0.55) (5899 pts)
        delta H to (0, 0.6) (5899 pts)
        delta H to (0, 0.65) (5899 pts)


lambda_08/bar.xvg: 0.0 - 587.5; lambda = (0, 0.65)
    dH/dl & foreign lambdas:
        dH/dl (coul-lambda) (5876 pts)
        dH/dl (vdw-lambda) (5876 pts)
        delta H to (0, 0.6) (5876 pts)
        delta H to (0, 0.65) (5876 pts)
        delta H to (0, 0.7) (5876 pts)


lambda_09/bar.xvg: 0.0 - 585.6; lambda = (0, 0.7)
    dH/dl & foreign lambdas:
        dH/dl (coul-lambda) (5857 pts)
        dH/dl (vdw-lambda) (5857 pts)
        delta H to (0, 0.65) (5857 pts)
        delta H to (0, 0.7) (5857 pts)
        delta H to (0, 0.75) (5857 pts)


lambda_10/bar.xvg: 0.0 - 583.8; lambda = (0, 0.75)
    dH/dl & foreign lambdas:
        dH/dl (coul-lambda) (5839 pts)
        dH/dl (vdw-lambda) (5839 pts)
        delta H to (0, 0.7) (5839 pts)
        delta H to (0, 0.75) (5839 pts)
        delta H to (0, 0.8) (5839 pts)


lambda_11/bar.xvg: 0.0 - 582.2; lambda = (0, 0.8)
    dH/dl & foreign lambdas:
        dH/dl (coul-lambda) (5823 pts)
        dH/dl (vdw-lambda) (5823 pts)
        delta H to (0, 0.75) (5823 pts)
        delta H to (0, 0.8) (5823 pts)
        delta H to (0, 0.85) (5823 pts)


lambda_12/bar.xvg: 0.0 - 581.6; lambda = (0, 0.85)
    dH/dl & foreign lambdas:
        dH/dl (coul-lambda) (5817 pts)
        dH/dl (vdw-lambda) (5817 pts)
        delta H to (0, 0.8) (5817 pts)
        delta H to (0, 0.85) (5817 pts)
        delta H to (0, 0.9) (5817 pts)


lambda_13/bar.xvg: 0.0 - 580.4; lambda = (0, 0.9)
    dH/dl & foreign lambdas:
        dH/dl (coul-lambda) (5805 pts)
        dH/dl (vdw-lambda) (5805 pts)
        delta H to (0, 0.85) (5805 pts)
        delta H to (0, 0.9) (5805 pts)
        delta H to (0, 0.95) (5805 pts)


lambda_14/bar.xvg: 0.0 - 579.7; lambda = (0, 0.95)
    dH/dl & foreign lambdas:
        dH/dl (coul-lambda) (5798 pts)
        dH/dl (vdw-lambda) (5798 pts)
        delta H to (0, 0.9) (5798 pts)
        delta H to (0, 0.95) (5798 pts)
        delta H to (0, 1) (5798 pts)


lambda_15/bar.xvg: 0.0 - 585.5; lambda = (0, 1)
    dH/dl & foreign lambdas:
        dH/dl (coul-lambda) (5856 pts)
        dH/dl (vdw-lambda) (5856 pts)
        delta H to (0, 0.95) (5856 pts)
        delta H to (0, 1) (5856 pts)
        delta H to (0.2, 1) (5856 pts)


lambda_16/bar.xvg: 0.0 - 585.5; lambda = (0.2, 1)
    dH/dl & foreign lambdas:
        dH/dl (coul-lambda) (5856 pts)
        dH/dl (vdw-lambda) (5856 pts)
        delta H to (0, 1) (5856 pts)
        delta H to (0.2, 1) (5856 pts)
        delta H to (0.4, 1) (5856 pts)


lambda_17/bar.xvg: 0.0 - 582.8; lambda = (0.4, 1)
    dH/dl & foreign lambdas:
        dH/dl (coul-lambda) (5829 pts)
        dH/dl (vdw-lambda) (5829 pts)
        delta H to (0.2, 1) (5829 pts)
        delta H to (0.4, 1) (5829 pts)
        delta H to (0.5, 1) (5829 pts)


lambda_18/bar.xvg: 0.0 - 580.4; lambda = (0.5, 1)
    dH/dl & foreign lambdas:
        dH/dl (coul-lambda) (5805 pts)
        dH/dl (vdw-lambda) (5805 pts)
        delta H to (0.4, 1) (5805 pts)
        delta H to (0.5, 1) (5805 pts)
        delta H to (0.6, 1) (5805 pts)


lambda_19/bar.xvg: 0.0 - 580.0; lambda = (0.6, 1)
    dH/dl & foreign lambdas:
        dH/dl (coul-lambda) (5801 pts)
        dH/dl (vdw-lambda) (5801 pts)
        delta H to (0.5, 1) (5801 pts)
        delta H to (0.6, 1) (5801 pts)
        delta H to (0.7, 1) (5801 pts)


lambda_20/bar.xvg: 0.0 - 580.6; lambda = (0.7, 1)
    dH/dl & foreign lambdas:
        dH/dl (coul-lambda) (5807 pts)
        dH/dl (vdw-lambda) (5807 pts)
        delta H to (0.6, 1) (5807 pts)
        delta H to (0.7, 1) (5807 pts)
        delta H to (0.8, 1) (5807 pts)


lambda_21/bar.xvg: 0.0 - 592.2; lambda = (0.8, 1)
    dH/dl & foreign lambdas:
        dH/dl (coul-lambda) (5923 pts)
        dH/dl (vdw-lambda) (5923 pts)
        delta H to (0.7, 1) (5923 pts)
        delta H to (0.8, 1) (5923 pts)
        delta H to (0.9, 1) (5923 pts)


lambda_22/bar.xvg: 0.0 - 580.4; lambda = (0.9, 1)
    dH/dl & foreign lambdas:
        dH/dl (coul-lambda) (5805 pts)
        dH/dl (vdw-lambda) (5805 pts)
        delta H to (0.8, 1) (5805 pts)
        delta H to (0.9, 1) (5805 pts)
        delta H to (1, 1) (5805 pts)


lambda_23/bar.xvg: 0.0 - 590.0; lambda = (1, 1)
    dH/dl & foreign lambdas:
        dH/dl (coul-lambda) (5901 pts)
        dH/dl (vdw-lambda) (5901 pts)
        delta H to (0.9, 1) (5901 pts)
        delta H to (1, 1) (5901 pts)



   Samples in time interval: 0.000 - 592.200
Removing samples outside of: 100.000 - 592.200

Temperature: 300 K

Detailed results in kT (see help for explanation):

 lam_A  lam_B      DG   +/-     s_A   +/-     s_B   +/-   stdev   +/- 
     0      1   -3.75  0.01    0.02  0.01    0.02  0.01    0.17  0.00
     1      2   -2.96  0.00    0.01  0.00    0.01  0.00    0.17  0.00
     2      3   -1.50  0.01    0.04  0.01    0.04  0.01    0.28  0.00
     3      4    1.05  0.03    0.21  0.01    0.23  0.01    0.65  0.02
     4      5    4.50  0.05    1.39  0.09    1.56  0.11    1.87  0.05
     5      6    2.68  0.11    1.16  0.03    0.99  0.05    1.54  0.05
     6      7    1.93  0.05    1.35  0.10    0.93  0.08    1.52  0.04
     7      8    1.29  0.04    0.97  0.05    0.67  0.02    1.27  0.03
     8      9    0.92  0.03    0.78  0.03    0.55  0.02    1.16  0.01
     9     10    0.64  0.03    0.69  0.02    0.48  0.02    1.06  0.01
    10     11    0.42  0.02    0.59  0.01    0.42  0.01    0.98  0.01
    11     12    0.23  0.02    0.52  0.01    0.37  0.01    0.91  0.01
    12     13    0.09  0.01    0.44  0.02    0.31  0.01    0.85  0.01
    13     14   -0.01  0.02    0.40  0.01    0.29  0.01    0.80  0.01
    14     15   -0.10  0.01    0.36  0.01    0.25  0.01    0.77  0.01
    15     16    0.02  0.00    0.01  0.00    0.01  0.00    0.12  0.00
    16     17    0.00  0.00    0.01  0.00    0.01  0.00    0.12  0.00
    17     18   -0.00  0.00    0.00  0.00    0.00  0.00    0.06  0.00
    18     19   -0.01  0.00    0.00  0.00    0.00  0.00    0.06  0.00
    19     20   -0.01  0.00    0.00  0.00    0.00  0.00    0.07  0.00
    20     21   -0.02  0.00    0.00  0.00    0.00  0.00    0.07  0.00
    21     22   -0.02  0.00    0.00  0.00    0.00  0.00    0.07  0.00
    22     23   -0.03  0.00    0.00  0.00    0.00  0.00    0.07  0.00


Final results in kJ/mol:

point      0 -      1,   DG -9.34 +/-  0.02
point      1 -      2,   DG -7.38 +/-  0.00
point      2 -      3,   DG -3.74 +/-  0.02
point      3 -      4,   DG  2.61 +/-  0.07
point      4 -      5,   DG 11.23 +/-  0.13
point      5 -      6,   DG  6.68 +/-  0.27
point      6 -      7,   DG  4.81 +/-  0.12
point      7 -      8,   DG  3.23 +/-  0.09
point      8 -      9,   DG  2.30 +/-  0.07
point      9 -     10,   DG  1.61 +/-  0.07
point     10 -     11,   DG  1.06 +/-  0.04
point     11 -     12,   DG  0.58 +/-  0.05
point     12 -     13,   DG  0.22 +/-  0.02
point     13 -     14,   DG -0.02 +/-  0.04
point     14 -     15,   DG -0.24 +/-  0.03
point     15 -     16,   DG  0.05 +/-  0.01
point     16 -     17,   DG  0.00 +/-  0.00
point     17 -     18,   DG -0.01 +/-  0.00
point     18 -     19,   DG -0.02 +/-  0.00
point     19 -     20,   DG -0.03 +/-  0.00
point     20 -     21,   DG -0.04 +/-  0.00
point     21 -     22,   DG -0.05 +/-  0.00
point     22 -     23,   DG -0.06 +/-  0.01

total      0 -     23,   DG 13.42 +/-  0.29

