lambda_00/bar.xvg: 0.0 - 523.6; lambda = (0, 0)
    dH/dl & foreign lambdas:
        dH/dl (coul-lambda) (5237 pts)
        dH/dl (vdw-lambda) (5237 pts)
        delta H to (0, 0) (5237 pts)
        delta H to (0, 0.1) (5237 pts)


lambda_01/bar.xvg: 0.0 - 518.2; lambda = (0, 0.1)
    dH/dl & foreign lambdas:
        dH/dl (coul-lambda) (5183 pts)
        dH/dl (vdw-lambda) (5183 pts)
        delta H to (0, 0) (5183 pts)
        delta H to (0, 0.1) (5183 pts)
        delta H to (0, 0.2) (5183 pts)


lambda_02/bar.xvg: 0.0 - 518.4; lambda = (0, 0.2)
    dH/dl & foreign lambdas:
        dH/dl (coul-lambda) (5185 pts)
        dH/dl (vdw-lambda) (5185 pts)
        delta H to (0, 0.1) (5185 pts)
        delta H to (0, 0.2) (5185 pts)
        delta H to (0, 0.3) (5185 pts)


lambda_03/bar.xvg: 0.0 - 526.5; lambda = (0, 0.3)
    dH/dl & foreign lambdas:
        dH/dl (coul-lambda) (5266 pts)
        dH/dl (vdw-lambda) (5266 pts)
        delta H to (0, 0.2) (5266 pts)
        delta H to (0, 0.3) (5266 pts)
        delta H to (0, 0.4) (5266 pts)


lambda_04/bar.xvg: 0.0 - 525.8; lambda = (0, 0.4)
    dH/dl & foreign lambdas:
        dH/dl (coul-lambda) (5259 pts)
        dH/dl (vdw-lambda) (5259 pts)
        delta H to (0, 0.3) (5259 pts)
        delta H to (0, 0.4) (5259 pts)
        delta H to (0, 0.5) (5259 pts)


lambda_05/bar.xvg: 0.0 - 526.1; lambda = (0, 0.5)
    dH/dl & foreign lambdas:
        dH/dl (coul-lambda) (5262 pts)
        dH/dl (vdw-lambda) (5262 pts)
        delta H to (0, 0.4) (5262 pts)
        delta H to (0, 0.5) (5262 pts)
        delta H to (0, 0.55) (5262 pts)


lambda_06/bar.xvg: 0.0 - 524.6; lambda = (0, 0.55)
    dH/dl & foreign lambdas:
        dH/dl (coul-lambda) (5247 pts)
        dH/dl (vdw-lambda) (5247 pts)
        delta H to (0, 0.5) (5247 pts)
        delta H to (0, 0.55) (5247 pts)
        delta H to (0, 0.6) (5247 pts)


lambda_07/bar.xvg: 0.0 - 522.8; lambda = (0, 0.6)
    dH/dl & foreign lambdas:
        dH/dl (coul-lambda) (5229 pts)
        dH/dl (vdw-lambda) (5229 pts)
        delta H to (0, 0.55) (5229 pts)
        delta H to (0, 0.6) (5229 pts)
        delta H to (0, 0.65) (5229 pts)


lambda_08/bar.xvg: 0.0 - 521.0; lambda = (0, 0.65)
    dH/dl & foreign lambdas:
        dH/dl (coul-lambda) (5211 pts)
        dH/dl (vdw-lambda) (5211 pts)
        delta H to (0, 0.6) (5211 pts)
        delta H to (0, 0.65) (5211 pts)
        delta H to (0, 0.7) (5211 pts)


lambda_09/bar.xvg: 0.0 - 519.6; lambda = (0, 0.7)
    dH/dl & foreign lambdas:
        dH/dl (coul-lambda) (5197 pts)
        dH/dl (vdw-lambda) (5197 pts)
        delta H to (0, 0.65) (5197 pts)
        delta H to (0, 0.7) (5197 pts)
        delta H to (0, 0.75) (5197 pts)


lambda_10/bar.xvg: 0.0 - 517.7; lambda = (0, 0.75)
    dH/dl & foreign lambdas:
        dH/dl (coul-lambda) (5178 pts)
        dH/dl (vdw-lambda) (5178 pts)
        delta H to (0, 0.7) (5178 pts)
        delta H to (0, 0.75) (5178 pts)
        delta H to (0, 0.8) (5178 pts)


lambda_11/bar.xvg: 0.0 - 516.8; lambda = (0, 0.8)
    dH/dl & foreign lambdas:
        dH/dl (coul-lambda) (5169 pts)
        dH/dl (vdw-lambda) (5169 pts)
        delta H to (0, 0.75) (5169 pts)
        delta H to (0, 0.8) (5169 pts)
        delta H to (0, 0.85) (5169 pts)


lambda_12/bar.xvg: 0.0 - 516.8; lambda = (0, 0.85)
    dH/dl & foreign lambdas:
        dH/dl (coul-lambda) (5169 pts)
        dH/dl (vdw-lambda) (5169 pts)
        delta H to (0, 0.8) (5169 pts)
        delta H to (0, 0.85) (5169 pts)
        delta H to (0, 0.9) (5169 pts)


lambda_13/bar.xvg: 0.0 - 516.8; lambda = (0, 0.9)
    dH/dl & foreign lambdas:
        dH/dl (coul-lambda) (5169 pts)
        dH/dl (vdw-lambda) (5169 pts)
        delta H to (0, 0.85) (5169 pts)
        delta H to (0, 0.9) (5169 pts)
        delta H to (0, 0.95) (5169 pts)


lambda_14/bar.xvg: 0.0 - 527.2; lambda = (0, 0.95)
    dH/dl & foreign lambdas:
        dH/dl (coul-lambda) (5273 pts)
        dH/dl (vdw-lambda) (5273 pts)
        delta H to (0, 0.9) (5273 pts)
        delta H to (0, 0.95) (5273 pts)
        delta H to (0, 1) (5273 pts)


lambda_15/bar.xvg: 0.0 - 520.5; lambda = (0, 1)
    dH/dl & foreign lambdas:
        dH/dl (coul-lambda) (5206 pts)
        dH/dl (vdw-lambda) (5206 pts)
        delta H to (0, 0.95) (5206 pts)
        delta H to (0, 1) (5206 pts)
        delta H to (0.2, 1) (5206 pts)


lambda_16/bar.xvg: 0.0 - 521.7; lambda = (0.2, 1)
    dH/dl & foreign lambdas:
        dH/dl (coul-lambda) (5218 pts)
        dH/dl (vdw-lambda) (5218 pts)
        delta H to (0, 1) (5218 pts)
        delta H to (0.2, 1) (5218 pts)
        delta H to (0.4, 1) (5218 pts)


lambda_17/bar.xvg: 0.0 - 519.0; lambda = (0.4, 1)
    dH/dl & foreign lambdas:
        dH/dl (coul-lambda) (5191 pts)
        dH/dl (vdw-lambda) (5191 pts)
        delta H to (0.2, 1) (5191 pts)
        delta H to (0.4, 1) (5191 pts)
        delta H to (0.5, 1) (5191 pts)


lambda_18/bar.xvg: 0.0 - 516.8; lambda = (0.5, 1)
    dH/dl & foreign lambdas:
        dH/dl (coul-lambda) (5169 pts)
        dH/dl (vdw-lambda) (5169 pts)
        delta H to (0.4, 1) (5169 pts)
        delta H to (0.5, 1) (5169 pts)
        delta H to (0.6, 1) (5169 pts)


lambda_19/bar.xvg: 0.0 - 516.8; lambda = (0.6, 1)
    dH/dl & foreign lambdas:
        dH/dl (coul-lambda) (5169 pts)
        dH/dl (vdw-lambda) (5169 pts)
        delta H to (0.5, 1) (5169 pts)
        delta H to (0.6, 1) (5169 pts)
        delta H to (0.7, 1) (5169 pts)


lambda_20/bar.xvg: 0.0 - 516.8; lambda = (0.7, 1)
    dH/dl & foreign lambdas:
        dH/dl (coul-lambda) (5169 pts)
        dH/dl (vdw-lambda) (5169 pts)
        delta H to (0.6, 1) (5169 pts)
        delta H to (0.7, 1) (5169 pts)
        delta H to (0.8, 1) (5169 pts)


lambda_21/bar.xvg: 0.0 - 516.8; lambda = (0.8, 1)
    dH/dl & foreign lambdas:
        dH/dl (coul-lambda) (5169 pts)
        dH/dl (vdw-lambda) (5169 pts)
        delta H to (0.7, 1) (5169 pts)
        delta H to (0.8, 1) (5169 pts)
        delta H to (0.9, 1) (5169 pts)


lambda_22/bar.xvg: 0.0 - 516.8; lambda = (0.9, 1)
    dH/dl & foreign lambdas:
        dH/dl (coul-lambda) (5169 pts)
        dH/dl (vdw-lambda) (5169 pts)
        delta H to (0.8, 1) (5169 pts)
        delta H to (0.9, 1) (5169 pts)
        delta H to (1, 1) (5169 pts)


lambda_23/bar.xvg: 0.0 - 527.0; lambda = (1, 1)
    dH/dl & foreign lambdas:
        dH/dl (coul-lambda) (5271 pts)
        dH/dl (vdw-lambda) (5271 pts)
        delta H to (0.9, 1) (5271 pts)
        delta H to (1, 1) (5271 pts)



   Samples in time interval: 0.000 - 527.200
Removing samples outside of: 100.000 - 527.200

Temperature: 300 K

Detailed results in kT (see help for explanation):

 lam_A  lam_B      DG   +/-     s_A   +/-     s_B   +/-   stdev   +/- 
     0      1   -4.20  0.01    0.02  0.01    0.01  0.01    0.17  0.00
     1      2   -3.31  0.00    0.01  0.01    0.01  0.01    0.18  0.00
     2      3   -1.67  0.00    0.06  0.01    0.06  0.00    0.29  0.00
     3      4    1.18  0.01    0.19  0.02    0.21  0.03    0.67  0.01
     4      5    5.15  0.05    1.54  0.07    1.80  0.07    1.97  0.03
     5      6    3.04  0.04    1.30  0.07    1.13  0.05    1.73  0.03
     6      7    2.19  0.05    1.51  0.10    1.00  0.05    1.63  0.04
     7      8    1.50  0.03    1.14  0.05    0.77  0.03    1.37  0.02
     8      9    1.05  0.02    0.90  0.04    0.64  0.03    1.23  0.02
     9     10    0.69  0.02    0.79  0.03    0.55  0.03    1.13  0.02
    10     11    0.42  0.03    0.63  0.04    0.44  0.02    1.03  0.02
    11     12    0.24  0.01    0.57  0.03    0.39  0.02    0.95  0.01
    12     13    0.07  0.02    0.50  0.03    0.35  0.02    0.88  0.01
    13     14   -0.05  0.01    0.43  0.03    0.30  0.02    0.83  0.01
    14     15   -0.14  0.01    0.39  0.03    0.28  0.02    0.78  0.01
    15     16    0.03  0.00    0.01  0.00    0.01  0.00    0.11  0.00
    16     17    0.01  0.00    0.01  0.00    0.01  0.00    0.12  0.00
    17     18   -0.00  0.00    0.00  0.00    0.00  0.00    0.06  0.00
    18     19   -0.00  0.00    0.00  0.00    0.00  0.00    0.06  0.00
    19     20   -0.01  0.00    0.00  0.00    0.00  0.00    0.06  0.00
    20     21   -0.01  0.00    0.00  0.00    0.00  0.00    0.06  0.00
    21     22   -0.02  0.00    0.00  0.00    0.00  0.00    0.06  0.00
    22     23   -0.02  0.00    0.00  0.00    0.00  0.00    0.06  0.00


Final results in kJ/mol:

point      0 -      1,   DG -10.48 +/-  0.02
point      1 -      2,   DG -8.24 +/-  0.01
point      2 -      3,   DG -4.16 +/-  0.01
point      3 -      4,   DG  2.95 +/-  0.03
point      4 -      5,   DG 12.86 +/-  0.12
point      5 -      6,   DG  7.58 +/-  0.10
point      6 -      7,   DG  5.46 +/-  0.12
point      7 -      8,   DG  3.74 +/-  0.06
point      8 -      9,   DG  2.62 +/-  0.05
point      9 -     10,   DG  1.72 +/-  0.05
point     10 -     11,   DG  1.05 +/-  0.07
point     11 -     12,   DG  0.59 +/-  0.03
point     12 -     13,   DG  0.18 +/-  0.05
point     13 -     14,   DG -0.12 +/-  0.02
point     14 -     15,   DG -0.36 +/-  0.03
point     15 -     16,   DG  0.07 +/-  0.00
point     16 -     17,   DG  0.02 +/-  0.01
point     17 -     18,   DG -0.01 +/-  0.00
point     18 -     19,   DG -0.01 +/-  0.00
point     19 -     20,   DG -0.02 +/-  0.00
point     20 -     21,   DG -0.03 +/-  0.00
point     21 -     22,   DG -0.04 +/-  0.00
point     22 -     23,   DG -0.05 +/-  0.00

total      0 -     23,   DG 15.30 +/-  0.26

