lambda_00/bar.xvg: 0.0 - 968.9; lambda = (0, 0)
    dH/dl & foreign lambdas:
        dH/dl (coul-lambda) (9690 pts)
        dH/dl (vdw-lambda) (9690 pts)
        delta H to (0, 0) (9690 pts)
        delta H to (0, 0.1) (9690 pts)


lambda_01/bar.xvg: 0.0 - 971.0; lambda = (0, 0.1)
    dH/dl & foreign lambdas:
        dH/dl (coul-lambda) (9711 pts)
        dH/dl (vdw-lambda) (9711 pts)
        delta H to (0, 0) (9711 pts)
        delta H to (0, 0.1) (9711 pts)
        delta H to (0, 0.2) (9711 pts)


lambda_02/bar.xvg: 0.0 - 970.9; lambda = (0, 0.2)
    dH/dl & foreign lambdas:
        dH/dl (coul-lambda) (9710 pts)
        dH/dl (vdw-lambda) (9710 pts)
        delta H to (0, 0.1) (9710 pts)
        delta H to (0, 0.2) (9710 pts)
        delta H to (0, 0.3) (9710 pts)


lambda_03/bar.xvg: 0.0 - 973.5; lambda = (0, 0.3)
    dH/dl & foreign lambdas:
        dH/dl (coul-lambda) (9736 pts)
        dH/dl (vdw-lambda) (9736 pts)
        delta H to (0, 0.2) (9736 pts)
        delta H to (0, 0.3) (9736 pts)
        delta H to (0, 0.4) (9736 pts)


lambda_04/bar.xvg: 0.0 - 972.8; lambda = (0, 0.4)
    dH/dl & foreign lambdas:
        dH/dl (coul-lambda) (9729 pts)
        dH/dl (vdw-lambda) (9729 pts)
        delta H to (0, 0.3) (9729 pts)
        delta H to (0, 0.4) (9729 pts)
        delta H to (0, 0.5) (9729 pts)


lambda_05/bar.xvg: 0.0 - 973.0; lambda = (0, 0.5)
    dH/dl & foreign lambdas:
        dH/dl (coul-lambda) (9731 pts)
        dH/dl (vdw-lambda) (9731 pts)
        delta H to (0, 0.4) (9731 pts)
        delta H to (0, 0.5) (9731 pts)
        delta H to (0, 0.55) (9731 pts)


lambda_06/bar.xvg: 0.0 - 971.8; lambda = (0, 0.55)
    dH/dl & foreign lambdas:
        dH/dl (coul-lambda) (9719 pts)
        dH/dl (vdw-lambda) (9719 pts)
        delta H to (0, 0.5) (9719 pts)
        delta H to (0, 0.55) (9719 pts)
        delta H to (0, 0.6) (9719 pts)


lambda_07/bar.xvg: 0.0 - 970.0; lambda = (0, 0.6)
    dH/dl & foreign lambdas:
        dH/dl (coul-lambda) (9701 pts)
        dH/dl (vdw-lambda) (9701 pts)
        delta H to (0, 0.55) (9701 pts)
        delta H to (0, 0.6) (9701 pts)
        delta H to (0, 0.65) (9701 pts)


lambda_08/bar.xvg: 0.0 - 967.9; lambda = (0, 0.65)
    dH/dl & foreign lambdas:
        dH/dl (coul-lambda) (9680 pts)
        dH/dl (vdw-lambda) (9680 pts)
        delta H to (0, 0.6) (9680 pts)
        delta H to (0, 0.65) (9680 pts)
        delta H to (0, 0.7) (9680 pts)


lambda_09/bar.xvg: 0.0 - 979.0; lambda = (0, 0.7)
    dH/dl & foreign lambdas:
        dH/dl (coul-lambda) (9791 pts)
        dH/dl (vdw-lambda) (9791 pts)
        delta H to (0, 0.65) (9791 pts)
        delta H to (0, 0.7) (9791 pts)
        delta H to (0, 0.75) (9791 pts)


lambda_10/bar.xvg: 0.0 - 976.8; lambda = (0, 0.75)
    dH/dl & foreign lambdas:
        dH/dl (coul-lambda) (9769 pts)
        dH/dl (vdw-lambda) (9769 pts)
        delta H to (0, 0.7) (9769 pts)
        delta H to (0, 0.75) (9769 pts)
        delta H to (0, 0.8) (9769 pts)


lambda_11/bar.xvg: 0.0 - 975.1; lambda = (0, 0.8)
    dH/dl & foreign lambdas:
        dH/dl (coul-lambda) (9752 pts)
        dH/dl (vdw-lambda) (9752 pts)
        delta H to (0, 0.75) (9752 pts)
        delta H to (0, 0.8) (9752 pts)
        delta H to (0, 0.85) (9752 pts)


lambda_12/bar.xvg: 0.0 - 973.8; lambda = (0, 0.85)
    dH/dl & foreign lambdas:
        dH/dl (coul-lambda) (9739 pts)
        dH/dl (vdw-lambda) (9739 pts)
        delta H to (0, 0.8) (9739 pts)
        delta H to (0, 0.85) (9739 pts)
        delta H to (0, 0.9) (9739 pts)


lambda_13/bar.xvg: 0.0 - 972.7; lambda = (0, 0.9)
    dH/dl & foreign lambdas:
        dH/dl (coul-lambda) (9728 pts)
        dH/dl (vdw-lambda) (9728 pts)
        delta H to (0, 0.85) (9728 pts)
        delta H to (0, 0.9) (9728 pts)
        delta H to (0, 0.95) (9728 pts)


lambda_14/bar.xvg: 0.0 - 971.9; lambda = (0, 0.95)
    dH/dl & foreign lambdas:
        dH/dl (coul-lambda) (9720 pts)
        dH/dl (vdw-lambda) (9720 pts)
        delta H to (0, 0.9) (9720 pts)
        delta H to (0, 0.95) (9720 pts)
        delta H to (0, 1) (9720 pts)


lambda_15/bar.xvg: 0.0 - 971.0; lambda = (0, 1)
    dH/dl & foreign lambdas:
        dH/dl (coul-lambda) (9711 pts)
        dH/dl (vdw-lambda) (9711 pts)
        delta H to (0, 0.95) (9711 pts)
        delta H to (0, 1) (9711 pts)
        delta H to (0.2, 1) (9711 pts)


lambda_16/bar.xvg: 0.0 - 975.9; lambda = (0.2, 1)
    dH/dl & foreign lambdas:
        dH/dl (coul-lambda) (9760 pts)
        dH/dl (vdw-lambda) (9760 pts)
        delta H to (0, 1) (9760 pts)
        delta H to (0.2, 1) (9760 pts)
        delta H to (0.4, 1) (9760 pts)


lambda_17/bar.xvg: 0.0 - 966.9; lambda = (0.4, 1)
    dH/dl & foreign lambdas:
        dH/dl (coul-lambda) (9670 pts)
        dH/dl (vdw-lambda) (9670 pts)
        delta H to (0.2, 1) (9670 pts)
        delta H to (0.4, 1) (9670 pts)
        delta H to (0.5, 1) (9670 pts)


lambda_18/bar.xvg: 0.0 - 968.9; lambda = (0.5, 1)
    dH/dl & foreign lambdas:
        dH/dl (coul-lambda) (9690 pts)
        dH/dl (vdw-lambda) (9690 pts)
        delta H to (0.4, 1) (9690 pts)
        delta H to (0.5, 1) (9690 pts)
        delta H to (0.6, 1) (9690 pts)


lambda_19/bar.xvg: 0.0 - 971.1; lambda = (0.6, 1)
    dH/dl & foreign lambdas:
        dH/dl (coul-lambda) (9712 pts)
        dH/dl (vdw-lambda) (9712 pts)
        delta H to (0.5, 1) (9712 pts)
        delta H to (0.6, 1) (9712 pts)
        delta H to (0.7, 1) (9712 pts)


lambda_20/bar.xvg: 0.0 - 973.2; lambda = (0.7, 1)
    dH/dl & foreign lambdas:
        dH/dl (coul-lambda) (9733 pts)
        dH/dl (vdw-lambda) (9733 pts)
        delta H to (0.6, 1) (9733 pts)
        delta H to (0.7, 1) (9733 pts)
        delta H to (0.8, 1) (9733 pts)


lambda_21/bar.xvg: 0.0 - 975.7; lambda = (0.8, 1)
    dH/dl & foreign lambdas:
        dH/dl (coul-lambda) (9758 pts)
        dH/dl (vdw-lambda) (9758 pts)
        delta H to (0.7, 1) (9758 pts)
        delta H to (0.8, 1) (9758 pts)
        delta H to (0.9, 1) (9758 pts)


lambda_22/bar.xvg: 0.0 - 977.5; lambda = (0.9, 1)
    dH/dl & foreign lambdas:
        dH/dl (coul-lambda) (9776 pts)
        dH/dl (vdw-lambda) (9776 pts)
        delta H to (0.8, 1) (9776 pts)
        delta H to (0.9, 1) (9776 pts)
        delta H to (1, 1) (9776 pts)


lambda_23/bar.xvg: 0.0 - 964.8; lambda = (1, 1)
    dH/dl & foreign lambdas:
        dH/dl (coul-lambda) (9649 pts)
        dH/dl (vdw-lambda) (9649 pts)
        delta H to (0.9, 1) (9649 pts)
        delta H to (1, 1) (9649 pts)



   Samples in time interval: 0.000 - 979.000
Removing samples outside of: 100.000 - 979.000

Temperature: 300 K

Detailed results in kT (see help for explanation):

 lam_A  lam_B      DG   +/-     s_A   +/-     s_B   +/-   stdev   +/- 
     0      1   -6.82  0.01    0.02  0.00    0.02  0.00    0.23  0.00
     1      2   -5.38  0.01    0.03  0.00    0.03  0.00    0.23  0.00
     2      3   -2.74  0.01    0.09  0.01    0.09  0.01    0.38  0.01
     3      4    1.86  0.02    0.35  0.03    0.38  0.03    0.88  0.01
     4      5    8.15  0.09    2.53  0.08    2.93  0.06    2.75  0.03
     5      6    4.67  0.09    2.19  0.07    1.92  0.02    2.31  0.02
     6      7    3.01  0.07    2.46  0.11    1.58  0.03    2.14  0.04
     7      8    1.90  0.04    1.61  0.05    1.14  0.04    1.72  0.03
     8      9    1.22  0.02    1.29  0.03    0.89  0.01    1.51  0.01
     9     10    0.75  0.02    1.10  0.02    0.76  0.01    1.36  0.01
    10     11    0.40  0.01    0.92  0.02    0.65  0.01    1.26  0.01
    11     12    0.11  0.02    0.84  0.01    0.58  0.01    1.16  0.01
    12     13   -0.11  0.01    0.69  0.02    0.49  0.01    1.06  0.01
    13     14   -0.28  0.02    0.62  0.02    0.45  0.02    1.01  0.01
    14     15   -0.41  0.01    0.55  0.02    0.39  0.01    0.95  0.01
    15     16   -0.51  0.02    0.54  0.01    0.56  0.01    1.04  0.01
    16     17   -1.73  0.01    0.66  0.01    0.74  0.01    1.20  0.01
    17     18   -1.45  0.01    0.21  0.01    0.23  0.01    0.68  0.00
    18     19   -1.96  0.02    0.29  0.01    0.31  0.01    0.76  0.01
    19     20   -2.56  0.02    0.28  0.01    0.30  0.01    0.80  0.01
    20     21   -3.22  0.02    0.37  0.02    0.39  0.02    0.87  0.01
    21     22   -3.99  0.02    0.38  0.02    0.40  0.03    0.91  0.01
    22     23   -4.83  0.02    0.44  0.01    0.44  0.01    0.94  0.00


Final results in kJ/mol:

point      0 -      1,   DG -17.01 +/-  0.01
point      1 -      2,   DG -13.43 +/-  0.01
point      2 -      3,   DG -6.84 +/-  0.03
point      3 -      4,   DG  4.64 +/-  0.06
point      4 -      5,   DG 20.33 +/-  0.22
point      5 -      6,   DG 11.64 +/-  0.22
point      6 -      7,   DG  7.50 +/-  0.18
point      7 -      8,   DG  4.75 +/-  0.11
point      8 -      9,   DG  3.05 +/-  0.05
point      9 -     10,   DG  1.88 +/-  0.05
point     10 -     11,   DG  1.01 +/-  0.02
point     11 -     12,   DG  0.27 +/-  0.04
point     12 -     13,   DG -0.28 +/-  0.03
point     13 -     14,   DG -0.69 +/-  0.05
point     14 -     15,   DG -1.02 +/-  0.03
point     15 -     16,   DG -1.28 +/-  0.04
point     16 -     17,   DG -4.31 +/-  0.03
point     17 -     18,   DG -3.61 +/-  0.03
point     18 -     19,   DG -4.90 +/-  0.05
point     19 -     20,   DG -6.37 +/-  0.05
point     20 -     21,   DG -8.03 +/-  0.06
point     21 -     22,   DG -9.96 +/-  0.04
point     22 -     23,   DG -12.04 +/-  0.04

total      0 -     23,   DG -34.72 +/-  0.34

