lambda_00/bar.xvg: 0.0 - 937.1; lambda = (0, 0)
    dH/dl & foreign lambdas:
        dH/dl (coul-lambda) (9372 pts)
        dH/dl (vdw-lambda) (9372 pts)
        delta H to (0, 0) (9372 pts)
        delta H to (0, 0.1) (9372 pts)


lambda_01/bar.xvg: 0.0 - 930.9; lambda = (0, 0.1)
    dH/dl & foreign lambdas:
        dH/dl (coul-lambda) (9310 pts)
        dH/dl (vdw-lambda) (9310 pts)
        delta H to (0, 0) (9310 pts)
        delta H to (0, 0.1) (9310 pts)
        delta H to (0, 0.2) (9310 pts)


lambda_02/bar.xvg: 0.0 - 931.1; lambda = (0, 0.2)
    dH/dl & foreign lambdas:
        dH/dl (coul-lambda) (9312 pts)
        dH/dl (vdw-lambda) (9312 pts)
        delta H to (0, 0.1) (9312 pts)
        delta H to (0, 0.2) (9312 pts)
        delta H to (0, 0.3) (9312 pts)


lambda_03/bar.xvg: 0.0 - 933.2; lambda = (0, 0.3)
    dH/dl & foreign lambdas:
        dH/dl (coul-lambda) (9333 pts)
        dH/dl (vdw-lambda) (9333 pts)
        delta H to (0, 0.2) (9333 pts)
        delta H to (0, 0.3) (9333 pts)
        delta H to (0, 0.4) (9333 pts)


lambda_04/bar.xvg: 0.0 - 932.4; lambda = (0, 0.4)
    dH/dl & foreign lambdas:
        dH/dl (coul-lambda) (9325 pts)
        dH/dl (vdw-lambda) (9325 pts)
        delta H to (0, 0.3) (9325 pts)
        delta H to (0, 0.4) (9325 pts)
        delta H to (0, 0.5) (9325 pts)


lambda_05/bar.xvg: 0.0 - 932.3; lambda = (0, 0.5)
    dH/dl & foreign lambdas:
        dH/dl (coul-lambda) (9324 pts)
        dH/dl (vdw-lambda) (9324 pts)
        delta H to (0, 0.4) (9324 pts)
        delta H to (0, 0.5) (9324 pts)
        delta H to (0, 0.55) (9324 pts)


lambda_06/bar.xvg: 0.0 - 931.8; lambda = (0, 0.55)
    dH/dl & foreign lambdas:
        dH/dl (coul-lambda) (9319 pts)
        dH/dl (vdw-lambda) (9319 pts)
        delta H to (0, 0.5) (9319 pts)
        delta H to (0, 0.55) (9319 pts)
        delta H to (0, 0.6) (9319 pts)


lambda_07/bar.xvg: 0.0 - 930.3; lambda = (0, 0.6)
    dH/dl & foreign lambdas:
        dH/dl (coul-lambda) (9304 pts)
        dH/dl (vdw-lambda) (9304 pts)
        delta H to (0, 0.55) (9304 pts)
        delta H to (0, 0.6) (9304 pts)
        delta H to (0, 0.65) (9304 pts)


lambda_08/bar.xvg: 0.0 - 928.6; lambda = (0, 0.65)
    dH/dl & foreign lambdas:
        dH/dl (coul-lambda) (9287 pts)
        dH/dl (vdw-lambda) (9287 pts)
        delta H to (0, 0.6) (9287 pts)
        delta H to (0, 0.65) (9287 pts)
        delta H to (0, 0.7) (9287 pts)


lambda_09/bar.xvg: 0.0 - 926.3; lambda = (0, 0.7)
    dH/dl & foreign lambdas:
        dH/dl (coul-lambda) (9264 pts)
        dH/dl (vdw-lambda) (9264 pts)
        delta H to (0, 0.65) (9264 pts)
        delta H to (0, 0.7) (9264 pts)
        delta H to (0, 0.75) (9264 pts)


lambda_10/bar.xvg: 0.0 - 937.8; lambda = (0, 0.75)
    dH/dl & foreign lambdas:
        dH/dl (coul-lambda) (9379 pts)
        dH/dl (vdw-lambda) (9379 pts)
        delta H to (0, 0.7) (9379 pts)
        delta H to (0, 0.75) (9379 pts)
        delta H to (0, 0.8) (9379 pts)


lambda_11/bar.xvg: 0.0 - 935.6; lambda = (0, 0.8)
    dH/dl & foreign lambdas:
        dH/dl (coul-lambda) (9357 pts)
        dH/dl (vdw-lambda) (9357 pts)
        delta H to (0, 0.75) (9357 pts)
        delta H to (0, 0.8) (9357 pts)
        delta H to (0, 0.85) (9357 pts)


lambda_12/bar.xvg: 0.0 - 933.7; lambda = (0, 0.85)
    dH/dl & foreign lambdas:
        dH/dl (coul-lambda) (9338 pts)
        dH/dl (vdw-lambda) (9338 pts)
        delta H to (0, 0.8) (9338 pts)
        delta H to (0, 0.85) (9338 pts)
        delta H to (0, 0.9) (9338 pts)


lambda_13/bar.xvg: 0.0 - 933.3; lambda = (0, 0.9)
    dH/dl & foreign lambdas:
        dH/dl (coul-lambda) (9334 pts)
        dH/dl (vdw-lambda) (9334 pts)
        delta H to (0, 0.85) (9334 pts)
        delta H to (0, 0.9) (9334 pts)
        delta H to (0, 0.95) (9334 pts)


lambda_14/bar.xvg: 0.0 - 932.2; lambda = (0, 0.95)
    dH/dl & foreign lambdas:
        dH/dl (coul-lambda) (9323 pts)
        dH/dl (vdw-lambda) (9323 pts)
        delta H to (0, 0.9) (9323 pts)
        delta H to (0, 0.95) (9323 pts)
        delta H to (0, 1) (9323 pts)


lambda_15/bar.xvg: 0.0 - 931.5; lambda = (0, 1)
    dH/dl & foreign lambdas:
        dH/dl (coul-lambda) (9316 pts)
        dH/dl (vdw-lambda) (9316 pts)
        delta H to (0, 0.95) (9316 pts)
        delta H to (0, 1) (9316 pts)
        delta H to (0.2, 1) (9316 pts)


lambda_16/bar.xvg: 0.0 - 936.4; lambda = (0.2, 1)
    dH/dl & foreign lambdas:
        dH/dl (coul-lambda) (9365 pts)
        dH/dl (vdw-lambda) (9365 pts)
        delta H to (0, 1) (9365 pts)
        delta H to (0.2, 1) (9365 pts)
        delta H to (0.4, 1) (9365 pts)


lambda_17/bar.xvg: 0.0 - 926.8; lambda = (0.4, 1)
    dH/dl & foreign lambdas:
        dH/dl (coul-lambda) (9269 pts)
        dH/dl (vdw-lambda) (9269 pts)
        delta H to (0.2, 1) (9269 pts)
        delta H to (0.4, 1) (9269 pts)
        delta H to (0.5, 1) (9269 pts)


lambda_18/bar.xvg: 0.0 - 928.9; lambda = (0.5, 1)
    dH/dl & foreign lambdas:
        dH/dl (coul-lambda) (9290 pts)
        dH/dl (vdw-lambda) (9290 pts)
        delta H to (0.4, 1) (9290 pts)
        delta H to (0.5, 1) (9290 pts)
        delta H to (0.6, 1) (9290 pts)


lambda_19/bar.xvg: 0.0 - 931.1; lambda = (0.6, 1)
    dH/dl & foreign lambdas:
        dH/dl (coul-lambda) (9312 pts)
        dH/dl (vdw-lambda) (9312 pts)
        delta H to (0.5, 1) (9312 pts)
        delta H to (0.6, 1) (9312 pts)
        delta H to (0.7, 1) (9312 pts)


lambda_20/bar.xvg: 0.0 - 933.2; lambda = (0.7, 1)
    dH/dl & foreign lambdas:
        dH/dl (coul-lambda) (9333 pts)
        dH/dl (vdw-lambda) (9333 pts)
        delta H to (0.6, 1) (9333 pts)
        delta H to (0.7, 1) (9333 pts)
        delta H to (0.8, 1) (9333 pts)


lambda_21/bar.xvg: 0.0 - 935.4; lambda = (0.8, 1)
    dH/dl & foreign lambdas:
        dH/dl (coul-lambda) (9355 pts)
        dH/dl (vdw-lambda) (9355 pts)
        delta H to (0.7, 1) (9355 pts)
        delta H to (0.8, 1) (9355 pts)
        delta H to (0.9, 1) (9355 pts)


lambda_22/bar.xvg: 0.0 - 937.4; lambda = (0.9, 1)
    dH/dl & foreign lambdas:
        dH/dl (coul-lambda) (9375 pts)
        dH/dl (vdw-lambda) (9375 pts)
        delta H to (0.8, 1) (9375 pts)
        delta H to (0.9, 1) (9375 pts)
        delta H to (1, 1) (9375 pts)


lambda_23/bar.xvg: 0.0 - 932.0; lambda = (1, 1)
    dH/dl & foreign lambdas:
        dH/dl (coul-lambda) (9321 pts)
        dH/dl (vdw-lambda) (9321 pts)
        delta H to (0.9, 1) (9321 pts)
        delta H to (1, 1) (9321 pts)



   Samples in time interval: 0.000 - 937.800
Removing samples outside of: 100.000 - 937.800

Temperature: 300 K

Detailed results in kT (see help for explanation):

 lam_A  lam_B      DG   +/-     s_A   +/-     s_B   +/-   stdev   +/- 
     0      1   -7.28  0.00    0.03  0.00    0.03  0.00    0.25  0.00
     1      2   -5.76  0.00    0.02  0.01    0.02  0.01    0.25  0.00
     2      3   -2.92  0.01    0.09  0.01    0.09  0.01    0.38  0.00
     3      4    2.05  0.01    0.40  0.02    0.43  0.02    0.89  0.01
     4      5    8.97  0.09    2.55  0.09    3.14  0.09    2.83  0.08
     5      6    5.12  0.08    2.42  0.08    1.97  0.04    2.40  0.04
     6      7    3.44  0.06    2.71  0.03    1.79  0.06    2.32  0.03
     7      8    2.10  0.06    1.82  0.06    1.23  0.03    1.82  0.04
     8      9    1.34  0.04    1.42  0.05    0.96  0.04    1.55  0.02
     9     10    0.84  0.02    1.17  0.04    0.84  0.03    1.42  0.02
    10     11    0.44  0.01    0.98  0.03    0.69  0.02    1.29  0.01
    11     12    0.12  0.02    0.89  0.02    0.62  0.01    1.20  0.01
    12     13   -0.12  0.01    0.72  0.02    0.51  0.01    1.09  0.01
    13     14   -0.29  0.01    0.66  0.01    0.48  0.01    1.05  0.01
    14     15   -0.44  0.00    0.59  0.01    0.42  0.01    0.99  0.00
    15     16   -0.53  0.02    0.53  0.01    0.56  0.01    1.04  0.00
    16     17   -1.75  0.01    0.66  0.02    0.75  0.02    1.21  0.01
    17     18   -1.46  0.01    0.21  0.01    0.22  0.01    0.68  0.00
    18     19   -1.94  0.01    0.26  0.01    0.28  0.01    0.75  0.00
    19     20   -2.54  0.01    0.32  0.01    0.33  0.01    0.82  0.01
    20     21   -3.22  0.01    0.35  0.01    0.36  0.01    0.86  0.01
    21     22   -4.03  0.02    0.45  0.02    0.45  0.02    0.91  0.01
    22     23   -4.84  0.03    0.36  0.01    0.37  0.02    0.90  0.01


Final results in kJ/mol:

point      0 -      1,   DG -18.17 +/-  0.01
point      1 -      2,   DG -14.37 +/-  0.00
point      2 -      3,   DG -7.28 +/-  0.01
point      3 -      4,   DG  5.12 +/-  0.04
point      4 -      5,   DG 22.38 +/-  0.24
point      5 -      6,   DG 12.76 +/-  0.19
point      6 -      7,   DG  8.57 +/-  0.16
point      7 -      8,   DG  5.23 +/-  0.14
point      8 -      9,   DG  3.35 +/-  0.09
point      9 -     10,   DG  2.09 +/-  0.05
point     10 -     11,   DG  1.09 +/-  0.03
point     11 -     12,   DG  0.29 +/-  0.04
point     12 -     13,   DG -0.31 +/-  0.02
point     13 -     14,   DG -0.72 +/-  0.03
point     14 -     15,   DG -1.09 +/-  0.01
point     15 -     16,   DG -1.31 +/-  0.04
point     16 -     17,   DG -4.35 +/-  0.03
point     17 -     18,   DG -3.63 +/-  0.03
point     18 -     19,   DG -4.85 +/-  0.03
point     19 -     20,   DG -6.33 +/-  0.03
point     20 -     21,   DG -8.03 +/-  0.03
point     21 -     22,   DG -10.05 +/-  0.04
point     22 -     23,   DG -12.08 +/-  0.07

total      0 -     23,   DG -31.69 +/-  0.72

