lambda_00/bar.xvg: 0.0 - 889.3; lambda = (0, 0)
    dH/dl & foreign lambdas:
        dH/dl (coul-lambda) (8894 pts)
        dH/dl (vdw-lambda) (8894 pts)
        delta H to (0, 0) (8894 pts)
        delta H to (0, 0.1) (8894 pts)


lambda_01/bar.xvg: 0.0 - 891.1; lambda = (0, 0.1)
    dH/dl & foreign lambdas:
        dH/dl (coul-lambda) (8912 pts)
        dH/dl (vdw-lambda) (8912 pts)
        delta H to (0, 0) (8912 pts)
        delta H to (0, 0.1) (8912 pts)
        delta H to (0, 0.2) (8912 pts)


lambda_02/bar.xvg: 0.0 - 891.1; lambda = (0, 0.2)
    dH/dl & foreign lambdas:
        dH/dl (coul-lambda) (8912 pts)
        dH/dl (vdw-lambda) (8912 pts)
        delta H to (0, 0.1) (8912 pts)
        delta H to (0, 0.2) (8912 pts)
        delta H to (0, 0.3) (8912 pts)


lambda_03/bar.xvg: 0.0 - 892.8; lambda = (0, 0.3)
    dH/dl & foreign lambdas:
        dH/dl (coul-lambda) (8929 pts)
        dH/dl (vdw-lambda) (8929 pts)
        delta H to (0, 0.2) (8929 pts)
        delta H to (0, 0.3) (8929 pts)
        delta H to (0, 0.4) (8929 pts)


lambda_04/bar.xvg: 0.0 - 891.4; lambda = (0, 0.4)
    dH/dl & foreign lambdas:
        dH/dl (coul-lambda) (8915 pts)
        dH/dl (vdw-lambda) (8915 pts)
        delta H to (0, 0.3) (8915 pts)
        delta H to (0, 0.4) (8915 pts)
        delta H to (0, 0.5) (8915 pts)


lambda_05/bar.xvg: 0.0 - 891.9; lambda = (0, 0.5)
    dH/dl & foreign lambdas:
        dH/dl (coul-lambda) (8920 pts)
        dH/dl (vdw-lambda) (8920 pts)
        delta H to (0, 0.4) (8920 pts)
        delta H to (0, 0.5) (8920 pts)
        delta H to (0, 0.55) (8920 pts)


lambda_06/bar.xvg: 0.0 - 890.8; lambda = (0, 0.55)
    dH/dl & foreign lambdas:
        dH/dl (coul-lambda) (8909 pts)
        dH/dl (vdw-lambda) (8909 pts)
        delta H to (0, 0.5) (8909 pts)
        delta H to (0, 0.55) (8909 pts)
        delta H to (0, 0.6) (8909 pts)


lambda_07/bar.xvg: 0.0 - 888.9; lambda = (0, 0.6)
    dH/dl & foreign lambdas:
        dH/dl (coul-lambda) (8890 pts)
        dH/dl (vdw-lambda) (8890 pts)
        delta H to (0, 0.55) (8890 pts)
        delta H to (0, 0.6) (8890 pts)
        delta H to (0, 0.65) (8890 pts)


lambda_08/bar.xvg: 0.0 - 887.3; lambda = (0, 0.65)
    dH/dl & foreign lambdas:
        dH/dl (coul-lambda) (8874 pts)
        dH/dl (vdw-lambda) (8874 pts)
        delta H to (0, 0.6) (8874 pts)
        delta H to (0, 0.65) (8874 pts)
        delta H to (0, 0.7) (8874 pts)


lambda_09/bar.xvg: 0.0 - 885.6; lambda = (0, 0.7)
    dH/dl & foreign lambdas:
        dH/dl (coul-lambda) (8857 pts)
        dH/dl (vdw-lambda) (8857 pts)
        delta H to (0, 0.65) (8857 pts)
        delta H to (0, 0.7) (8857 pts)
        delta H to (0, 0.75) (8857 pts)


lambda_10/bar.xvg: 0.0 - 897.0; lambda = (0, 0.75)
    dH/dl & foreign lambdas:
        dH/dl (coul-lambda) (8971 pts)
        dH/dl (vdw-lambda) (8971 pts)
        delta H to (0, 0.7) (8971 pts)
        delta H to (0, 0.75) (8971 pts)
        delta H to (0, 0.8) (8971 pts)


lambda_11/bar.xvg: 0.0 - 895.1; lambda = (0, 0.8)
    dH/dl & foreign lambdas:
        dH/dl (coul-lambda) (8952 pts)
        dH/dl (vdw-lambda) (8952 pts)
        delta H to (0, 0.75) (8952 pts)
        delta H to (0, 0.8) (8952 pts)
        delta H to (0, 0.85) (8952 pts)


lambda_12/bar.xvg: 0.0 - 893.5; lambda = (0, 0.85)
    dH/dl & foreign lambdas:
        dH/dl (coul-lambda) (8936 pts)
        dH/dl (vdw-lambda) (8936 pts)
        delta H to (0, 0.8) (8936 pts)
        delta H to (0, 0.85) (8936 pts)
        delta H to (0, 0.9) (8936 pts)


lambda_13/bar.xvg: 0.0 - 892.5; lambda = (0, 0.9)
    dH/dl & foreign lambdas:
        dH/dl (coul-lambda) (8926 pts)
        dH/dl (vdw-lambda) (8926 pts)
        delta H to (0, 0.85) (8926 pts)
        delta H to (0, 0.9) (8926 pts)
        delta H to (0, 0.95) (8926 pts)


lambda_14/bar.xvg: 0.0 - 891.9; lambda = (0, 0.95)
    dH/dl & foreign lambdas:
        dH/dl (coul-lambda) (8920 pts)
        dH/dl (vdw-lambda) (8920 pts)
        delta H to (0, 0.9) (8920 pts)
        delta H to (0, 0.95) (8920 pts)
        delta H to (0, 1) (8920 pts)


lambda_15/bar.xvg: 0.0 - 892.1; lambda = (0, 1)
    dH/dl & foreign lambdas:
        dH/dl (coul-lambda) (8922 pts)
        dH/dl (vdw-lambda) (8922 pts)
        delta H to (0, 0.95) (8922 pts)
        delta H to (0, 1) (8922 pts)
        delta H to (0.2, 1) (8922 pts)


lambda_16/bar.xvg: 0.0 - 896.9; lambda = (0.2, 1)
    dH/dl & foreign lambdas:
        dH/dl (coul-lambda) (8970 pts)
        dH/dl (vdw-lambda) (8970 pts)
        delta H to (0, 1) (8970 pts)
        delta H to (0.2, 1) (8970 pts)
        delta H to (0.4, 1) (8970 pts)


lambda_17/bar.xvg: 0.0 - 887.6; lambda = (0.4, 1)
    dH/dl & foreign lambdas:
        dH/dl (coul-lambda) (8877 pts)
        dH/dl (vdw-lambda) (8877 pts)
        delta H to (0.2, 1) (8877 pts)
        delta H to (0.4, 1) (8877 pts)
        delta H to (0.5, 1) (8877 pts)


lambda_18/bar.xvg: 0.0 - 889.4; lambda = (0.5, 1)
    dH/dl & foreign lambdas:
        dH/dl (coul-lambda) (8895 pts)
        dH/dl (vdw-lambda) (8895 pts)
        delta H to (0.4, 1) (8895 pts)
        delta H to (0.5, 1) (8895 pts)
        delta H to (0.6, 1) (8895 pts)


lambda_19/bar.xvg: 0.0 - 891.5; lambda = (0.6, 1)
    dH/dl & foreign lambdas:
        dH/dl (coul-lambda) (8916 pts)
        dH/dl (vdw-lambda) (8916 pts)
        delta H to (0.5, 1) (8916 pts)
        delta H to (0.6, 1) (8916 pts)
        delta H to (0.7, 1) (8916 pts)


lambda_20/bar.xvg: 0.0 - 893.3; lambda = (0.7, 1)
    dH/dl & foreign lambdas:
        dH/dl (coul-lambda) (8934 pts)
        dH/dl (vdw-lambda) (8934 pts)
        delta H to (0.6, 1) (8934 pts)
        delta H to (0.7, 1) (8934 pts)
        delta H to (0.8, 1) (8934 pts)


lambda_21/bar.xvg: 0.0 - 895.5; lambda = (0.8, 1)
    dH/dl & foreign lambdas:
        dH/dl (coul-lambda) (8956 pts)
        dH/dl (vdw-lambda) (8956 pts)
        delta H to (0.7, 1) (8956 pts)
        delta H to (0.8, 1) (8956 pts)
        delta H to (0.9, 1) (8956 pts)


lambda_22/bar.xvg: 0.0 - 897.1; lambda = (0.9, 1)
    dH/dl & foreign lambdas:
        dH/dl (coul-lambda) (8972 pts)
        dH/dl (vdw-lambda) (8972 pts)
        delta H to (0.8, 1) (8972 pts)
        delta H to (0.9, 1) (8972 pts)
        delta H to (1, 1) (8972 pts)


lambda_23/bar.xvg: 0.0 - 883.0; lambda = (1, 1)
    dH/dl & foreign lambdas:
        dH/dl (coul-lambda) (8831 pts)
        dH/dl (vdw-lambda) (8831 pts)
        delta H to (0.9, 1) (8831 pts)
        delta H to (1, 1) (8831 pts)



   Samples in time interval: 0.000 - 897.100
Removing samples outside of: 100.000 - 897.100

Temperature: 300 K

Detailed results in kT (see help for explanation):

 lam_A  lam_B      DG   +/-     s_A   +/-     s_B   +/-   stdev   +/- 
     0      1   -6.80  0.01    0.03  0.00    0.03  0.00    0.24  0.00
     1      2   -5.38  0.01    0.03  0.00    0.03  0.00    0.23  0.00
     2      3   -2.72  0.01    0.07  0.01    0.07  0.01    0.38  0.00
     3      4    1.93  0.02    0.41  0.01    0.44  0.01    0.89  0.01
     4      5    8.11  0.07    2.62  0.04    2.99  0.10    2.83  0.04
     5      6    4.58  0.02    2.18  0.10    1.88  0.09    2.29  0.05
     6      7    2.96  0.08    2.43  0.13    1.59  0.05    2.15  0.04
     7      8    1.85  0.03    1.57  0.07    1.07  0.04    1.68  0.04
     8      9    1.24  0.02    1.30  0.02    0.91  0.03    1.50  0.01
     9     10    0.79  0.02    1.07  0.04    0.76  0.03    1.37  0.02
    10     11    0.40  0.02    0.98  0.01    0.68  0.01    1.27  0.01
    11     12    0.08  0.01    0.81  0.02    0.56  0.02    1.14  0.01
    12     13   -0.13  0.02    0.69  0.01    0.49  0.01    1.07  0.01
    13     14   -0.29  0.01    0.62  0.02    0.45  0.01    1.01  0.01
    14     15   -0.42  0.01    0.55  0.01    0.39  0.01    0.95  0.00
    15     16   -0.51  0.01    0.57  0.02    0.60  0.02    1.08  0.01
    16     17   -1.83  0.02    0.73  0.01    0.81  0.01    1.26  0.02
    17     18   -1.57  0.01    0.24  0.02    0.26  0.02    0.70  0.01
    18     19   -2.12  0.02    0.30  0.02    0.31  0.02    0.77  0.01
    19     20   -2.74  0.01    0.31  0.01    0.32  0.01    0.81  0.01
    20     21   -3.43  0.02    0.37  0.02    0.38  0.02    0.85  0.01
    21     22   -4.16  0.03    0.35  0.01    0.36  0.01    0.88  0.01
    22     23   -4.95  0.03    0.43  0.02    0.43  0.02    0.92  0.00


Final results in kJ/mol:

point      0 -      1,   DG -16.96 +/-  0.01
point      1 -      2,   DG -13.42 +/-  0.02
point      2 -      3,   DG -6.78 +/-  0.01
point      3 -      4,   DG  4.82 +/-  0.06
point      4 -      5,   DG 20.22 +/-  0.17
point      5 -      6,   DG 11.42 +/-  0.06
point      6 -      7,   DG  7.39 +/-  0.19
point      7 -      8,   DG  4.61 +/-  0.07
point      8 -      9,   DG  3.09 +/-  0.06
point      9 -     10,   DG  1.96 +/-  0.05
point     10 -     11,   DG  1.01 +/-  0.06
point     11 -     12,   DG  0.21 +/-  0.03
point     12 -     13,   DG -0.32 +/-  0.04
point     13 -     14,   DG -0.72 +/-  0.03
point     14 -     15,   DG -1.05 +/-  0.01
point     15 -     16,   DG -1.27 +/-  0.03
point     16 -     17,   DG -4.57 +/-  0.05
point     17 -     18,   DG -3.91 +/-  0.03
point     18 -     19,   DG -5.30 +/-  0.05
point     19 -     20,   DG -6.85 +/-  0.03
point     20 -     21,   DG -8.56 +/-  0.05
point     21 -     22,   DG -10.38 +/-  0.08
point     22 -     23,   DG -12.36 +/-  0.06

total      0 -     23,   DG -37.68 +/-  0.37

