lambda_00/bar.xvg: 0.0 - 846.4; lambda = (0, 0)
    dH/dl & foreign lambdas:
        dH/dl (coul-lambda) (8465 pts)
        dH/dl (vdw-lambda) (8465 pts)
        delta H to (0, 0) (8465 pts)
        delta H to (0, 0.1) (8465 pts)


lambda_01/bar.xvg: 0.0 - 846.4; lambda = (0, 0.1)
    dH/dl & foreign lambdas:
        dH/dl (coul-lambda) (8465 pts)
        dH/dl (vdw-lambda) (8465 pts)
        delta H to (0, 0) (8465 pts)
        delta H to (0, 0.1) (8465 pts)
        delta H to (0, 0.2) (8465 pts)


lambda_02/bar.xvg: 0.0 - 846.4; lambda = (0, 0.2)
    dH/dl & foreign lambdas:
        dH/dl (coul-lambda) (8465 pts)
        dH/dl (vdw-lambda) (8465 pts)
        delta H to (0, 0.1) (8465 pts)
        delta H to (0, 0.2) (8465 pts)
        delta H to (0, 0.3) (8465 pts)


lambda_03/bar.xvg: 0.0 - 846.4; lambda = (0, 0.3)
    dH/dl & foreign lambdas:
        dH/dl (coul-lambda) (8465 pts)
        dH/dl (vdw-lambda) (8465 pts)
        delta H to (0, 0.2) (8465 pts)
        delta H to (0, 0.3) (8465 pts)
        delta H to (0, 0.4) (8465 pts)


lambda_04/bar.xvg: 0.0 - 846.4; lambda = (0, 0.4)
    dH/dl & foreign lambdas:
        dH/dl (coul-lambda) (8465 pts)
        dH/dl (vdw-lambda) (8465 pts)
        delta H to (0, 0.3) (8465 pts)
        delta H to (0, 0.4) (8465 pts)
        delta H to (0, 0.5) (8465 pts)


lambda_05/bar.xvg: 0.0 - 846.4; lambda = (0, 0.5)
    dH/dl & foreign lambdas:
        dH/dl (coul-lambda) (8465 pts)
        dH/dl (vdw-lambda) (8465 pts)
        delta H to (0, 0.4) (8465 pts)
        delta H to (0, 0.5) (8465 pts)
        delta H to (0, 0.55) (8465 pts)


lambda_06/bar.xvg: 0.0 - 846.4; lambda = (0, 0.55)
    dH/dl & foreign lambdas:
        dH/dl (coul-lambda) (8465 pts)
        dH/dl (vdw-lambda) (8465 pts)
        delta H to (0, 0.5) (8465 pts)
        delta H to (0, 0.55) (8465 pts)
        delta H to (0, 0.6) (8465 pts)


lambda_07/bar.xvg: 0.0 - 846.4; lambda = (0, 0.6)
    dH/dl & foreign lambdas:
        dH/dl (coul-lambda) (8465 pts)
        dH/dl (vdw-lambda) (8465 pts)
        delta H to (0, 0.55) (8465 pts)
        delta H to (0, 0.6) (8465 pts)
        delta H to (0, 0.65) (8465 pts)


lambda_08/bar.xvg: 0.0 - 846.5; lambda = (0, 0.65)
    dH/dl & foreign lambdas:
        dH/dl (coul-lambda) (8466 pts)
        dH/dl (vdw-lambda) (8466 pts)
        delta H to (0, 0.6) (8466 pts)
        delta H to (0, 0.65) (8466 pts)
        delta H to (0, 0.7) (8466 pts)


lambda_09/bar.xvg: 0.0 - 846.4; lambda = (0, 0.7)
    dH/dl & foreign lambdas:
        dH/dl (coul-lambda) (8465 pts)
        dH/dl (vdw-lambda) (8465 pts)
        delta H to (0, 0.65) (8465 pts)
        delta H to (0, 0.7) (8465 pts)
        delta H to (0, 0.75) (8465 pts)


lambda_10/bar.xvg: 0.0 - 846.4; lambda = (0, 0.75)
    dH/dl & foreign lambdas:
        dH/dl (coul-lambda) (8465 pts)
        dH/dl (vdw-lambda) (8465 pts)
        delta H to (0, 0.7) (8465 pts)
        delta H to (0, 0.75) (8465 pts)
        delta H to (0, 0.8) (8465 pts)


lambda_11/bar.xvg: 0.0 - 846.4; lambda = (0, 0.8)
    dH/dl & foreign lambdas:
        dH/dl (coul-lambda) (8465 pts)
        dH/dl (vdw-lambda) (8465 pts)
        delta H to (0, 0.75) (8465 pts)
        delta H to (0, 0.8) (8465 pts)
        delta H to (0, 0.85) (8465 pts)


lambda_12/bar.xvg: 0.0 - 846.4; lambda = (0, 0.85)
    dH/dl & foreign lambdas:
        dH/dl (coul-lambda) (8465 pts)
        dH/dl (vdw-lambda) (8465 pts)
        delta H to (0, 0.8) (8465 pts)
        delta H to (0, 0.85) (8465 pts)
        delta H to (0, 0.9) (8465 pts)


lambda_13/bar.xvg: 0.0 - 846.4; lambda = (0, 0.9)
    dH/dl & foreign lambdas:
        dH/dl (coul-lambda) (8465 pts)
        dH/dl (vdw-lambda) (8465 pts)
        delta H to (0, 0.85) (8465 pts)
        delta H to (0, 0.9) (8465 pts)
        delta H to (0, 0.95) (8465 pts)


lambda_14/bar.xvg: 0.0 - 846.4; lambda = (0, 0.95)
    dH/dl & foreign lambdas:
        dH/dl (coul-lambda) (8465 pts)
        dH/dl (vdw-lambda) (8465 pts)
        delta H to (0, 0.9) (8465 pts)
        delta H to (0, 0.95) (8465 pts)
        delta H to (0, 1) (8465 pts)


lambda_15/bar.xvg: 0.0 - 846.4; lambda = (0, 1)
    dH/dl & foreign lambdas:
        dH/dl (coul-lambda) (8465 pts)
        dH/dl (vdw-lambda) (8465 pts)
        delta H to (0, 0.95) (8465 pts)
        delta H to (0, 1) (8465 pts)
        delta H to (0.2, 1) (8465 pts)


lambda_16/bar.xvg: 0.0 - 846.4; lambda = (0.2, 1)
    dH/dl & foreign lambdas:
        dH/dl (coul-lambda) (8465 pts)
        dH/dl (vdw-lambda) (8465 pts)
        delta H to (0, 1) (8465 pts)
        delta H to (0.2, 1) (8465 pts)
        delta H to (0.4, 1) (8465 pts)


lambda_17/bar.xvg: 0.0 - 847.3; lambda = (0.4, 1)
    dH/dl & foreign lambdas:
        dH/dl (coul-lambda) (8474 pts)
        dH/dl (vdw-lambda) (8474 pts)
        delta H to (0.2, 1) (8474 pts)
        delta H to (0.4, 1) (8474 pts)
        delta H to (0.5, 1) (8474 pts)


lambda_18/bar.xvg: 0.0 - 846.4; lambda = (0.5, 1)
    dH/dl & foreign lambdas:
        dH/dl (coul-lambda) (8465 pts)
        dH/dl (vdw-lambda) (8465 pts)
        delta H to (0.4, 1) (8465 pts)
        delta H to (0.5, 1) (8465 pts)
        delta H to (0.6, 1) (8465 pts)


lambda_19/bar.xvg: 0.0 - 846.4; lambda = (0.6, 1)
    dH/dl & foreign lambdas:
        dH/dl (coul-lambda) (8465 pts)
        dH/dl (vdw-lambda) (8465 pts)
        delta H to (0.5, 1) (8465 pts)
        delta H to (0.6, 1) (8465 pts)
        delta H to (0.7, 1) (8465 pts)


lambda_20/bar.xvg: 0.0 - 846.4; lambda = (0.7, 1)
    dH/dl & foreign lambdas:
        dH/dl (coul-lambda) (8465 pts)
        dH/dl (vdw-lambda) (8465 pts)
        delta H to (0.6, 1) (8465 pts)
        delta H to (0.7, 1) (8465 pts)
        delta H to (0.8, 1) (8465 pts)


lambda_21/bar.xvg: 0.0 - 846.4; lambda = (0.8, 1)
    dH/dl & foreign lambdas:
        dH/dl (coul-lambda) (8465 pts)
        dH/dl (vdw-lambda) (8465 pts)
        delta H to (0.7, 1) (8465 pts)
        delta H to (0.8, 1) (8465 pts)
        delta H to (0.9, 1) (8465 pts)


lambda_22/bar.xvg: 0.0 - 846.4; lambda = (0.9, 1)
    dH/dl & foreign lambdas:
        dH/dl (coul-lambda) (8465 pts)
        dH/dl (vdw-lambda) (8465 pts)
        delta H to (0.8, 1) (8465 pts)
        delta H to (0.9, 1) (8465 pts)
        delta H to (1, 1) (8465 pts)


lambda_23/bar.xvg: 0.0 - 846.4; lambda = (1, 1)
    dH/dl & foreign lambdas:
        dH/dl (coul-lambda) (8465 pts)
        dH/dl (vdw-lambda) (8465 pts)
        delta H to (0.9, 1) (8465 pts)
        delta H to (1, 1) (8465 pts)



   Samples in time interval: 0.000 - 847.300
Removing samples outside of: 100.000 - 847.300

Temperature: 300 K

Detailed results in kT (see help for explanation):

 lam_A  lam_B      DG   +/-     s_A   +/-     s_B   +/-   stdev   +/- 
     0      1   -6.82  0.01    0.03  0.01    0.03  0.01    0.24  0.00
     1      2   -5.39  0.00    0.01  0.00    0.01  0.00    0.23  0.00
     2      3   -2.71  0.01    0.08  0.00    0.08  0.00    0.38  0.00
     3      4    1.92  0.02    0.38  0.04    0.41  0.04    0.89  0.01
     4      5    8.28  0.11    2.45  0.06    2.90  0.09    2.69  0.06
     5      6    4.52  0.08    2.47  0.07    1.99  0.06    2.43  0.04
     6      7    2.96  0.09    2.18  0.10    1.49  0.07    2.05  0.06
     7      8    1.84  0.03    1.72  0.06    1.17  0.02    1.73  0.02
     8      9    1.17  0.02    1.19  0.02    0.84  0.01    1.47  0.01
     9     10    0.73  0.02    1.10  0.01    0.77  0.00    1.37  0.01
    10     11    0.35  0.01    0.92  0.03    0.65  0.01    1.24  0.01
    11     12    0.07  0.01    0.80  0.01    0.56  0.01    1.14  0.01
    12     13   -0.13  0.01    0.65  0.02    0.46  0.01    1.05  0.00
    13     14   -0.28  0.01    0.63  0.02    0.44  0.02    1.01  0.01
    14     15   -0.42  0.01    0.57  0.02    0.40  0.01    0.95  0.01
    15     16   -0.53  0.02    0.51  0.01    0.53  0.01    1.04  0.01
    16     17   -1.70  0.03    0.64  0.02    0.73  0.02    1.20  0.01
    17     18   -1.42  0.02    0.20  0.01    0.22  0.01    0.68  0.01
    18     19   -1.91  0.03    0.28  0.02    0.29  0.02    0.74  0.01
    19     20   -2.53  0.02    0.33  0.03    0.34  0.03    0.80  0.01
    20     21   -3.22  0.02    0.35  0.01    0.36  0.01    0.84  0.01
    21     22   -3.95  0.02    0.37  0.02    0.38  0.02    0.87  0.01
    22     23   -4.70  0.02    0.38  0.03    0.39  0.03    0.90  0.01


Final results in kJ/mol:

point      0 -      1,   DG -17.02 +/-  0.02
point      1 -      2,   DG -13.44 +/-  0.01
point      2 -      3,   DG -6.77 +/-  0.01
point      3 -      4,   DG  4.80 +/-  0.05
point      4 -      5,   DG 20.66 +/-  0.27
point      5 -      6,   DG 11.27 +/-  0.21
point      6 -      7,   DG  7.37 +/-  0.23
point      7 -      8,   DG  4.60 +/-  0.07
point      8 -      9,   DG  2.91 +/-  0.04
point      9 -     10,   DG  1.83 +/-  0.06
point     10 -     11,   DG  0.88 +/-  0.04
point     11 -     12,   DG  0.16 +/-  0.02
point     12 -     13,   DG -0.32 +/-  0.02
point     13 -     14,   DG -0.69 +/-  0.03
point     14 -     15,   DG -1.06 +/-  0.03
point     15 -     16,   DG -1.32 +/-  0.04
point     16 -     17,   DG -4.25 +/-  0.08
point     17 -     18,   DG -3.54 +/-  0.05
point     18 -     19,   DG -4.77 +/-  0.07
point     19 -     20,   DG -6.31 +/-  0.06
point     20 -     21,   DG -8.03 +/-  0.05
point     21 -     22,   DG -9.85 +/-  0.05
point     22 -     23,   DG -11.73 +/-  0.04

total      0 -     23,   DG -34.62 +/-  0.50

