lambda_00/bar.xvg: 0.0 - 952.9; lambda = (0, 0)
    dH/dl & foreign lambdas:
        dH/dl (coul-lambda) (9530 pts)
        dH/dl (vdw-lambda) (9530 pts)
        delta H to (0, 0) (9530 pts)
        delta H to (0, 0.1) (9530 pts)


lambda_01/bar.xvg: 0.0 - 957.8; lambda = (0, 0.1)
    dH/dl & foreign lambdas:
        dH/dl (coul-lambda) (9579 pts)
        dH/dl (vdw-lambda) (9579 pts)
        delta H to (0, 0) (9579 pts)
        delta H to (0, 0.1) (9579 pts)
        delta H to (0, 0.2) (9579 pts)


lambda_02/bar.xvg: 0.0 - 957.8; lambda = (0, 0.2)
    dH/dl & foreign lambdas:
        dH/dl (coul-lambda) (9579 pts)
        dH/dl (vdw-lambda) (9579 pts)
        delta H to (0, 0.1) (9579 pts)
        delta H to (0, 0.2) (9579 pts)
        delta H to (0, 0.3) (9579 pts)


lambda_03/bar.xvg: 0.0 - 960.2; lambda = (0, 0.3)
    dH/dl & foreign lambdas:
        dH/dl (coul-lambda) (9603 pts)
        dH/dl (vdw-lambda) (9603 pts)
        delta H to (0, 0.2) (9603 pts)
        delta H to (0, 0.3) (9603 pts)
        delta H to (0, 0.4) (9603 pts)


lambda_04/bar.xvg: 0.0 - 959.4; lambda = (0, 0.4)
    dH/dl & foreign lambdas:
        dH/dl (coul-lambda) (9595 pts)
        dH/dl (vdw-lambda) (9595 pts)
        delta H to (0, 0.3) (9595 pts)
        delta H to (0, 0.4) (9595 pts)
        delta H to (0, 0.5) (9595 pts)


lambda_05/bar.xvg: 0.0 - 959.8; lambda = (0, 0.5)
    dH/dl & foreign lambdas:
        dH/dl (coul-lambda) (9599 pts)
        dH/dl (vdw-lambda) (9599 pts)
        delta H to (0, 0.4) (9599 pts)
        delta H to (0, 0.5) (9599 pts)
        delta H to (0, 0.55) (9599 pts)


lambda_06/bar.xvg: 0.0 - 958.2; lambda = (0, 0.55)
    dH/dl & foreign lambdas:
        dH/dl (coul-lambda) (9583 pts)
        dH/dl (vdw-lambda) (9583 pts)
        delta H to (0, 0.5) (9583 pts)
        delta H to (0, 0.55) (9583 pts)
        delta H to (0, 0.6) (9583 pts)


lambda_07/bar.xvg: 0.0 - 956.2; lambda = (0, 0.6)
    dH/dl & foreign lambdas:
        dH/dl (coul-lambda) (9563 pts)
        dH/dl (vdw-lambda) (9563 pts)
        delta H to (0, 0.55) (9563 pts)
        delta H to (0, 0.6) (9563 pts)
        delta H to (0, 0.65) (9563 pts)


lambda_08/bar.xvg: 0.0 - 954.7; lambda = (0, 0.65)
    dH/dl & foreign lambdas:
        dH/dl (coul-lambda) (9548 pts)
        dH/dl (vdw-lambda) (9548 pts)
        delta H to (0, 0.6) (9548 pts)
        delta H to (0, 0.65) (9548 pts)
        delta H to (0, 0.7) (9548 pts)


lambda_09/bar.xvg: 0.0 - 952.0; lambda = (0, 0.7)
    dH/dl & foreign lambdas:
        dH/dl (coul-lambda) (9521 pts)
        dH/dl (vdw-lambda) (9521 pts)
        delta H to (0, 0.65) (9521 pts)
        delta H to (0, 0.7) (9521 pts)
        delta H to (0, 0.75) (9521 pts)


lambda_10/bar.xvg: 0.0 - 950.3; lambda = (0, 0.75)
    dH/dl & foreign lambdas:
        dH/dl (coul-lambda) (9504 pts)
        dH/dl (vdw-lambda) (9504 pts)
        delta H to (0, 0.7) (9504 pts)
        delta H to (0, 0.75) (9504 pts)
        delta H to (0, 0.8) (9504 pts)


lambda_11/bar.xvg: 0.0 - 961.6; lambda = (0, 0.8)
    dH/dl & foreign lambdas:
        dH/dl (coul-lambda) (9617 pts)
        dH/dl (vdw-lambda) (9617 pts)
        delta H to (0, 0.75) (9617 pts)
        delta H to (0, 0.8) (9617 pts)
        delta H to (0, 0.85) (9617 pts)


lambda_12/bar.xvg: 0.0 - 960.2; lambda = (0, 0.85)
    dH/dl & foreign lambdas:
        dH/dl (coul-lambda) (9603 pts)
        dH/dl (vdw-lambda) (9603 pts)
        delta H to (0, 0.8) (9603 pts)
        delta H to (0, 0.85) (9603 pts)
        delta H to (0, 0.9) (9603 pts)


lambda_13/bar.xvg: 0.0 - 959.1; lambda = (0, 0.9)
    dH/dl & foreign lambdas:
        dH/dl (coul-lambda) (9592 pts)
        dH/dl (vdw-lambda) (9592 pts)
        delta H to (0, 0.85) (9592 pts)
        delta H to (0, 0.9) (9592 pts)
        delta H to (0, 0.95) (9592 pts)


lambda_14/bar.xvg: 0.0 - 958.6; lambda = (0, 0.95)
    dH/dl & foreign lambdas:
        dH/dl (coul-lambda) (9587 pts)
        dH/dl (vdw-lambda) (9587 pts)
        delta H to (0, 0.9) (9587 pts)
        delta H to (0, 0.95) (9587 pts)
        delta H to (0, 1) (9587 pts)


lambda_15/bar.xvg: 0.0 - 958.1; lambda = (0, 1)
    dH/dl & foreign lambdas:
        dH/dl (coul-lambda) (9582 pts)
        dH/dl (vdw-lambda) (9582 pts)
        delta H to (0, 0.95) (9582 pts)
        delta H to (0, 1) (9582 pts)
        delta H to (0.2, 1) (9582 pts)


lambda_16/bar.xvg: 0.0 - 950.0; lambda = (0.2, 1)
    dH/dl & foreign lambdas:
        dH/dl (coul-lambda) (9501 pts)
        dH/dl (vdw-lambda) (9501 pts)
        delta H to (0, 1) (9501 pts)
        delta H to (0.2, 1) (9501 pts)
        delta H to (0.4, 1) (9501 pts)


lambda_17/bar.xvg: 0.0 - 953.6; lambda = (0.4, 1)
    dH/dl & foreign lambdas:
        dH/dl (coul-lambda) (9537 pts)
        dH/dl (vdw-lambda) (9537 pts)
        delta H to (0.2, 1) (9537 pts)
        delta H to (0.4, 1) (9537 pts)
        delta H to (0.5, 1) (9537 pts)


lambda_18/bar.xvg: 0.0 - 955.6; lambda = (0.5, 1)
    dH/dl & foreign lambdas:
        dH/dl (coul-lambda) (9557 pts)
        dH/dl (vdw-lambda) (9557 pts)
        delta H to (0.4, 1) (9557 pts)
        delta H to (0.5, 1) (9557 pts)
        delta H to (0.6, 1) (9557 pts)


lambda_19/bar.xvg: 0.0 - 958.1; lambda = (0.6, 1)
    dH/dl & foreign lambdas:
        dH/dl (coul-lambda) (9582 pts)
        dH/dl (vdw-lambda) (9582 pts)
        delta H to (0.5, 1) (9582 pts)
        delta H to (0.6, 1) (9582 pts)
        delta H to (0.7, 1) (9582 pts)


lambda_20/bar.xvg: 0.0 - 960.2; lambda = (0.7, 1)
    dH/dl & foreign lambdas:
        dH/dl (coul-lambda) (9603 pts)
        dH/dl (vdw-lambda) (9603 pts)
        delta H to (0.6, 1) (9603 pts)
        delta H to (0.7, 1) (9603 pts)
        delta H to (0.8, 1) (9603 pts)


lambda_21/bar.xvg: 0.0 - 950.0; lambda = (0.8, 1)
    dH/dl & foreign lambdas:
        dH/dl (coul-lambda) (9501 pts)
        dH/dl (vdw-lambda) (9501 pts)
        delta H to (0.7, 1) (9501 pts)
        delta H to (0.8, 1) (9501 pts)
        delta H to (0.9, 1) (9501 pts)


lambda_22/bar.xvg: 0.0 - 950.8; lambda = (0.9, 1)
    dH/dl & foreign lambdas:
        dH/dl (coul-lambda) (9509 pts)
        dH/dl (vdw-lambda) (9509 pts)
        delta H to (0.8, 1) (9509 pts)
        delta H to (0.9, 1) (9509 pts)
        delta H to (1, 1) (9509 pts)


lambda_23/bar.xvg: 0.0 - 950.0; lambda = (1, 1)
    dH/dl & foreign lambdas:
        dH/dl (coul-lambda) (9501 pts)
        dH/dl (vdw-lambda) (9501 pts)
        delta H to (0.9, 1) (9501 pts)
        delta H to (1, 1) (9501 pts)



   Samples in time interval: 0.000 - 961.600
Removing samples outside of: 100.000 - 961.600

Temperature: 300 K

Detailed results in kT (see help for explanation):

 lam_A  lam_B      DG   +/-     s_A   +/-     s_B   +/-   stdev   +/- 
     0      1   -6.81  0.01    0.03  0.01    0.03  0.01    0.24  0.00
     1      2   -5.39  0.00    0.03  0.00    0.03  0.00    0.24  0.00
     2      3   -2.75  0.01    0.08  0.01    0.08  0.01    0.38  0.01
     3      4    1.92  0.03    0.32  0.03    0.34  0.03    0.85  0.01
     4      5    8.33  0.08    2.56  0.05    3.04  0.11    2.82  0.06
     5      6    4.62  0.08    2.30  0.06    1.96  0.09    2.33  0.05
     6      7    2.95  0.04    2.38  0.10    1.58  0.05    2.10  0.04
     7      8    1.85  0.03    1.55  0.05    1.06  0.02    1.67  0.03
     8      9    1.19  0.03    1.33  0.05    0.94  0.03    1.50  0.02
     9     10    0.69  0.01    1.03  0.02    0.73  0.02    1.33  0.01
    10     11    0.34  0.01    0.92  0.03    0.65  0.01    1.23  0.01
    11     12    0.06  0.02    0.77  0.02    0.53  0.01    1.13  0.01
    12     13   -0.13  0.00    0.68  0.02    0.48  0.01    1.06  0.00
    13     14   -0.27  0.01    0.60  0.01    0.42  0.01    1.00  0.01
    14     15   -0.39  0.01    0.56  0.00    0.40  0.00    0.96  0.00
    15     16   -0.50  0.02    0.53  0.01    0.56  0.01    1.05  0.00
    16     17   -1.75  0.03    0.68  0.03    0.77  0.03    1.23  0.02
    17     18   -1.48  0.02    0.22  0.01    0.24  0.01    0.69  0.01
    18     19   -2.00  0.01    0.28  0.01    0.29  0.01    0.75  0.00
    19     20   -2.62  0.01    0.32  0.01    0.33  0.01    0.81  0.00
    20     21   -3.27  0.02    0.31  0.01    0.32  0.01    0.83  0.00
    21     22   -3.99  0.02    0.40  0.02    0.41  0.02    0.89  0.01
    22     23   -4.80  0.03    0.40  0.02    0.40  0.02    0.91  0.01


Final results in kJ/mol:

point      0 -      1,   DG -16.99 +/-  0.03
point      1 -      2,   DG -13.44 +/-  0.01
point      2 -      3,   DG -6.85 +/-  0.02
point      3 -      4,   DG  4.78 +/-  0.07
point      4 -      5,   DG 20.78 +/-  0.21
point      5 -      6,   DG 11.51 +/-  0.21
point      6 -      7,   DG  7.35 +/-  0.11
point      7 -      8,   DG  4.61 +/-  0.08
point      8 -      9,   DG  2.98 +/-  0.08
point      9 -     10,   DG  1.72 +/-  0.04
point     10 -     11,   DG  0.85 +/-  0.04
point     11 -     12,   DG  0.15 +/-  0.05
point     12 -     13,   DG -0.32 +/-  0.01
point     13 -     14,   DG -0.68 +/-  0.03
point     14 -     15,   DG -0.97 +/-  0.03
point     15 -     16,   DG -1.24 +/-  0.06
point     16 -     17,   DG -4.35 +/-  0.08
point     17 -     18,   DG -3.70 +/-  0.04
point     18 -     19,   DG -5.00 +/-  0.01
point     19 -     20,   DG -6.53 +/-  0.02
point     20 -     21,   DG -8.15 +/-  0.04
point     21 -     22,   DG -9.96 +/-  0.05
point     22 -     23,   DG -11.98 +/-  0.06

total      0 -     23,   DG -35.42 +/-  0.39

