lambda_00/bar.xvg: 0.0 - 952.9; lambda = (0, 0)
    dH/dl & foreign lambdas:
        dH/dl (coul-lambda) (9530 pts)
        dH/dl (vdw-lambda) (9530 pts)
        delta H to (0, 0) (9530 pts)
        delta H to (0, 0.1) (9530 pts)


lambda_01/bar.xvg: 0.0 - 957.7; lambda = (0, 0.1)
    dH/dl & foreign lambdas:
        dH/dl (coul-lambda) (9578 pts)
        dH/dl (vdw-lambda) (9578 pts)
        delta H to (0, 0) (9578 pts)
        delta H to (0, 0.1) (9578 pts)
        delta H to (0, 0.2) (9578 pts)


lambda_02/bar.xvg: 0.0 - 957.9; lambda = (0, 0.2)
    dH/dl & foreign lambdas:
        dH/dl (coul-lambda) (9580 pts)
        dH/dl (vdw-lambda) (9580 pts)
        delta H to (0, 0.1) (9580 pts)
        delta H to (0, 0.2) (9580 pts)
        delta H to (0, 0.3) (9580 pts)


lambda_03/bar.xvg: 0.0 - 960.3; lambda = (0, 0.3)
    dH/dl & foreign lambdas:
        dH/dl (coul-lambda) (9604 pts)
        dH/dl (vdw-lambda) (9604 pts)
        delta H to (0, 0.2) (9604 pts)
        delta H to (0, 0.3) (9604 pts)
        delta H to (0, 0.4) (9604 pts)


lambda_04/bar.xvg: 0.0 - 959.3; lambda = (0, 0.4)
    dH/dl & foreign lambdas:
        dH/dl (coul-lambda) (9594 pts)
        dH/dl (vdw-lambda) (9594 pts)
        delta H to (0, 0.3) (9594 pts)
        delta H to (0, 0.4) (9594 pts)
        delta H to (0, 0.5) (9594 pts)


lambda_05/bar.xvg: 0.0 - 959.7; lambda = (0, 0.5)
    dH/dl & foreign lambdas:
        dH/dl (coul-lambda) (9598 pts)
        dH/dl (vdw-lambda) (9598 pts)
        delta H to (0, 0.4) (9598 pts)
        delta H to (0, 0.5) (9598 pts)
        delta H to (0, 0.55) (9598 pts)


lambda_06/bar.xvg: 0.0 - 958.8; lambda = (0, 0.55)
    dH/dl & foreign lambdas:
        dH/dl (coul-lambda) (9589 pts)
        dH/dl (vdw-lambda) (9589 pts)
        delta H to (0, 0.5) (9589 pts)
        delta H to (0, 0.55) (9589 pts)
        delta H to (0, 0.6) (9589 pts)


lambda_07/bar.xvg: 0.0 - 957.2; lambda = (0, 0.6)
    dH/dl & foreign lambdas:
        dH/dl (coul-lambda) (9573 pts)
        dH/dl (vdw-lambda) (9573 pts)
        delta H to (0, 0.55) (9573 pts)
        delta H to (0, 0.6) (9573 pts)
        delta H to (0, 0.65) (9573 pts)


lambda_08/bar.xvg: 0.0 - 954.8; lambda = (0, 0.65)
    dH/dl & foreign lambdas:
        dH/dl (coul-lambda) (9549 pts)
        dH/dl (vdw-lambda) (9549 pts)
        delta H to (0, 0.6) (9549 pts)
        delta H to (0, 0.65) (9549 pts)
        delta H to (0, 0.7) (9549 pts)


lambda_09/bar.xvg: 0.0 - 953.0; lambda = (0, 0.7)
    dH/dl & foreign lambdas:
        dH/dl (coul-lambda) (9531 pts)
        dH/dl (vdw-lambda) (9531 pts)
        delta H to (0, 0.65) (9531 pts)
        delta H to (0, 0.7) (9531 pts)
        delta H to (0, 0.75) (9531 pts)


lambda_10/bar.xvg: 0.0 - 950.8; lambda = (0, 0.75)
    dH/dl & foreign lambdas:
        dH/dl (coul-lambda) (9509 pts)
        dH/dl (vdw-lambda) (9509 pts)
        delta H to (0, 0.7) (9509 pts)
        delta H to (0, 0.75) (9509 pts)
        delta H to (0, 0.8) (9509 pts)


lambda_11/bar.xvg: 0.0 - 949.0; lambda = (0, 0.8)
    dH/dl & foreign lambdas:
        dH/dl (coul-lambda) (9491 pts)
        dH/dl (vdw-lambda) (9491 pts)
        delta H to (0, 0.75) (9491 pts)
        delta H to (0, 0.8) (9491 pts)
        delta H to (0, 0.85) (9491 pts)


lambda_12/bar.xvg: 0.0 - 960.5; lambda = (0, 0.85)
    dH/dl & foreign lambdas:
        dH/dl (coul-lambda) (9606 pts)
        dH/dl (vdw-lambda) (9606 pts)
        delta H to (0, 0.8) (9606 pts)
        delta H to (0, 0.85) (9606 pts)
        delta H to (0, 0.9) (9606 pts)


lambda_13/bar.xvg: 0.0 - 959.6; lambda = (0, 0.9)
    dH/dl & foreign lambdas:
        dH/dl (coul-lambda) (9597 pts)
        dH/dl (vdw-lambda) (9597 pts)
        delta H to (0, 0.85) (9597 pts)
        delta H to (0, 0.9) (9597 pts)
        delta H to (0, 0.95) (9597 pts)


lambda_14/bar.xvg: 0.0 - 958.8; lambda = (0, 0.95)
    dH/dl & foreign lambdas:
        dH/dl (coul-lambda) (9589 pts)
        dH/dl (vdw-lambda) (9589 pts)
        delta H to (0, 0.9) (9589 pts)
        delta H to (0, 0.95) (9589 pts)
        delta H to (0, 1) (9589 pts)


lambda_15/bar.xvg: 0.0 - 958.2; lambda = (0, 1)
    dH/dl & foreign lambdas:
        dH/dl (coul-lambda) (9583 pts)
        dH/dl (vdw-lambda) (9583 pts)
        delta H to (0, 0.95) (9583 pts)
        delta H to (0, 1) (9583 pts)
        delta H to (0.2, 1) (9583 pts)


lambda_16/bar.xvg: 0.0 - 949.9; lambda = (0.2, 1)
    dH/dl & foreign lambdas:
        dH/dl (coul-lambda) (9500 pts)
        dH/dl (vdw-lambda) (9500 pts)
        delta H to (0, 1) (9500 pts)
        delta H to (0.2, 1) (9500 pts)
        delta H to (0.4, 1) (9500 pts)


lambda_17/bar.xvg: 0.0 - 953.6; lambda = (0.4, 1)
    dH/dl & foreign lambdas:
        dH/dl (coul-lambda) (9537 pts)
        dH/dl (vdw-lambda) (9537 pts)
        delta H to (0.2, 1) (9537 pts)
        delta H to (0.4, 1) (9537 pts)
        delta H to (0.5, 1) (9537 pts)


lambda_18/bar.xvg: 0.0 - 955.6; lambda = (0.5, 1)
    dH/dl & foreign lambdas:
        dH/dl (coul-lambda) (9557 pts)
        dH/dl (vdw-lambda) (9557 pts)
        delta H to (0.4, 1) (9557 pts)
        delta H to (0.5, 1) (9557 pts)
        delta H to (0.6, 1) (9557 pts)


lambda_19/bar.xvg: 0.0 - 957.8; lambda = (0.6, 1)
    dH/dl & foreign lambdas:
        dH/dl (coul-lambda) (9579 pts)
        dH/dl (vdw-lambda) (9579 pts)
        delta H to (0.5, 1) (9579 pts)
        delta H to (0.6, 1) (9579 pts)
        delta H to (0.7, 1) (9579 pts)


lambda_20/bar.xvg: 0.0 - 959.9; lambda = (0.7, 1)
    dH/dl & foreign lambdas:
        dH/dl (coul-lambda) (9600 pts)
        dH/dl (vdw-lambda) (9600 pts)
        delta H to (0.6, 1) (9600 pts)
        delta H to (0.7, 1) (9600 pts)
        delta H to (0.8, 1) (9600 pts)


lambda_21/bar.xvg: 0.0 - 948.7; lambda = (0.8, 1)
    dH/dl & foreign lambdas:
        dH/dl (coul-lambda) (9488 pts)
        dH/dl (vdw-lambda) (9488 pts)
        delta H to (0.7, 1) (9488 pts)
        delta H to (0.8, 1) (9488 pts)
        delta H to (0.9, 1) (9488 pts)


lambda_22/bar.xvg: 0.0 - 950.7; lambda = (0.9, 1)
    dH/dl & foreign lambdas:
        dH/dl (coul-lambda) (9508 pts)
        dH/dl (vdw-lambda) (9508 pts)
        delta H to (0.8, 1) (9508 pts)
        delta H to (0.9, 1) (9508 pts)
        delta H to (1, 1) (9508 pts)


lambda_23/bar.xvg: 0.0 - 948.4; lambda = (1, 1)
    dH/dl & foreign lambdas:
        dH/dl (coul-lambda) (9485 pts)
        dH/dl (vdw-lambda) (9485 pts)
        delta H to (0.9, 1) (9485 pts)
        delta H to (1, 1) (9485 pts)



   Samples in time interval: 0.000 - 960.500
Removing samples outside of: 100.000 - 960.500

Temperature: 300 K

Detailed results in kT (see help for explanation):

 lam_A  lam_B      DG   +/-     s_A   +/-     s_B   +/-   stdev   +/- 
     0      1   -7.29  0.01    0.02  0.00    0.02  0.00    0.24  0.00
     1      2   -5.76  0.00    0.03  0.01    0.03  0.01    0.24  0.00
     2      3   -2.91  0.01    0.07  0.00    0.07  0.00    0.38  0.01
     3      4    2.05  0.01    0.42  0.03    0.46  0.03    0.92  0.02
     4      5    8.96  0.12    2.50  0.09    2.85  0.08    2.70  0.05
     5      6    5.20  0.04    2.58  0.14    2.26  0.07    2.52  0.06
     6      7    3.36  0.05    2.49  0.07    1.69  0.02    2.23  0.02
     7      8    2.06  0.02    1.90  0.08    1.26  0.05    1.83  0.03
     8      9    1.27  0.05    1.36  0.05    0.96  0.04    1.54  0.03
     9     10    0.80  0.02    1.10  0.03    0.77  0.03    1.39  0.02
    10     11    0.42  0.01    1.05  0.01    0.73  0.02    1.32  0.01
    11     12    0.08  0.01    0.84  0.01    0.58  0.01    1.18  0.00
    12     13   -0.13  0.01    0.72  0.01    0.51  0.01    1.10  0.01
    13     14   -0.29  0.01    0.66  0.02    0.46  0.01    1.03  0.01
    14     15   -0.42  0.01    0.59  0.02    0.43  0.01    0.99  0.01
    15     16   -0.55  0.01    0.55  0.02    0.58  0.02    1.06  0.01
    16     17   -1.82  0.03    0.69  0.02    0.78  0.02    1.24  0.01
    17     18   -1.51  0.01    0.21  0.01    0.22  0.01    0.68  0.00
    18     19   -2.03  0.01    0.30  0.01    0.32  0.01    0.76  0.01
    19     20   -2.69  0.01    0.34  0.01    0.35  0.01    0.82  0.01
    20     21   -3.36  0.03    0.33  0.03    0.34  0.02    0.84  0.01
    21     22   -4.11  0.04    0.41  0.02    0.42  0.02    0.90  0.01
    22     23   -4.94  0.03    0.41  0.03    0.41  0.03    0.91  0.01


Final results in kJ/mol:

point      0 -      1,   DG -18.19 +/-  0.02
point      1 -      2,   DG -14.36 +/-  0.01
point      2 -      3,   DG -7.27 +/-  0.03
point      3 -      4,   DG  5.11 +/-  0.03
point      4 -      5,   DG 22.36 +/-  0.30
point      5 -      6,   DG 12.98 +/-  0.10
point      6 -      7,   DG  8.38 +/-  0.12
point      7 -      8,   DG  5.14 +/-  0.05
point      8 -      9,   DG  3.18 +/-  0.12
point      9 -     10,   DG  2.00 +/-  0.04
point     10 -     11,   DG  1.06 +/-  0.03
point     11 -     12,   DG  0.21 +/-  0.03
point     12 -     13,   DG -0.32 +/-  0.03
point     13 -     14,   DG -0.73 +/-  0.03
point     14 -     15,   DG -1.05 +/-  0.04
point     15 -     16,   DG -1.37 +/-  0.03
point     16 -     17,   DG -4.54 +/-  0.07
point     17 -     18,   DG -3.76 +/-  0.03
point     18 -     19,   DG -5.07 +/-  0.02
point     19 -     20,   DG -6.70 +/-  0.02
point     20 -     21,   DG -8.39 +/-  0.07
point     21 -     22,   DG -10.26 +/-  0.10
point     22 -     23,   DG -12.33 +/-  0.06

total      0 -     23,   DG -33.95 +/-  0.31

