lambda_00/bar.xvg: 0.0 - 762.3; lambda = (0, 0)
    dH/dl & foreign lambdas:
        dH/dl (coul-lambda) (7624 pts)
        dH/dl (vdw-lambda) (7624 pts)
        delta H to (0, 0) (7624 pts)
        delta H to (0, 0.1) (7624 pts)


lambda_01/bar.xvg: 0.0 - 757.9; lambda = (0, 0.1)
    dH/dl & foreign lambdas:
        dH/dl (coul-lambda) (7580 pts)
        dH/dl (vdw-lambda) (7580 pts)
        delta H to (0, 0) (7580 pts)
        delta H to (0, 0.1) (7580 pts)
        delta H to (0, 0.2) (7580 pts)


lambda_02/bar.xvg: 0.0 - 757.8; lambda = (0, 0.2)
    dH/dl & foreign lambdas:
        dH/dl (coul-lambda) (7579 pts)
        dH/dl (vdw-lambda) (7579 pts)
        delta H to (0, 0.1) (7579 pts)
        delta H to (0, 0.2) (7579 pts)
        delta H to (0, 0.3) (7579 pts)


lambda_03/bar.xvg: 0.0 - 767.8; lambda = (0, 0.3)
    dH/dl & foreign lambdas:
        dH/dl (coul-lambda) (7679 pts)
        dH/dl (vdw-lambda) (7679 pts)
        delta H to (0, 0.2) (7679 pts)
        delta H to (0, 0.3) (7679 pts)
        delta H to (0, 0.4) (7679 pts)


lambda_04/bar.xvg: 0.0 - 767.5; lambda = (0, 0.4)
    dH/dl & foreign lambdas:
        dH/dl (coul-lambda) (7676 pts)
        dH/dl (vdw-lambda) (7676 pts)
        delta H to (0, 0.3) (7676 pts)
        delta H to (0, 0.4) (7676 pts)
        delta H to (0, 0.5) (7676 pts)


lambda_05/bar.xvg: 0.0 - 754.9; lambda = (0, 0.5)
    dH/dl & foreign lambdas:
        dH/dl (coul-lambda) (7550 pts)
        dH/dl (vdw-lambda) (7550 pts)
        delta H to (0, 0.4) (7550 pts)
        delta H to (0, 0.5) (7550 pts)
        delta H to (0, 0.55) (7550 pts)


lambda_06/bar.xvg: 0.0 - 765.5; lambda = (0, 0.55)
    dH/dl & foreign lambdas:
        dH/dl (coul-lambda) (7656 pts)
        dH/dl (vdw-lambda) (7656 pts)
        delta H to (0, 0.5) (7656 pts)
        delta H to (0, 0.55) (7656 pts)
        delta H to (0, 0.6) (7656 pts)


lambda_07/bar.xvg: 0.0 - 762.0; lambda = (0, 0.6)
    dH/dl & foreign lambdas:
        dH/dl (coul-lambda) (7621 pts)
        dH/dl (vdw-lambda) (7621 pts)
        delta H to (0, 0.55) (7621 pts)
        delta H to (0, 0.6) (7621 pts)
        delta H to (0, 0.65) (7621 pts)


lambda_08/bar.xvg: 0.0 - 760.2; lambda = (0, 0.65)
    dH/dl & foreign lambdas:
        dH/dl (coul-lambda) (7603 pts)
        dH/dl (vdw-lambda) (7603 pts)
        delta H to (0, 0.6) (7603 pts)
        delta H to (0, 0.65) (7603 pts)
        delta H to (0, 0.7) (7603 pts)


lambda_09/bar.xvg: 0.0 - 757.2; lambda = (0, 0.7)
    dH/dl & foreign lambdas:
        dH/dl (coul-lambda) (7573 pts)
        dH/dl (vdw-lambda) (7573 pts)
        delta H to (0, 0.65) (7573 pts)
        delta H to (0, 0.7) (7573 pts)
        delta H to (0, 0.75) (7573 pts)


lambda_10/bar.xvg: 0.0 - 768.3; lambda = (0, 0.75)
    dH/dl & foreign lambdas:
        dH/dl (coul-lambda) (7684 pts)
        dH/dl (vdw-lambda) (7684 pts)
        delta H to (0, 0.7) (7684 pts)
        delta H to (0, 0.75) (7684 pts)
        delta H to (0, 0.8) (7684 pts)


lambda_11/bar.xvg: 0.0 - 767.4; lambda = (0, 0.8)
    dH/dl & foreign lambdas:
        dH/dl (coul-lambda) (7675 pts)
        dH/dl (vdw-lambda) (7675 pts)
        delta H to (0, 0.75) (7675 pts)
        delta H to (0, 0.8) (7675 pts)
        delta H to (0, 0.85) (7675 pts)


lambda_12/bar.xvg: 0.0 - 766.0; lambda = (0, 0.85)
    dH/dl & foreign lambdas:
        dH/dl (coul-lambda) (7661 pts)
        dH/dl (vdw-lambda) (7661 pts)
        delta H to (0, 0.8) (7661 pts)
        delta H to (0, 0.85) (7661 pts)
        delta H to (0, 0.9) (7661 pts)


lambda_13/bar.xvg: 0.0 - 765.4; lambda = (0, 0.9)
    dH/dl & foreign lambdas:
        dH/dl (coul-lambda) (7655 pts)
        dH/dl (vdw-lambda) (7655 pts)
        delta H to (0, 0.85) (7655 pts)
        delta H to (0, 0.9) (7655 pts)
        delta H to (0, 0.95) (7655 pts)


lambda_14/bar.xvg: 0.0 - 765.2; lambda = (0, 0.95)
    dH/dl & foreign lambdas:
        dH/dl (coul-lambda) (7653 pts)
        dH/dl (vdw-lambda) (7653 pts)
        delta H to (0, 0.9) (7653 pts)
        delta H to (0, 0.95) (7653 pts)
        delta H to (0, 1) (7653 pts)


lambda_15/bar.xvg: 0.0 - 766.9; lambda = (0, 1)
    dH/dl & foreign lambdas:
        dH/dl (coul-lambda) (7670 pts)
        dH/dl (vdw-lambda) (7670 pts)
        delta H to (0, 0.95) (7670 pts)
        delta H to (0, 1) (7670 pts)
        delta H to (0.2, 1) (7670 pts)


lambda_16/bar.xvg: 0.0 - 765.3; lambda = (0.2, 1)
    dH/dl & foreign lambdas:
        dH/dl (coul-lambda) (7654 pts)
        dH/dl (vdw-lambda) (7654 pts)
        delta H to (0, 1) (7654 pts)
        delta H to (0.2, 1) (7654 pts)
        delta H to (0.4, 1) (7654 pts)


lambda_17/bar.xvg: 0.0 - 755.8; lambda = (0.4, 1)
    dH/dl & foreign lambdas:
        dH/dl (coul-lambda) (7559 pts)
        dH/dl (vdw-lambda) (7559 pts)
        delta H to (0.2, 1) (7559 pts)
        delta H to (0.4, 1) (7559 pts)
        delta H to (0.5, 1) (7559 pts)


lambda_18/bar.xvg: 0.0 - 758.1; lambda = (0.5, 1)
    dH/dl & foreign lambdas:
        dH/dl (coul-lambda) (7582 pts)
        dH/dl (vdw-lambda) (7582 pts)
        delta H to (0.4, 1) (7582 pts)
        delta H to (0.5, 1) (7582 pts)
        delta H to (0.6, 1) (7582 pts)


lambda_19/bar.xvg: 0.0 - 760.2; lambda = (0.6, 1)
    dH/dl & foreign lambdas:
        dH/dl (coul-lambda) (7603 pts)
        dH/dl (vdw-lambda) (7603 pts)
        delta H to (0.5, 1) (7603 pts)
        delta H to (0.6, 1) (7603 pts)
        delta H to (0.7, 1) (7603 pts)


lambda_20/bar.xvg: 0.0 - 761.9; lambda = (0.7, 1)
    dH/dl & foreign lambdas:
        dH/dl (coul-lambda) (7620 pts)
        dH/dl (vdw-lambda) (7620 pts)
        delta H to (0.6, 1) (7620 pts)
        delta H to (0.7, 1) (7620 pts)
        delta H to (0.8, 1) (7620 pts)


lambda_21/bar.xvg: 0.0 - 763.3; lambda = (0.8, 1)
    dH/dl & foreign lambdas:
        dH/dl (coul-lambda) (7634 pts)
        dH/dl (vdw-lambda) (7634 pts)
        delta H to (0.7, 1) (7634 pts)
        delta H to (0.8, 1) (7634 pts)
        delta H to (0.9, 1) (7634 pts)


lambda_22/bar.xvg: 0.0 - 764.1; lambda = (0.9, 1)
    dH/dl & foreign lambdas:
        dH/dl (coul-lambda) (7642 pts)
        dH/dl (vdw-lambda) (7642 pts)
        delta H to (0.8, 1) (7642 pts)
        delta H to (0.9, 1) (7642 pts)
        delta H to (1, 1) (7642 pts)


lambda_23/bar.xvg: 0.0 - 752.5; lambda = (1, 1)
    dH/dl & foreign lambdas:
        dH/dl (coul-lambda) (7526 pts)
        dH/dl (vdw-lambda) (7526 pts)
        delta H to (0.9, 1) (7526 pts)
        delta H to (1, 1) (7526 pts)



Temperature: 300 K

Detailed results in kT (see help for explanation):

 lam_A  lam_B      DG   +/-     s_A   +/-     s_B   +/-   stdev   +/- 
     0      1   -2.41  0.00    0.01  0.00    0.01  0.00    0.12  0.00
     1      2   -1.90  0.00    0.01  0.00    0.01  0.00    0.13  0.00
     2      3   -0.97  0.01    0.04  0.01    0.04  0.01    0.24  0.00
     3      4    0.64  0.02    0.10  0.01    0.11  0.01    0.53  0.01
     4      5    2.82  0.05    0.97  0.03    1.09  0.03    1.47  0.02
     5      6    1.64  0.04    0.70  0.05    0.59  0.04    1.17  0.02
     6      7    1.26  0.04    0.80  0.04    0.58  0.03    1.17  0.02
     7      8    0.89  0.01    0.62  0.04    0.43  0.03    1.02  0.01
     8      9    0.64  0.02    0.56  0.01    0.40  0.01    0.95  0.01
     9     10    0.38  0.01    0.47  0.01    0.33  0.01    0.85  0.01
    10     11    0.23  0.01    0.34  0.01    0.24  0.01    0.76  0.00
    11     12    0.13  0.01    0.34  0.01    0.24  0.01    0.72  0.01
    12     13    0.03  0.00    0.28  0.01    0.20  0.01    0.66  0.00
    13     14   -0.04  0.01    0.25  0.00    0.18  0.01    0.63  0.00
    14     15   -0.10  0.01    0.23  0.01    0.17  0.01    0.60  0.00
    15     16   -0.51  0.01    0.49  0.01    0.52  0.01    1.01  0.01
    16     17   -1.68  0.02    0.65  0.01    0.74  0.00    1.19  0.00
    17     18   -1.43  0.01    0.22  0.01    0.23  0.01    0.68  0.00
    18     19   -1.92  0.01    0.26  0.02    0.27  0.02    0.74  0.01
    19     20   -2.48  0.01    0.29  0.01    0.30  0.01    0.79  0.01
    20     21   -3.13  0.02    0.35  0.02    0.36  0.02    0.84  0.01
    21     22   -3.88  0.01    0.40  0.03    0.41  0.03    0.88  0.02
    22     23   -4.65  0.02    0.36  0.03    0.37  0.03    0.89  0.01


Final results in kJ/mol:

point      0 -      1,   DG -6.00 +/-  0.01
point      1 -      2,   DG -4.75 +/-  0.01
point      2 -      3,   DG -2.43 +/-  0.02
point      3 -      4,   DG  1.60 +/-  0.05
point      4 -      5,   DG  7.04 +/-  0.12
point      5 -      6,   DG  4.09 +/-  0.10
point      6 -      7,   DG  3.13 +/-  0.09
point      7 -      8,   DG  2.23 +/-  0.02
point      8 -      9,   DG  1.58 +/-  0.05
point      9 -     10,   DG  0.96 +/-  0.02
point     10 -     11,   DG  0.57 +/-  0.02
point     11 -     12,   DG  0.32 +/-  0.03
point     12 -     13,   DG  0.07 +/-  0.01
point     13 -     14,   DG -0.09 +/-  0.02
point     14 -     15,   DG -0.24 +/-  0.01
point     15 -     16,   DG -1.27 +/-  0.04
point     16 -     17,   DG -4.19 +/-  0.05
point     17 -     18,   DG -3.56 +/-  0.02
point     18 -     19,   DG -4.78 +/-  0.02
point     19 -     20,   DG -6.19 +/-  0.03
point     20 -     21,   DG -7.80 +/-  0.05
point     21 -     22,   DG -9.68 +/-  0.04
point     22 -     23,   DG -11.60 +/-  0.04

total      0 -     23,   DG -41.00 +/-  0.23

