lambda_00/bar.xvg: 0.0 - 984.5; lambda = (0, 0)
    dH/dl & foreign lambdas:
        dH/dl (coul-lambda) (9846 pts)
        dH/dl (vdw-lambda) (9846 pts)
        delta H to (0, 0) (9846 pts)
        delta H to (0, 0.1) (9846 pts)


lambda_01/bar.xvg: 0.0 - 984.2; lambda = (0, 0.1)
    dH/dl & foreign lambdas:
        dH/dl (coul-lambda) (9843 pts)
        dH/dl (vdw-lambda) (9843 pts)
        delta H to (0, 0) (9843 pts)
        delta H to (0, 0.1) (9843 pts)
        delta H to (0, 0.2) (9843 pts)


lambda_02/bar.xvg: 0.0 - 984.3; lambda = (0, 0.2)
    dH/dl & foreign lambdas:
        dH/dl (coul-lambda) (9844 pts)
        dH/dl (vdw-lambda) (9844 pts)
        delta H to (0, 0.1) (9844 pts)
        delta H to (0, 0.2) (9844 pts)
        delta H to (0, 0.3) (9844 pts)


lambda_03/bar.xvg: 0.0 - 984.0; lambda = (0, 0.3)
    dH/dl & foreign lambdas:
        dH/dl (coul-lambda) (9841 pts)
        dH/dl (vdw-lambda) (9841 pts)
        delta H to (0, 0.2) (9841 pts)
        delta H to (0, 0.3) (9841 pts)
        delta H to (0, 0.4) (9841 pts)


lambda_04/bar.xvg: 0.0 - 984.0; lambda = (0, 0.4)
    dH/dl & foreign lambdas:
        dH/dl (coul-lambda) (9841 pts)
        dH/dl (vdw-lambda) (9841 pts)
        delta H to (0, 0.3) (9841 pts)
        delta H to (0, 0.4) (9841 pts)
        delta H to (0, 0.5) (9841 pts)


lambda_05/bar.xvg: 0.0 - 984.0; lambda = (0, 0.5)
    dH/dl & foreign lambdas:
        dH/dl (coul-lambda) (9841 pts)
        dH/dl (vdw-lambda) (9841 pts)
        delta H to (0, 0.4) (9841 pts)
        delta H to (0, 0.5) (9841 pts)
        delta H to (0, 0.55) (9841 pts)


lambda_06/bar.xvg: 0.0 - 985.7; lambda = (0, 0.55)
    dH/dl & foreign lambdas:
        dH/dl (coul-lambda) (9858 pts)
        dH/dl (vdw-lambda) (9858 pts)
        delta H to (0, 0.5) (9858 pts)
        delta H to (0, 0.55) (9858 pts)
        delta H to (0, 0.6) (9858 pts)


lambda_07/bar.xvg: 0.0 - 984.0; lambda = (0, 0.6)
    dH/dl & foreign lambdas:
        dH/dl (coul-lambda) (9841 pts)
        dH/dl (vdw-lambda) (9841 pts)
        delta H to (0, 0.55) (9841 pts)
        delta H to (0, 0.6) (9841 pts)
        delta H to (0, 0.65) (9841 pts)


lambda_08/bar.xvg: 0.0 - 984.0; lambda = (0, 0.65)
    dH/dl & foreign lambdas:
        dH/dl (coul-lambda) (9841 pts)
        dH/dl (vdw-lambda) (9841 pts)
        delta H to (0, 0.6) (9841 pts)
        delta H to (0, 0.65) (9841 pts)
        delta H to (0, 0.7) (9841 pts)


lambda_09/bar.xvg: 0.0 - 984.0; lambda = (0, 0.7)
    dH/dl & foreign lambdas:
        dH/dl (coul-lambda) (9841 pts)
        dH/dl (vdw-lambda) (9841 pts)
        delta H to (0, 0.65) (9841 pts)
        delta H to (0, 0.7) (9841 pts)
        delta H to (0, 0.75) (9841 pts)


lambda_10/bar.xvg: 0.0 - 984.0; lambda = (0, 0.75)
    dH/dl & foreign lambdas:
        dH/dl (coul-lambda) (9841 pts)
        dH/dl (vdw-lambda) (9841 pts)
        delta H to (0, 0.7) (9841 pts)
        delta H to (0, 0.75) (9841 pts)
        delta H to (0, 0.8) (9841 pts)


lambda_11/bar.xvg: 0.0 - 984.0; lambda = (0, 0.8)
    dH/dl & foreign lambdas:
        dH/dl (coul-lambda) (9841 pts)
        dH/dl (vdw-lambda) (9841 pts)
        delta H to (0, 0.75) (9841 pts)
        delta H to (0, 0.8) (9841 pts)
        delta H to (0, 0.85) (9841 pts)


lambda_12/bar.xvg: 0.0 - 984.0; lambda = (0, 0.85)
    dH/dl & foreign lambdas:
        dH/dl (coul-lambda) (9841 pts)
        dH/dl (vdw-lambda) (9841 pts)
        delta H to (0, 0.8) (9841 pts)
        delta H to (0, 0.85) (9841 pts)
        delta H to (0, 0.9) (9841 pts)


lambda_13/bar.xvg: 0.0 - 985.1; lambda = (0, 0.9)
    dH/dl & foreign lambdas:
        dH/dl (coul-lambda) (9852 pts)
        dH/dl (vdw-lambda) (9852 pts)
        delta H to (0, 0.85) (9852 pts)
        delta H to (0, 0.9) (9852 pts)
        delta H to (0, 0.95) (9852 pts)


lambda_14/bar.xvg: 0.0 - 984.6; lambda = (0, 0.95)
    dH/dl & foreign lambdas:
        dH/dl (coul-lambda) (9847 pts)
        dH/dl (vdw-lambda) (9847 pts)
        delta H to (0, 0.9) (9847 pts)
        delta H to (0, 0.95) (9847 pts)
        delta H to (0, 1) (9847 pts)


lambda_15/bar.xvg: 0.0 - 984.6; lambda = (0, 1)
    dH/dl & foreign lambdas:
        dH/dl (coul-lambda) (9847 pts)
        dH/dl (vdw-lambda) (9847 pts)
        delta H to (0, 0.95) (9847 pts)
        delta H to (0, 1) (9847 pts)
        delta H to (0.2, 1) (9847 pts)


lambda_16/bar.xvg: 0.0 - 984.0; lambda = (0.2, 1)
    dH/dl & foreign lambdas:
        dH/dl (coul-lambda) (9841 pts)
        dH/dl (vdw-lambda) (9841 pts)
        delta H to (0, 1) (9841 pts)
        delta H to (0.2, 1) (9841 pts)
        delta H to (0.4, 1) (9841 pts)


lambda_17/bar.xvg: 0.0 - 984.0; lambda = (0.4, 1)
    dH/dl & foreign lambdas:
        dH/dl (coul-lambda) (9841 pts)
        dH/dl (vdw-lambda) (9841 pts)
        delta H to (0.2, 1) (9841 pts)
        delta H to (0.4, 1) (9841 pts)
        delta H to (0.5, 1) (9841 pts)


lambda_18/bar.xvg: 0.0 - 984.0; lambda = (0.5, 1)
    dH/dl & foreign lambdas:
        dH/dl (coul-lambda) (9841 pts)
        dH/dl (vdw-lambda) (9841 pts)
        delta H to (0.4, 1) (9841 pts)
        delta H to (0.5, 1) (9841 pts)
        delta H to (0.6, 1) (9841 pts)


lambda_19/bar.xvg: 0.0 - 985.2; lambda = (0.6, 1)
    dH/dl & foreign lambdas:
        dH/dl (coul-lambda) (9853 pts)
        dH/dl (vdw-lambda) (9853 pts)
        delta H to (0.5, 1) (9853 pts)
        delta H to (0.6, 1) (9853 pts)
        delta H to (0.7, 1) (9853 pts)


lambda_20/bar.xvg: 0.0 - 984.0; lambda = (0.7, 1)
    dH/dl & foreign lambdas:
        dH/dl (coul-lambda) (9841 pts)
        dH/dl (vdw-lambda) (9841 pts)
        delta H to (0.6, 1) (9841 pts)
        delta H to (0.7, 1) (9841 pts)
        delta H to (0.8, 1) (9841 pts)


lambda_21/bar.xvg: 0.0 - 984.0; lambda = (0.8, 1)
    dH/dl & foreign lambdas:
        dH/dl (coul-lambda) (9841 pts)
        dH/dl (vdw-lambda) (9841 pts)
        delta H to (0.7, 1) (9841 pts)
        delta H to (0.8, 1) (9841 pts)
        delta H to (0.9, 1) (9841 pts)


lambda_22/bar.xvg: 0.0 - 984.0; lambda = (0.9, 1)
    dH/dl & foreign lambdas:
        dH/dl (coul-lambda) (9841 pts)
        dH/dl (vdw-lambda) (9841 pts)
        delta H to (0.8, 1) (9841 pts)
        delta H to (0.9, 1) (9841 pts)
        delta H to (1, 1) (9841 pts)


lambda_23/bar.xvg: 0.0 - 984.0; lambda = (1, 1)
    dH/dl & foreign lambdas:
        dH/dl (coul-lambda) (9841 pts)
        dH/dl (vdw-lambda) (9841 pts)
        delta H to (0.9, 1) (9841 pts)
        delta H to (1, 1) (9841 pts)



   Samples in time interval: 0.000 - 985.700
Removing samples outside of: 100.000 - 985.700

Temperature: 300 K

Detailed results in kT (see help for explanation):

 lam_A  lam_B      DG   +/-     s_A   +/-     s_B   +/-   stdev   +/- 
     0      1   -6.42  0.01    0.02  0.01    0.02  0.01    0.23  0.00
     1      2   -5.07  0.01    0.02  0.01    0.02  0.01    0.22  0.00
     2      3   -2.56  0.01    0.06  0.01    0.06  0.01    0.36  0.00
     3      4    1.86  0.03    0.32  0.01    0.35  0.01    0.81  0.01
     4      5    8.01  0.06    2.32  0.06    2.83  0.08    2.64  0.06
     5      6    4.45  0.05    2.22  0.10    1.83  0.09    2.31  0.05
     6      7    2.98  0.04    2.20  0.07    1.50  0.03    2.02  0.03
     7      8    1.89  0.02    1.59  0.03    1.09  0.02    1.68  0.02
     8      9    1.23  0.02    1.23  0.03    0.84  0.02    1.46  0.01
     9     10    0.77  0.01    1.07  0.03    0.75  0.02    1.33  0.02
    10     11    0.40  0.01    0.85  0.02    0.61  0.02    1.20  0.01
    11     12    0.14  0.01    0.75  0.01    0.52  0.01    1.12  0.01
    12     13   -0.07  0.01    0.68  0.02    0.48  0.02    1.04  0.01
    13     14   -0.22  0.01    0.56  0.02    0.40  0.02    0.96  0.01
    14     15   -0.32  0.01    0.53  0.00    0.38  0.00    0.93  0.01
    15     16   -0.55  0.02    0.57  0.01    0.60  0.02    1.09  0.01
    16     17   -1.89  0.02    0.74  0.04    0.83  0.04    1.27  0.01
    17     18   -1.60  0.01    0.25  0.02    0.26  0.02    0.71  0.01
    18     19   -2.16  0.02    0.29  0.01    0.30  0.01    0.78  0.00
    19     20   -2.77  0.01    0.31  0.02    0.32  0.02    0.83  0.01
    20     21   -3.50  0.01    0.40  0.02    0.41  0.02    0.89  0.01
    21     22   -4.29  0.02    0.39  0.02    0.39  0.02    0.90  0.01
    22     23   -5.11  0.01    0.43  0.02    0.43  0.02    0.92  0.01


Final results in kJ/mol:

point      0 -      1,   DG -16.01 +/-  0.01
point      1 -      2,   DG -12.64 +/-  0.01
point      2 -      3,   DG -6.38 +/-  0.02
point      3 -      4,   DG  4.65 +/-  0.07
point      4 -      5,   DG 19.97 +/-  0.15
point      5 -      6,   DG 11.09 +/-  0.13
point      6 -      7,   DG  7.43 +/-  0.09
point      7 -      8,   DG  4.71 +/-  0.05
point      8 -      9,   DG  3.07 +/-  0.06
point      9 -     10,   DG  1.91 +/-  0.03
point     10 -     11,   DG  0.99 +/-  0.04
point     11 -     12,   DG  0.35 +/-  0.03
point     12 -     13,   DG -0.17 +/-  0.01
point     13 -     14,   DG -0.56 +/-  0.02
point     14 -     15,   DG -0.80 +/-  0.03
point     15 -     16,   DG -1.37 +/-  0.04
point     16 -     17,   DG -4.71 +/-  0.04
point     17 -     18,   DG -4.00 +/-  0.03
point     18 -     19,   DG -5.38 +/-  0.04
point     19 -     20,   DG -6.92 +/-  0.03
point     20 -     21,   DG -8.72 +/-  0.03
point     21 -     22,   DG -10.70 +/-  0.05
point     22 -     23,   DG -12.75 +/-  0.02

total      0 -     23,   DG -36.94 +/-  0.30

