lambda_00/bar.xvg: 0.0 - 984.7; lambda = (0, 0)
    dH/dl & foreign lambdas:
        dH/dl (coul-lambda) (9848 pts)
        dH/dl (vdw-lambda) (9848 pts)
        delta H to (0, 0) (9848 pts)
        delta H to (0, 0.1) (9848 pts)


lambda_01/bar.xvg: 0.0 - 984.4; lambda = (0, 0.1)
    dH/dl & foreign lambdas:
        dH/dl (coul-lambda) (9845 pts)
        dH/dl (vdw-lambda) (9845 pts)
        delta H to (0, 0) (9845 pts)
        delta H to (0, 0.1) (9845 pts)
        delta H to (0, 0.2) (9845 pts)


lambda_02/bar.xvg: 0.0 - 984.5; lambda = (0, 0.2)
    dH/dl & foreign lambdas:
        dH/dl (coul-lambda) (9846 pts)
        dH/dl (vdw-lambda) (9846 pts)
        delta H to (0, 0.1) (9846 pts)
        delta H to (0, 0.2) (9846 pts)
        delta H to (0, 0.3) (9846 pts)


lambda_03/bar.xvg: 0.0 - 987.6; lambda = (0, 0.3)
    dH/dl & foreign lambdas:
        dH/dl (coul-lambda) (9877 pts)
        dH/dl (vdw-lambda) (9877 pts)
        delta H to (0, 0.2) (9877 pts)
        delta H to (0, 0.3) (9877 pts)
        delta H to (0, 0.4) (9877 pts)


lambda_04/bar.xvg: 0.0 - 986.5; lambda = (0, 0.4)
    dH/dl & foreign lambdas:
        dH/dl (coul-lambda) (9866 pts)
        dH/dl (vdw-lambda) (9866 pts)
        delta H to (0, 0.3) (9866 pts)
        delta H to (0, 0.4) (9866 pts)
        delta H to (0, 0.5) (9866 pts)


lambda_05/bar.xvg: 0.0 - 986.6; lambda = (0, 0.5)
    dH/dl & foreign lambdas:
        dH/dl (coul-lambda) (9867 pts)
        dH/dl (vdw-lambda) (9867 pts)
        delta H to (0, 0.4) (9867 pts)
        delta H to (0, 0.5) (9867 pts)
        delta H to (0, 0.55) (9867 pts)


lambda_06/bar.xvg: 0.0 - 985.6; lambda = (0, 0.55)
    dH/dl & foreign lambdas:
        dH/dl (coul-lambda) (9857 pts)
        dH/dl (vdw-lambda) (9857 pts)
        delta H to (0, 0.5) (9857 pts)
        delta H to (0, 0.55) (9857 pts)
        delta H to (0, 0.6) (9857 pts)


lambda_07/bar.xvg: 0.0 - 983.9; lambda = (0, 0.6)
    dH/dl & foreign lambdas:
        dH/dl (coul-lambda) (9840 pts)
        dH/dl (vdw-lambda) (9840 pts)
        delta H to (0, 0.55) (9840 pts)
        delta H to (0, 0.6) (9840 pts)
        delta H to (0, 0.65) (9840 pts)


lambda_08/bar.xvg: 0.0 - 981.3; lambda = (0, 0.65)
    dH/dl & foreign lambdas:
        dH/dl (coul-lambda) (9814 pts)
        dH/dl (vdw-lambda) (9814 pts)
        delta H to (0, 0.6) (9814 pts)
        delta H to (0, 0.65) (9814 pts)
        delta H to (0, 0.7) (9814 pts)


lambda_09/bar.xvg: 0.0 - 978.9; lambda = (0, 0.7)
    dH/dl & foreign lambdas:
        dH/dl (coul-lambda) (9790 pts)
        dH/dl (vdw-lambda) (9790 pts)
        delta H to (0, 0.65) (9790 pts)
        delta H to (0, 0.7) (9790 pts)
        delta H to (0, 0.75) (9790 pts)


lambda_10/bar.xvg: 0.0 - 990.3; lambda = (0, 0.75)
    dH/dl & foreign lambdas:
        dH/dl (coul-lambda) (9904 pts)
        dH/dl (vdw-lambda) (9904 pts)
        delta H to (0, 0.7) (9904 pts)
        delta H to (0, 0.75) (9904 pts)
        delta H to (0, 0.8) (9904 pts)


lambda_11/bar.xvg: 0.0 - 988.5; lambda = (0, 0.8)
    dH/dl & foreign lambdas:
        dH/dl (coul-lambda) (9886 pts)
        dH/dl (vdw-lambda) (9886 pts)
        delta H to (0, 0.75) (9886 pts)
        delta H to (0, 0.8) (9886 pts)
        delta H to (0, 0.85) (9886 pts)


lambda_12/bar.xvg: 0.0 - 987.0; lambda = (0, 0.85)
    dH/dl & foreign lambdas:
        dH/dl (coul-lambda) (9871 pts)
        dH/dl (vdw-lambda) (9871 pts)
        delta H to (0, 0.8) (9871 pts)
        delta H to (0, 0.85) (9871 pts)
        delta H to (0, 0.9) (9871 pts)


lambda_13/bar.xvg: 0.0 - 985.8; lambda = (0, 0.9)
    dH/dl & foreign lambdas:
        dH/dl (coul-lambda) (9859 pts)
        dH/dl (vdw-lambda) (9859 pts)
        delta H to (0, 0.85) (9859 pts)
        delta H to (0, 0.9) (9859 pts)
        delta H to (0, 0.95) (9859 pts)


lambda_14/bar.xvg: 0.0 - 984.9; lambda = (0, 0.95)
    dH/dl & foreign lambdas:
        dH/dl (coul-lambda) (9850 pts)
        dH/dl (vdw-lambda) (9850 pts)
        delta H to (0, 0.9) (9850 pts)
        delta H to (0, 0.95) (9850 pts)
        delta H to (0, 1) (9850 pts)


lambda_15/bar.xvg: 0.0 - 984.9; lambda = (0, 1)
    dH/dl & foreign lambdas:
        dH/dl (coul-lambda) (9850 pts)
        dH/dl (vdw-lambda) (9850 pts)
        delta H to (0, 0.95) (9850 pts)
        delta H to (0, 1) (9850 pts)
        delta H to (0.2, 1) (9850 pts)


lambda_16/bar.xvg: 0.0 - 989.6; lambda = (0.2, 1)
    dH/dl & foreign lambdas:
        dH/dl (coul-lambda) (9897 pts)
        dH/dl (vdw-lambda) (9897 pts)
        delta H to (0, 1) (9897 pts)
        delta H to (0.2, 1) (9897 pts)
        delta H to (0.4, 1) (9897 pts)


lambda_17/bar.xvg: 0.0 - 980.8; lambda = (0.4, 1)
    dH/dl & foreign lambdas:
        dH/dl (coul-lambda) (9809 pts)
        dH/dl (vdw-lambda) (9809 pts)
        delta H to (0.2, 1) (9809 pts)
        delta H to (0.4, 1) (9809 pts)
        delta H to (0.5, 1) (9809 pts)


lambda_18/bar.xvg: 0.0 - 982.7; lambda = (0.5, 1)
    dH/dl & foreign lambdas:
        dH/dl (coul-lambda) (9828 pts)
        dH/dl (vdw-lambda) (9828 pts)
        delta H to (0.4, 1) (9828 pts)
        delta H to (0.5, 1) (9828 pts)
        delta H to (0.6, 1) (9828 pts)


lambda_19/bar.xvg: 0.0 - 984.7; lambda = (0.6, 1)
    dH/dl & foreign lambdas:
        dH/dl (coul-lambda) (9848 pts)
        dH/dl (vdw-lambda) (9848 pts)
        delta H to (0.5, 1) (9848 pts)
        delta H to (0.6, 1) (9848 pts)
        delta H to (0.7, 1) (9848 pts)


lambda_20/bar.xvg: 0.0 - 986.7; lambda = (0.7, 1)
    dH/dl & foreign lambdas:
        dH/dl (coul-lambda) (9868 pts)
        dH/dl (vdw-lambda) (9868 pts)
        delta H to (0.6, 1) (9868 pts)
        delta H to (0.7, 1) (9868 pts)
        delta H to (0.8, 1) (9868 pts)


lambda_21/bar.xvg: 0.0 - 989.3; lambda = (0.8, 1)
    dH/dl & foreign lambdas:
        dH/dl (coul-lambda) (9894 pts)
        dH/dl (vdw-lambda) (9894 pts)
        delta H to (0.7, 1) (9894 pts)
        delta H to (0.8, 1) (9894 pts)
        delta H to (0.9, 1) (9894 pts)


lambda_22/bar.xvg: 0.0 - 991.2; lambda = (0.9, 1)
    dH/dl & foreign lambdas:
        dH/dl (coul-lambda) (9913 pts)
        dH/dl (vdw-lambda) (9913 pts)
        delta H to (0.8, 1) (9913 pts)
        delta H to (0.9, 1) (9913 pts)
        delta H to (1, 1) (9913 pts)


lambda_23/bar.xvg: 0.0 - 981.3; lambda = (1, 1)
    dH/dl & foreign lambdas:
        dH/dl (coul-lambda) (9814 pts)
        dH/dl (vdw-lambda) (9814 pts)
        delta H to (0.9, 1) (9814 pts)
        delta H to (1, 1) (9814 pts)



   Samples in time interval: 0.000 - 991.200
Removing samples outside of: 100.000 - 991.200

Temperature: 300 K

Detailed results in kT (see help for explanation):

 lam_A  lam_B      DG   +/-     s_A   +/-     s_B   +/-   stdev   +/- 
     0      1   -6.82  0.01    0.02  0.00    0.02  0.00    0.24  0.00
     1      2   -5.38  0.00    0.03  0.01    0.03  0.01    0.24  0.00
     2      3   -2.72  0.01    0.08  0.01    0.08  0.01    0.38  0.00
     3      4    1.96  0.04    0.34  0.02    0.38  0.02    0.85  0.01
     4      5    8.27  0.12    2.65  0.12    3.17  0.10    2.91  0.09
     5      6    4.49  0.10    2.25  0.10    1.84  0.08    2.26  0.06
     6      7    3.02  0.06    2.31  0.06    1.58  0.05    2.15  0.03
     7      8    1.86  0.03    1.66  0.04    1.12  0.03    1.71  0.01
     8      9    1.15  0.01    1.30  0.04    0.91  0.02    1.50  0.02
     9     10    0.65  0.03    1.05  0.04    0.73  0.02    1.33  0.01
    10     11    0.32  0.01    0.88  0.04    0.62  0.02    1.22  0.02
    11     12    0.07  0.01    0.79  0.01    0.55  0.01    1.13  0.01
    12     13   -0.14  0.01    0.68  0.02    0.48  0.01    1.05  0.01
    13     14   -0.30  0.02    0.61  0.02    0.43  0.02    1.00  0.01
    14     15   -0.42  0.01    0.55  0.01    0.39  0.01    0.94  0.00
    15     16   -0.55  0.03    0.55  0.01    0.58  0.01    1.09  0.01
    16     17   -1.90  0.02    0.77  0.03    0.87  0.03    1.30  0.01
    17     18   -1.62  0.01    0.23  0.01    0.25  0.01    0.72  0.00
    18     19   -2.15  0.01    0.28  0.01    0.29  0.01    0.77  0.01
    19     20   -2.77  0.01    0.33  0.02    0.34  0.02    0.82  0.00
    20     21   -3.48  0.02    0.37  0.02    0.38  0.02    0.87  0.00
    21     22   -4.27  0.02    0.42  0.01    0.43  0.00    0.93  0.01
    22     23   -5.12  0.01    0.42  0.02    0.42  0.02    0.94  0.01


Final results in kJ/mol:

point      0 -      1,   DG -17.01 +/-  0.02
point      1 -      2,   DG -13.42 +/-  0.01
point      2 -      3,   DG -6.79 +/-  0.03
point      3 -      4,   DG  4.89 +/-  0.10
point      4 -      5,   DG 20.63 +/-  0.30
point      5 -      6,   DG 11.21 +/-  0.24
point      6 -      7,   DG  7.52 +/-  0.14
point      7 -      8,   DG  4.63 +/-  0.07
point      8 -      9,   DG  2.88 +/-  0.02
point      9 -     10,   DG  1.63 +/-  0.07
point     10 -     11,   DG  0.80 +/-  0.03
point     11 -     12,   DG  0.17 +/-  0.03
point     12 -     13,   DG -0.35 +/-  0.03
point     13 -     14,   DG -0.74 +/-  0.04
point     14 -     15,   DG -1.04 +/-  0.02
point     15 -     16,   DG -1.37 +/-  0.08
point     16 -     17,   DG -4.74 +/-  0.05
point     17 -     18,   DG -4.04 +/-  0.02
point     18 -     19,   DG -5.36 +/-  0.03
point     19 -     20,   DG -6.91 +/-  0.03
point     20 -     21,   DG -8.67 +/-  0.05
point     21 -     22,   DG -10.66 +/-  0.04
point     22 -     23,   DG -12.77 +/-  0.03

total      0 -     23,   DG -39.52 +/-  0.63

