lambda_00/bar.xvg: 0.0 - 952.7; lambda = (0, 0)
    dH/dl & foreign lambdas:
        dH/dl (coul-lambda) (9528 pts)
        dH/dl (vdw-lambda) (9528 pts)
        delta H to (0, 0) (9528 pts)
        delta H to (0, 0.1) (9528 pts)


lambda_01/bar.xvg: 0.0 - 957.6; lambda = (0, 0.1)
    dH/dl & foreign lambdas:
        dH/dl (coul-lambda) (9577 pts)
        dH/dl (vdw-lambda) (9577 pts)
        delta H to (0, 0) (9577 pts)
        delta H to (0, 0.1) (9577 pts)
        delta H to (0, 0.2) (9577 pts)


lambda_02/bar.xvg: 0.0 - 957.9; lambda = (0, 0.2)
    dH/dl & foreign lambdas:
        dH/dl (coul-lambda) (9580 pts)
        dH/dl (vdw-lambda) (9580 pts)
        delta H to (0, 0.1) (9580 pts)
        delta H to (0, 0.2) (9580 pts)
        delta H to (0, 0.3) (9580 pts)


lambda_03/bar.xvg: 0.0 - 946.7; lambda = (0, 0.3)
    dH/dl & foreign lambdas:
        dH/dl (coul-lambda) (9468 pts)
        dH/dl (vdw-lambda) (9468 pts)
        delta H to (0, 0.2) (9468 pts)
        delta H to (0, 0.3) (9468 pts)
        delta H to (0, 0.4) (9468 pts)


lambda_04/bar.xvg: 0.0 - 959.3; lambda = (0, 0.4)
    dH/dl & foreign lambdas:
        dH/dl (coul-lambda) (9594 pts)
        dH/dl (vdw-lambda) (9594 pts)
        delta H to (0, 0.3) (9594 pts)
        delta H to (0, 0.4) (9594 pts)
        delta H to (0, 0.5) (9594 pts)


lambda_05/bar.xvg: 0.0 - 959.5; lambda = (0, 0.5)
    dH/dl & foreign lambdas:
        dH/dl (coul-lambda) (9596 pts)
        dH/dl (vdw-lambda) (9596 pts)
        delta H to (0, 0.4) (9596 pts)
        delta H to (0, 0.5) (9596 pts)
        delta H to (0, 0.55) (9596 pts)


lambda_06/bar.xvg: 0.0 - 958.6; lambda = (0, 0.55)
    dH/dl & foreign lambdas:
        dH/dl (coul-lambda) (9587 pts)
        dH/dl (vdw-lambda) (9587 pts)
        delta H to (0, 0.5) (9587 pts)
        delta H to (0, 0.55) (9587 pts)
        delta H to (0, 0.6) (9587 pts)


lambda_07/bar.xvg: 0.0 - 957.2; lambda = (0, 0.6)
    dH/dl & foreign lambdas:
        dH/dl (coul-lambda) (9573 pts)
        dH/dl (vdw-lambda) (9573 pts)
        delta H to (0, 0.55) (9573 pts)
        delta H to (0, 0.6) (9573 pts)
        delta H to (0, 0.65) (9573 pts)


lambda_08/bar.xvg: 0.0 - 954.9; lambda = (0, 0.65)
    dH/dl & foreign lambdas:
        dH/dl (coul-lambda) (9550 pts)
        dH/dl (vdw-lambda) (9550 pts)
        delta H to (0, 0.6) (9550 pts)
        delta H to (0, 0.65) (9550 pts)
        delta H to (0, 0.7) (9550 pts)


lambda_09/bar.xvg: 0.0 - 952.8; lambda = (0, 0.7)
    dH/dl & foreign lambdas:
        dH/dl (coul-lambda) (9529 pts)
        dH/dl (vdw-lambda) (9529 pts)
        delta H to (0, 0.65) (9529 pts)
        delta H to (0, 0.7) (9529 pts)
        delta H to (0, 0.75) (9529 pts)


lambda_10/bar.xvg: 0.0 - 950.4; lambda = (0, 0.75)
    dH/dl & foreign lambdas:
        dH/dl (coul-lambda) (9505 pts)
        dH/dl (vdw-lambda) (9505 pts)
        delta H to (0, 0.7) (9505 pts)
        delta H to (0, 0.75) (9505 pts)
        delta H to (0, 0.8) (9505 pts)


lambda_11/bar.xvg: 0.0 - 949.0; lambda = (0, 0.8)
    dH/dl & foreign lambdas:
        dH/dl (coul-lambda) (9491 pts)
        dH/dl (vdw-lambda) (9491 pts)
        delta H to (0, 0.75) (9491 pts)
        delta H to (0, 0.8) (9491 pts)
        delta H to (0, 0.85) (9491 pts)


lambda_12/bar.xvg: 0.0 - 947.7; lambda = (0, 0.85)
    dH/dl & foreign lambdas:
        dH/dl (coul-lambda) (9478 pts)
        dH/dl (vdw-lambda) (9478 pts)
        delta H to (0, 0.8) (9478 pts)
        delta H to (0, 0.85) (9478 pts)
        delta H to (0, 0.9) (9478 pts)


lambda_13/bar.xvg: 0.0 - 959.6; lambda = (0, 0.9)
    dH/dl & foreign lambdas:
        dH/dl (coul-lambda) (9597 pts)
        dH/dl (vdw-lambda) (9597 pts)
        delta H to (0, 0.85) (9597 pts)
        delta H to (0, 0.9) (9597 pts)
        delta H to (0, 0.95) (9597 pts)


lambda_14/bar.xvg: 0.0 - 958.6; lambda = (0, 0.95)
    dH/dl & foreign lambdas:
        dH/dl (coul-lambda) (9587 pts)
        dH/dl (vdw-lambda) (9587 pts)
        delta H to (0, 0.9) (9587 pts)
        delta H to (0, 0.95) (9587 pts)
        delta H to (0, 1) (9587 pts)


lambda_15/bar.xvg: 0.0 - 958.4; lambda = (0, 1)
    dH/dl & foreign lambdas:
        dH/dl (coul-lambda) (9585 pts)
        dH/dl (vdw-lambda) (9585 pts)
        delta H to (0, 0.95) (9585 pts)
        delta H to (0, 1) (9585 pts)
        delta H to (0.2, 1) (9585 pts)


lambda_16/bar.xvg: 0.0 - 949.5; lambda = (0.2, 1)
    dH/dl & foreign lambdas:
        dH/dl (coul-lambda) (9496 pts)
        dH/dl (vdw-lambda) (9496 pts)
        delta H to (0, 1) (9496 pts)
        delta H to (0.2, 1) (9496 pts)
        delta H to (0.4, 1) (9496 pts)


lambda_17/bar.xvg: 0.0 - 953.6; lambda = (0.4, 1)
    dH/dl & foreign lambdas:
        dH/dl (coul-lambda) (9537 pts)
        dH/dl (vdw-lambda) (9537 pts)
        delta H to (0.2, 1) (9537 pts)
        delta H to (0.4, 1) (9537 pts)
        delta H to (0.5, 1) (9537 pts)


lambda_18/bar.xvg: 0.0 - 955.7; lambda = (0.5, 1)
    dH/dl & foreign lambdas:
        dH/dl (coul-lambda) (9558 pts)
        dH/dl (vdw-lambda) (9558 pts)
        delta H to (0.4, 1) (9558 pts)
        delta H to (0.5, 1) (9558 pts)
        delta H to (0.6, 1) (9558 pts)


lambda_19/bar.xvg: 0.0 - 957.9; lambda = (0.6, 1)
    dH/dl & foreign lambdas:
        dH/dl (coul-lambda) (9580 pts)
        dH/dl (vdw-lambda) (9580 pts)
        delta H to (0.5, 1) (9580 pts)
        delta H to (0.6, 1) (9580 pts)
        delta H to (0.7, 1) (9580 pts)


lambda_20/bar.xvg: 0.0 - 959.9; lambda = (0.7, 1)
    dH/dl & foreign lambdas:
        dH/dl (coul-lambda) (9600 pts)
        dH/dl (vdw-lambda) (9600 pts)
        delta H to (0.6, 1) (9600 pts)
        delta H to (0.7, 1) (9600 pts)
        delta H to (0.8, 1) (9600 pts)


lambda_21/bar.xvg: 0.0 - 948.8; lambda = (0.8, 1)
    dH/dl & foreign lambdas:
        dH/dl (coul-lambda) (9489 pts)
        dH/dl (vdw-lambda) (9489 pts)
        delta H to (0.7, 1) (9489 pts)
        delta H to (0.8, 1) (9489 pts)
        delta H to (0.9, 1) (9489 pts)


lambda_22/bar.xvg: 0.0 - 950.8; lambda = (0.9, 1)
    dH/dl & foreign lambdas:
        dH/dl (coul-lambda) (9509 pts)
        dH/dl (vdw-lambda) (9509 pts)
        delta H to (0.8, 1) (9509 pts)
        delta H to (0.9, 1) (9509 pts)
        delta H to (1, 1) (9509 pts)


lambda_23/bar.xvg: 0.0 - 948.4; lambda = (1, 1)
    dH/dl & foreign lambdas:
        dH/dl (coul-lambda) (9485 pts)
        dH/dl (vdw-lambda) (9485 pts)
        delta H to (0.9, 1) (9485 pts)
        delta H to (1, 1) (9485 pts)



   Samples in time interval: 0.000 - 959.900
Removing samples outside of: 100.000 - 959.900

Temperature: 300 K

Detailed results in kT (see help for explanation):

 lam_A  lam_B      DG   +/-     s_A   +/-     s_B   +/-   stdev   +/- 
     0      1   -7.28  0.00    0.03  0.00    0.03  0.00    0.24  0.00
     1      2   -5.76  0.01    0.04  0.01    0.04  0.01    0.24  0.00
     2      3   -2.93  0.01    0.07  0.01    0.08  0.01    0.39  0.01
     3      4    2.04  0.04    0.36  0.02    0.39  0.02    0.89  0.01
     4      5    8.84  0.10    2.74  0.04    3.19  0.05    2.91  0.02
     5      6    4.93  0.06    2.45  0.06    2.08  0.07    2.46  0.04
     6      7    3.24  0.04    2.48  0.04    1.71  0.05    2.23  0.03
     7      8    2.00  0.04    1.74  0.03    1.20  0.03    1.77  0.01
     8      9    1.29  0.03    1.36  0.05    0.97  0.02    1.54  0.01
     9     10    0.76  0.02    1.15  0.03    0.81  0.02    1.40  0.01
    10     11    0.40  0.02    0.96  0.01    0.68  0.01    1.28  0.01
    11     12    0.11  0.02    0.87  0.02    0.61  0.01    1.20  0.01
    12     13   -0.12  0.01    0.75  0.01    0.52  0.01    1.11  0.01
    13     14   -0.29  0.01    0.65  0.01    0.47  0.01    1.04  0.01
    14     15   -0.42  0.01    0.59  0.00    0.42  0.00    0.99  0.00
    15     16   -0.51  0.01    0.54  0.01    0.57  0.01    1.06  0.01
    16     17   -1.77  0.01    0.69  0.01    0.78  0.01    1.23  0.01
    17     18   -1.52  0.01    0.24  0.01    0.26  0.01    0.70  0.01
    18     19   -2.06  0.02    0.29  0.02    0.30  0.02    0.77  0.01
    19     20   -2.68  0.01    0.31  0.03    0.32  0.03    0.81  0.01
    20     21   -3.39  0.02    0.39  0.02    0.41  0.02    0.88  0.01
    21     22   -4.19  0.02    0.39  0.02    0.40  0.02    0.91  0.01
    22     23   -5.03  0.02    0.44  0.02    0.44  0.02    0.94  0.01


Final results in kJ/mol:

point      0 -      1,   DG -18.16 +/-  0.01
point      1 -      2,   DG -14.38 +/-  0.02
point      2 -      3,   DG -7.32 +/-  0.03
point      3 -      4,   DG  5.09 +/-  0.09
point      4 -      5,   DG 22.06 +/-  0.25
point      5 -      6,   DG 12.30 +/-  0.15
point      6 -      7,   DG  8.09 +/-  0.09
point      7 -      8,   DG  5.00 +/-  0.10
point      8 -      9,   DG  3.21 +/-  0.08
point      9 -     10,   DG  1.90 +/-  0.04
point     10 -     11,   DG  1.00 +/-  0.05
point     11 -     12,   DG  0.29 +/-  0.04
point     12 -     13,   DG -0.31 +/-  0.03
point     13 -     14,   DG -0.73 +/-  0.02
point     14 -     15,   DG -1.05 +/-  0.02
point     15 -     16,   DG -1.27 +/-  0.03
point     16 -     17,   DG -4.42 +/-  0.02
point     17 -     18,   DG -3.79 +/-  0.03
point     18 -     19,   DG -5.15 +/-  0.05
point     19 -     20,   DG -6.67 +/-  0.01
point     20 -     21,   DG -8.46 +/-  0.04
point     21 -     22,   DG -10.46 +/-  0.05
point     22 -     23,   DG -12.56 +/-  0.06

total      0 -     23,   DG -35.78 +/-  0.40

