lambda_00/bar.xvg: 0.0 - 921.2; lambda = (0, 0)
    dH/dl & foreign lambdas:
        dH/dl (coul-lambda) (9213 pts)
        dH/dl (vdw-lambda) (9213 pts)
        delta H to (0, 0) (9213 pts)
        delta H to (0, 0.1) (9213 pts)


lambda_01/bar.xvg: 0.0 - 931.0; lambda = (0, 0.1)
    dH/dl & foreign lambdas:
        dH/dl (coul-lambda) (9311 pts)
        dH/dl (vdw-lambda) (9311 pts)
        delta H to (0, 0) (9311 pts)
        delta H to (0, 0.1) (9311 pts)
        delta H to (0, 0.2) (9311 pts)


lambda_02/bar.xvg: 0.0 - 931.0; lambda = (0, 0.2)
    dH/dl & foreign lambdas:
        dH/dl (coul-lambda) (9311 pts)
        dH/dl (vdw-lambda) (9311 pts)
        delta H to (0, 0.1) (9311 pts)
        delta H to (0, 0.2) (9311 pts)
        delta H to (0, 0.3) (9311 pts)


lambda_03/bar.xvg: 0.0 - 933.3; lambda = (0, 0.3)
    dH/dl & foreign lambdas:
        dH/dl (coul-lambda) (9334 pts)
        dH/dl (vdw-lambda) (9334 pts)
        delta H to (0, 0.2) (9334 pts)
        delta H to (0, 0.3) (9334 pts)
        delta H to (0, 0.4) (9334 pts)


lambda_04/bar.xvg: 0.0 - 932.3; lambda = (0, 0.4)
    dH/dl & foreign lambdas:
        dH/dl (coul-lambda) (9324 pts)
        dH/dl (vdw-lambda) (9324 pts)
        delta H to (0, 0.3) (9324 pts)
        delta H to (0, 0.4) (9324 pts)
        delta H to (0, 0.5) (9324 pts)


lambda_05/bar.xvg: 0.0 - 932.7; lambda = (0, 0.5)
    dH/dl & foreign lambdas:
        dH/dl (coul-lambda) (9328 pts)
        dH/dl (vdw-lambda) (9328 pts)
        delta H to (0, 0.4) (9328 pts)
        delta H to (0, 0.5) (9328 pts)
        delta H to (0, 0.55) (9328 pts)


lambda_06/bar.xvg: 0.0 - 931.3; lambda = (0, 0.55)
    dH/dl & foreign lambdas:
        dH/dl (coul-lambda) (9314 pts)
        dH/dl (vdw-lambda) (9314 pts)
        delta H to (0, 0.5) (9314 pts)
        delta H to (0, 0.55) (9314 pts)
        delta H to (0, 0.6) (9314 pts)


lambda_07/bar.xvg: 0.0 - 929.8; lambda = (0, 0.6)
    dH/dl & foreign lambdas:
        dH/dl (coul-lambda) (9299 pts)
        dH/dl (vdw-lambda) (9299 pts)
        delta H to (0, 0.55) (9299 pts)
        delta H to (0, 0.6) (9299 pts)
        delta H to (0, 0.65) (9299 pts)


lambda_08/bar.xvg: 0.0 - 928.0; lambda = (0, 0.65)
    dH/dl & foreign lambdas:
        dH/dl (coul-lambda) (9281 pts)
        dH/dl (vdw-lambda) (9281 pts)
        delta H to (0, 0.6) (9281 pts)
        delta H to (0, 0.65) (9281 pts)
        delta H to (0, 0.7) (9281 pts)


lambda_09/bar.xvg: 0.0 - 925.7; lambda = (0, 0.7)
    dH/dl & foreign lambdas:
        dH/dl (coul-lambda) (9258 pts)
        dH/dl (vdw-lambda) (9258 pts)
        delta H to (0, 0.65) (9258 pts)
        delta H to (0, 0.7) (9258 pts)
        delta H to (0, 0.75) (9258 pts)


lambda_10/bar.xvg: 0.0 - 923.8; lambda = (0, 0.75)
    dH/dl & foreign lambdas:
        dH/dl (coul-lambda) (9239 pts)
        dH/dl (vdw-lambda) (9239 pts)
        delta H to (0, 0.7) (9239 pts)
        delta H to (0, 0.75) (9239 pts)
        delta H to (0, 0.8) (9239 pts)


lambda_11/bar.xvg: 0.0 - 922.0; lambda = (0, 0.8)
    dH/dl & foreign lambdas:
        dH/dl (coul-lambda) (9221 pts)
        dH/dl (vdw-lambda) (9221 pts)
        delta H to (0, 0.75) (9221 pts)
        delta H to (0, 0.8) (9221 pts)
        delta H to (0, 0.85) (9221 pts)


lambda_12/bar.xvg: 0.0 - 933.7; lambda = (0, 0.85)
    dH/dl & foreign lambdas:
        dH/dl (coul-lambda) (9338 pts)
        dH/dl (vdw-lambda) (9338 pts)
        delta H to (0, 0.8) (9338 pts)
        delta H to (0, 0.85) (9338 pts)
        delta H to (0, 0.9) (9338 pts)


lambda_13/bar.xvg: 0.0 - 932.9; lambda = (0, 0.9)
    dH/dl & foreign lambdas:
        dH/dl (coul-lambda) (9330 pts)
        dH/dl (vdw-lambda) (9330 pts)
        delta H to (0, 0.85) (9330 pts)
        delta H to (0, 0.9) (9330 pts)
        delta H to (0, 0.95) (9330 pts)


lambda_14/bar.xvg: 0.0 - 931.9; lambda = (0, 0.95)
    dH/dl & foreign lambdas:
        dH/dl (coul-lambda) (9320 pts)
        dH/dl (vdw-lambda) (9320 pts)
        delta H to (0, 0.9) (9320 pts)
        delta H to (0, 0.95) (9320 pts)
        delta H to (0, 1) (9320 pts)


lambda_15/bar.xvg: 0.0 - 931.8; lambda = (0, 1)
    dH/dl & foreign lambdas:
        dH/dl (coul-lambda) (9319 pts)
        dH/dl (vdw-lambda) (9319 pts)
        delta H to (0, 0.95) (9319 pts)
        delta H to (0, 1) (9319 pts)
        delta H to (0.2, 1) (9319 pts)


lambda_16/bar.xvg: 0.0 - 923.0; lambda = (0.2, 1)
    dH/dl & foreign lambdas:
        dH/dl (coul-lambda) (9231 pts)
        dH/dl (vdw-lambda) (9231 pts)
        delta H to (0, 1) (9231 pts)
        delta H to (0.2, 1) (9231 pts)
        delta H to (0.4, 1) (9231 pts)


lambda_17/bar.xvg: 0.0 - 927.1; lambda = (0.4, 1)
    dH/dl & foreign lambdas:
        dH/dl (coul-lambda) (9272 pts)
        dH/dl (vdw-lambda) (9272 pts)
        delta H to (0.2, 1) (9272 pts)
        delta H to (0.4, 1) (9272 pts)
        delta H to (0.5, 1) (9272 pts)


lambda_18/bar.xvg: 0.0 - 929.1; lambda = (0.5, 1)
    dH/dl & foreign lambdas:
        dH/dl (coul-lambda) (9292 pts)
        dH/dl (vdw-lambda) (9292 pts)
        delta H to (0.4, 1) (9292 pts)
        delta H to (0.5, 1) (9292 pts)
        delta H to (0.6, 1) (9292 pts)


lambda_19/bar.xvg: 0.0 - 931.4; lambda = (0.6, 1)
    dH/dl & foreign lambdas:
        dH/dl (coul-lambda) (9315 pts)
        dH/dl (vdw-lambda) (9315 pts)
        delta H to (0.5, 1) (9315 pts)
        delta H to (0.6, 1) (9315 pts)
        delta H to (0.7, 1) (9315 pts)


lambda_20/bar.xvg: 0.0 - 919.8; lambda = (0.7, 1)
    dH/dl & foreign lambdas:
        dH/dl (coul-lambda) (9199 pts)
        dH/dl (vdw-lambda) (9199 pts)
        delta H to (0.6, 1) (9199 pts)
        delta H to (0.7, 1) (9199 pts)
        delta H to (0.8, 1) (9199 pts)


lambda_21/bar.xvg: 0.0 - 921.9; lambda = (0.8, 1)
    dH/dl & foreign lambdas:
        dH/dl (coul-lambda) (9220 pts)
        dH/dl (vdw-lambda) (9220 pts)
        delta H to (0.7, 1) (9220 pts)
        delta H to (0.8, 1) (9220 pts)
        delta H to (0.9, 1) (9220 pts)


lambda_22/bar.xvg: 0.0 - 923.7; lambda = (0.9, 1)
    dH/dl & foreign lambdas:
        dH/dl (coul-lambda) (9238 pts)
        dH/dl (vdw-lambda) (9238 pts)
        delta H to (0.8, 1) (9238 pts)
        delta H to (0.9, 1) (9238 pts)
        delta H to (1, 1) (9238 pts)


lambda_23/bar.xvg: 0.0 - 915.6; lambda = (1, 1)
    dH/dl & foreign lambdas:
        dH/dl (coul-lambda) (9157 pts)
        dH/dl (vdw-lambda) (9157 pts)
        delta H to (0.9, 1) (9157 pts)
        delta H to (1, 1) (9157 pts)



Temperature: 300 K

Detailed results in kT (see help for explanation):

 lam_A  lam_B      DG   +/-     s_A   +/-     s_B   +/-   stdev   +/- 
     0      1   -7.28  0.01    0.02  0.01    0.02  0.01    0.25  0.00
     1      2   -5.75  0.00    0.03  0.01    0.04  0.01    0.24  0.00
     2      3   -2.91  0.01    0.06  0.01    0.06  0.01    0.38  0.01
     3      4    2.14  0.02    0.37  0.01    0.41  0.02    0.89  0.02
     4      5    8.92  0.10    2.79  0.07    3.26  0.12    3.01  0.06
     5      6    4.91  0.07    2.46  0.04    2.09  0.06    2.45  0.01
     6      7    3.19  0.03    2.47  0.05    1.66  0.03    2.22  0.04
     7      8    1.95  0.02    1.78  0.06    1.20  0.04    1.78  0.03
     8      9    1.24  0.03    1.31  0.03    0.92  0.02    1.52  0.01
     9     10    0.76  0.03    1.14  0.04    0.79  0.02    1.40  0.01
    10     11    0.38  0.03    0.97  0.03    0.68  0.03    1.28  0.02
    11     12    0.08  0.01    0.84  0.01    0.58  0.01    1.17  0.01
    12     13   -0.13  0.01    0.71  0.01    0.50  0.01    1.09  0.01
    13     14   -0.31  0.01    0.66  0.01    0.48  0.00    1.03  0.01
    14     15   -0.44  0.01    0.55  0.01    0.39  0.01    0.96  0.01
    15     16   -0.50  0.02    0.53  0.01    0.57  0.01    1.06  0.01
    16     17   -1.75  0.02    0.69  0.01    0.77  0.01    1.23  0.01
    17     18   -1.50  0.01    0.24  0.00    0.26  0.00    0.69  0.01
    18     19   -2.05  0.01    0.29  0.01    0.30  0.01    0.76  0.01
    19     20   -2.66  0.01    0.31  0.02    0.32  0.02    0.82  0.01
    20     21   -3.33  0.03    0.35  0.01    0.36  0.01    0.86  0.00
    21     22   -4.08  0.02    0.39  0.03    0.40  0.03    0.89  0.01
    22     23   -4.89  0.03    0.41  0.01    0.42  0.01    0.93  0.01


Final results in kJ/mol:

point      0 -      1,   DG -18.17 +/-  0.02
point      1 -      2,   DG -14.34 +/-  0.01
point      2 -      3,   DG -7.25 +/-  0.02
point      3 -      4,   DG  5.34 +/-  0.04
point      4 -      5,   DG 22.26 +/-  0.24
point      5 -      6,   DG 12.26 +/-  0.17
point      6 -      7,   DG  7.95 +/-  0.07
point      7 -      8,   DG  4.86 +/-  0.06
point      8 -      9,   DG  3.10 +/-  0.08
point      9 -     10,   DG  1.91 +/-  0.06
point     10 -     11,   DG  0.95 +/-  0.08
point     11 -     12,   DG  0.21 +/-  0.03
point     12 -     13,   DG -0.32 +/-  0.04
point     13 -     14,   DG -0.77 +/-  0.03
point     14 -     15,   DG -1.10 +/-  0.02
point     15 -     16,   DG -1.25 +/-  0.04
point     16 -     17,   DG -4.37 +/-  0.05
point     17 -     18,   DG -3.75 +/-  0.02
point     18 -     19,   DG -5.11 +/-  0.02
point     19 -     20,   DG -6.63 +/-  0.03
point     20 -     21,   DG -8.32 +/-  0.08
point     21 -     22,   DG -10.18 +/-  0.04
point     22 -     23,   DG -12.21 +/-  0.07

total      0 -     23,   DG -34.95 +/-  0.35

