lambda_00/bar.xvg: 0.0 - 984.9; lambda = (0, 0)
    dH/dl & foreign lambdas:
        dH/dl (coul-lambda) (9850 pts)
        dH/dl (vdw-lambda) (9850 pts)
        delta H to (0, 0) (9850 pts)
        delta H to (0, 0.1) (9850 pts)


lambda_01/bar.xvg: 0.0 - 984.5; lambda = (0, 0.1)
    dH/dl & foreign lambdas:
        dH/dl (coul-lambda) (9846 pts)
        dH/dl (vdw-lambda) (9846 pts)
        delta H to (0, 0) (9846 pts)
        delta H to (0, 0.1) (9846 pts)
        delta H to (0, 0.2) (9846 pts)


lambda_02/bar.xvg: 0.0 - 984.3; lambda = (0, 0.2)
    dH/dl & foreign lambdas:
        dH/dl (coul-lambda) (9844 pts)
        dH/dl (vdw-lambda) (9844 pts)
        delta H to (0, 0.1) (9844 pts)
        delta H to (0, 0.2) (9844 pts)
        delta H to (0, 0.3) (9844 pts)


lambda_03/bar.xvg: 0.0 - 987.4; lambda = (0, 0.3)
    dH/dl & foreign lambdas:
        dH/dl (coul-lambda) (9875 pts)
        dH/dl (vdw-lambda) (9875 pts)
        delta H to (0, 0.2) (9875 pts)
        delta H to (0, 0.3) (9875 pts)
        delta H to (0, 0.4) (9875 pts)


lambda_04/bar.xvg: 0.0 - 986.2; lambda = (0, 0.4)
    dH/dl & foreign lambdas:
        dH/dl (coul-lambda) (9863 pts)
        dH/dl (vdw-lambda) (9863 pts)
        delta H to (0, 0.3) (9863 pts)
        delta H to (0, 0.4) (9863 pts)
        delta H to (0, 0.5) (9863 pts)


lambda_05/bar.xvg: 0.0 - 986.7; lambda = (0, 0.5)
    dH/dl & foreign lambdas:
        dH/dl (coul-lambda) (9868 pts)
        dH/dl (vdw-lambda) (9868 pts)
        delta H to (0, 0.4) (9868 pts)
        delta H to (0, 0.5) (9868 pts)
        delta H to (0, 0.55) (9868 pts)


lambda_06/bar.xvg: 0.0 - 985.5; lambda = (0, 0.55)
    dH/dl & foreign lambdas:
        dH/dl (coul-lambda) (9856 pts)
        dH/dl (vdw-lambda) (9856 pts)
        delta H to (0, 0.5) (9856 pts)
        delta H to (0, 0.55) (9856 pts)
        delta H to (0, 0.6) (9856 pts)


lambda_07/bar.xvg: 0.0 - 983.3; lambda = (0, 0.6)
    dH/dl & foreign lambdas:
        dH/dl (coul-lambda) (9834 pts)
        dH/dl (vdw-lambda) (9834 pts)
        delta H to (0, 0.55) (9834 pts)
        delta H to (0, 0.6) (9834 pts)
        delta H to (0, 0.65) (9834 pts)


lambda_08/bar.xvg: 0.0 - 981.1; lambda = (0, 0.65)
    dH/dl & foreign lambdas:
        dH/dl (coul-lambda) (9812 pts)
        dH/dl (vdw-lambda) (9812 pts)
        delta H to (0, 0.6) (9812 pts)
        delta H to (0, 0.65) (9812 pts)
        delta H to (0, 0.7) (9812 pts)


lambda_09/bar.xvg: 0.0 - 978.7; lambda = (0, 0.7)
    dH/dl & foreign lambdas:
        dH/dl (coul-lambda) (9788 pts)
        dH/dl (vdw-lambda) (9788 pts)
        delta H to (0, 0.65) (9788 pts)
        delta H to (0, 0.7) (9788 pts)
        delta H to (0, 0.75) (9788 pts)


lambda_10/bar.xvg: 0.0 - 989.5; lambda = (0, 0.75)
    dH/dl & foreign lambdas:
        dH/dl (coul-lambda) (9896 pts)
        dH/dl (vdw-lambda) (9896 pts)
        delta H to (0, 0.7) (9896 pts)
        delta H to (0, 0.75) (9896 pts)
        delta H to (0, 0.8) (9896 pts)


lambda_11/bar.xvg: 0.0 - 987.5; lambda = (0, 0.8)
    dH/dl & foreign lambdas:
        dH/dl (coul-lambda) (9876 pts)
        dH/dl (vdw-lambda) (9876 pts)
        delta H to (0, 0.75) (9876 pts)
        delta H to (0, 0.8) (9876 pts)
        delta H to (0, 0.85) (9876 pts)


lambda_12/bar.xvg: 0.0 - 986.6; lambda = (0, 0.85)
    dH/dl & foreign lambdas:
        dH/dl (coul-lambda) (9867 pts)
        dH/dl (vdw-lambda) (9867 pts)
        delta H to (0, 0.8) (9867 pts)
        delta H to (0, 0.85) (9867 pts)
        delta H to (0, 0.9) (9867 pts)


lambda_13/bar.xvg: 0.0 - 985.3; lambda = (0, 0.9)
    dH/dl & foreign lambdas:
        dH/dl (coul-lambda) (9854 pts)
        dH/dl (vdw-lambda) (9854 pts)
        delta H to (0, 0.85) (9854 pts)
        delta H to (0, 0.9) (9854 pts)
        delta H to (0, 0.95) (9854 pts)


lambda_14/bar.xvg: 0.0 - 984.2; lambda = (0, 0.95)
    dH/dl & foreign lambdas:
        dH/dl (coul-lambda) (9843 pts)
        dH/dl (vdw-lambda) (9843 pts)
        delta H to (0, 0.9) (9843 pts)
        delta H to (0, 0.95) (9843 pts)
        delta H to (0, 1) (9843 pts)


lambda_15/bar.xvg: 0.0 - 984.4; lambda = (0, 1)
    dH/dl & foreign lambdas:
        dH/dl (coul-lambda) (9845 pts)
        dH/dl (vdw-lambda) (9845 pts)
        delta H to (0, 0.95) (9845 pts)
        delta H to (0, 1) (9845 pts)
        delta H to (0.2, 1) (9845 pts)


lambda_16/bar.xvg: 0.0 - 990.1; lambda = (0.2, 1)
    dH/dl & foreign lambdas:
        dH/dl (coul-lambda) (9902 pts)
        dH/dl (vdw-lambda) (9902 pts)
        delta H to (0, 1) (9902 pts)
        delta H to (0.2, 1) (9902 pts)
        delta H to (0.4, 1) (9902 pts)


lambda_17/bar.xvg: 0.0 - 980.7; lambda = (0.4, 1)
    dH/dl & foreign lambdas:
        dH/dl (coul-lambda) (9808 pts)
        dH/dl (vdw-lambda) (9808 pts)
        delta H to (0.2, 1) (9808 pts)
        delta H to (0.4, 1) (9808 pts)
        delta H to (0.5, 1) (9808 pts)


lambda_18/bar.xvg: 0.0 - 982.8; lambda = (0.5, 1)
    dH/dl & foreign lambdas:
        dH/dl (coul-lambda) (9829 pts)
        dH/dl (vdw-lambda) (9829 pts)
        delta H to (0.4, 1) (9829 pts)
        delta H to (0.5, 1) (9829 pts)
        delta H to (0.6, 1) (9829 pts)


lambda_19/bar.xvg: 0.0 - 985.2; lambda = (0.6, 1)
    dH/dl & foreign lambdas:
        dH/dl (coul-lambda) (9853 pts)
        dH/dl (vdw-lambda) (9853 pts)
        delta H to (0.5, 1) (9853 pts)
        delta H to (0.6, 1) (9853 pts)
        delta H to (0.7, 1) (9853 pts)


lambda_20/bar.xvg: 0.0 - 987.3; lambda = (0.7, 1)
    dH/dl & foreign lambdas:
        dH/dl (coul-lambda) (9874 pts)
        dH/dl (vdw-lambda) (9874 pts)
        delta H to (0.6, 1) (9874 pts)
        delta H to (0.7, 1) (9874 pts)
        delta H to (0.8, 1) (9874 pts)


lambda_21/bar.xvg: 0.0 - 989.4; lambda = (0.8, 1)
    dH/dl & foreign lambdas:
        dH/dl (coul-lambda) (9895 pts)
        dH/dl (vdw-lambda) (9895 pts)
        delta H to (0.7, 1) (9895 pts)
        delta H to (0.8, 1) (9895 pts)
        delta H to (0.9, 1) (9895 pts)


lambda_22/bar.xvg: 0.0 - 991.2; lambda = (0.9, 1)
    dH/dl & foreign lambdas:
        dH/dl (coul-lambda) (9913 pts)
        dH/dl (vdw-lambda) (9913 pts)
        delta H to (0.8, 1) (9913 pts)
        delta H to (0.9, 1) (9913 pts)
        delta H to (1, 1) (9913 pts)


lambda_23/bar.xvg: 0.0 - 981.4; lambda = (1, 1)
    dH/dl & foreign lambdas:
        dH/dl (coul-lambda) (9815 pts)
        dH/dl (vdw-lambda) (9815 pts)
        delta H to (0.9, 1) (9815 pts)
        delta H to (1, 1) (9815 pts)



   Samples in time interval: 0.000 - 991.200
Removing samples outside of: 100.000 - 991.200

Temperature: 300 K

Detailed results in kT (see help for explanation):

 lam_A  lam_B      DG   +/-     s_A   +/-     s_B   +/-   stdev   +/- 
     0      1   -5.98  0.00    0.03  0.01    0.02  0.01    0.21  0.01
     1      2   -4.73  0.00    0.02  0.00    0.02  0.00    0.21  0.00
     2      3   -2.39  0.01    0.07  0.01    0.07  0.01    0.35  0.00
     3      4    1.70  0.02    0.32  0.02    0.34  0.02    0.80  0.00
     4      5    7.50  0.06    2.03  0.05    2.45  0.06    2.40  0.05
     5      6    4.28  0.04    2.15  0.04    1.82  0.05    2.22  0.05
     6      7    2.84  0.02    2.03  0.02    1.41  0.02    1.97  0.01
     7      8    1.84  0.01    1.51  0.06    1.04  0.03    1.63  0.02
     8      9    1.22  0.02    1.18  0.03    0.84  0.02    1.43  0.01
     9     10    0.78  0.02    1.00  0.03    0.70  0.01    1.30  0.01
    10     11    0.42  0.02    0.90  0.02    0.62  0.01    1.20  0.01
    11     12    0.16  0.02    0.69  0.02    0.48  0.02    1.08  0.01
    12     13   -0.02  0.02    0.67  0.02    0.47  0.02    1.03  0.01
    13     14   -0.20  0.01    0.56  0.01    0.40  0.01    0.95  0.01
    14     15   -0.32  0.00    0.51  0.01    0.36  0.00    0.91  0.00
    15     16   -0.54  0.02    0.55  0.02    0.58  0.02    1.06  0.00
    16     17   -1.78  0.02    0.66  0.02    0.74  0.02    1.21  0.01
    17     18   -1.50  0.01    0.24  0.01    0.25  0.01    0.70  0.01
    18     19   -2.04  0.02    0.29  0.01    0.30  0.01    0.76  0.00
    19     20   -2.65  0.01    0.31  0.01    0.33  0.01    0.81  0.00
    20     21   -3.33  0.02    0.35  0.01    0.36  0.01    0.85  0.01
    21     22   -4.07  0.03    0.37  0.03    0.38  0.03    0.88  0.01
    22     23   -4.88  0.02    0.43  0.05    0.43  0.05    0.93  0.02


Final results in kJ/mol:

point      0 -      1,   DG -14.92 +/-  0.01
point      1 -      2,   DG -11.79 +/-  0.01
point      2 -      3,   DG -5.96 +/-  0.01
point      3 -      4,   DG  4.25 +/-  0.05
point      4 -      5,   DG 18.70 +/-  0.16
point      5 -      6,   DG 10.67 +/-  0.10
point      6 -      7,   DG  7.09 +/-  0.05
point      7 -      8,   DG  4.59 +/-  0.03
point      8 -      9,   DG  3.05 +/-  0.06
point      9 -     10,   DG  1.95 +/-  0.04
point     10 -     11,   DG  1.04 +/-  0.06
point     11 -     12,   DG  0.40 +/-  0.05
point     12 -     13,   DG -0.06 +/-  0.04
point     13 -     14,   DG -0.50 +/-  0.02
point     14 -     15,   DG -0.80 +/-  0.01
point     15 -     16,   DG -1.34 +/-  0.04
point     16 -     17,   DG -4.43 +/-  0.04
point     17 -     18,   DG -3.73 +/-  0.02
point     18 -     19,   DG -5.08 +/-  0.04
point     19 -     20,   DG -6.62 +/-  0.03
point     20 -     21,   DG -8.31 +/-  0.04
point     21 -     22,   DG -10.14 +/-  0.07
point     22 -     23,   DG -12.17 +/-  0.05

total      0 -     23,   DG -34.13 +/-  0.29

