lambda_00/bar.xvg: 0.0 - 921.3; lambda = (0, 0)
    dH/dl & foreign lambdas:
        dH/dl (coul-lambda) (9214 pts)
        dH/dl (vdw-lambda) (9214 pts)
        delta H to (0, 0) (9214 pts)
        delta H to (0, 0.1) (9214 pts)


lambda_01/bar.xvg: 0.0 - 917.9; lambda = (0, 0.1)
    dH/dl & foreign lambdas:
        dH/dl (coul-lambda) (9180 pts)
        dH/dl (vdw-lambda) (9180 pts)
        delta H to (0, 0) (9180 pts)
        delta H to (0, 0.1) (9180 pts)
        delta H to (0, 0.2) (9180 pts)


lambda_02/bar.xvg: 0.0 - 917.9; lambda = (0, 0.2)
    dH/dl & foreign lambdas:
        dH/dl (coul-lambda) (9180 pts)
        dH/dl (vdw-lambda) (9180 pts)
        delta H to (0, 0.1) (9180 pts)
        delta H to (0, 0.2) (9180 pts)
        delta H to (0, 0.3) (9180 pts)


lambda_03/bar.xvg: 0.0 - 919.8; lambda = (0, 0.3)
    dH/dl & foreign lambdas:
        dH/dl (coul-lambda) (9199 pts)
        dH/dl (vdw-lambda) (9199 pts)
        delta H to (0, 0.2) (9199 pts)
        delta H to (0, 0.3) (9199 pts)
        delta H to (0, 0.4) (9199 pts)


lambda_04/bar.xvg: 0.0 - 918.7; lambda = (0, 0.4)
    dH/dl & foreign lambdas:
        dH/dl (coul-lambda) (9188 pts)
        dH/dl (vdw-lambda) (9188 pts)
        delta H to (0, 0.3) (9188 pts)
        delta H to (0, 0.4) (9188 pts)
        delta H to (0, 0.5) (9188 pts)


lambda_05/bar.xvg: 0.0 - 919.2; lambda = (0, 0.5)
    dH/dl & foreign lambdas:
        dH/dl (coul-lambda) (9193 pts)
        dH/dl (vdw-lambda) (9193 pts)
        delta H to (0, 0.4) (9193 pts)
        delta H to (0, 0.5) (9193 pts)
        delta H to (0, 0.55) (9193 pts)


lambda_06/bar.xvg: 0.0 - 918.4; lambda = (0, 0.55)
    dH/dl & foreign lambdas:
        dH/dl (coul-lambda) (9185 pts)
        dH/dl (vdw-lambda) (9185 pts)
        delta H to (0, 0.5) (9185 pts)
        delta H to (0, 0.55) (9185 pts)
        delta H to (0, 0.6) (9185 pts)


lambda_07/bar.xvg: 0.0 - 916.6; lambda = (0, 0.6)
    dH/dl & foreign lambdas:
        dH/dl (coul-lambda) (9167 pts)
        dH/dl (vdw-lambda) (9167 pts)
        delta H to (0, 0.55) (9167 pts)
        delta H to (0, 0.6) (9167 pts)
        delta H to (0, 0.65) (9167 pts)


lambda_08/bar.xvg: 0.0 - 914.4; lambda = (0, 0.65)
    dH/dl & foreign lambdas:
        dH/dl (coul-lambda) (9145 pts)
        dH/dl (vdw-lambda) (9145 pts)
        delta H to (0, 0.6) (9145 pts)
        delta H to (0, 0.65) (9145 pts)
        delta H to (0, 0.7) (9145 pts)


lambda_09/bar.xvg: 0.0 - 925.7; lambda = (0, 0.7)
    dH/dl & foreign lambdas:
        dH/dl (coul-lambda) (9258 pts)
        dH/dl (vdw-lambda) (9258 pts)
        delta H to (0, 0.65) (9258 pts)
        delta H to (0, 0.7) (9258 pts)
        delta H to (0, 0.75) (9258 pts)


lambda_10/bar.xvg: 0.0 - 924.1; lambda = (0, 0.75)
    dH/dl & foreign lambdas:
        dH/dl (coul-lambda) (9242 pts)
        dH/dl (vdw-lambda) (9242 pts)
        delta H to (0, 0.7) (9242 pts)
        delta H to (0, 0.75) (9242 pts)
        delta H to (0, 0.8) (9242 pts)


lambda_11/bar.xvg: 0.0 - 922.2; lambda = (0, 0.8)
    dH/dl & foreign lambdas:
        dH/dl (coul-lambda) (9223 pts)
        dH/dl (vdw-lambda) (9223 pts)
        delta H to (0, 0.75) (9223 pts)
        delta H to (0, 0.8) (9223 pts)
        delta H to (0, 0.85) (9223 pts)


lambda_12/bar.xvg: 0.0 - 920.6; lambda = (0, 0.85)
    dH/dl & foreign lambdas:
        dH/dl (coul-lambda) (9207 pts)
        dH/dl (vdw-lambda) (9207 pts)
        delta H to (0, 0.8) (9207 pts)
        delta H to (0, 0.85) (9207 pts)
        delta H to (0, 0.9) (9207 pts)


lambda_13/bar.xvg: 0.0 - 919.6; lambda = (0, 0.9)
    dH/dl & foreign lambdas:
        dH/dl (coul-lambda) (9197 pts)
        dH/dl (vdw-lambda) (9197 pts)
        delta H to (0, 0.85) (9197 pts)
        delta H to (0, 0.9) (9197 pts)
        delta H to (0, 0.95) (9197 pts)


lambda_14/bar.xvg: 0.0 - 918.6; lambda = (0, 0.95)
    dH/dl & foreign lambdas:
        dH/dl (coul-lambda) (9187 pts)
        dH/dl (vdw-lambda) (9187 pts)
        delta H to (0, 0.9) (9187 pts)
        delta H to (0, 0.95) (9187 pts)
        delta H to (0, 1) (9187 pts)


lambda_15/bar.xvg: 0.0 - 917.6; lambda = (0, 1)
    dH/dl & foreign lambdas:
        dH/dl (coul-lambda) (9177 pts)
        dH/dl (vdw-lambda) (9177 pts)
        delta H to (0, 0.95) (9177 pts)
        delta H to (0, 1) (9177 pts)
        delta H to (0.2, 1) (9177 pts)


lambda_16/bar.xvg: 0.0 - 923.1; lambda = (0.2, 1)
    dH/dl & foreign lambdas:
        dH/dl (coul-lambda) (9232 pts)
        dH/dl (vdw-lambda) (9232 pts)
        delta H to (0, 1) (9232 pts)
        delta H to (0.2, 1) (9232 pts)
        delta H to (0.4, 1) (9232 pts)


lambda_17/bar.xvg: 0.0 - 927.0; lambda = (0.4, 1)
    dH/dl & foreign lambdas:
        dH/dl (coul-lambda) (9271 pts)
        dH/dl (vdw-lambda) (9271 pts)
        delta H to (0.2, 1) (9271 pts)
        delta H to (0.4, 1) (9271 pts)
        delta H to (0.5, 1) (9271 pts)


lambda_18/bar.xvg: 0.0 - 915.5; lambda = (0.5, 1)
    dH/dl & foreign lambdas:
        dH/dl (coul-lambda) (9156 pts)
        dH/dl (vdw-lambda) (9156 pts)
        delta H to (0.4, 1) (9156 pts)
        delta H to (0.5, 1) (9156 pts)
        delta H to (0.6, 1) (9156 pts)


lambda_19/bar.xvg: 0.0 - 917.6; lambda = (0.6, 1)
    dH/dl & foreign lambdas:
        dH/dl (coul-lambda) (9177 pts)
        dH/dl (vdw-lambda) (9177 pts)
        delta H to (0.5, 1) (9177 pts)
        delta H to (0.6, 1) (9177 pts)
        delta H to (0.7, 1) (9177 pts)


lambda_20/bar.xvg: 0.0 - 919.9; lambda = (0.7, 1)
    dH/dl & foreign lambdas:
        dH/dl (coul-lambda) (9200 pts)
        dH/dl (vdw-lambda) (9200 pts)
        delta H to (0.6, 1) (9200 pts)
        delta H to (0.7, 1) (9200 pts)
        delta H to (0.8, 1) (9200 pts)


lambda_21/bar.xvg: 0.0 - 922.0; lambda = (0.8, 1)
    dH/dl & foreign lambdas:
        dH/dl (coul-lambda) (9221 pts)
        dH/dl (vdw-lambda) (9221 pts)
        delta H to (0.7, 1) (9221 pts)
        delta H to (0.8, 1) (9221 pts)
        delta H to (0.9, 1) (9221 pts)


lambda_22/bar.xvg: 0.0 - 923.8; lambda = (0.9, 1)
    dH/dl & foreign lambdas:
        dH/dl (coul-lambda) (9239 pts)
        dH/dl (vdw-lambda) (9239 pts)
        delta H to (0.8, 1) (9239 pts)
        delta H to (0.9, 1) (9239 pts)
        delta H to (1, 1) (9239 pts)


lambda_23/bar.xvg: 0.0 - 915.7; lambda = (1, 1)
    dH/dl & foreign lambdas:
        dH/dl (coul-lambda) (9158 pts)
        dH/dl (vdw-lambda) (9158 pts)
        delta H to (0.9, 1) (9158 pts)
        delta H to (1, 1) (9158 pts)



   Samples in time interval: 0.000 - 927.000
Removing samples outside of: 100.000 - 927.000

Temperature: 300 K

Detailed results in kT (see help for explanation):

 lam_A  lam_B      DG   +/-     s_A   +/-     s_B   +/-   stdev   +/- 
     0      1   -7.28  0.01    0.02  0.01    0.02  0.01    0.24  0.00
     1      2   -5.75  0.00    0.03  0.01    0.03  0.01    0.24  0.00
     2      3   -2.92  0.01    0.07  0.01    0.07  0.01    0.39  0.00
     3      4    2.03  0.02    0.42  0.02    0.45  0.02    0.92  0.01
     4      5    8.71  0.04    2.69  0.07    3.17  0.14    2.85  0.07
     5      6    4.89  0.10    2.39  0.06    2.05  0.12    2.43  0.05
     6      7    3.13  0.04    2.55  0.10    1.65  0.05    2.21  0.04
     7      8    1.96  0.05    1.69  0.06    1.18  0.03    1.74  0.02
     8      9    1.25  0.03    1.36  0.07    0.97  0.04    1.54  0.03
     9     10    0.74  0.03    1.11  0.01    0.78  0.01    1.39  0.01
    10     11    0.38  0.02    0.98  0.03    0.68  0.01    1.27  0.01
    11     12    0.07  0.02    0.86  0.02    0.60  0.01    1.18  0.01
    12     13   -0.15  0.01    0.70  0.02    0.50  0.02    1.08  0.01
    13     14   -0.31  0.01    0.65  0.02    0.47  0.01    1.03  0.01
    14     15   -0.45  0.01    0.58  0.01    0.41  0.01    0.98  0.01
    15     16   -0.52  0.02    0.51  0.01    0.54  0.01    1.04  0.01
    16     17   -1.71  0.01    0.65  0.02    0.74  0.02    1.20  0.01
    17     18   -1.44  0.02    0.22  0.02    0.23  0.02    0.68  0.01
    18     19   -1.94  0.03    0.27  0.01    0.28  0.01    0.75  0.00
    19     20   -2.55  0.02    0.33  0.01    0.35  0.01    0.82  0.00
    20     21   -3.26  0.02    0.36  0.02    0.37  0.02    0.87  0.01
    21     22   -4.02  0.02    0.39  0.03    0.40  0.03    0.90  0.01
    22     23   -4.86  0.03    0.44  0.02    0.44  0.02    0.94  0.01


Final results in kJ/mol:

point      0 -      1,   DG -18.17 +/-  0.02
point      1 -      2,   DG -14.35 +/-  0.01
point      2 -      3,   DG -7.28 +/-  0.03
point      3 -      4,   DG  5.06 +/-  0.05
point      4 -      5,   DG 21.73 +/-  0.09
point      5 -      6,   DG 12.19 +/-  0.25
point      6 -      7,   DG  7.81 +/-  0.11
point      7 -      8,   DG  4.90 +/-  0.12
point      8 -      9,   DG  3.11 +/-  0.07
point      9 -     10,   DG  1.86 +/-  0.07
point     10 -     11,   DG  0.96 +/-  0.04
point     11 -     12,   DG  0.18 +/-  0.06
point     12 -     13,   DG -0.38 +/-  0.03
point     13 -     14,   DG -0.77 +/-  0.02
point     14 -     15,   DG -1.12 +/-  0.03
point     15 -     16,   DG -1.30 +/-  0.05
point     16 -     17,   DG -4.26 +/-  0.04
point     17 -     18,   DG -3.59 +/-  0.04
point     18 -     19,   DG -4.84 +/-  0.06
point     19 -     20,   DG -6.37 +/-  0.06
point     20 -     21,   DG -8.14 +/-  0.04
point     21 -     22,   DG -10.04 +/-  0.05
point     22 -     23,   DG -12.12 +/-  0.08

total      0 -     23,   DG -34.93 +/-  0.50

