lambda_00/bar.xvg: 0.0 - 269.2; lambda = (0, 0)
    dH/dl & foreign lambdas:
        dH/dl (coul-lambda) (2693 pts)
        dH/dl (vdw-lambda) (2693 pts)
        delta H to (0, 0) (2693 pts)
        delta H to (0, 0.1) (2693 pts)


lambda_01/bar.xvg: 0.0 - 278.6; lambda = (0, 0.1)
    dH/dl & foreign lambdas:
        dH/dl (coul-lambda) (2787 pts)
        dH/dl (vdw-lambda) (2787 pts)
        delta H to (0, 0) (2787 pts)
        delta H to (0, 0.1) (2787 pts)
        delta H to (0, 0.2) (2787 pts)


lambda_02/bar.xvg: 0.0 - 278.5; lambda = (0, 0.2)
    dH/dl & foreign lambdas:
        dH/dl (coul-lambda) (2786 pts)
        dH/dl (vdw-lambda) (2786 pts)
        delta H to (0, 0.1) (2786 pts)
        delta H to (0, 0.2) (2786 pts)
        delta H to (0, 0.3) (2786 pts)


lambda_03/bar.xvg: 0.0 - 269.6; lambda = (0, 0.3)
    dH/dl & foreign lambdas:
        dH/dl (coul-lambda) (2697 pts)
        dH/dl (vdw-lambda) (2697 pts)
        delta H to (0, 0.2) (2697 pts)
        delta H to (0, 0.3) (2697 pts)
        delta H to (0, 0.4) (2697 pts)


lambda_04/bar.xvg: 0.0 - 269.1; lambda = (0, 0.4)
    dH/dl & foreign lambdas:
        dH/dl (coul-lambda) (2692 pts)
        dH/dl (vdw-lambda) (2692 pts)
        delta H to (0, 0.3) (2692 pts)
        delta H to (0, 0.4) (2692 pts)
        delta H to (0, 0.5) (2692 pts)


lambda_05/bar.xvg: 0.0 - 269.4; lambda = (0, 0.5)
    dH/dl & foreign lambdas:
        dH/dl (coul-lambda) (2695 pts)
        dH/dl (vdw-lambda) (2695 pts)
        delta H to (0, 0.4) (2695 pts)
        delta H to (0, 0.5) (2695 pts)
        delta H to (0, 0.55) (2695 pts)


lambda_06/bar.xvg: 0.0 - 268.6; lambda = (0, 0.55)
    dH/dl & foreign lambdas:
        dH/dl (coul-lambda) (2687 pts)
        dH/dl (vdw-lambda) (2687 pts)
        delta H to (0, 0.5) (2687 pts)
        delta H to (0, 0.55) (2687 pts)
        delta H to (0, 0.6) (2687 pts)


lambda_07/bar.xvg: 0.0 - 267.6; lambda = (0, 0.6)
    dH/dl & foreign lambdas:
        dH/dl (coul-lambda) (2677 pts)
        dH/dl (vdw-lambda) (2677 pts)
        delta H to (0, 0.55) (2677 pts)
        delta H to (0, 0.6) (2677 pts)
        delta H to (0, 0.65) (2677 pts)


lambda_08/bar.xvg: 0.0 - 280.2; lambda = (0, 0.65)
    dH/dl & foreign lambdas:
        dH/dl (coul-lambda) (2803 pts)
        dH/dl (vdw-lambda) (2803 pts)
        delta H to (0, 0.6) (2803 pts)
        delta H to (0, 0.65) (2803 pts)
        delta H to (0, 0.7) (2803 pts)


lambda_09/bar.xvg: 0.0 - 279.2; lambda = (0, 0.7)
    dH/dl & foreign lambdas:
        dH/dl (coul-lambda) (2793 pts)
        dH/dl (vdw-lambda) (2793 pts)
        delta H to (0, 0.65) (2793 pts)
        delta H to (0, 0.7) (2793 pts)
        delta H to (0, 0.75) (2793 pts)


lambda_10/bar.xvg: 0.0 - 278.6; lambda = (0, 0.75)
    dH/dl & foreign lambdas:
        dH/dl (coul-lambda) (2787 pts)
        dH/dl (vdw-lambda) (2787 pts)
        delta H to (0, 0.7) (2787 pts)
        delta H to (0, 0.75) (2787 pts)
        delta H to (0, 0.8) (2787 pts)


lambda_11/bar.xvg: 0.0 - 278.0; lambda = (0, 0.8)
    dH/dl & foreign lambdas:
        dH/dl (coul-lambda) (2781 pts)
        dH/dl (vdw-lambda) (2781 pts)
        delta H to (0, 0.75) (2781 pts)
        delta H to (0, 0.8) (2781 pts)
        delta H to (0, 0.85) (2781 pts)


lambda_12/bar.xvg: 0.0 - 277.2; lambda = (0, 0.85)
    dH/dl & foreign lambdas:
        dH/dl (coul-lambda) (2773 pts)
        dH/dl (vdw-lambda) (2773 pts)
        delta H to (0, 0.8) (2773 pts)
        delta H to (0, 0.85) (2773 pts)
        delta H to (0, 0.9) (2773 pts)


lambda_13/bar.xvg: 0.0 - 276.9; lambda = (0, 0.9)
    dH/dl & foreign lambdas:
        dH/dl (coul-lambda) (2770 pts)
        dH/dl (vdw-lambda) (2770 pts)
        delta H to (0, 0.85) (2770 pts)
        delta H to (0, 0.9) (2770 pts)
        delta H to (0, 0.95) (2770 pts)


lambda_14/bar.xvg: 0.0 - 276.5; lambda = (0, 0.95)
    dH/dl & foreign lambdas:
        dH/dl (coul-lambda) (2766 pts)
        dH/dl (vdw-lambda) (2766 pts)
        delta H to (0, 0.9) (2766 pts)
        delta H to (0, 0.95) (2766 pts)
        delta H to (0, 1) (2766 pts)


lambda_15/bar.xvg: 0.0 - 273.1; lambda = (0, 1)
    dH/dl & foreign lambdas:
        dH/dl (coul-lambda) (2732 pts)
        dH/dl (vdw-lambda) (2732 pts)
        delta H to (0, 0.95) (2732 pts)
        delta H to (0, 1) (2732 pts)
        delta H to (0.2, 1) (2732 pts)


lambda_16/bar.xvg: 0.0 - 279.8; lambda = (0.2, 1)
    dH/dl & foreign lambdas:
        dH/dl (coul-lambda) (2799 pts)
        dH/dl (vdw-lambda) (2799 pts)
        delta H to (0, 1) (2799 pts)
        delta H to (0.2, 1) (2799 pts)
        delta H to (0.4, 1) (2799 pts)


lambda_17/bar.xvg: 0.0 - 278.7; lambda = (0.4, 1)
    dH/dl & foreign lambdas:
        dH/dl (coul-lambda) (2788 pts)
        dH/dl (vdw-lambda) (2788 pts)
        delta H to (0.2, 1) (2788 pts)
        delta H to (0.4, 1) (2788 pts)
        delta H to (0.5, 1) (2788 pts)


lambda_18/bar.xvg: 0.0 - 277.4; lambda = (0.5, 1)
    dH/dl & foreign lambdas:
        dH/dl (coul-lambda) (2775 pts)
        dH/dl (vdw-lambda) (2775 pts)
        delta H to (0.4, 1) (2775 pts)
        delta H to (0.5, 1) (2775 pts)
        delta H to (0.6, 1) (2775 pts)


lambda_19/bar.xvg: 0.0 - 277.2; lambda = (0.6, 1)
    dH/dl & foreign lambdas:
        dH/dl (coul-lambda) (2773 pts)
        dH/dl (vdw-lambda) (2773 pts)
        delta H to (0.5, 1) (2773 pts)
        delta H to (0.6, 1) (2773 pts)
        delta H to (0.7, 1) (2773 pts)


lambda_20/bar.xvg: 0.0 - 277.3; lambda = (0.7, 1)
    dH/dl & foreign lambdas:
        dH/dl (coul-lambda) (2774 pts)
        dH/dl (vdw-lambda) (2774 pts)
        delta H to (0.6, 1) (2774 pts)
        delta H to (0.7, 1) (2774 pts)
        delta H to (0.8, 1) (2774 pts)


lambda_21/bar.xvg: 0.0 - 277.0; lambda = (0.8, 1)
    dH/dl & foreign lambdas:
        dH/dl (coul-lambda) (2771 pts)
        dH/dl (vdw-lambda) (2771 pts)
        delta H to (0.7, 1) (2771 pts)
        delta H to (0.8, 1) (2771 pts)
        delta H to (0.9, 1) (2771 pts)


lambda_22/bar.xvg: 0.0 - 277.2; lambda = (0.9, 1)
    dH/dl & foreign lambdas:
        dH/dl (coul-lambda) (2773 pts)
        dH/dl (vdw-lambda) (2773 pts)
        delta H to (0.8, 1) (2773 pts)
        delta H to (0.9, 1) (2773 pts)
        delta H to (1, 1) (2773 pts)


lambda_23/bar.xvg: 0.0 - 279.2; lambda = (1, 1)
    dH/dl & foreign lambdas:
        dH/dl (coul-lambda) (2793 pts)
        dH/dl (vdw-lambda) (2793 pts)
        delta H to (0.9, 1) (2793 pts)
        delta H to (1, 1) (2793 pts)



   Samples in time interval: 0.000 - 280.200
Removing samples outside of: 100.000 - 280.200

Temperature: 300 K

Detailed results in kT (see help for explanation):

 lam_A  lam_B      DG   +/-     s_A   +/-     s_B   +/-   stdev   +/- 
     0      1   -4.18  0.01    0.02  0.01    0.02  0.00    0.18  0.01
     1      2   -3.31  0.01    0.02  0.01    0.02  0.01    0.18  0.00
     2      3   -1.72  0.01    0.05  0.03    0.05  0.03    0.30  0.01
     3      4    1.13  0.04    0.20  0.04    0.21  0.04    0.67  0.01
     4      5    5.35  0.17    1.25  0.12    1.45  0.08    1.79  0.05
     5      6    3.32  0.10    1.51  0.13    1.37  0.10    1.83  0.08
     6      7    2.26  0.08    1.51  0.13    1.03  0.12    1.66  0.07
     7      8    1.51  0.12    1.19  0.09    0.80  0.04    1.44  0.04
     8      9    1.00  0.04    0.91  0.11    0.63  0.07    1.23  0.06
     9     10    0.70  0.05    0.73  0.04    0.53  0.03    1.09  0.01
    10     11    0.44  0.03    0.68  0.04    0.48  0.03    1.03  0.02
    11     12    0.23  0.03    0.54  0.03    0.38  0.02    0.94  0.01
    12     13    0.11  0.02    0.48  0.02    0.34  0.02    0.89  0.01
    13     14   -0.02  0.01    0.47  0.03    0.33  0.02    0.85  0.01
    14     15   -0.13  0.02    0.39  0.02    0.27  0.02    0.78  0.01
    15     16    0.02  0.00    0.01  0.01    0.01  0.01    0.13  0.00
    16     17    0.01  0.00    0.01  0.01    0.01  0.01    0.13  0.00
    17     18   -0.00  0.00    0.00  0.00    0.00  0.00    0.07  0.00
    18     19   -0.01  0.00    0.00  0.00    0.00  0.00    0.07  0.00
    19     20   -0.02  0.00    0.00  0.00    0.00  0.00    0.07  0.00
    20     21   -0.02  0.00    0.00  0.00    0.00  0.00    0.07  0.00
    21     22   -0.02  0.00    0.00  0.00    0.00  0.00    0.07  0.00
    22     23   -0.03  0.00    0.00  0.00    0.00  0.00    0.07  0.00


Final results in kJ/mol:

point      0 -      1,   DG -10.44 +/-  0.02
point      1 -      2,   DG -8.27 +/-  0.03
point      2 -      3,   DG -4.28 +/-  0.02
point      3 -      4,   DG  2.83 +/-  0.10
point      4 -      5,   DG 13.35 +/-  0.42
point      5 -      6,   DG  8.28 +/-  0.25
point      6 -      7,   DG  5.63 +/-  0.21
point      7 -      8,   DG  3.75 +/-  0.31
point      8 -      9,   DG  2.49 +/-  0.11
point      9 -     10,   DG  1.74 +/-  0.12
point     10 -     11,   DG  1.09 +/-  0.06
point     11 -     12,   DG  0.58 +/-  0.08
point     12 -     13,   DG  0.27 +/-  0.05
point     13 -     14,   DG -0.05 +/-  0.04
point     14 -     15,   DG -0.33 +/-  0.05
point     15 -     16,   DG  0.05 +/-  0.01
point     16 -     17,   DG  0.01 +/-  0.01
point     17 -     18,   DG -0.01 +/-  0.01
point     18 -     19,   DG -0.03 +/-  0.01
point     19 -     20,   DG -0.04 +/-  0.00
point     20 -     21,   DG -0.05 +/-  0.00
point     21 -     22,   DG -0.05 +/-  0.00
point     22 -     23,   DG -0.07 +/-  0.00

total      0 -     23,   DG 16.48 +/-  0.81

