lambda_00/bar.xvg: 0.0 - 952.5; lambda = (0, 0)
    dH/dl & foreign lambdas:
        dH/dl (coul-lambda) (9526 pts)
        dH/dl (vdw-lambda) (9526 pts)
        delta H to (0, 0) (9526 pts)
        delta H to (0, 0.1) (9526 pts)


lambda_01/bar.xvg: 0.0 - 957.8; lambda = (0, 0.1)
    dH/dl & foreign lambdas:
        dH/dl (coul-lambda) (9579 pts)
        dH/dl (vdw-lambda) (9579 pts)
        delta H to (0, 0) (9579 pts)
        delta H to (0, 0.1) (9579 pts)
        delta H to (0, 0.2) (9579 pts)


lambda_02/bar.xvg: 0.0 - 957.9; lambda = (0, 0.2)
    dH/dl & foreign lambdas:
        dH/dl (coul-lambda) (9580 pts)
        dH/dl (vdw-lambda) (9580 pts)
        delta H to (0, 0.1) (9580 pts)
        delta H to (0, 0.2) (9580 pts)
        delta H to (0, 0.3) (9580 pts)


lambda_03/bar.xvg: 0.0 - 960.5; lambda = (0, 0.3)
    dH/dl & foreign lambdas:
        dH/dl (coul-lambda) (9606 pts)
        dH/dl (vdw-lambda) (9606 pts)
        delta H to (0, 0.2) (9606 pts)
        delta H to (0, 0.3) (9606 pts)
        delta H to (0, 0.4) (9606 pts)


lambda_04/bar.xvg: 0.0 - 959.2; lambda = (0, 0.4)
    dH/dl & foreign lambdas:
        dH/dl (coul-lambda) (9593 pts)
        dH/dl (vdw-lambda) (9593 pts)
        delta H to (0, 0.3) (9593 pts)
        delta H to (0, 0.4) (9593 pts)
        delta H to (0, 0.5) (9593 pts)


lambda_05/bar.xvg: 0.0 - 959.8; lambda = (0, 0.5)
    dH/dl & foreign lambdas:
        dH/dl (coul-lambda) (9599 pts)
        dH/dl (vdw-lambda) (9599 pts)
        delta H to (0, 0.4) (9599 pts)
        delta H to (0, 0.5) (9599 pts)
        delta H to (0, 0.55) (9599 pts)


lambda_06/bar.xvg: 0.0 - 958.7; lambda = (0, 0.55)
    dH/dl & foreign lambdas:
        dH/dl (coul-lambda) (9588 pts)
        dH/dl (vdw-lambda) (9588 pts)
        delta H to (0, 0.5) (9588 pts)
        delta H to (0, 0.55) (9588 pts)
        delta H to (0, 0.6) (9588 pts)


lambda_07/bar.xvg: 0.0 - 956.9; lambda = (0, 0.6)
    dH/dl & foreign lambdas:
        dH/dl (coul-lambda) (9570 pts)
        dH/dl (vdw-lambda) (9570 pts)
        delta H to (0, 0.55) (9570 pts)
        delta H to (0, 0.6) (9570 pts)
        delta H to (0, 0.65) (9570 pts)


lambda_08/bar.xvg: 0.0 - 955.0; lambda = (0, 0.65)
    dH/dl & foreign lambdas:
        dH/dl (coul-lambda) (9551 pts)
        dH/dl (vdw-lambda) (9551 pts)
        delta H to (0, 0.6) (9551 pts)
        delta H to (0, 0.65) (9551 pts)
        delta H to (0, 0.7) (9551 pts)


lambda_09/bar.xvg: 0.0 - 952.8; lambda = (0, 0.7)
    dH/dl & foreign lambdas:
        dH/dl (coul-lambda) (9529 pts)
        dH/dl (vdw-lambda) (9529 pts)
        delta H to (0, 0.65) (9529 pts)
        delta H to (0, 0.7) (9529 pts)
        delta H to (0, 0.75) (9529 pts)


lambda_10/bar.xvg: 0.0 - 964.2; lambda = (0, 0.75)
    dH/dl & foreign lambdas:
        dH/dl (coul-lambda) (9643 pts)
        dH/dl (vdw-lambda) (9643 pts)
        delta H to (0, 0.7) (9643 pts)
        delta H to (0, 0.75) (9643 pts)
        delta H to (0, 0.8) (9643 pts)


lambda_11/bar.xvg: 0.0 - 961.9; lambda = (0, 0.8)
    dH/dl & foreign lambdas:
        dH/dl (coul-lambda) (9620 pts)
        dH/dl (vdw-lambda) (9620 pts)
        delta H to (0, 0.75) (9620 pts)
        delta H to (0, 0.8) (9620 pts)
        delta H to (0, 0.85) (9620 pts)


lambda_12/bar.xvg: 0.0 - 960.9; lambda = (0, 0.85)
    dH/dl & foreign lambdas:
        dH/dl (coul-lambda) (9610 pts)
        dH/dl (vdw-lambda) (9610 pts)
        delta H to (0, 0.8) (9610 pts)
        delta H to (0, 0.85) (9610 pts)
        delta H to (0, 0.9) (9610 pts)


lambda_13/bar.xvg: 0.0 - 959.4; lambda = (0, 0.9)
    dH/dl & foreign lambdas:
        dH/dl (coul-lambda) (9595 pts)
        dH/dl (vdw-lambda) (9595 pts)
        delta H to (0, 0.85) (9595 pts)
        delta H to (0, 0.9) (9595 pts)
        delta H to (0, 0.95) (9595 pts)


lambda_14/bar.xvg: 0.0 - 958.7; lambda = (0, 0.95)
    dH/dl & foreign lambdas:
        dH/dl (coul-lambda) (9588 pts)
        dH/dl (vdw-lambda) (9588 pts)
        delta H to (0, 0.9) (9588 pts)
        delta H to (0, 0.95) (9588 pts)
        delta H to (0, 1) (9588 pts)


lambda_15/bar.xvg: 0.0 - 958.5; lambda = (0, 1)
    dH/dl & foreign lambdas:
        dH/dl (coul-lambda) (9586 pts)
        dH/dl (vdw-lambda) (9586 pts)
        delta H to (0, 0.95) (9586 pts)
        delta H to (0, 1) (9586 pts)
        delta H to (0.2, 1) (9586 pts)


lambda_16/bar.xvg: 0.0 - 963.2; lambda = (0.2, 1)
    dH/dl & foreign lambdas:
        dH/dl (coul-lambda) (9633 pts)
        dH/dl (vdw-lambda) (9633 pts)
        delta H to (0, 1) (9633 pts)
        delta H to (0.2, 1) (9633 pts)
        delta H to (0.4, 1) (9633 pts)


lambda_17/bar.xvg: 0.0 - 953.6; lambda = (0.4, 1)
    dH/dl & foreign lambdas:
        dH/dl (coul-lambda) (9537 pts)
        dH/dl (vdw-lambda) (9537 pts)
        delta H to (0.2, 1) (9537 pts)
        delta H to (0.4, 1) (9537 pts)
        delta H to (0.5, 1) (9537 pts)


lambda_18/bar.xvg: 0.0 - 955.9; lambda = (0.5, 1)
    dH/dl & foreign lambdas:
        dH/dl (coul-lambda) (9560 pts)
        dH/dl (vdw-lambda) (9560 pts)
        delta H to (0.4, 1) (9560 pts)
        delta H to (0.5, 1) (9560 pts)
        delta H to (0.6, 1) (9560 pts)


lambda_19/bar.xvg: 0.0 - 958.0; lambda = (0.6, 1)
    dH/dl & foreign lambdas:
        dH/dl (coul-lambda) (9581 pts)
        dH/dl (vdw-lambda) (9581 pts)
        delta H to (0.5, 1) (9581 pts)
        delta H to (0.6, 1) (9581 pts)
        delta H to (0.7, 1) (9581 pts)


lambda_20/bar.xvg: 0.0 - 960.0; lambda = (0.7, 1)
    dH/dl & foreign lambdas:
        dH/dl (coul-lambda) (9601 pts)
        dH/dl (vdw-lambda) (9601 pts)
        delta H to (0.6, 1) (9601 pts)
        delta H to (0.7, 1) (9601 pts)
        delta H to (0.8, 1) (9601 pts)


lambda_21/bar.xvg: 0.0 - 962.5; lambda = (0.8, 1)
    dH/dl & foreign lambdas:
        dH/dl (coul-lambda) (9626 pts)
        dH/dl (vdw-lambda) (9626 pts)
        delta H to (0.7, 1) (9626 pts)
        delta H to (0.8, 1) (9626 pts)
        delta H to (0.9, 1) (9626 pts)


lambda_22/bar.xvg: 0.0 - 964.2; lambda = (0.9, 1)
    dH/dl & foreign lambdas:
        dH/dl (coul-lambda) (9643 pts)
        dH/dl (vdw-lambda) (9643 pts)
        delta H to (0.8, 1) (9643 pts)
        delta H to (0.9, 1) (9643 pts)
        delta H to (1, 1) (9643 pts)


lambda_23/bar.xvg: 0.0 - 965.0; lambda = (1, 1)
    dH/dl & foreign lambdas:
        dH/dl (coul-lambda) (9651 pts)
        dH/dl (vdw-lambda) (9651 pts)
        delta H to (0.9, 1) (9651 pts)
        delta H to (1, 1) (9651 pts)



   Samples in time interval: 0.000 - 965.000
Removing samples outside of: 100.000 - 965.000

Temperature: 300 K

Detailed results in kT (see help for explanation):

 lam_A  lam_B      DG   +/-     s_A   +/-     s_B   +/-   stdev   +/- 
     0      1   -7.29  0.00    0.02  0.00    0.02  0.00    0.24  0.00
     1      2   -5.77  0.01    0.03  0.00    0.03  0.00    0.24  0.00
     2      3   -2.91  0.01    0.05  0.00    0.05  0.00    0.38  0.00
     3      4    2.10  0.03    0.41  0.02    0.44  0.03    0.89  0.01
     4      5    9.14  0.09    2.46  0.11    2.97  0.08    2.75  0.07
     5      6    5.32  0.10    2.51  0.08    2.17  0.07    2.48  0.05
     6      7    3.34  0.08    2.81  0.16    1.83  0.07    2.36  0.08
     7      8    1.97  0.05    1.73  0.03    1.19  0.02    1.76  0.01
     8      9    1.30  0.02    1.30  0.06    0.90  0.03    1.52  0.03
     9     10    0.84  0.03    1.18  0.02    0.83  0.02    1.42  0.01
    10     11    0.41  0.02    1.00  0.03    0.70  0.02    1.29  0.01
    11     12    0.10  0.01    0.82  0.02    0.57  0.02    1.17  0.01
    12     13   -0.10  0.01    0.73  0.02    0.52  0.01    1.10  0.01
    13     14   -0.28  0.01    0.66  0.02    0.47  0.01    1.03  0.01
    14     15   -0.43  0.01    0.58  0.01    0.41  0.01    0.97  0.01
    15     16   -0.52  0.01    0.54  0.01    0.57  0.01    1.06  0.01
    16     17   -1.80  0.02    0.71  0.02    0.81  0.03    1.25  0.02
    17     18   -1.55  0.02    0.25  0.01    0.26  0.01    0.71  0.01
    18     19   -2.09  0.01    0.28  0.02    0.29  0.02    0.77  0.01
    19     20   -2.70  0.01    0.32  0.01    0.33  0.01    0.82  0.00
    20     21   -3.40  0.01    0.37  0.02    0.38  0.02    0.86  0.00
    21     22   -4.18  0.01    0.41  0.02    0.42  0.02    0.90  0.01
    22     23   -5.05  0.00    0.45  0.02    0.45  0.02    0.94  0.01


Final results in kJ/mol:

point      0 -      1,   DG -18.19 +/-  0.01
point      1 -      2,   DG -14.38 +/-  0.01
point      2 -      3,   DG -7.25 +/-  0.01
point      3 -      4,   DG  5.25 +/-  0.08
point      4 -      5,   DG 22.80 +/-  0.22
point      5 -      6,   DG 13.28 +/-  0.25
point      6 -      7,   DG  8.34 +/-  0.20
point      7 -      8,   DG  4.92 +/-  0.12
point      8 -      9,   DG  3.24 +/-  0.05
point      9 -     10,   DG  2.09 +/-  0.08
point     10 -     11,   DG  1.01 +/-  0.04
point     11 -     12,   DG  0.26 +/-  0.03
point     12 -     13,   DG -0.24 +/-  0.04
point     13 -     14,   DG -0.70 +/-  0.02
point     14 -     15,   DG -1.06 +/-  0.03
point     15 -     16,   DG -1.30 +/-  0.03
point     16 -     17,   DG -4.48 +/-  0.05
point     17 -     18,   DG -3.87 +/-  0.05
point     18 -     19,   DG -5.21 +/-  0.03
point     19 -     20,   DG -6.73 +/-  0.03
point     20 -     21,   DG -8.47 +/-  0.03
point     21 -     22,   DG -10.44 +/-  0.03
point     22 -     23,   DG -12.59 +/-  0.01

total      0 -     23,   DG -33.74 +/-  0.64

