lambda_00/bar.xvg: 0.0 - 873.4; lambda = (0, 0)
    dH/dl & foreign lambdas:
        dH/dl (coul-lambda) (8735 pts)
        dH/dl (vdw-lambda) (8735 pts)
        delta H to (0, 0) (8735 pts)
        delta H to (0, 0.1) (8735 pts)


lambda_01/bar.xvg: 0.0 - 864.4; lambda = (0, 0.1)
    dH/dl & foreign lambdas:
        dH/dl (coul-lambda) (8645 pts)
        dH/dl (vdw-lambda) (8645 pts)
        delta H to (0, 0) (8645 pts)
        delta H to (0, 0.1) (8645 pts)
        delta H to (0, 0.2) (8645 pts)


lambda_02/bar.xvg: 0.0 - 864.6; lambda = (0, 0.2)
    dH/dl & foreign lambdas:
        dH/dl (coul-lambda) (8647 pts)
        dH/dl (vdw-lambda) (8647 pts)
        delta H to (0, 0.1) (8647 pts)
        delta H to (0, 0.2) (8647 pts)
        delta H to (0, 0.3) (8647 pts)


lambda_03/bar.xvg: 0.0 - 865.6; lambda = (0, 0.3)
    dH/dl & foreign lambdas:
        dH/dl (coul-lambda) (8657 pts)
        dH/dl (vdw-lambda) (8657 pts)
        delta H to (0, 0.2) (8657 pts)
        delta H to (0, 0.3) (8657 pts)
        delta H to (0, 0.4) (8657 pts)


lambda_04/bar.xvg: 0.0 - 864.6; lambda = (0, 0.4)
    dH/dl & foreign lambdas:
        dH/dl (coul-lambda) (8647 pts)
        dH/dl (vdw-lambda) (8647 pts)
        delta H to (0, 0.3) (8647 pts)
        delta H to (0, 0.4) (8647 pts)
        delta H to (0, 0.5) (8647 pts)


lambda_05/bar.xvg: 0.0 - 864.9; lambda = (0, 0.5)
    dH/dl & foreign lambdas:
        dH/dl (coul-lambda) (8650 pts)
        dH/dl (vdw-lambda) (8650 pts)
        delta H to (0, 0.4) (8650 pts)
        delta H to (0, 0.5) (8650 pts)
        delta H to (0, 0.55) (8650 pts)


lambda_06/bar.xvg: 0.0 - 863.6; lambda = (0, 0.55)
    dH/dl & foreign lambdas:
        dH/dl (coul-lambda) (8637 pts)
        dH/dl (vdw-lambda) (8637 pts)
        delta H to (0, 0.5) (8637 pts)
        delta H to (0, 0.55) (8637 pts)
        delta H to (0, 0.6) (8637 pts)


lambda_07/bar.xvg: 0.0 - 862.0; lambda = (0, 0.6)
    dH/dl & foreign lambdas:
        dH/dl (coul-lambda) (8621 pts)
        dH/dl (vdw-lambda) (8621 pts)
        delta H to (0, 0.55) (8621 pts)
        delta H to (0, 0.6) (8621 pts)
        delta H to (0, 0.65) (8621 pts)


lambda_08/bar.xvg: 0.0 - 860.6; lambda = (0, 0.65)
    dH/dl & foreign lambdas:
        dH/dl (coul-lambda) (8607 pts)
        dH/dl (vdw-lambda) (8607 pts)
        delta H to (0, 0.6) (8607 pts)
        delta H to (0, 0.65) (8607 pts)
        delta H to (0, 0.7) (8607 pts)


lambda_09/bar.xvg: 0.0 - 871.6; lambda = (0, 0.7)
    dH/dl & foreign lambdas:
        dH/dl (coul-lambda) (8717 pts)
        dH/dl (vdw-lambda) (8717 pts)
        delta H to (0, 0.65) (8717 pts)
        delta H to (0, 0.7) (8717 pts)
        delta H to (0, 0.75) (8717 pts)


lambda_10/bar.xvg: 0.0 - 870.0; lambda = (0, 0.75)
    dH/dl & foreign lambdas:
        dH/dl (coul-lambda) (8701 pts)
        dH/dl (vdw-lambda) (8701 pts)
        delta H to (0, 0.7) (8701 pts)
        delta H to (0, 0.75) (8701 pts)
        delta H to (0, 0.8) (8701 pts)


lambda_11/bar.xvg: 0.0 - 868.2; lambda = (0, 0.8)
    dH/dl & foreign lambdas:
        dH/dl (coul-lambda) (8683 pts)
        dH/dl (vdw-lambda) (8683 pts)
        delta H to (0, 0.75) (8683 pts)
        delta H to (0, 0.8) (8683 pts)
        delta H to (0, 0.85) (8683 pts)


lambda_12/bar.xvg: 0.0 - 867.1; lambda = (0, 0.85)
    dH/dl & foreign lambdas:
        dH/dl (coul-lambda) (8672 pts)
        dH/dl (vdw-lambda) (8672 pts)
        delta H to (0, 0.8) (8672 pts)
        delta H to (0, 0.85) (8672 pts)
        delta H to (0, 0.9) (8672 pts)


lambda_13/bar.xvg: 0.0 - 866.0; lambda = (0, 0.9)
    dH/dl & foreign lambdas:
        dH/dl (coul-lambda) (8661 pts)
        dH/dl (vdw-lambda) (8661 pts)
        delta H to (0, 0.85) (8661 pts)
        delta H to (0, 0.9) (8661 pts)
        delta H to (0, 0.95) (8661 pts)


lambda_14/bar.xvg: 0.0 - 865.0; lambda = (0, 0.95)
    dH/dl & foreign lambdas:
        dH/dl (coul-lambda) (8651 pts)
        dH/dl (vdw-lambda) (8651 pts)
        delta H to (0, 0.9) (8651 pts)
        delta H to (0, 0.95) (8651 pts)
        delta H to (0, 1) (8651 pts)


lambda_15/bar.xvg: 0.0 - 864.2; lambda = (0, 1)
    dH/dl & foreign lambdas:
        dH/dl (coul-lambda) (8643 pts)
        dH/dl (vdw-lambda) (8643 pts)
        delta H to (0, 0.95) (8643 pts)
        delta H to (0, 1) (8643 pts)
        delta H to (0.2, 1) (8643 pts)


lambda_16/bar.xvg: 0.0 - 870.8; lambda = (0.2, 1)
    dH/dl & foreign lambdas:
        dH/dl (coul-lambda) (8709 pts)
        dH/dl (vdw-lambda) (8709 pts)
        delta H to (0, 1) (8709 pts)
        delta H to (0.2, 1) (8709 pts)
        delta H to (0.4, 1) (8709 pts)


lambda_17/bar.xvg: 0.0 - 860.9; lambda = (0.4, 1)
    dH/dl & foreign lambdas:
        dH/dl (coul-lambda) (8610 pts)
        dH/dl (vdw-lambda) (8610 pts)
        delta H to (0.2, 1) (8610 pts)
        delta H to (0.4, 1) (8610 pts)
        delta H to (0.5, 1) (8610 pts)


lambda_18/bar.xvg: 0.0 - 862.8; lambda = (0.5, 1)
    dH/dl & foreign lambdas:
        dH/dl (coul-lambda) (8629 pts)
        dH/dl (vdw-lambda) (8629 pts)
        delta H to (0.4, 1) (8629 pts)
        delta H to (0.5, 1) (8629 pts)
        delta H to (0.6, 1) (8629 pts)


lambda_19/bar.xvg: 0.0 - 864.9; lambda = (0.6, 1)
    dH/dl & foreign lambdas:
        dH/dl (coul-lambda) (8650 pts)
        dH/dl (vdw-lambda) (8650 pts)
        delta H to (0.5, 1) (8650 pts)
        delta H to (0.6, 1) (8650 pts)
        delta H to (0.7, 1) (8650 pts)


lambda_20/bar.xvg: 0.0 - 866.7; lambda = (0.7, 1)
    dH/dl & foreign lambdas:
        dH/dl (coul-lambda) (8668 pts)
        dH/dl (vdw-lambda) (8668 pts)
        delta H to (0.6, 1) (8668 pts)
        delta H to (0.7, 1) (8668 pts)
        delta H to (0.8, 1) (8668 pts)


lambda_21/bar.xvg: 0.0 - 868.8; lambda = (0.8, 1)
    dH/dl & foreign lambdas:
        dH/dl (coul-lambda) (8689 pts)
        dH/dl (vdw-lambda) (8689 pts)
        delta H to (0.7, 1) (8689 pts)
        delta H to (0.8, 1) (8689 pts)
        delta H to (0.9, 1) (8689 pts)


lambda_22/bar.xvg: 0.0 - 870.4; lambda = (0.9, 1)
    dH/dl & foreign lambdas:
        dH/dl (coul-lambda) (8705 pts)
        dH/dl (vdw-lambda) (8705 pts)
        delta H to (0.8, 1) (8705 pts)
        delta H to (0.9, 1) (8705 pts)
        delta H to (1, 1) (8705 pts)


lambda_23/bar.xvg: 0.0 - 866.7; lambda = (1, 1)
    dH/dl & foreign lambdas:
        dH/dl (coul-lambda) (8668 pts)
        dH/dl (vdw-lambda) (8668 pts)
        delta H to (0.9, 1) (8668 pts)
        delta H to (1, 1) (8668 pts)



   Samples in time interval: 0.000 - 873.400
Removing samples outside of: 100.000 - 873.400

Temperature: 300 K

Detailed results in kT (see help for explanation):

 lam_A  lam_B      DG   +/-     s_A   +/-     s_B   +/-   stdev   +/- 
     0      1   -6.81  0.01    0.02  0.01    0.02  0.01    0.23  0.00
     1      2   -5.39  0.01    0.03  0.01    0.04  0.01    0.24  0.00
     2      3   -2.74  0.01    0.07  0.01    0.07  0.01    0.39  0.01
     3      4    1.94  0.02    0.33  0.03    0.36  0.03    0.86  0.01
     4      5    8.49  0.09    2.42  0.10    2.91  0.14    2.68  0.09
     5      6    4.67  0.12    2.49  0.08    2.08  0.08    2.46  0.06
     6      7    3.00  0.04    2.24  0.08    1.54  0.05    2.07  0.03
     7      8    1.94  0.02    1.62  0.04    1.11  0.02    1.72  0.01
     8      9    1.24  0.01    1.36  0.04    0.95  0.02    1.54  0.02
     9     10    0.71  0.02    1.07  0.03    0.74  0.02    1.35  0.01
    10     11    0.36  0.01    0.93  0.02    0.66  0.02    1.24  0.01
    11     12    0.10  0.01    0.76  0.02    0.53  0.02    1.14  0.01
    12     13   -0.10  0.02    0.73  0.02    0.51  0.02    1.08  0.01
    13     14   -0.29  0.01    0.62  0.01    0.45  0.01    1.01  0.00
    14     15   -0.41  0.01    0.54  0.01    0.39  0.01    0.95  0.00
    15     16   -0.55  0.02    0.54  0.01    0.56  0.01    1.07  0.00
    16     17   -1.80  0.03    0.69  0.02    0.79  0.03    1.24  0.01
    17     18   -1.55  0.02    0.25  0.02    0.27  0.02    0.71  0.00
    18     19   -2.10  0.01    0.28  0.01    0.29  0.01    0.77  0.01
    19     20   -2.72  0.01    0.33  0.01    0.34  0.01    0.82  0.01
    20     21   -3.42  0.02    0.37  0.01    0.38  0.01    0.86  0.00
    21     22   -4.21  0.02    0.40  0.02    0.42  0.02    0.90  0.01
    22     23   -5.05  0.01    0.43  0.03    0.44  0.03    0.93  0.01


Final results in kJ/mol:

point      0 -      1,   DG -16.98 +/-  0.01
point      1 -      2,   DG -13.44 +/-  0.01
point      2 -      3,   DG -6.85 +/-  0.03
point      3 -      4,   DG  4.84 +/-  0.04
point      4 -      5,   DG 21.17 +/-  0.22
point      5 -      6,   DG 11.66 +/-  0.30
point      6 -      7,   DG  7.49 +/-  0.09
point      7 -      8,   DG  4.84 +/-  0.04
point      8 -      9,   DG  3.10 +/-  0.03
point      9 -     10,   DG  1.77 +/-  0.06
point     10 -     11,   DG  0.90 +/-  0.02
point     11 -     12,   DG  0.24 +/-  0.04
point     12 -     13,   DG -0.25 +/-  0.04
point     13 -     14,   DG -0.71 +/-  0.03
point     14 -     15,   DG -1.03 +/-  0.03
point     15 -     16,   DG -1.37 +/-  0.05
point     16 -     17,   DG -4.49 +/-  0.07
point     17 -     18,   DG -3.86 +/-  0.04
point     18 -     19,   DG -5.23 +/-  0.02
point     19 -     20,   DG -6.77 +/-  0.02
point     20 -     21,   DG -8.54 +/-  0.04
point     21 -     22,   DG -10.50 +/-  0.06
point     22 -     23,   DG -12.60 +/-  0.03

total      0 -     23,   DG -36.60 +/-  0.51

