lambda_00/bar.xvg: 0.0 - 999.9; lambda = (0, 0)
    dH/dl & foreign lambdas:
        dH/dl (coul-lambda) (10000 pts)
        dH/dl (vdw-lambda) (10000 pts)
        delta H to (0, 0) (10000 pts)
        delta H to (0, 0.1) (10000 pts)


lambda_01/bar.xvg: 0.0 - 999.9; lambda = (0, 0.1)
    dH/dl & foreign lambdas:
        dH/dl (coul-lambda) (10000 pts)
        dH/dl (vdw-lambda) (10000 pts)
        delta H to (0, 0) (10000 pts)
        delta H to (0, 0.1) (10000 pts)
        delta H to (0, 0.2) (10000 pts)


lambda_02/bar.xvg: 0.0 - 999.9; lambda = (0, 0.2)
    dH/dl & foreign lambdas:
        dH/dl (coul-lambda) (10000 pts)
        dH/dl (vdw-lambda) (10000 pts)
        delta H to (0, 0.1) (10000 pts)
        delta H to (0, 0.2) (10000 pts)
        delta H to (0, 0.3) (10000 pts)


lambda_03/bar.xvg: 0.0 - 999.9; lambda = (0, 0.3)
    dH/dl & foreign lambdas:
        dH/dl (coul-lambda) (10000 pts)
        dH/dl (vdw-lambda) (10000 pts)
        delta H to (0, 0.2) (10000 pts)
        delta H to (0, 0.3) (10000 pts)
        delta H to (0, 0.4) (10000 pts)


lambda_04/bar.xvg: 0.0 - 999.9; lambda = (0, 0.4)
    dH/dl & foreign lambdas:
        dH/dl (coul-lambda) (10000 pts)
        dH/dl (vdw-lambda) (10000 pts)
        delta H to (0, 0.3) (10000 pts)
        delta H to (0, 0.4) (10000 pts)
        delta H to (0, 0.5) (10000 pts)


lambda_05/bar.xvg: 0.0 - 999.9; lambda = (0, 0.5)
    dH/dl & foreign lambdas:
        dH/dl (coul-lambda) (10000 pts)
        dH/dl (vdw-lambda) (10000 pts)
        delta H to (0, 0.4) (10000 pts)
        delta H to (0, 0.5) (10000 pts)
        delta H to (0, 0.55) (10000 pts)


lambda_06/bar.xvg: 0.0 - 999.9; lambda = (0, 0.55)
    dH/dl & foreign lambdas:
        dH/dl (coul-lambda) (10000 pts)
        dH/dl (vdw-lambda) (10000 pts)
        delta H to (0, 0.5) (10000 pts)
        delta H to (0, 0.55) (10000 pts)
        delta H to (0, 0.6) (10000 pts)


lambda_07/bar.xvg: 0.0 - 999.9; lambda = (0, 0.6)
    dH/dl & foreign lambdas:
        dH/dl (coul-lambda) (10000 pts)
        dH/dl (vdw-lambda) (10000 pts)
        delta H to (0, 0.55) (10000 pts)
        delta H to (0, 0.6) (10000 pts)
        delta H to (0, 0.65) (10000 pts)


lambda_08/bar.xvg: 0.0 - 999.9; lambda = (0, 0.65)
    dH/dl & foreign lambdas:
        dH/dl (coul-lambda) (10000 pts)
        dH/dl (vdw-lambda) (10000 pts)
        delta H to (0, 0.6) (10000 pts)
        delta H to (0, 0.65) (10000 pts)
        delta H to (0, 0.7) (10000 pts)


lambda_09/bar.xvg: 0.0 - 999.9; lambda = (0, 0.7)
    dH/dl & foreign lambdas:
        dH/dl (coul-lambda) (10000 pts)
        dH/dl (vdw-lambda) (10000 pts)
        delta H to (0, 0.65) (10000 pts)
        delta H to (0, 0.7) (10000 pts)
        delta H to (0, 0.75) (10000 pts)


lambda_10/bar.xvg: 0.0 - 999.9; lambda = (0, 0.75)
    dH/dl & foreign lambdas:
        dH/dl (coul-lambda) (10000 pts)
        dH/dl (vdw-lambda) (10000 pts)
        delta H to (0, 0.7) (10000 pts)
        delta H to (0, 0.75) (10000 pts)
        delta H to (0, 0.8) (10000 pts)


lambda_11/bar.xvg: 0.0 - 999.9; lambda = (0, 0.8)
    dH/dl & foreign lambdas:
        dH/dl (coul-lambda) (10000 pts)
        dH/dl (vdw-lambda) (10000 pts)
        delta H to (0, 0.75) (10000 pts)
        delta H to (0, 0.8) (10000 pts)
        delta H to (0, 0.85) (10000 pts)


lambda_12/bar.xvg: 0.0 - 999.9; lambda = (0, 0.85)
    dH/dl & foreign lambdas:
        dH/dl (coul-lambda) (10000 pts)
        dH/dl (vdw-lambda) (10000 pts)
        delta H to (0, 0.8) (10000 pts)
        delta H to (0, 0.85) (10000 pts)
        delta H to (0, 0.9) (10000 pts)


lambda_13/bar.xvg: 0.0 - 999.9; lambda = (0, 0.9)
    dH/dl & foreign lambdas:
        dH/dl (coul-lambda) (10000 pts)
        dH/dl (vdw-lambda) (10000 pts)
        delta H to (0, 0.85) (10000 pts)
        delta H to (0, 0.9) (10000 pts)
        delta H to (0, 0.95) (10000 pts)


lambda_14/bar.xvg: 0.0 - 999.9; lambda = (0, 0.95)
    dH/dl & foreign lambdas:
        dH/dl (coul-lambda) (10000 pts)
        dH/dl (vdw-lambda) (10000 pts)
        delta H to (0, 0.9) (10000 pts)
        delta H to (0, 0.95) (10000 pts)
        delta H to (0, 1) (10000 pts)


lambda_15/bar.xvg: 0.0 - 999.9; lambda = (0, 1)
    dH/dl & foreign lambdas:
        dH/dl (coul-lambda) (10000 pts)
        dH/dl (vdw-lambda) (10000 pts)
        delta H to (0, 0.95) (10000 pts)
        delta H to (0, 1) (10000 pts)
        delta H to (0.2, 1) (10000 pts)


lambda_16/bar.xvg: 0.0 - 989.3; lambda = (0.2, 1)
    dH/dl & foreign lambdas:
        dH/dl (coul-lambda) (9894 pts)
        dH/dl (vdw-lambda) (9894 pts)
        delta H to (0, 1) (9894 pts)
        delta H to (0.2, 1) (9894 pts)
        delta H to (0.4, 1) (9894 pts)


lambda_17/bar.xvg: 0.0 - 993.8; lambda = (0.4, 1)
    dH/dl & foreign lambdas:
        dH/dl (coul-lambda) (9939 pts)
        dH/dl (vdw-lambda) (9939 pts)
        delta H to (0.2, 1) (9939 pts)
        delta H to (0.4, 1) (9939 pts)
        delta H to (0.5, 1) (9939 pts)


lambda_18/bar.xvg: 0.0 - 996.4; lambda = (0.5, 1)
    dH/dl & foreign lambdas:
        dH/dl (coul-lambda) (9965 pts)
        dH/dl (vdw-lambda) (9965 pts)
        delta H to (0.4, 1) (9965 pts)
        delta H to (0.5, 1) (9965 pts)
        delta H to (0.6, 1) (9965 pts)


lambda_19/bar.xvg: 0.0 - 985.2; lambda = (0.6, 1)
    dH/dl & foreign lambdas:
        dH/dl (coul-lambda) (9853 pts)
        dH/dl (vdw-lambda) (9853 pts)
        delta H to (0.5, 1) (9853 pts)
        delta H to (0.6, 1) (9853 pts)
        delta H to (0.7, 1) (9853 pts)


lambda_20/bar.xvg: 0.0 - 987.7; lambda = (0.7, 1)
    dH/dl & foreign lambdas:
        dH/dl (coul-lambda) (9878 pts)
        dH/dl (vdw-lambda) (9878 pts)
        delta H to (0.6, 1) (9878 pts)
        delta H to (0.7, 1) (9878 pts)
        delta H to (0.8, 1) (9878 pts)


lambda_21/bar.xvg: 0.0 - 989.7; lambda = (0.8, 1)
    dH/dl & foreign lambdas:
        dH/dl (coul-lambda) (9898 pts)
        dH/dl (vdw-lambda) (9898 pts)
        delta H to (0.7, 1) (9898 pts)
        delta H to (0.8, 1) (9898 pts)
        delta H to (0.9, 1) (9898 pts)


lambda_22/bar.xvg: 0.0 - 991.5; lambda = (0.9, 1)
    dH/dl & foreign lambdas:
        dH/dl (coul-lambda) (9916 pts)
        dH/dl (vdw-lambda) (9916 pts)
        delta H to (0.8, 1) (9916 pts)
        delta H to (0.9, 1) (9916 pts)
        delta H to (1, 1) (9916 pts)


lambda_23/bar.xvg: 0.0 - 999.9; lambda = (1, 1)
    dH/dl & foreign lambdas:
        dH/dl (coul-lambda) (10000 pts)
        dH/dl (vdw-lambda) (10000 pts)
        delta H to (0.9, 1) (10000 pts)
        delta H to (1, 1) (10000 pts)



   Samples in time interval: 0.000 - 999.900
Removing samples outside of: 100.000 - 999.900

Temperature: 300 K

Detailed results in kT (see help for explanation):

 lam_A  lam_B      DG   +/-     s_A   +/-     s_B   +/-   stdev   +/- 
     0      1   -5.99  0.00    0.02  0.00    0.02  0.00    0.22  0.00
     1      2   -4.74  0.00    0.02  0.00    0.02  0.00    0.21  0.00
     2      3   -2.42  0.00    0.06  0.01    0.06  0.01    0.35  0.01
     3      4    1.71  0.02    0.28  0.02    0.30  0.02    0.78  0.01
     4      5    7.54  0.07    2.11  0.05    2.46  0.05    2.43  0.04
     5      6    4.45  0.04    2.00  0.06    1.78  0.06    2.18  0.03
     6      7    2.98  0.03    2.21  0.03    1.48  0.02    2.04  0.02
     7      8    1.88  0.03    1.57  0.01    1.10  0.01    1.66  0.00
     8      9    1.20  0.04    1.17  0.03    0.82  0.03    1.42  0.02
     9     10    0.76  0.01    1.00  0.03    0.71  0.02    1.29  0.02
    10     11    0.40  0.01    0.85  0.02    0.60  0.01    1.18  0.01
    11     12    0.14  0.01    0.70  0.01    0.48  0.00    1.08  0.00
    12     13   -0.02  0.01    0.63  0.01    0.45  0.01    1.01  0.01
    13     14   -0.17  0.01    0.56  0.01    0.41  0.01    0.95  0.00
    14     15   -0.30  0.01    0.50  0.02    0.36  0.01    0.90  0.01
    15     16   -0.51  0.01    0.53  0.02    0.56  0.03    1.04  0.01
    16     17   -1.75  0.03    0.68  0.03    0.78  0.03    1.22  0.01
    17     18   -1.49  0.01    0.23  0.01    0.25  0.01    0.70  0.01
    18     19   -2.02  0.01    0.28  0.01    0.29  0.01    0.75  0.01
    19     20   -2.64  0.01    0.33  0.02    0.34  0.02    0.81  0.00
    20     21   -3.35  0.02    0.36  0.01    0.37  0.01    0.86  0.01
    21     22   -4.11  0.02    0.40  0.03    0.40  0.03    0.89  0.02
    22     23   -4.93  0.03    0.42  0.01    0.42  0.01    0.92  0.01


Final results in kJ/mol:

point      0 -      1,   DG -14.95 +/-  0.01
point      1 -      2,   DG -11.83 +/-  0.01
point      2 -      3,   DG -6.03 +/-  0.01
point      3 -      4,   DG  4.28 +/-  0.06
point      4 -      5,   DG 18.80 +/-  0.19
point      5 -      6,   DG 11.11 +/-  0.11
point      6 -      7,   DG  7.45 +/-  0.09
point      7 -      8,   DG  4.68 +/-  0.08
point      8 -      9,   DG  2.99 +/-  0.09
point      9 -     10,   DG  1.89 +/-  0.02
point     10 -     11,   DG  0.99 +/-  0.03
point     11 -     12,   DG  0.35 +/-  0.03
point     12 -     13,   DG -0.05 +/-  0.02
point     13 -     14,   DG -0.42 +/-  0.02
point     14 -     15,   DG -0.74 +/-  0.02
point     15 -     16,   DG -1.26 +/-  0.03
point     16 -     17,   DG -4.35 +/-  0.07
point     17 -     18,   DG -3.72 +/-  0.03
point     18 -     19,   DG -5.04 +/-  0.03
point     19 -     20,   DG -6.59 +/-  0.02
point     20 -     21,   DG -8.35 +/-  0.06
point     21 -     22,   DG -10.26 +/-  0.05
point     22 -     23,   DG -12.30 +/-  0.07

total      0 -     23,   DG -33.38 +/-  0.12

