lambda_00/bar.xvg: 0.0 - 825.6; lambda = (0, 0)
    dH/dl & foreign lambdas:
        dH/dl (coul-lambda) (8257 pts)
        dH/dl (vdw-lambda) (8257 pts)
        delta H to (0, 0) (8257 pts)
        delta H to (0, 0.1) (8257 pts)


lambda_01/bar.xvg: 0.0 - 824.6; lambda = (0, 0.1)
    dH/dl & foreign lambdas:
        dH/dl (coul-lambda) (8247 pts)
        dH/dl (vdw-lambda) (8247 pts)
        delta H to (0, 0) (8247 pts)
        delta H to (0, 0.1) (8247 pts)
        delta H to (0, 0.2) (8247 pts)


lambda_02/bar.xvg: 0.0 - 824.4; lambda = (0, 0.2)
    dH/dl & foreign lambdas:
        dH/dl (coul-lambda) (8245 pts)
        dH/dl (vdw-lambda) (8245 pts)
        delta H to (0, 0.1) (8245 pts)
        delta H to (0, 0.2) (8245 pts)
        delta H to (0, 0.3) (8245 pts)


lambda_03/bar.xvg: 0.0 - 823.8; lambda = (0, 0.3)
    dH/dl & foreign lambdas:
        dH/dl (coul-lambda) (8239 pts)
        dH/dl (vdw-lambda) (8239 pts)
        delta H to (0, 0.2) (8239 pts)
        delta H to (0, 0.3) (8239 pts)
        delta H to (0, 0.4) (8239 pts)


lambda_04/bar.xvg: 0.0 - 822.7; lambda = (0, 0.4)
    dH/dl & foreign lambdas:
        dH/dl (coul-lambda) (8228 pts)
        dH/dl (vdw-lambda) (8228 pts)
        delta H to (0, 0.3) (8228 pts)
        delta H to (0, 0.4) (8228 pts)
        delta H to (0, 0.5) (8228 pts)


lambda_05/bar.xvg: 0.0 - 823.3; lambda = (0, 0.5)
    dH/dl & foreign lambdas:
        dH/dl (coul-lambda) (8234 pts)
        dH/dl (vdw-lambda) (8234 pts)
        delta H to (0, 0.4) (8234 pts)
        delta H to (0, 0.5) (8234 pts)
        delta H to (0, 0.55) (8234 pts)


lambda_06/bar.xvg: 0.0 - 834.4; lambda = (0, 0.55)
    dH/dl & foreign lambdas:
        dH/dl (coul-lambda) (8345 pts)
        dH/dl (vdw-lambda) (8345 pts)
        delta H to (0, 0.5) (8345 pts)
        delta H to (0, 0.55) (8345 pts)
        delta H to (0, 0.6) (8345 pts)


lambda_07/bar.xvg: 0.0 - 831.2; lambda = (0, 0.6)
    dH/dl & foreign lambdas:
        dH/dl (coul-lambda) (8313 pts)
        dH/dl (vdw-lambda) (8313 pts)
        delta H to (0, 0.55) (8313 pts)
        delta H to (0, 0.6) (8313 pts)
        delta H to (0, 0.65) (8313 pts)


lambda_08/bar.xvg: 0.0 - 828.5; lambda = (0, 0.65)
    dH/dl & foreign lambdas:
        dH/dl (coul-lambda) (8286 pts)
        dH/dl (vdw-lambda) (8286 pts)
        delta H to (0, 0.6) (8286 pts)
        delta H to (0, 0.65) (8286 pts)
        delta H to (0, 0.7) (8286 pts)


lambda_09/bar.xvg: 0.0 - 825.5; lambda = (0, 0.7)
    dH/dl & foreign lambdas:
        dH/dl (coul-lambda) (8256 pts)
        dH/dl (vdw-lambda) (8256 pts)
        delta H to (0, 0.65) (8256 pts)
        delta H to (0, 0.7) (8256 pts)
        delta H to (0, 0.75) (8256 pts)


lambda_10/bar.xvg: 0.0 - 822.3; lambda = (0, 0.75)
    dH/dl & foreign lambdas:
        dH/dl (coul-lambda) (8224 pts)
        dH/dl (vdw-lambda) (8224 pts)
        delta H to (0, 0.7) (8224 pts)
        delta H to (0, 0.75) (8224 pts)
        delta H to (0, 0.8) (8224 pts)


lambda_11/bar.xvg: 0.0 - 833.7; lambda = (0, 0.8)
    dH/dl & foreign lambdas:
        dH/dl (coul-lambda) (8338 pts)
        dH/dl (vdw-lambda) (8338 pts)
        delta H to (0, 0.75) (8338 pts)
        delta H to (0, 0.8) (8338 pts)
        delta H to (0, 0.85) (8338 pts)


lambda_12/bar.xvg: 0.0 - 831.9; lambda = (0, 0.85)
    dH/dl & foreign lambdas:
        dH/dl (coul-lambda) (8320 pts)
        dH/dl (vdw-lambda) (8320 pts)
        delta H to (0, 0.8) (8320 pts)
        delta H to (0, 0.85) (8320 pts)
        delta H to (0, 0.9) (8320 pts)


lambda_13/bar.xvg: 0.0 - 830.7; lambda = (0, 0.9)
    dH/dl & foreign lambdas:
        dH/dl (coul-lambda) (8308 pts)
        dH/dl (vdw-lambda) (8308 pts)
        delta H to (0, 0.85) (8308 pts)
        delta H to (0, 0.9) (8308 pts)
        delta H to (0, 0.95) (8308 pts)


lambda_14/bar.xvg: 0.0 - 829.9; lambda = (0, 0.95)
    dH/dl & foreign lambdas:
        dH/dl (coul-lambda) (8300 pts)
        dH/dl (vdw-lambda) (8300 pts)
        delta H to (0, 0.9) (8300 pts)
        delta H to (0, 0.95) (8300 pts)
        delta H to (0, 1) (8300 pts)


lambda_15/bar.xvg: 0.0 - 831.6; lambda = (0, 1)
    dH/dl & foreign lambdas:
        dH/dl (coul-lambda) (8317 pts)
        dH/dl (vdw-lambda) (8317 pts)
        delta H to (0, 0.95) (8317 pts)
        delta H to (0, 1) (8317 pts)
        delta H to (0.2, 1) (8317 pts)


lambda_16/bar.xvg: 0.0 - 827.1; lambda = (0.2, 1)
    dH/dl & foreign lambdas:
        dH/dl (coul-lambda) (8272 pts)
        dH/dl (vdw-lambda) (8272 pts)
        delta H to (0, 1) (8272 pts)
        delta H to (0.2, 1) (8272 pts)
        delta H to (0.4, 1) (8272 pts)


lambda_17/bar.xvg: 0.0 - 823.3; lambda = (0.4, 1)
    dH/dl & foreign lambdas:
        dH/dl (coul-lambda) (8234 pts)
        dH/dl (vdw-lambda) (8234 pts)
        delta H to (0.2, 1) (8234 pts)
        delta H to (0.4, 1) (8234 pts)
        delta H to (0.5, 1) (8234 pts)


lambda_18/bar.xvg: 0.0 - 831.3; lambda = (0.5, 1)
    dH/dl & foreign lambdas:
        dH/dl (coul-lambda) (8314 pts)
        dH/dl (vdw-lambda) (8314 pts)
        delta H to (0.4, 1) (8314 pts)
        delta H to (0.5, 1) (8314 pts)
        delta H to (0.6, 1) (8314 pts)


lambda_19/bar.xvg: 0.0 - 831.4; lambda = (0.6, 1)
    dH/dl & foreign lambdas:
        dH/dl (coul-lambda) (8315 pts)
        dH/dl (vdw-lambda) (8315 pts)
        delta H to (0.5, 1) (8315 pts)
        delta H to (0.6, 1) (8315 pts)
        delta H to (0.7, 1) (8315 pts)


lambda_20/bar.xvg: 0.0 - 831.5; lambda = (0.7, 1)
    dH/dl & foreign lambdas:
        dH/dl (coul-lambda) (8316 pts)
        dH/dl (vdw-lambda) (8316 pts)
        delta H to (0.6, 1) (8316 pts)
        delta H to (0.7, 1) (8316 pts)
        delta H to (0.8, 1) (8316 pts)


lambda_21/bar.xvg: 0.0 - 831.5; lambda = (0.8, 1)
    dH/dl & foreign lambdas:
        dH/dl (coul-lambda) (8316 pts)
        dH/dl (vdw-lambda) (8316 pts)
        delta H to (0.7, 1) (8316 pts)
        delta H to (0.8, 1) (8316 pts)
        delta H to (0.9, 1) (8316 pts)


lambda_22/bar.xvg: 0.0 - 831.0; lambda = (0.9, 1)
    dH/dl & foreign lambdas:
        dH/dl (coul-lambda) (8311 pts)
        dH/dl (vdw-lambda) (8311 pts)
        delta H to (0.8, 1) (8311 pts)
        delta H to (0.9, 1) (8311 pts)
        delta H to (1, 1) (8311 pts)


lambda_23/bar.xvg: 0.0 - 821.9; lambda = (1, 1)
    dH/dl & foreign lambdas:
        dH/dl (coul-lambda) (8220 pts)
        dH/dl (vdw-lambda) (8220 pts)
        delta H to (0.9, 1) (8220 pts)
        delta H to (1, 1) (8220 pts)



   Samples in time interval: 0.000 - 834.400
Removing samples outside of: 100.000 - 834.400

Temperature: 300 K

Detailed results in kT (see help for explanation):

 lam_A  lam_B      DG   +/-     s_A   +/-     s_B   +/-   stdev   +/- 
     0      1   -3.74  0.01    0.01  0.01    0.01  0.01    0.16  0.00
     1      2   -2.96  0.00    0.02  0.00    0.02  0.00    0.16  0.00
     2      3   -1.51  0.01    0.04  0.01    0.04  0.01    0.27  0.00
     3      4    1.04  0.01    0.20  0.02    0.22  0.02    0.64  0.00
     4      5    4.61  0.05    1.30  0.08    1.50  0.07    1.82  0.04
     5      6    2.83  0.10    1.16  0.05    1.01  0.04    1.62  0.02
     6      7    2.04  0.06    1.42  0.12    0.95  0.07    1.56  0.04
     7      8    1.39  0.04    1.00  0.04    0.70  0.02    1.32  0.02
     8      9    0.98  0.02    0.82  0.03    0.57  0.02    1.18  0.01
     9     10    0.65  0.01    0.74  0.03    0.51  0.02    1.09  0.01
    10     11    0.39  0.01    0.58  0.02    0.40  0.02    0.97  0.00
    11     12    0.23  0.01    0.51  0.02    0.35  0.02    0.90  0.01
    12     13    0.09  0.01    0.45  0.01    0.32  0.01    0.84  0.01
    13     14   -0.02  0.01    0.40  0.01    0.28  0.01    0.79  0.00
    14     15   -0.11  0.01    0.34  0.01    0.25  0.01    0.75  0.00
    15     16    0.02  0.00    0.00  0.00    0.00  0.00    0.11  0.00
    16     17    0.01  0.00    0.00  0.00    0.01  0.00    0.12  0.00
    17     18   -0.00  0.00    0.00  0.00    0.00  0.00    0.06  0.00
    18     19   -0.01  0.00    0.00  0.00    0.00  0.00    0.06  0.00
    19     20   -0.01  0.00    0.00  0.00    0.00  0.00    0.06  0.00
    20     21   -0.01  0.00    0.00  0.00    0.00  0.00    0.06  0.00
    21     22   -0.01  0.00    0.00  0.00    0.00  0.00    0.06  0.00
    22     23   -0.02  0.00    0.00  0.00    0.00  0.00    0.06  0.00


Final results in kJ/mol:

point      0 -      1,   DG -9.34 +/-  0.01
point      1 -      2,   DG -7.39 +/-  0.01
point      2 -      3,   DG -3.76 +/-  0.02
point      3 -      4,   DG  2.60 +/-  0.02
point      4 -      5,   DG 11.50 +/-  0.13
point      5 -      6,   DG  7.05 +/-  0.24
point      6 -      7,   DG  5.09 +/-  0.14
point      7 -      8,   DG  3.47 +/-  0.09
point      8 -      9,   DG  2.45 +/-  0.04
point      9 -     10,   DG  1.62 +/-  0.02
point     10 -     11,   DG  0.98 +/-  0.03
point     11 -     12,   DG  0.56 +/-  0.02
point     12 -     13,   DG  0.23 +/-  0.02
point     13 -     14,   DG -0.06 +/-  0.03
point     14 -     15,   DG -0.28 +/-  0.03
point     15 -     16,   DG  0.05 +/-  0.00
point     16 -     17,   DG  0.03 +/-  0.00
point     17 -     18,   DG -0.00 +/-  0.00
point     18 -     19,   DG -0.01 +/-  0.00
point     19 -     20,   DG -0.02 +/-  0.00
point     20 -     21,   DG -0.03 +/-  0.00
point     21 -     22,   DG -0.04 +/-  0.00
point     22 -     23,   DG -0.05 +/-  0.00

total      0 -     23,   DG 14.66 +/-  0.49

