lambda_00/bar.xvg: 0.0 - 905.3; lambda = (0, 0)
    dH/dl & foreign lambdas:
        dH/dl (coul-lambda) (9054 pts)
        dH/dl (vdw-lambda) (9054 pts)
        delta H to (0, 0) (9054 pts)
        delta H to (0, 0.1) (9054 pts)


lambda_01/bar.xvg: 0.0 - 904.6; lambda = (0, 0.1)
    dH/dl & foreign lambdas:
        dH/dl (coul-lambda) (9047 pts)
        dH/dl (vdw-lambda) (9047 pts)
        delta H to (0, 0) (9047 pts)
        delta H to (0, 0.1) (9047 pts)
        delta H to (0, 0.2) (9047 pts)


lambda_02/bar.xvg: 0.0 - 904.7; lambda = (0, 0.2)
    dH/dl & foreign lambdas:
        dH/dl (coul-lambda) (9048 pts)
        dH/dl (vdw-lambda) (9048 pts)
        delta H to (0, 0.1) (9048 pts)
        delta H to (0, 0.2) (9048 pts)
        delta H to (0, 0.3) (9048 pts)


lambda_03/bar.xvg: 0.0 - 906.3; lambda = (0, 0.3)
    dH/dl & foreign lambdas:
        dH/dl (coul-lambda) (9064 pts)
        dH/dl (vdw-lambda) (9064 pts)
        delta H to (0, 0.2) (9064 pts)
        delta H to (0, 0.3) (9064 pts)
        delta H to (0, 0.4) (9064 pts)


lambda_04/bar.xvg: 0.0 - 905.2; lambda = (0, 0.4)
    dH/dl & foreign lambdas:
        dH/dl (coul-lambda) (9053 pts)
        dH/dl (vdw-lambda) (9053 pts)
        delta H to (0, 0.3) (9053 pts)
        delta H to (0, 0.4) (9053 pts)
        delta H to (0, 0.5) (9053 pts)


lambda_05/bar.xvg: 0.0 - 905.4; lambda = (0, 0.5)
    dH/dl & foreign lambdas:
        dH/dl (coul-lambda) (9055 pts)
        dH/dl (vdw-lambda) (9055 pts)
        delta H to (0, 0.4) (9055 pts)
        delta H to (0, 0.5) (9055 pts)
        delta H to (0, 0.55) (9055 pts)


lambda_06/bar.xvg: 0.0 - 904.6; lambda = (0, 0.55)
    dH/dl & foreign lambdas:
        dH/dl (coul-lambda) (9047 pts)
        dH/dl (vdw-lambda) (9047 pts)
        delta H to (0, 0.5) (9047 pts)
        delta H to (0, 0.55) (9047 pts)
        delta H to (0, 0.6) (9047 pts)


lambda_07/bar.xvg: 0.0 - 902.6; lambda = (0, 0.6)
    dH/dl & foreign lambdas:
        dH/dl (coul-lambda) (9027 pts)
        dH/dl (vdw-lambda) (9027 pts)
        delta H to (0, 0.55) (9027 pts)
        delta H to (0, 0.6) (9027 pts)
        delta H to (0, 0.65) (9027 pts)


lambda_08/bar.xvg: 0.0 - 900.6; lambda = (0, 0.65)
    dH/dl & foreign lambdas:
        dH/dl (coul-lambda) (9007 pts)
        dH/dl (vdw-lambda) (9007 pts)
        delta H to (0, 0.6) (9007 pts)
        delta H to (0, 0.65) (9007 pts)
        delta H to (0, 0.7) (9007 pts)


lambda_09/bar.xvg: 0.0 - 911.4; lambda = (0, 0.7)
    dH/dl & foreign lambdas:
        dH/dl (coul-lambda) (9115 pts)
        dH/dl (vdw-lambda) (9115 pts)
        delta H to (0, 0.65) (9115 pts)
        delta H to (0, 0.7) (9115 pts)
        delta H to (0, 0.75) (9115 pts)


lambda_10/bar.xvg: 0.0 - 910.0; lambda = (0, 0.75)
    dH/dl & foreign lambdas:
        dH/dl (coul-lambda) (9101 pts)
        dH/dl (vdw-lambda) (9101 pts)
        delta H to (0, 0.7) (9101 pts)
        delta H to (0, 0.75) (9101 pts)
        delta H to (0, 0.8) (9101 pts)


lambda_11/bar.xvg: 0.0 - 908.3; lambda = (0, 0.8)
    dH/dl & foreign lambdas:
        dH/dl (coul-lambda) (9084 pts)
        dH/dl (vdw-lambda) (9084 pts)
        delta H to (0, 0.75) (9084 pts)
        delta H to (0, 0.8) (9084 pts)
        delta H to (0, 0.85) (9084 pts)


lambda_12/bar.xvg: 0.0 - 906.5; lambda = (0, 0.85)
    dH/dl & foreign lambdas:
        dH/dl (coul-lambda) (9066 pts)
        dH/dl (vdw-lambda) (9066 pts)
        delta H to (0, 0.8) (9066 pts)
        delta H to (0, 0.85) (9066 pts)
        delta H to (0, 0.9) (9066 pts)


lambda_13/bar.xvg: 0.0 - 905.6; lambda = (0, 0.9)
    dH/dl & foreign lambdas:
        dH/dl (coul-lambda) (9057 pts)
        dH/dl (vdw-lambda) (9057 pts)
        delta H to (0, 0.85) (9057 pts)
        delta H to (0, 0.9) (9057 pts)
        delta H to (0, 0.95) (9057 pts)


lambda_14/bar.xvg: 0.0 - 904.8; lambda = (0, 0.95)
    dH/dl & foreign lambdas:
        dH/dl (coul-lambda) (9049 pts)
        dH/dl (vdw-lambda) (9049 pts)
        delta H to (0, 0.9) (9049 pts)
        delta H to (0, 0.95) (9049 pts)
        delta H to (0, 1) (9049 pts)


lambda_15/bar.xvg: 0.0 - 904.4; lambda = (0, 1)
    dH/dl & foreign lambdas:
        dH/dl (coul-lambda) (9045 pts)
        dH/dl (vdw-lambda) (9045 pts)
        delta H to (0, 0.95) (9045 pts)
        delta H to (0, 1) (9045 pts)
        delta H to (0.2, 1) (9045 pts)


lambda_16/bar.xvg: 0.0 - 910.0; lambda = (0.2, 1)
    dH/dl & foreign lambdas:
        dH/dl (coul-lambda) (9101 pts)
        dH/dl (vdw-lambda) (9101 pts)
        delta H to (0, 1) (9101 pts)
        delta H to (0.2, 1) (9101 pts)
        delta H to (0.4, 1) (9101 pts)


lambda_17/bar.xvg: 0.0 - 900.1; lambda = (0.4, 1)
    dH/dl & foreign lambdas:
        dH/dl (coul-lambda) (9002 pts)
        dH/dl (vdw-lambda) (9002 pts)
        delta H to (0.2, 1) (9002 pts)
        delta H to (0.4, 1) (9002 pts)
        delta H to (0.5, 1) (9002 pts)


lambda_18/bar.xvg: 0.0 - 902.4; lambda = (0.5, 1)
    dH/dl & foreign lambdas:
        dH/dl (coul-lambda) (9025 pts)
        dH/dl (vdw-lambda) (9025 pts)
        delta H to (0.4, 1) (9025 pts)
        delta H to (0.5, 1) (9025 pts)
        delta H to (0.6, 1) (9025 pts)


lambda_19/bar.xvg: 0.0 - 904.3; lambda = (0.6, 1)
    dH/dl & foreign lambdas:
        dH/dl (coul-lambda) (9044 pts)
        dH/dl (vdw-lambda) (9044 pts)
        delta H to (0.5, 1) (9044 pts)
        delta H to (0.6, 1) (9044 pts)
        delta H to (0.7, 1) (9044 pts)


lambda_20/bar.xvg: 0.0 - 906.3; lambda = (0.7, 1)
    dH/dl & foreign lambdas:
        dH/dl (coul-lambda) (9064 pts)
        dH/dl (vdw-lambda) (9064 pts)
        delta H to (0.6, 1) (9064 pts)
        delta H to (0.7, 1) (9064 pts)
        delta H to (0.8, 1) (9064 pts)


lambda_21/bar.xvg: 0.0 - 908.4; lambda = (0.8, 1)
    dH/dl & foreign lambdas:
        dH/dl (coul-lambda) (9085 pts)
        dH/dl (vdw-lambda) (9085 pts)
        delta H to (0.7, 1) (9085 pts)
        delta H to (0.8, 1) (9085 pts)
        delta H to (0.9, 1) (9085 pts)


lambda_22/bar.xvg: 0.0 - 910.3; lambda = (0.9, 1)
    dH/dl & foreign lambdas:
        dH/dl (coul-lambda) (9104 pts)
        dH/dl (vdw-lambda) (9104 pts)
        delta H to (0.8, 1) (9104 pts)
        delta H to (0.9, 1) (9104 pts)
        delta H to (1, 1) (9104 pts)


lambda_23/bar.xvg: 0.0 - 899.1; lambda = (1, 1)
    dH/dl & foreign lambdas:
        dH/dl (coul-lambda) (8992 pts)
        dH/dl (vdw-lambda) (8992 pts)
        delta H to (0.9, 1) (8992 pts)
        delta H to (1, 1) (8992 pts)



   Samples in time interval: 0.000 - 911.400
Removing samples outside of: 100.000 - 911.400

Temperature: 300 K

Detailed results in kT (see help for explanation):

 lam_A  lam_B      DG   +/-     s_A   +/-     s_B   +/-   stdev   +/- 
     0      1   -6.82  0.01    0.04  0.00    0.04  0.00    0.24  0.01
     1      2   -5.40  0.01    0.03  0.01    0.03  0.01    0.22  0.00
     2      3   -2.74  0.01    0.06  0.01    0.07  0.01    0.38  0.01
     3      4    1.89  0.04    0.41  0.01    0.45  0.02    0.91  0.02
     4      5    8.40  0.08    2.20  0.05    2.59  0.10    2.52  0.02
     5      6    4.77  0.10    2.60  0.00    2.10  0.06    2.47  0.06
     6      7    3.02  0.04    2.32  0.04    1.63  0.05    2.14  0.03
     7      8    1.83  0.03    1.62  0.03    1.09  0.03    1.67  0.01
     8      9    1.20  0.02    1.27  0.02    0.92  0.02    1.50  0.01
     9     10    0.70  0.00    1.07  0.02    0.74  0.02    1.34  0.01
    10     11    0.37  0.02    0.90  0.02    0.63  0.02    1.23  0.01
    11     12    0.10  0.02    0.80  0.03    0.57  0.02    1.15  0.01
    12     13   -0.11  0.01    0.69  0.02    0.48  0.01    1.06  0.01
    13     14   -0.28  0.01    0.62  0.01    0.45  0.01    1.00  0.00
    14     15   -0.42  0.00    0.55  0.01    0.40  0.01    0.95  0.00
    15     16   -0.51  0.01    0.51  0.01    0.54  0.01    1.04  0.00
    16     17   -1.67  0.01    0.62  0.01    0.69  0.01    1.18  0.00
    17     18   -1.42  0.01    0.24  0.01    0.25  0.01    0.68  0.00
    18     19   -1.94  0.02    0.27  0.01    0.28  0.01    0.74  0.01
    19     20   -2.50  0.01    0.28  0.02    0.29  0.02    0.78  0.00
    20     21   -3.13  0.02    0.33  0.01    0.34  0.01    0.82  0.00
    21     22   -3.83  0.01    0.36  0.01    0.37  0.01    0.86  0.01
    22     23   -4.59  0.01    0.39  0.01    0.40  0.01    0.89  0.01


Final results in kJ/mol:

point      0 -      1,   DG -17.00 +/-  0.03
point      1 -      2,   DG -13.46 +/-  0.02
point      2 -      3,   DG -6.83 +/-  0.03
point      3 -      4,   DG  4.72 +/-  0.09
point      4 -      5,   DG 20.94 +/-  0.21
point      5 -      6,   DG 11.89 +/-  0.24
point      6 -      7,   DG  7.54 +/-  0.09
point      7 -      8,   DG  4.57 +/-  0.06
point      8 -      9,   DG  3.00 +/-  0.04
point      9 -     10,   DG  1.73 +/-  0.01
point     10 -     11,   DG  0.91 +/-  0.06
point     11 -     12,   DG  0.26 +/-  0.05
point     12 -     13,   DG -0.29 +/-  0.02
point     13 -     14,   DG -0.69 +/-  0.03
point     14 -     15,   DG -1.04 +/-  0.01
point     15 -     16,   DG -1.28 +/-  0.01
point     16 -     17,   DG -4.18 +/-  0.02
point     17 -     18,   DG -3.55 +/-  0.03
point     18 -     19,   DG -4.84 +/-  0.06
point     19 -     20,   DG -6.24 +/-  0.03
point     20 -     21,   DG -7.80 +/-  0.04
point     21 -     22,   DG -9.56 +/-  0.04
point     22 -     23,   DG -11.46 +/-  0.02

total      0 -     23,   DG -32.63 +/-  0.47

