lambda_00/bar.xvg: 0.0 - 984.9; lambda = (0, 0)
    dH/dl & foreign lambdas:
        dH/dl (coul-lambda) (9850 pts)
        dH/dl (vdw-lambda) (9850 pts)
        delta H to (0, 0) (9850 pts)
        delta H to (0, 0.1) (9850 pts)


lambda_01/bar.xvg: 0.0 - 984.4; lambda = (0, 0.1)
    dH/dl & foreign lambdas:
        dH/dl (coul-lambda) (9845 pts)
        dH/dl (vdw-lambda) (9845 pts)
        delta H to (0, 0) (9845 pts)
        delta H to (0, 0.1) (9845 pts)
        delta H to (0, 0.2) (9845 pts)


lambda_02/bar.xvg: 0.0 - 984.2; lambda = (0, 0.2)
    dH/dl & foreign lambdas:
        dH/dl (coul-lambda) (9843 pts)
        dH/dl (vdw-lambda) (9843 pts)
        delta H to (0, 0.1) (9843 pts)
        delta H to (0, 0.2) (9843 pts)
        delta H to (0, 0.3) (9843 pts)


lambda_03/bar.xvg: 0.0 - 987.4; lambda = (0, 0.3)
    dH/dl & foreign lambdas:
        dH/dl (coul-lambda) (9875 pts)
        dH/dl (vdw-lambda) (9875 pts)
        delta H to (0, 0.2) (9875 pts)
        delta H to (0, 0.3) (9875 pts)
        delta H to (0, 0.4) (9875 pts)


lambda_04/bar.xvg: 0.0 - 986.4; lambda = (0, 0.4)
    dH/dl & foreign lambdas:
        dH/dl (coul-lambda) (9865 pts)
        dH/dl (vdw-lambda) (9865 pts)
        delta H to (0, 0.3) (9865 pts)
        delta H to (0, 0.4) (9865 pts)
        delta H to (0, 0.5) (9865 pts)


lambda_05/bar.xvg: 0.0 - 986.5; lambda = (0, 0.5)
    dH/dl & foreign lambdas:
        dH/dl (coul-lambda) (9866 pts)
        dH/dl (vdw-lambda) (9866 pts)
        delta H to (0, 0.4) (9866 pts)
        delta H to (0, 0.5) (9866 pts)
        delta H to (0, 0.55) (9866 pts)


lambda_06/bar.xvg: 0.0 - 985.6; lambda = (0, 0.55)
    dH/dl & foreign lambdas:
        dH/dl (coul-lambda) (9857 pts)
        dH/dl (vdw-lambda) (9857 pts)
        delta H to (0, 0.5) (9857 pts)
        delta H to (0, 0.55) (9857 pts)
        delta H to (0, 0.6) (9857 pts)


lambda_07/bar.xvg: 0.0 - 983.6; lambda = (0, 0.6)
    dH/dl & foreign lambdas:
        dH/dl (coul-lambda) (9837 pts)
        dH/dl (vdw-lambda) (9837 pts)
        delta H to (0, 0.55) (9837 pts)
        delta H to (0, 0.6) (9837 pts)
        delta H to (0, 0.65) (9837 pts)


lambda_08/bar.xvg: 0.0 - 994.9; lambda = (0, 0.65)
    dH/dl & foreign lambdas:
        dH/dl (coul-lambda) (9950 pts)
        dH/dl (vdw-lambda) (9950 pts)
        delta H to (0, 0.6) (9950 pts)
        delta H to (0, 0.65) (9950 pts)
        delta H to (0, 0.7) (9950 pts)


lambda_09/bar.xvg: 0.0 - 992.5; lambda = (0, 0.7)
    dH/dl & foreign lambdas:
        dH/dl (coul-lambda) (9926 pts)
        dH/dl (vdw-lambda) (9926 pts)
        delta H to (0, 0.65) (9926 pts)
        delta H to (0, 0.7) (9926 pts)
        delta H to (0, 0.75) (9926 pts)


lambda_10/bar.xvg: 0.0 - 990.4; lambda = (0, 0.75)
    dH/dl & foreign lambdas:
        dH/dl (coul-lambda) (9905 pts)
        dH/dl (vdw-lambda) (9905 pts)
        delta H to (0, 0.7) (9905 pts)
        delta H to (0, 0.75) (9905 pts)
        delta H to (0, 0.8) (9905 pts)


lambda_11/bar.xvg: 0.0 - 988.4; lambda = (0, 0.8)
    dH/dl & foreign lambdas:
        dH/dl (coul-lambda) (9885 pts)
        dH/dl (vdw-lambda) (9885 pts)
        delta H to (0, 0.75) (9885 pts)
        delta H to (0, 0.8) (9885 pts)
        delta H to (0, 0.85) (9885 pts)


lambda_12/bar.xvg: 0.0 - 986.7; lambda = (0, 0.85)
    dH/dl & foreign lambdas:
        dH/dl (coul-lambda) (9868 pts)
        dH/dl (vdw-lambda) (9868 pts)
        delta H to (0, 0.8) (9868 pts)
        delta H to (0, 0.85) (9868 pts)
        delta H to (0, 0.9) (9868 pts)


lambda_13/bar.xvg: 0.0 - 985.7; lambda = (0, 0.9)
    dH/dl & foreign lambdas:
        dH/dl (coul-lambda) (9858 pts)
        dH/dl (vdw-lambda) (9858 pts)
        delta H to (0, 0.85) (9858 pts)
        delta H to (0, 0.9) (9858 pts)
        delta H to (0, 0.95) (9858 pts)


lambda_14/bar.xvg: 0.0 - 985.1; lambda = (0, 0.95)
    dH/dl & foreign lambdas:
        dH/dl (coul-lambda) (9852 pts)
        dH/dl (vdw-lambda) (9852 pts)
        delta H to (0, 0.9) (9852 pts)
        delta H to (0, 0.95) (9852 pts)
        delta H to (0, 1) (9852 pts)


lambda_15/bar.xvg: 0.0 - 985.1; lambda = (0, 1)
    dH/dl & foreign lambdas:
        dH/dl (coul-lambda) (9852 pts)
        dH/dl (vdw-lambda) (9852 pts)
        delta H to (0, 0.95) (9852 pts)
        delta H to (0, 1) (9852 pts)
        delta H to (0.2, 1) (9852 pts)


lambda_16/bar.xvg: 0.0 - 989.3; lambda = (0.2, 1)
    dH/dl & foreign lambdas:
        dH/dl (coul-lambda) (9894 pts)
        dH/dl (vdw-lambda) (9894 pts)
        delta H to (0, 1) (9894 pts)
        delta H to (0.2, 1) (9894 pts)
        delta H to (0.4, 1) (9894 pts)


lambda_17/bar.xvg: 0.0 - 993.4; lambda = (0.4, 1)
    dH/dl & foreign lambdas:
        dH/dl (coul-lambda) (9935 pts)
        dH/dl (vdw-lambda) (9935 pts)
        delta H to (0.2, 1) (9935 pts)
        delta H to (0.4, 1) (9935 pts)
        delta H to (0.5, 1) (9935 pts)


lambda_18/bar.xvg: 0.0 - 995.7; lambda = (0.5, 1)
    dH/dl & foreign lambdas:
        dH/dl (coul-lambda) (9958 pts)
        dH/dl (vdw-lambda) (9958 pts)
        delta H to (0.4, 1) (9958 pts)
        delta H to (0.5, 1) (9958 pts)
        delta H to (0.6, 1) (9958 pts)


lambda_19/bar.xvg: 0.0 - 984.6; lambda = (0.6, 1)
    dH/dl & foreign lambdas:
        dH/dl (coul-lambda) (9847 pts)
        dH/dl (vdw-lambda) (9847 pts)
        delta H to (0.5, 1) (9847 pts)
        delta H to (0.6, 1) (9847 pts)
        delta H to (0.7, 1) (9847 pts)


lambda_20/bar.xvg: 0.0 - 986.8; lambda = (0.7, 1)
    dH/dl & foreign lambdas:
        dH/dl (coul-lambda) (9869 pts)
        dH/dl (vdw-lambda) (9869 pts)
        delta H to (0.6, 1) (9869 pts)
        delta H to (0.7, 1) (9869 pts)
        delta H to (0.8, 1) (9869 pts)


lambda_21/bar.xvg: 0.0 - 989.0; lambda = (0.8, 1)
    dH/dl & foreign lambdas:
        dH/dl (coul-lambda) (9891 pts)
        dH/dl (vdw-lambda) (9891 pts)
        delta H to (0.7, 1) (9891 pts)
        delta H to (0.8, 1) (9891 pts)
        delta H to (0.9, 1) (9891 pts)


lambda_22/bar.xvg: 0.0 - 991.0; lambda = (0.9, 1)
    dH/dl & foreign lambdas:
        dH/dl (coul-lambda) (9911 pts)
        dH/dl (vdw-lambda) (9911 pts)
        delta H to (0.8, 1) (9911 pts)
        delta H to (0.9, 1) (9911 pts)
        delta H to (1, 1) (9911 pts)


lambda_23/bar.xvg: 0.0 - 981.3; lambda = (1, 1)
    dH/dl & foreign lambdas:
        dH/dl (coul-lambda) (9814 pts)
        dH/dl (vdw-lambda) (9814 pts)
        delta H to (0.9, 1) (9814 pts)
        delta H to (1, 1) (9814 pts)



   Samples in time interval: 0.000 - 995.700
Removing samples outside of: 100.000 - 995.700

Temperature: 300 K

Detailed results in kT (see help for explanation):

 lam_A  lam_B      DG   +/-     s_A   +/-     s_B   +/-   stdev   +/- 
     0      1   -6.82  0.01    0.03  0.01    0.03  0.01    0.24  0.00
     1      2   -5.39  0.01    0.02  0.00    0.02  0.00    0.23  0.00
     2      3   -2.73  0.01    0.08  0.01    0.08  0.01    0.38  0.01
     3      4    1.89  0.03    0.36  0.03    0.40  0.04    0.89  0.02
     4      5    8.19  0.08    2.53  0.08    2.92  0.10    2.74  0.06
     5      6    4.63  0.07    2.27  0.06    1.97  0.04    2.37  0.05
     6      7    2.98  0.03    2.36  0.05    1.56  0.04    2.12  0.04
     7      8    1.88  0.04    1.61  0.06    1.12  0.02    1.70  0.03
     8      9    1.21  0.03    1.30  0.04    0.92  0.03    1.50  0.02
     9     10    0.73  0.02    1.07  0.03    0.75  0.02    1.36  0.01
    10     11    0.35  0.02    0.95  0.01    0.65  0.01    1.25  0.01
    11     12    0.07  0.01    0.78  0.02    0.55  0.02    1.14  0.01
    12     13   -0.15  0.01    0.69  0.01    0.49  0.01    1.06  0.01
    13     14   -0.30  0.01    0.59  0.00    0.42  0.00    1.00  0.01
    14     15   -0.41  0.01    0.56  0.01    0.40  0.01    0.96  0.01
    15     16   -0.50  0.01    0.56  0.02    0.59  0.02    1.08  0.01
    16     17   -1.78  0.02    0.69  0.01    0.78  0.01    1.24  0.01
    17     18   -1.53  0.01    0.25  0.00    0.27  0.00    0.71  0.00
    18     19   -2.07  0.02    0.27  0.02    0.29  0.02    0.76  0.01
    19     20   -2.68  0.01    0.33  0.04    0.34  0.04    0.82  0.01
    20     21   -3.37  0.02    0.35  0.02    0.36  0.02    0.86  0.00
    21     22   -4.15  0.01    0.41  0.01    0.42  0.01    0.90  0.01
    22     23   -4.95  0.02    0.38  0.02    0.39  0.02    0.91  0.01


Final results in kJ/mol:

point      0 -      1,   DG -17.01 +/-  0.01
point      1 -      2,   DG -13.45 +/-  0.02
point      2 -      3,   DG -6.82 +/-  0.01
point      3 -      4,   DG  4.71 +/-  0.07
point      4 -      5,   DG 20.44 +/-  0.20
point      5 -      6,   DG 11.54 +/-  0.18
point      6 -      7,   DG  7.43 +/-  0.08
point      7 -      8,   DG  4.69 +/-  0.09
point      8 -      9,   DG  3.02 +/-  0.07
point      9 -     10,   DG  1.81 +/-  0.06
point     10 -     11,   DG  0.88 +/-  0.05
point     11 -     12,   DG  0.16 +/-  0.02
point     12 -     13,   DG -0.36 +/-  0.02
point     13 -     14,   DG -0.74 +/-  0.02
point     14 -     15,   DG -1.02 +/-  0.02
point     15 -     16,   DG -1.25 +/-  0.02
point     16 -     17,   DG -4.43 +/-  0.05
point     17 -     18,   DG -3.82 +/-  0.03
point     18 -     19,   DG -5.16 +/-  0.05
point     19 -     20,   DG -6.69 +/-  0.02
point     20 -     21,   DG -8.41 +/-  0.06
point     21 -     22,   DG -10.34 +/-  0.03
point     22 -     23,   DG -12.33 +/-  0.05

total      0 -     23,   DG -37.15 +/-  0.31

