lambda_00/bar.xvg: 0.0 - 873.2; lambda = (0, 0)
    dH/dl & foreign lambdas:
        dH/dl (coul-lambda) (8733 pts)
        dH/dl (vdw-lambda) (8733 pts)
        delta H to (0, 0) (8733 pts)
        delta H to (0, 0.1) (8733 pts)


lambda_01/bar.xvg: 0.0 - 864.8; lambda = (0, 0.1)
    dH/dl & foreign lambdas:
        dH/dl (coul-lambda) (8649 pts)
        dH/dl (vdw-lambda) (8649 pts)
        delta H to (0, 0) (8649 pts)
        delta H to (0, 0.1) (8649 pts)
        delta H to (0, 0.2) (8649 pts)


lambda_02/bar.xvg: 0.0 - 864.8; lambda = (0, 0.2)
    dH/dl & foreign lambdas:
        dH/dl (coul-lambda) (8649 pts)
        dH/dl (vdw-lambda) (8649 pts)
        delta H to (0, 0.1) (8649 pts)
        delta H to (0, 0.2) (8649 pts)
        delta H to (0, 0.3) (8649 pts)


lambda_03/bar.xvg: 0.0 - 865.5; lambda = (0, 0.3)
    dH/dl & foreign lambdas:
        dH/dl (coul-lambda) (8656 pts)
        dH/dl (vdw-lambda) (8656 pts)
        delta H to (0, 0.2) (8656 pts)
        delta H to (0, 0.3) (8656 pts)
        delta H to (0, 0.4) (8656 pts)


lambda_04/bar.xvg: 0.0 - 864.8; lambda = (0, 0.4)
    dH/dl & foreign lambdas:
        dH/dl (coul-lambda) (8649 pts)
        dH/dl (vdw-lambda) (8649 pts)
        delta H to (0, 0.3) (8649 pts)
        delta H to (0, 0.4) (8649 pts)
        delta H to (0, 0.5) (8649 pts)


lambda_05/bar.xvg: 0.0 - 864.8; lambda = (0, 0.5)
    dH/dl & foreign lambdas:
        dH/dl (coul-lambda) (8649 pts)
        dH/dl (vdw-lambda) (8649 pts)
        delta H to (0, 0.4) (8649 pts)
        delta H to (0, 0.5) (8649 pts)
        delta H to (0, 0.55) (8649 pts)


lambda_06/bar.xvg: 0.0 - 864.8; lambda = (0, 0.55)
    dH/dl & foreign lambdas:
        dH/dl (coul-lambda) (8649 pts)
        dH/dl (vdw-lambda) (8649 pts)
        delta H to (0, 0.5) (8649 pts)
        delta H to (0, 0.55) (8649 pts)
        delta H to (0, 0.6) (8649 pts)


lambda_07/bar.xvg: 0.0 - 864.8; lambda = (0, 0.6)
    dH/dl & foreign lambdas:
        dH/dl (coul-lambda) (8649 pts)
        dH/dl (vdw-lambda) (8649 pts)
        delta H to (0, 0.55) (8649 pts)
        delta H to (0, 0.6) (8649 pts)
        delta H to (0, 0.65) (8649 pts)


lambda_08/bar.xvg: 0.0 - 864.8; lambda = (0, 0.65)
    dH/dl & foreign lambdas:
        dH/dl (coul-lambda) (8649 pts)
        dH/dl (vdw-lambda) (8649 pts)
        delta H to (0, 0.6) (8649 pts)
        delta H to (0, 0.65) (8649 pts)
        delta H to (0, 0.7) (8649 pts)


lambda_09/bar.xvg: 0.0 - 872.5; lambda = (0, 0.7)
    dH/dl & foreign lambdas:
        dH/dl (coul-lambda) (8726 pts)
        dH/dl (vdw-lambda) (8726 pts)
        delta H to (0, 0.65) (8726 pts)
        delta H to (0, 0.7) (8726 pts)
        delta H to (0, 0.75) (8726 pts)


lambda_10/bar.xvg: 0.0 - 870.3; lambda = (0, 0.75)
    dH/dl & foreign lambdas:
        dH/dl (coul-lambda) (8704 pts)
        dH/dl (vdw-lambda) (8704 pts)
        delta H to (0, 0.7) (8704 pts)
        delta H to (0, 0.75) (8704 pts)
        delta H to (0, 0.8) (8704 pts)


lambda_11/bar.xvg: 0.0 - 868.9; lambda = (0, 0.8)
    dH/dl & foreign lambdas:
        dH/dl (coul-lambda) (8690 pts)
        dH/dl (vdw-lambda) (8690 pts)
        delta H to (0, 0.75) (8690 pts)
        delta H to (0, 0.8) (8690 pts)
        delta H to (0, 0.85) (8690 pts)


lambda_12/bar.xvg: 0.0 - 867.3; lambda = (0, 0.85)
    dH/dl & foreign lambdas:
        dH/dl (coul-lambda) (8674 pts)
        dH/dl (vdw-lambda) (8674 pts)
        delta H to (0, 0.8) (8674 pts)
        delta H to (0, 0.85) (8674 pts)
        delta H to (0, 0.9) (8674 pts)


lambda_13/bar.xvg: 0.0 - 866.3; lambda = (0, 0.9)
    dH/dl & foreign lambdas:
        dH/dl (coul-lambda) (8664 pts)
        dH/dl (vdw-lambda) (8664 pts)
        delta H to (0, 0.85) (8664 pts)
        delta H to (0, 0.9) (8664 pts)
        delta H to (0, 0.95) (8664 pts)


lambda_14/bar.xvg: 0.0 - 865.5; lambda = (0, 0.95)
    dH/dl & foreign lambdas:
        dH/dl (coul-lambda) (8656 pts)
        dH/dl (vdw-lambda) (8656 pts)
        delta H to (0, 0.9) (8656 pts)
        delta H to (0, 0.95) (8656 pts)
        delta H to (0, 1) (8656 pts)


lambda_15/bar.xvg: 0.0 - 864.8; lambda = (0, 1)
    dH/dl & foreign lambdas:
        dH/dl (coul-lambda) (8649 pts)
        dH/dl (vdw-lambda) (8649 pts)
        delta H to (0, 0.95) (8649 pts)
        delta H to (0, 1) (8649 pts)
        delta H to (0.2, 1) (8649 pts)


lambda_16/bar.xvg: 0.0 - 869.9; lambda = (0.2, 1)
    dH/dl & foreign lambdas:
        dH/dl (coul-lambda) (8700 pts)
        dH/dl (vdw-lambda) (8700 pts)
        delta H to (0, 1) (8700 pts)
        delta H to (0.2, 1) (8700 pts)
        delta H to (0.4, 1) (8700 pts)


lambda_17/bar.xvg: 0.0 - 873.7; lambda = (0.4, 1)
    dH/dl & foreign lambdas:
        dH/dl (coul-lambda) (8738 pts)
        dH/dl (vdw-lambda) (8738 pts)
        delta H to (0.2, 1) (8738 pts)
        delta H to (0.4, 1) (8738 pts)
        delta H to (0.5, 1) (8738 pts)


lambda_18/bar.xvg: 0.0 - 864.8; lambda = (0.5, 1)
    dH/dl & foreign lambdas:
        dH/dl (coul-lambda) (8649 pts)
        dH/dl (vdw-lambda) (8649 pts)
        delta H to (0.4, 1) (8649 pts)
        delta H to (0.5, 1) (8649 pts)
        delta H to (0.6, 1) (8649 pts)


lambda_19/bar.xvg: 0.0 - 864.8; lambda = (0.6, 1)
    dH/dl & foreign lambdas:
        dH/dl (coul-lambda) (8649 pts)
        dH/dl (vdw-lambda) (8649 pts)
        delta H to (0.5, 1) (8649 pts)
        delta H to (0.6, 1) (8649 pts)
        delta H to (0.7, 1) (8649 pts)


lambda_20/bar.xvg: 0.0 - 866.2; lambda = (0.7, 1)
    dH/dl & foreign lambdas:
        dH/dl (coul-lambda) (8663 pts)
        dH/dl (vdw-lambda) (8663 pts)
        delta H to (0.6, 1) (8663 pts)
        delta H to (0.7, 1) (8663 pts)
        delta H to (0.8, 1) (8663 pts)


lambda_21/bar.xvg: 0.0 - 868.0; lambda = (0.8, 1)
    dH/dl & foreign lambdas:
        dH/dl (coul-lambda) (8681 pts)
        dH/dl (vdw-lambda) (8681 pts)
        delta H to (0.7, 1) (8681 pts)
        delta H to (0.8, 1) (8681 pts)
        delta H to (0.9, 1) (8681 pts)


lambda_22/bar.xvg: 0.0 - 869.9; lambda = (0.9, 1)
    dH/dl & foreign lambdas:
        dH/dl (coul-lambda) (8700 pts)
        dH/dl (vdw-lambda) (8700 pts)
        delta H to (0.8, 1) (8700 pts)
        delta H to (0.9, 1) (8700 pts)
        delta H to (1, 1) (8700 pts)


lambda_23/bar.xvg: 0.0 - 866.4; lambda = (1, 1)
    dH/dl & foreign lambdas:
        dH/dl (coul-lambda) (8665 pts)
        dH/dl (vdw-lambda) (8665 pts)
        delta H to (0.9, 1) (8665 pts)
        delta H to (1, 1) (8665 pts)



   Samples in time interval: 0.000 - 873.700
Removing samples outside of: 100.000 - 873.700

Temperature: 300 K

Detailed results in kT (see help for explanation):

 lam_A  lam_B      DG   +/-     s_A   +/-     s_B   +/-   stdev   +/- 
     0      1   -7.29  0.01    0.02  0.01    0.02  0.01    0.24  0.00
     1      2   -5.76  0.01    0.03  0.00    0.03  0.00    0.24  0.00
     2      3   -2.93  0.01    0.08  0.01    0.09  0.01    0.40  0.00
     3      4    2.07  0.01    0.35  0.03    0.38  0.03    0.89  0.01
     4      5    9.02  0.09    2.65  0.08    3.16  0.09    2.87  0.05
     5      6    5.12  0.11    2.44  0.04    2.08  0.06    2.45  0.05
     6      7    3.36  0.02    2.64  0.10    1.77  0.02    2.30  0.03
     7      8    2.04  0.02    1.79  0.01    1.20  0.01    1.78  0.02
     8      9    1.36  0.01    1.36  0.04    0.95  0.02    1.57  0.02
     9     10    0.85  0.02    1.22  0.03    0.85  0.02    1.44  0.01
    10     11    0.43  0.02    1.00  0.02    0.70  0.01    1.30  0.01
    11     12    0.12  0.01    0.87  0.03    0.60  0.02    1.20  0.01
    12     13   -0.10  0.00    0.75  0.02    0.53  0.01    1.12  0.00
    13     14   -0.27  0.01    0.66  0.01    0.47  0.01    1.04  0.00
    14     15   -0.42  0.01    0.62  0.01    0.45  0.01    1.00  0.01
    15     16   -0.46  0.02    0.51  0.02    0.54  0.02    1.01  0.01
    16     17   -1.64  0.02    0.64  0.02    0.71  0.02    1.17  0.01
    17     18   -1.39  0.02    0.21  0.01    0.22  0.01    0.66  0.01
    18     19   -1.87  0.01    0.25  0.02    0.27  0.02    0.72  0.01
    19     20   -2.43  0.01    0.29  0.02    0.31  0.02    0.78  0.01
    20     21   -3.06  0.02    0.33  0.01    0.34  0.01    0.82  0.01
    21     22   -3.75  0.02    0.35  0.01    0.36  0.01    0.85  0.01
    22     23   -4.53  0.02    0.41  0.03    0.42  0.03    0.90  0.01


Final results in kJ/mol:

point      0 -      1,   DG -18.18 +/-  0.01
point      1 -      2,   DG -14.38 +/-  0.01
point      2 -      3,   DG -7.30 +/-  0.02
point      3 -      4,   DG  5.16 +/-  0.03
point      4 -      5,   DG 22.50 +/-  0.23
point      5 -      6,   DG 12.78 +/-  0.28
point      6 -      7,   DG  8.38 +/-  0.04
point      7 -      8,   DG  5.10 +/-  0.06
point      8 -      9,   DG  3.39 +/-  0.02
point      9 -     10,   DG  2.12 +/-  0.05
point     10 -     11,   DG  1.07 +/-  0.06
point     11 -     12,   DG  0.31 +/-  0.04
point     12 -     13,   DG -0.26 +/-  0.01
point     13 -     14,   DG -0.68 +/-  0.03
point     14 -     15,   DG -1.04 +/-  0.01
point     15 -     16,   DG -1.16 +/-  0.04
point     16 -     17,   DG -4.10 +/-  0.04
point     17 -     18,   DG -3.46 +/-  0.04
point     18 -     19,   DG -4.65 +/-  0.03
point     19 -     20,   DG -6.05 +/-  0.01
point     20 -     21,   DG -7.64 +/-  0.04
point     21 -     22,   DG -9.37 +/-  0.05
point     22 -     23,   DG -11.30 +/-  0.04

total      0 -     23,   DG -28.76 +/-  0.49

