lambda_00/bar.xvg: 0.0 - 1000.0; lambda = (0, 0)
    dH/dl & foreign lambdas:
        dH/dl (coul-lambda) (10001 pts)
        dH/dl (vdw-lambda) (10001 pts)
        delta H to (0, 0) (10001 pts)
        delta H to (0, 0.1) (10001 pts)


lambda_01/bar.xvg: 0.0 - 1000.0; lambda = (0, 0.1)
    dH/dl & foreign lambdas:
        dH/dl (coul-lambda) (10001 pts)
        dH/dl (vdw-lambda) (10001 pts)
        delta H to (0, 0) (10001 pts)
        delta H to (0, 0.1) (10001 pts)
        delta H to (0, 0.2) (10001 pts)


lambda_02/bar.xvg: 0.0 - 1000.0; lambda = (0, 0.2)
    dH/dl & foreign lambdas:
        dH/dl (coul-lambda) (10001 pts)
        dH/dl (vdw-lambda) (10001 pts)
        delta H to (0, 0.1) (10001 pts)
        delta H to (0, 0.2) (10001 pts)
        delta H to (0, 0.3) (10001 pts)


lambda_03/bar.xvg: 0.0 - 1000.0; lambda = (0, 0.3)
    dH/dl & foreign lambdas:
        dH/dl (coul-lambda) (10001 pts)
        dH/dl (vdw-lambda) (10001 pts)
        delta H to (0, 0.2) (10001 pts)
        delta H to (0, 0.3) (10001 pts)
        delta H to (0, 0.4) (10001 pts)


lambda_04/bar.xvg: 0.0 - 1000.0; lambda = (0, 0.4)
    dH/dl & foreign lambdas:
        dH/dl (coul-lambda) (10001 pts)
        dH/dl (vdw-lambda) (10001 pts)
        delta H to (0, 0.3) (10001 pts)
        delta H to (0, 0.4) (10001 pts)
        delta H to (0, 0.5) (10001 pts)


lambda_05/bar.xvg: 0.0 - 1000.0; lambda = (0, 0.5)
    dH/dl & foreign lambdas:
        dH/dl (coul-lambda) (10001 pts)
        dH/dl (vdw-lambda) (10001 pts)
        delta H to (0, 0.4) (10001 pts)
        delta H to (0, 0.5) (10001 pts)
        delta H to (0, 0.55) (10001 pts)


lambda_06/bar.xvg: 0.0 - 1000.0; lambda = (0, 0.55)
    dH/dl & foreign lambdas:
        dH/dl (coul-lambda) (10001 pts)
        dH/dl (vdw-lambda) (10001 pts)
        delta H to (0, 0.5) (10001 pts)
        delta H to (0, 0.55) (10001 pts)
        delta H to (0, 0.6) (10001 pts)


lambda_07/bar.xvg: 0.0 - 1000.0; lambda = (0, 0.6)
    dH/dl & foreign lambdas:
        dH/dl (coul-lambda) (10001 pts)
        dH/dl (vdw-lambda) (10001 pts)
        delta H to (0, 0.55) (10001 pts)
        delta H to (0, 0.6) (10001 pts)
        delta H to (0, 0.65) (10001 pts)


lambda_08/bar.xvg: 0.0 - 1000.0; lambda = (0, 0.65)
    dH/dl & foreign lambdas:
        dH/dl (coul-lambda) (10001 pts)
        dH/dl (vdw-lambda) (10001 pts)
        delta H to (0, 0.6) (10001 pts)
        delta H to (0, 0.65) (10001 pts)
        delta H to (0, 0.7) (10001 pts)


lambda_09/bar.xvg: 0.0 - 1000.0; lambda = (0, 0.7)
    dH/dl & foreign lambdas:
        dH/dl (coul-lambda) (10001 pts)
        dH/dl (vdw-lambda) (10001 pts)
        delta H to (0, 0.65) (10001 pts)
        delta H to (0, 0.7) (10001 pts)
        delta H to (0, 0.75) (10001 pts)


lambda_10/bar.xvg: 0.0 - 1000.0; lambda = (0, 0.75)
    dH/dl & foreign lambdas:
        dH/dl (coul-lambda) (10001 pts)
        dH/dl (vdw-lambda) (10001 pts)
        delta H to (0, 0.7) (10001 pts)
        delta H to (0, 0.75) (10001 pts)
        delta H to (0, 0.8) (10001 pts)


lambda_11/bar.xvg: 0.0 - 1000.0; lambda = (0, 0.8)
    dH/dl & foreign lambdas:
        dH/dl (coul-lambda) (10001 pts)
        dH/dl (vdw-lambda) (10001 pts)
        delta H to (0, 0.75) (10001 pts)
        delta H to (0, 0.8) (10001 pts)
        delta H to (0, 0.85) (10001 pts)


lambda_12/bar.xvg: 0.0 - 1000.0; lambda = (0, 0.85)
    dH/dl & foreign lambdas:
        dH/dl (coul-lambda) (10001 pts)
        dH/dl (vdw-lambda) (10001 pts)
        delta H to (0, 0.8) (10001 pts)
        delta H to (0, 0.85) (10001 pts)
        delta H to (0, 0.9) (10001 pts)


lambda_13/bar.xvg: 0.0 - 1000.0; lambda = (0, 0.9)
    dH/dl & foreign lambdas:
        dH/dl (coul-lambda) (10001 pts)
        dH/dl (vdw-lambda) (10001 pts)
        delta H to (0, 0.85) (10001 pts)
        delta H to (0, 0.9) (10001 pts)
        delta H to (0, 0.95) (10001 pts)


lambda_14/bar.xvg: 0.0 - 1000.0; lambda = (0, 0.95)
    dH/dl & foreign lambdas:
        dH/dl (coul-lambda) (10001 pts)
        dH/dl (vdw-lambda) (10001 pts)
        delta H to (0, 0.9) (10001 pts)
        delta H to (0, 0.95) (10001 pts)
        delta H to (0, 1) (10001 pts)


lambda_15/bar.xvg: 0.0 - 1000.0; lambda = (0, 1)
    dH/dl & foreign lambdas:
        dH/dl (coul-lambda) (10001 pts)
        dH/dl (vdw-lambda) (10001 pts)
        delta H to (0, 0.95) (10001 pts)
        delta H to (0, 1) (10001 pts)
        delta H to (0.2, 1) (10001 pts)


lambda_16/bar.xvg: 0.0 - 1000.0; lambda = (0.2, 1)
    dH/dl & foreign lambdas:
        dH/dl (coul-lambda) (10001 pts)
        dH/dl (vdw-lambda) (10001 pts)
        delta H to (0, 1) (10001 pts)
        delta H to (0.2, 1) (10001 pts)
        delta H to (0.4, 1) (10001 pts)


lambda_17/bar.xvg: 0.0 - 1000.0; lambda = (0.4, 1)
    dH/dl & foreign lambdas:
        dH/dl (coul-lambda) (10001 pts)
        dH/dl (vdw-lambda) (10001 pts)
        delta H to (0.2, 1) (10001 pts)
        delta H to (0.4, 1) (10001 pts)
        delta H to (0.5, 1) (10001 pts)


lambda_18/bar.xvg: 0.0 - 1000.0; lambda = (0.5, 1)
    dH/dl & foreign lambdas:
        dH/dl (coul-lambda) (10001 pts)
        dH/dl (vdw-lambda) (10001 pts)
        delta H to (0.4, 1) (10001 pts)
        delta H to (0.5, 1) (10001 pts)
        delta H to (0.6, 1) (10001 pts)


lambda_19/bar.xvg: 0.0 - 1000.0; lambda = (0.6, 1)
    dH/dl & foreign lambdas:
        dH/dl (coul-lambda) (10001 pts)
        dH/dl (vdw-lambda) (10001 pts)
        delta H to (0.5, 1) (10001 pts)
        delta H to (0.6, 1) (10001 pts)
        delta H to (0.7, 1) (10001 pts)


lambda_20/bar.xvg: 0.0 - 1000.0; lambda = (0.7, 1)
    dH/dl & foreign lambdas:
        dH/dl (coul-lambda) (10001 pts)
        dH/dl (vdw-lambda) (10001 pts)
        delta H to (0.6, 1) (10001 pts)
        delta H to (0.7, 1) (10001 pts)
        delta H to (0.8, 1) (10001 pts)


lambda_21/bar.xvg: 0.0 - 1000.0; lambda = (0.8, 1)
    dH/dl & foreign lambdas:
        dH/dl (coul-lambda) (10001 pts)
        dH/dl (vdw-lambda) (10001 pts)
        delta H to (0.7, 1) (10001 pts)
        delta H to (0.8, 1) (10001 pts)
        delta H to (0.9, 1) (10001 pts)


lambda_22/bar.xvg: 0.0 - 1000.0; lambda = (0.9, 1)
    dH/dl & foreign lambdas:
        dH/dl (coul-lambda) (10001 pts)
        dH/dl (vdw-lambda) (10001 pts)
        delta H to (0.8, 1) (10001 pts)
        delta H to (0.9, 1) (10001 pts)
        delta H to (1, 1) (10001 pts)


lambda_23/bar.xvg: 0.0 - 1000.0; lambda = (1, 1)
    dH/dl & foreign lambdas:
        dH/dl (coul-lambda) (10001 pts)
        dH/dl (vdw-lambda) (10001 pts)
        delta H to (0.9, 1) (10001 pts)
        delta H to (1, 1) (10001 pts)



Temperature: 300 K

Detailed results in kT (see help for explanation):

 lam_A  lam_B      DG   +/-     s_A   +/-     s_B   +/-   stdev   +/- 
     0      1   -5.98  0.01    0.02  0.00    0.02  0.00    0.22  0.00
     1      2   -4.73  0.00    0.02  0.00    0.02  0.00    0.22  0.00
     2      3   -2.40  0.01    0.06  0.01    0.06  0.01    0.35  0.01
     3      4    1.72  0.01    0.29  0.03    0.32  0.03    0.79  0.01
     4      5    7.62  0.12    1.99  0.09    2.42  0.09    2.38  0.06
     5      6    4.43  0.08    2.11  0.13    1.84  0.11    2.24  0.07
     6      7    2.88  0.09    2.19  0.09    1.45  0.07    2.04  0.04
     7      8    1.83  0.04    1.49  0.04    1.03  0.03    1.60  0.02
     8      9    1.19  0.02    1.19  0.03    0.85  0.02    1.42  0.01
     9     10    0.71  0.02    0.97  0.02    0.69  0.01    1.28  0.01
    10     11    0.39  0.01    0.79  0.02    0.55  0.01    1.16  0.01
    11     12    0.16  0.01    0.71  0.02    0.49  0.01    1.08  0.01
    12     13   -0.03  0.01    0.64  0.02    0.45  0.02    1.01  0.01
    13     14   -0.19  0.01    0.54  0.01    0.39  0.01    0.94  0.01
    14     15   -0.29  0.01    0.49  0.02    0.35  0.01    0.90  0.01
    15     16   -0.55  0.01    0.57  0.01    0.59  0.01    1.07  0.01
    16     17   -1.80  0.01    0.67  0.02    0.76  0.02    1.22  0.01
    17     18   -1.51  0.01    0.23  0.00    0.25  0.00    0.70  0.01
    18     19   -2.05  0.02    0.29  0.01    0.31  0.01    0.76  0.00
    19     20   -2.71  0.02    0.35  0.01    0.36  0.01    0.82  0.00
    20     21   -3.43  0.02    0.36  0.01    0.37  0.01    0.86  0.00
    21     22   -4.17  0.02    0.37  0.01    0.38  0.02    0.90  0.01
    22     23   -4.99  0.01    0.44  0.02    0.44  0.02    0.94  0.01


Final results in kJ/mol:

point      0 -      1,   DG -14.93 +/-  0.02
point      1 -      2,   DG -11.80 +/-  0.01
point      2 -      3,   DG -5.98 +/-  0.02
point      3 -      4,   DG  4.28 +/-  0.03
point      4 -      5,   DG 19.00 +/-  0.29
point      5 -      6,   DG 11.06 +/-  0.21
point      6 -      7,   DG  7.18 +/-  0.21
point      7 -      8,   DG  4.57 +/-  0.11
point      8 -      9,   DG  2.97 +/-  0.05
point      9 -     10,   DG  1.77 +/-  0.04
point     10 -     11,   DG  0.96 +/-  0.04
point     11 -     12,   DG  0.41 +/-  0.04
point     12 -     13,   DG -0.07 +/-  0.03
point     13 -     14,   DG -0.47 +/-  0.02
point     14 -     15,   DG -0.72 +/-  0.03
point     15 -     16,   DG -1.37 +/-  0.02
point     16 -     17,   DG -4.50 +/-  0.03
point     17 -     18,   DG -3.77 +/-  0.04
point     18 -     19,   DG -5.11 +/-  0.04
point     19 -     20,   DG -6.75 +/-  0.04
point     20 -     21,   DG -8.55 +/-  0.05
point     21 -     22,   DG -10.41 +/-  0.05
point     22 -     23,   DG -12.45 +/-  0.02

total      0 -     23,   DG -34.68 +/-  0.99

