lambda_00/bar.xvg: 0.0 - 348.9; lambda = (0, 0)
    dH/dl & foreign lambdas:
        dH/dl (coul-lambda) (3490 pts)
        dH/dl (vdw-lambda) (3490 pts)
        delta H to (0, 0) (3490 pts)
        delta H to (0, 0.1) (3490 pts)


lambda_01/bar.xvg: 0.0 - 358.5; lambda = (0, 0.1)
    dH/dl & foreign lambdas:
        dH/dl (coul-lambda) (3586 pts)
        dH/dl (vdw-lambda) (3586 pts)
        delta H to (0, 0) (3586 pts)
        delta H to (0, 0.1) (3586 pts)
        delta H to (0, 0.2) (3586 pts)


lambda_02/bar.xvg: 0.0 - 358.5; lambda = (0, 0.2)
    dH/dl & foreign lambdas:
        dH/dl (coul-lambda) (3586 pts)
        dH/dl (vdw-lambda) (3586 pts)
        delta H to (0, 0.1) (3586 pts)
        delta H to (0, 0.2) (3586 pts)
        delta H to (0, 0.3) (3586 pts)


lambda_03/bar.xvg: 0.0 - 350.8; lambda = (0, 0.3)
    dH/dl & foreign lambdas:
        dH/dl (coul-lambda) (3509 pts)
        dH/dl (vdw-lambda) (3509 pts)
        delta H to (0, 0.2) (3509 pts)
        delta H to (0, 0.3) (3509 pts)
        delta H to (0, 0.4) (3509 pts)


lambda_04/bar.xvg: 0.0 - 350.5; lambda = (0, 0.4)
    dH/dl & foreign lambdas:
        dH/dl (coul-lambda) (3506 pts)
        dH/dl (vdw-lambda) (3506 pts)
        delta H to (0, 0.3) (3506 pts)
        delta H to (0, 0.4) (3506 pts)
        delta H to (0, 0.5) (3506 pts)


lambda_05/bar.xvg: 0.0 - 350.8; lambda = (0, 0.5)
    dH/dl & foreign lambdas:
        dH/dl (coul-lambda) (3509 pts)
        dH/dl (vdw-lambda) (3509 pts)
        delta H to (0, 0.4) (3509 pts)
        delta H to (0, 0.5) (3509 pts)
        delta H to (0, 0.55) (3509 pts)


lambda_06/bar.xvg: 0.0 - 350.3; lambda = (0, 0.55)
    dH/dl & foreign lambdas:
        dH/dl (coul-lambda) (3504 pts)
        dH/dl (vdw-lambda) (3504 pts)
        delta H to (0, 0.5) (3504 pts)
        delta H to (0, 0.55) (3504 pts)
        delta H to (0, 0.6) (3504 pts)


lambda_07/bar.xvg: 0.0 - 349.3; lambda = (0, 0.6)
    dH/dl & foreign lambdas:
        dH/dl (coul-lambda) (3494 pts)
        dH/dl (vdw-lambda) (3494 pts)
        delta H to (0, 0.55) (3494 pts)
        delta H to (0, 0.6) (3494 pts)
        delta H to (0, 0.65) (3494 pts)


lambda_08/bar.xvg: 0.0 - 362.0; lambda = (0, 0.65)
    dH/dl & foreign lambdas:
        dH/dl (coul-lambda) (3621 pts)
        dH/dl (vdw-lambda) (3621 pts)
        delta H to (0, 0.6) (3621 pts)
        delta H to (0, 0.65) (3621 pts)
        delta H to (0, 0.7) (3621 pts)


lambda_09/bar.xvg: 0.0 - 360.9; lambda = (0, 0.7)
    dH/dl & foreign lambdas:
        dH/dl (coul-lambda) (3610 pts)
        dH/dl (vdw-lambda) (3610 pts)
        delta H to (0, 0.65) (3610 pts)
        delta H to (0, 0.7) (3610 pts)
        delta H to (0, 0.75) (3610 pts)


lambda_10/bar.xvg: 0.0 - 360.1; lambda = (0, 0.75)
    dH/dl & foreign lambdas:
        dH/dl (coul-lambda) (3602 pts)
        dH/dl (vdw-lambda) (3602 pts)
        delta H to (0, 0.7) (3602 pts)
        delta H to (0, 0.75) (3602 pts)
        delta H to (0, 0.8) (3602 pts)


lambda_11/bar.xvg: 0.0 - 359.4; lambda = (0, 0.8)
    dH/dl & foreign lambdas:
        dH/dl (coul-lambda) (3595 pts)
        dH/dl (vdw-lambda) (3595 pts)
        delta H to (0, 0.75) (3595 pts)
        delta H to (0, 0.8) (3595 pts)
        delta H to (0, 0.85) (3595 pts)


lambda_12/bar.xvg: 0.0 - 358.8; lambda = (0, 0.85)
    dH/dl & foreign lambdas:
        dH/dl (coul-lambda) (3589 pts)
        dH/dl (vdw-lambda) (3589 pts)
        delta H to (0, 0.8) (3589 pts)
        delta H to (0, 0.85) (3589 pts)
        delta H to (0, 0.9) (3589 pts)


lambda_13/bar.xvg: 0.0 - 358.4; lambda = (0, 0.9)
    dH/dl & foreign lambdas:
        dH/dl (coul-lambda) (3585 pts)
        dH/dl (vdw-lambda) (3585 pts)
        delta H to (0, 0.85) (3585 pts)
        delta H to (0, 0.9) (3585 pts)
        delta H to (0, 0.95) (3585 pts)


lambda_14/bar.xvg: 0.0 - 358.1; lambda = (0, 0.95)
    dH/dl & foreign lambdas:
        dH/dl (coul-lambda) (3582 pts)
        dH/dl (vdw-lambda) (3582 pts)
        delta H to (0, 0.9) (3582 pts)
        delta H to (0, 0.95) (3582 pts)
        delta H to (0, 1) (3582 pts)


lambda_15/bar.xvg: 0.0 - 358.0; lambda = (0, 1)
    dH/dl & foreign lambdas:
        dH/dl (coul-lambda) (3581 pts)
        dH/dl (vdw-lambda) (3581 pts)
        delta H to (0, 0.95) (3581 pts)
        delta H to (0, 1) (3581 pts)
        delta H to (0.2, 1) (3581 pts)


lambda_16/bar.xvg: 0.0 - 355.5; lambda = (0.2, 1)
    dH/dl & foreign lambdas:
        dH/dl (coul-lambda) (3556 pts)
        dH/dl (vdw-lambda) (3556 pts)
        delta H to (0, 1) (3556 pts)
        delta H to (0.2, 1) (3556 pts)
        delta H to (0.4, 1) (3556 pts)


lambda_17/bar.xvg: 0.0 - 357.0; lambda = (0.4, 1)
    dH/dl & foreign lambdas:
        dH/dl (coul-lambda) (3571 pts)
        dH/dl (vdw-lambda) (3571 pts)
        delta H to (0.2, 1) (3571 pts)
        delta H to (0.4, 1) (3571 pts)
        delta H to (0.5, 1) (3571 pts)


lambda_18/bar.xvg: 0.0 - 357.7; lambda = (0.5, 1)
    dH/dl & foreign lambdas:
        dH/dl (coul-lambda) (3578 pts)
        dH/dl (vdw-lambda) (3578 pts)
        delta H to (0.4, 1) (3578 pts)
        delta H to (0.5, 1) (3578 pts)
        delta H to (0.6, 1) (3578 pts)


lambda_19/bar.xvg: 0.0 - 358.7; lambda = (0.6, 1)
    dH/dl & foreign lambdas:
        dH/dl (coul-lambda) (3588 pts)
        dH/dl (vdw-lambda) (3588 pts)
        delta H to (0.5, 1) (3588 pts)
        delta H to (0.6, 1) (3588 pts)
        delta H to (0.7, 1) (3588 pts)


lambda_20/bar.xvg: 0.0 - 359.4; lambda = (0.7, 1)
    dH/dl & foreign lambdas:
        dH/dl (coul-lambda) (3595 pts)
        dH/dl (vdw-lambda) (3595 pts)
        delta H to (0.6, 1) (3595 pts)
        delta H to (0.7, 1) (3595 pts)
        delta H to (0.8, 1) (3595 pts)


lambda_21/bar.xvg: 0.0 - 360.1; lambda = (0.8, 1)
    dH/dl & foreign lambdas:
        dH/dl (coul-lambda) (3602 pts)
        dH/dl (vdw-lambda) (3602 pts)
        delta H to (0.7, 1) (3602 pts)
        delta H to (0.8, 1) (3602 pts)
        delta H to (0.9, 1) (3602 pts)


lambda_22/bar.xvg: 0.0 - 360.8; lambda = (0.9, 1)
    dH/dl & foreign lambdas:
        dH/dl (coul-lambda) (3609 pts)
        dH/dl (vdw-lambda) (3609 pts)
        delta H to (0.8, 1) (3609 pts)
        delta H to (0.9, 1) (3609 pts)
        delta H to (1, 1) (3609 pts)


lambda_23/bar.xvg: 0.0 - 359.1; lambda = (1, 1)
    dH/dl & foreign lambdas:
        dH/dl (coul-lambda) (3592 pts)
        dH/dl (vdw-lambda) (3592 pts)
        delta H to (0.9, 1) (3592 pts)
        delta H to (1, 1) (3592 pts)



   Samples in time interval: 0.000 - 362.000
Removing samples outside of: 100.000 - 362.000

Temperature: 300 K

Detailed results in kT (see help for explanation):

 lam_A  lam_B      DG   +/-     s_A   +/-     s_B   +/-   stdev   +/- 
     0      1   -5.50  0.01    0.02  0.00    0.02  0.00    0.20  0.00
     1      2   -4.36  0.01    0.03  0.00    0.03  0.00    0.21  0.01
     2      3   -2.22  0.01    0.06  0.00    0.06  0.00    0.34  0.00
     3      4    1.50  0.03    0.29  0.02    0.31  0.02    0.80  0.02
     4      5    6.65  0.06    1.97  0.11    2.23  0.12    2.30  0.09
     5      6    3.73  0.16    1.99  0.05    1.71  0.06    2.10  0.04
     6      7    2.45  0.15    1.67  0.08    1.16  0.07    1.79  0.08
     7      8    1.60  0.07    1.44  0.06    0.99  0.03    1.56  0.03
     8      9    1.05  0.03    0.98  0.07    0.70  0.05    1.32  0.02
     9     10    0.70  0.03    0.93  0.05    0.66  0.03    1.24  0.02
    10     11    0.36  0.03    0.78  0.02    0.55  0.02    1.13  0.01
    11     12    0.12  0.02    0.67  0.05    0.47  0.04    1.05  0.02
    12     13   -0.07  0.01    0.59  0.03    0.41  0.02    0.96  0.01
    13     14   -0.19  0.01    0.49  0.02    0.35  0.01    0.90  0.01
    14     15   -0.29  0.01    0.47  0.02    0.34  0.01    0.87  0.01
    15     16   -0.51  0.03    0.50  0.01    0.52  0.01    0.99  0.01
    16     17   -1.60  0.01    0.57  0.03    0.63  0.03    1.11  0.02
    17     18   -1.32  0.02    0.20  0.02    0.21  0.02    0.63  0.01
    18     19   -1.77  0.02    0.24  0.03    0.25  0.03    0.69  0.01
    19     20   -2.32  0.02    0.30  0.03    0.31  0.03    0.77  0.01
    20     21   -2.93  0.03    0.30  0.02    0.31  0.01    0.81  0.02
    21     22   -3.60  0.03    0.36  0.01    0.36  0.01    0.85  0.02
    22     23   -4.37  0.01    0.41  0.03    0.41  0.03    0.87  0.01


Final results in kJ/mol:

point      0 -      1,   DG -13.72 +/-  0.02
point      1 -      2,   DG -10.87 +/-  0.02
point      2 -      3,   DG -5.55 +/-  0.03
point      3 -      4,   DG  3.75 +/-  0.09
point      4 -      5,   DG 16.59 +/-  0.15
point      5 -      6,   DG  9.31 +/-  0.40
point      6 -      7,   DG  6.12 +/-  0.36
point      7 -      8,   DG  4.00 +/-  0.18
point      8 -      9,   DG  2.61 +/-  0.09
point      9 -     10,   DG  1.73 +/-  0.08
point     10 -     11,   DG  0.91 +/-  0.08
point     11 -     12,   DG  0.30 +/-  0.05
point     12 -     13,   DG -0.17 +/-  0.03
point     13 -     14,   DG -0.48 +/-  0.02
point     14 -     15,   DG -0.71 +/-  0.02
point     15 -     16,   DG -1.28 +/-  0.07
point     16 -     17,   DG -3.99 +/-  0.03
point     17 -     18,   DG -3.30 +/-  0.04
point     18 -     19,   DG -4.41 +/-  0.04
point     19 -     20,   DG -5.78 +/-  0.06
point     20 -     21,   DG -7.31 +/-  0.08
point     21 -     22,   DG -8.98 +/-  0.06
point     22 -     23,   DG -10.91 +/-  0.02

total      0 -     23,   DG -32.16 +/-  0.98

