lambda_00/bar.xvg: 0.0 - 1000.0; lambda = (0, 0)
    dH/dl & foreign lambdas:
        dH/dl (coul-lambda) (10001 pts)
        dH/dl (vdw-lambda) (10001 pts)
        delta H to (0, 0) (10001 pts)
        delta H to (0, 0.1) (10001 pts)


lambda_01/bar.xvg: 0.0 - 1000.0; lambda = (0, 0.1)
    dH/dl & foreign lambdas:
        dH/dl (coul-lambda) (10001 pts)
        dH/dl (vdw-lambda) (10001 pts)
        delta H to (0, 0) (10001 pts)
        delta H to (0, 0.1) (10001 pts)
        delta H to (0, 0.2) (10001 pts)


lambda_02/bar.xvg: 0.0 - 1000.0; lambda = (0, 0.2)
    dH/dl & foreign lambdas:
        dH/dl (coul-lambda) (10001 pts)
        dH/dl (vdw-lambda) (10001 pts)
        delta H to (0, 0.1) (10001 pts)
        delta H to (0, 0.2) (10001 pts)
        delta H to (0, 0.3) (10001 pts)


lambda_03/bar.xvg: 0.0 - 1000.0; lambda = (0, 0.3)
    dH/dl & foreign lambdas:
        dH/dl (coul-lambda) (10001 pts)
        dH/dl (vdw-lambda) (10001 pts)
        delta H to (0, 0.2) (10001 pts)
        delta H to (0, 0.3) (10001 pts)
        delta H to (0, 0.4) (10001 pts)


lambda_04/bar.xvg: 0.0 - 1000.0; lambda = (0, 0.4)
    dH/dl & foreign lambdas:
        dH/dl (coul-lambda) (10001 pts)
        dH/dl (vdw-lambda) (10001 pts)
        delta H to (0, 0.3) (10001 pts)
        delta H to (0, 0.4) (10001 pts)
        delta H to (0, 0.5) (10001 pts)


lambda_05/bar.xvg: 0.0 - 1000.0; lambda = (0, 0.5)
    dH/dl & foreign lambdas:
        dH/dl (coul-lambda) (10001 pts)
        dH/dl (vdw-lambda) (10001 pts)
        delta H to (0, 0.4) (10001 pts)
        delta H to (0, 0.5) (10001 pts)
        delta H to (0, 0.55) (10001 pts)


lambda_06/bar.xvg: 0.0 - 1000.0; lambda = (0, 0.55)
    dH/dl & foreign lambdas:
        dH/dl (coul-lambda) (10001 pts)
        dH/dl (vdw-lambda) (10001 pts)
        delta H to (0, 0.5) (10001 pts)
        delta H to (0, 0.55) (10001 pts)
        delta H to (0, 0.6) (10001 pts)


lambda_07/bar.xvg: 0.0 - 1000.0; lambda = (0, 0.6)
    dH/dl & foreign lambdas:
        dH/dl (coul-lambda) (10001 pts)
        dH/dl (vdw-lambda) (10001 pts)
        delta H to (0, 0.55) (10001 pts)
        delta H to (0, 0.6) (10001 pts)
        delta H to (0, 0.65) (10001 pts)


lambda_08/bar.xvg: 0.0 - 1000.0; lambda = (0, 0.65)
    dH/dl & foreign lambdas:
        dH/dl (coul-lambda) (10001 pts)
        dH/dl (vdw-lambda) (10001 pts)
        delta H to (0, 0.6) (10001 pts)
        delta H to (0, 0.65) (10001 pts)
        delta H to (0, 0.7) (10001 pts)


lambda_09/bar.xvg: 0.0 - 1000.0; lambda = (0, 0.7)
    dH/dl & foreign lambdas:
        dH/dl (coul-lambda) (10001 pts)
        dH/dl (vdw-lambda) (10001 pts)
        delta H to (0, 0.65) (10001 pts)
        delta H to (0, 0.7) (10001 pts)
        delta H to (0, 0.75) (10001 pts)


lambda_10/bar.xvg: 0.0 - 1000.0; lambda = (0, 0.75)
    dH/dl & foreign lambdas:
        dH/dl (coul-lambda) (10001 pts)
        dH/dl (vdw-lambda) (10001 pts)
        delta H to (0, 0.7) (10001 pts)
        delta H to (0, 0.75) (10001 pts)
        delta H to (0, 0.8) (10001 pts)


lambda_11/bar.xvg: 0.0 - 1000.0; lambda = (0, 0.8)
    dH/dl & foreign lambdas:
        dH/dl (coul-lambda) (10001 pts)
        dH/dl (vdw-lambda) (10001 pts)
        delta H to (0, 0.75) (10001 pts)
        delta H to (0, 0.8) (10001 pts)
        delta H to (0, 0.85) (10001 pts)


lambda_12/bar.xvg: 0.0 - 1000.0; lambda = (0, 0.85)
    dH/dl & foreign lambdas:
        dH/dl (coul-lambda) (10001 pts)
        dH/dl (vdw-lambda) (10001 pts)
        delta H to (0, 0.8) (10001 pts)
        delta H to (0, 0.85) (10001 pts)
        delta H to (0, 0.9) (10001 pts)


lambda_13/bar.xvg: 0.0 - 1000.0; lambda = (0, 0.9)
    dH/dl & foreign lambdas:
        dH/dl (coul-lambda) (10001 pts)
        dH/dl (vdw-lambda) (10001 pts)
        delta H to (0, 0.85) (10001 pts)
        delta H to (0, 0.9) (10001 pts)
        delta H to (0, 0.95) (10001 pts)


lambda_14/bar.xvg: 0.0 - 1000.0; lambda = (0, 0.95)
    dH/dl & foreign lambdas:
        dH/dl (coul-lambda) (10001 pts)
        dH/dl (vdw-lambda) (10001 pts)
        delta H to (0, 0.9) (10001 pts)
        delta H to (0, 0.95) (10001 pts)
        delta H to (0, 1) (10001 pts)


lambda_15/bar.xvg: 0.0 - 1000.0; lambda = (0, 1)
    dH/dl & foreign lambdas:
        dH/dl (coul-lambda) (10001 pts)
        dH/dl (vdw-lambda) (10001 pts)
        delta H to (0, 0.95) (10001 pts)
        delta H to (0, 1) (10001 pts)
        delta H to (0.2, 1) (10001 pts)


lambda_16/bar.xvg: 0.0 - 1000.0; lambda = (0.2, 1)
    dH/dl & foreign lambdas:
        dH/dl (coul-lambda) (10001 pts)
        dH/dl (vdw-lambda) (10001 pts)
        delta H to (0, 1) (10001 pts)
        delta H to (0.2, 1) (10001 pts)
        delta H to (0.4, 1) (10001 pts)


lambda_17/bar.xvg: 0.0 - 1000.0; lambda = (0.4, 1)
    dH/dl & foreign lambdas:
        dH/dl (coul-lambda) (10001 pts)
        dH/dl (vdw-lambda) (10001 pts)
        delta H to (0.2, 1) (10001 pts)
        delta H to (0.4, 1) (10001 pts)
        delta H to (0.5, 1) (10001 pts)


lambda_18/bar.xvg: 0.0 - 1000.0; lambda = (0.5, 1)
    dH/dl & foreign lambdas:
        dH/dl (coul-lambda) (10001 pts)
        dH/dl (vdw-lambda) (10001 pts)
        delta H to (0.4, 1) (10001 pts)
        delta H to (0.5, 1) (10001 pts)
        delta H to (0.6, 1) (10001 pts)


lambda_19/bar.xvg: 0.0 - 1000.0; lambda = (0.6, 1)
    dH/dl & foreign lambdas:
        dH/dl (coul-lambda) (10001 pts)
        dH/dl (vdw-lambda) (10001 pts)
        delta H to (0.5, 1) (10001 pts)
        delta H to (0.6, 1) (10001 pts)
        delta H to (0.7, 1) (10001 pts)


lambda_20/bar.xvg: 0.0 - 1000.0; lambda = (0.7, 1)
    dH/dl & foreign lambdas:
        dH/dl (coul-lambda) (10001 pts)
        dH/dl (vdw-lambda) (10001 pts)
        delta H to (0.6, 1) (10001 pts)
        delta H to (0.7, 1) (10001 pts)
        delta H to (0.8, 1) (10001 pts)


lambda_21/bar.xvg: 0.0 - 1000.0; lambda = (0.8, 1)
    dH/dl & foreign lambdas:
        dH/dl (coul-lambda) (10001 pts)
        dH/dl (vdw-lambda) (10001 pts)
        delta H to (0.7, 1) (10001 pts)
        delta H to (0.8, 1) (10001 pts)
        delta H to (0.9, 1) (10001 pts)


lambda_22/bar.xvg: 0.0 - 1000.0; lambda = (0.9, 1)
    dH/dl & foreign lambdas:
        dH/dl (coul-lambda) (10001 pts)
        dH/dl (vdw-lambda) (10001 pts)
        delta H to (0.8, 1) (10001 pts)
        delta H to (0.9, 1) (10001 pts)
        delta H to (1, 1) (10001 pts)


lambda_23/bar.xvg: 0.0 - 1000.0; lambda = (1, 1)
    dH/dl & foreign lambdas:
        dH/dl (coul-lambda) (10001 pts)
        dH/dl (vdw-lambda) (10001 pts)
        delta H to (0.9, 1) (10001 pts)
        delta H to (1, 1) (10001 pts)



   Samples in time interval: 0.000 - 1000.000
Removing samples outside of: 100.000 - 1000.000

Temperature: 300 K

Detailed results in kT (see help for explanation):

 lam_A  lam_B      DG   +/-     s_A   +/-     s_B   +/-   stdev   +/- 
     0      1   -5.52  0.01    0.01  0.01    0.01  0.01    0.20  0.00
     1      2   -4.36  0.00    0.03  0.01    0.03  0.01    0.21  0.00
     2      3   -2.21  0.01    0.05  0.01    0.05  0.01    0.34  0.01
     3      4    1.57  0.02    0.28  0.02    0.31  0.02    0.79  0.01
     4      5    6.77  0.07    2.00  0.09    2.35  0.16    2.35  0.08
     5      6    3.84  0.11    1.88  0.08    1.58  0.11    2.06  0.06
     6      7    2.62  0.08    1.86  0.02    1.27  0.02    1.84  0.02
     7      8    1.69  0.04    1.44  0.07    1.01  0.02    1.57  0.03
     8      9    1.06  0.01    1.08  0.03    0.76  0.02    1.36  0.01
     9     10    0.65  0.01    0.90  0.02    0.63  0.02    1.22  0.01
    10     11    0.35  0.01    0.76  0.02    0.54  0.01    1.12  0.01
    11     12    0.12  0.00    0.67  0.02    0.47  0.01    1.04  0.01
    12     13   -0.07  0.01    0.58  0.00    0.41  0.01    0.96  0.01
    13     14   -0.20  0.01    0.51  0.01    0.36  0.01    0.90  0.01
    14     15   -0.30  0.01    0.47  0.01    0.34  0.00    0.86  0.01
    15     16   -0.46  0.01    0.45  0.02    0.48  0.01    0.96  0.01
    16     17   -1.50  0.02    0.57  0.01    0.63  0.01    1.11  0.01
    17     18   -1.28  0.01    0.22  0.01    0.23  0.01    0.64  0.00
    18     19   -1.71  0.02    0.20  0.01    0.21  0.01    0.69  0.01
    19     20   -2.20  0.02    0.28  0.02    0.29  0.02    0.75  0.01
    20     21   -2.80  0.01    0.31  0.01    0.32  0.01    0.80  0.00
    21     22   -3.47  0.02    0.35  0.02    0.36  0.01    0.83  0.01
    22     23   -4.17  0.03    0.35  0.01    0.36  0.01    0.85  0.01


Final results in kJ/mol:

point      0 -      1,   DG -13.76 +/-  0.02
point      1 -      2,   DG -10.87 +/-  0.01
point      2 -      3,   DG -5.52 +/-  0.02
point      3 -      4,   DG  3.91 +/-  0.06
point      4 -      5,   DG 16.89 +/-  0.18
point      5 -      6,   DG  9.58 +/-  0.27
point      6 -      7,   DG  6.54 +/-  0.20
point      7 -      8,   DG  4.22 +/-  0.10
point      8 -      9,   DG  2.64 +/-  0.03
point      9 -     10,   DG  1.62 +/-  0.02
point     10 -     11,   DG  0.88 +/-  0.02
point     11 -     12,   DG  0.30 +/-  0.01
point     12 -     13,   DG -0.17 +/-  0.03
point     13 -     14,   DG -0.49 +/-  0.02
point     14 -     15,   DG -0.74 +/-  0.03
point     15 -     16,   DG -1.15 +/-  0.03
point     16 -     17,   DG -3.75 +/-  0.06
point     17 -     18,   DG -3.20 +/-  0.04
point     18 -     19,   DG -4.27 +/-  0.06
point     19 -     20,   DG -5.49 +/-  0.04
point     20 -     21,   DG -6.98 +/-  0.03
point     21 -     22,   DG -8.65 +/-  0.05
point     22 -     23,   DG -10.41 +/-  0.07

total      0 -     23,   DG -28.85 +/-  0.47

