lambda_00/bar.xvg: 0.0 - 984.5; lambda = (0, 0)
    dH/dl & foreign lambdas:
        dH/dl (coul-lambda) (9846 pts)
        dH/dl (vdw-lambda) (9846 pts)
        delta H to (0, 0) (9846 pts)
        delta H to (0, 0.1) (9846 pts)


lambda_01/bar.xvg: 0.0 - 984.4; lambda = (0, 0.1)
    dH/dl & foreign lambdas:
        dH/dl (coul-lambda) (9845 pts)
        dH/dl (vdw-lambda) (9845 pts)
        delta H to (0, 0) (9845 pts)
        delta H to (0, 0.1) (9845 pts)
        delta H to (0, 0.2) (9845 pts)


lambda_02/bar.xvg: 0.0 - 984.4; lambda = (0, 0.2)
    dH/dl & foreign lambdas:
        dH/dl (coul-lambda) (9845 pts)
        dH/dl (vdw-lambda) (9845 pts)
        delta H to (0, 0.1) (9845 pts)
        delta H to (0, 0.2) (9845 pts)
        delta H to (0, 0.3) (9845 pts)


lambda_03/bar.xvg: 0.0 - 987.5; lambda = (0, 0.3)
    dH/dl & foreign lambdas:
        dH/dl (coul-lambda) (9876 pts)
        dH/dl (vdw-lambda) (9876 pts)
        delta H to (0, 0.2) (9876 pts)
        delta H to (0, 0.3) (9876 pts)
        delta H to (0, 0.4) (9876 pts)


lambda_04/bar.xvg: 0.0 - 986.4; lambda = (0, 0.4)
    dH/dl & foreign lambdas:
        dH/dl (coul-lambda) (9865 pts)
        dH/dl (vdw-lambda) (9865 pts)
        delta H to (0, 0.3) (9865 pts)
        delta H to (0, 0.4) (9865 pts)
        delta H to (0, 0.5) (9865 pts)


lambda_05/bar.xvg: 0.0 - 986.8; lambda = (0, 0.5)
    dH/dl & foreign lambdas:
        dH/dl (coul-lambda) (9869 pts)
        dH/dl (vdw-lambda) (9869 pts)
        delta H to (0, 0.4) (9869 pts)
        delta H to (0, 0.5) (9869 pts)
        delta H to (0, 0.55) (9869 pts)


lambda_06/bar.xvg: 0.0 - 985.7; lambda = (0, 0.55)
    dH/dl & foreign lambdas:
        dH/dl (coul-lambda) (9858 pts)
        dH/dl (vdw-lambda) (9858 pts)
        delta H to (0, 0.5) (9858 pts)
        delta H to (0, 0.55) (9858 pts)
        delta H to (0, 0.6) (9858 pts)


lambda_07/bar.xvg: 0.0 - 983.5; lambda = (0, 0.6)
    dH/dl & foreign lambdas:
        dH/dl (coul-lambda) (9836 pts)
        dH/dl (vdw-lambda) (9836 pts)
        delta H to (0, 0.55) (9836 pts)
        delta H to (0, 0.6) (9836 pts)
        delta H to (0, 0.65) (9836 pts)


lambda_08/bar.xvg: 0.0 - 981.1; lambda = (0, 0.65)
    dH/dl & foreign lambdas:
        dH/dl (coul-lambda) (9812 pts)
        dH/dl (vdw-lambda) (9812 pts)
        delta H to (0, 0.6) (9812 pts)
        delta H to (0, 0.65) (9812 pts)
        delta H to (0, 0.7) (9812 pts)


lambda_09/bar.xvg: 0.0 - 978.6; lambda = (0, 0.7)
    dH/dl & foreign lambdas:
        dH/dl (coul-lambda) (9787 pts)
        dH/dl (vdw-lambda) (9787 pts)
        delta H to (0, 0.65) (9787 pts)
        delta H to (0, 0.7) (9787 pts)
        delta H to (0, 0.75) (9787 pts)


lambda_10/bar.xvg: 0.0 - 976.7; lambda = (0, 0.75)
    dH/dl & foreign lambdas:
        dH/dl (coul-lambda) (9768 pts)
        dH/dl (vdw-lambda) (9768 pts)
        delta H to (0, 0.7) (9768 pts)
        delta H to (0, 0.75) (9768 pts)
        delta H to (0, 0.8) (9768 pts)


lambda_11/bar.xvg: 0.0 - 974.6; lambda = (0, 0.8)
    dH/dl & foreign lambdas:
        dH/dl (coul-lambda) (9747 pts)
        dH/dl (vdw-lambda) (9747 pts)
        delta H to (0, 0.75) (9747 pts)
        delta H to (0, 0.8) (9747 pts)
        delta H to (0, 0.85) (9747 pts)


lambda_12/bar.xvg: 0.0 - 986.7; lambda = (0, 0.85)
    dH/dl & foreign lambdas:
        dH/dl (coul-lambda) (9868 pts)
        dH/dl (vdw-lambda) (9868 pts)
        delta H to (0, 0.8) (9868 pts)
        delta H to (0, 0.85) (9868 pts)
        delta H to (0, 0.9) (9868 pts)


lambda_13/bar.xvg: 0.0 - 985.3; lambda = (0, 0.9)
    dH/dl & foreign lambdas:
        dH/dl (coul-lambda) (9854 pts)
        dH/dl (vdw-lambda) (9854 pts)
        delta H to (0, 0.85) (9854 pts)
        delta H to (0, 0.9) (9854 pts)
        delta H to (0, 0.95) (9854 pts)


lambda_14/bar.xvg: 0.0 - 984.5; lambda = (0, 0.95)
    dH/dl & foreign lambdas:
        dH/dl (coul-lambda) (9846 pts)
        dH/dl (vdw-lambda) (9846 pts)
        delta H to (0, 0.9) (9846 pts)
        delta H to (0, 0.95) (9846 pts)
        delta H to (0, 1) (9846 pts)


lambda_15/bar.xvg: 0.0 - 984.1; lambda = (0, 1)
    dH/dl & foreign lambdas:
        dH/dl (coul-lambda) (9842 pts)
        dH/dl (vdw-lambda) (9842 pts)
        delta H to (0, 0.95) (9842 pts)
        delta H to (0, 1) (9842 pts)
        delta H to (0.2, 1) (9842 pts)


lambda_16/bar.xvg: 0.0 - 976.6; lambda = (0.2, 1)
    dH/dl & foreign lambdas:
        dH/dl (coul-lambda) (9767 pts)
        dH/dl (vdw-lambda) (9767 pts)
        delta H to (0, 1) (9767 pts)
        delta H to (0.2, 1) (9767 pts)
        delta H to (0.4, 1) (9767 pts)


lambda_17/bar.xvg: 0.0 - 980.4; lambda = (0.4, 1)
    dH/dl & foreign lambdas:
        dH/dl (coul-lambda) (9805 pts)
        dH/dl (vdw-lambda) (9805 pts)
        delta H to (0.2, 1) (9805 pts)
        delta H to (0.4, 1) (9805 pts)
        delta H to (0.5, 1) (9805 pts)


lambda_18/bar.xvg: 0.0 - 982.5; lambda = (0.5, 1)
    dH/dl & foreign lambdas:
        dH/dl (coul-lambda) (9826 pts)
        dH/dl (vdw-lambda) (9826 pts)
        delta H to (0.4, 1) (9826 pts)
        delta H to (0.5, 1) (9826 pts)
        delta H to (0.6, 1) (9826 pts)


lambda_19/bar.xvg: 0.0 - 984.8; lambda = (0.6, 1)
    dH/dl & foreign lambdas:
        dH/dl (coul-lambda) (9849 pts)
        dH/dl (vdw-lambda) (9849 pts)
        delta H to (0.5, 1) (9849 pts)
        delta H to (0.6, 1) (9849 pts)
        delta H to (0.7, 1) (9849 pts)


lambda_20/bar.xvg: 0.0 - 987.1; lambda = (0.7, 1)
    dH/dl & foreign lambdas:
        dH/dl (coul-lambda) (9872 pts)
        dH/dl (vdw-lambda) (9872 pts)
        delta H to (0.6, 1) (9872 pts)
        delta H to (0.7, 1) (9872 pts)
        delta H to (0.8, 1) (9872 pts)


lambda_21/bar.xvg: 0.0 - 976.2; lambda = (0.8, 1)
    dH/dl & foreign lambdas:
        dH/dl (coul-lambda) (9763 pts)
        dH/dl (vdw-lambda) (9763 pts)
        delta H to (0.7, 1) (9763 pts)
        delta H to (0.8, 1) (9763 pts)
        delta H to (0.9, 1) (9763 pts)


lambda_22/bar.xvg: 0.0 - 977.8; lambda = (0.9, 1)
    dH/dl & foreign lambdas:
        dH/dl (coul-lambda) (9779 pts)
        dH/dl (vdw-lambda) (9779 pts)
        delta H to (0.8, 1) (9779 pts)
        delta H to (0.9, 1) (9779 pts)
        delta H to (1, 1) (9779 pts)


lambda_23/bar.xvg: 0.0 - 981.4; lambda = (1, 1)
    dH/dl & foreign lambdas:
        dH/dl (coul-lambda) (9815 pts)
        dH/dl (vdw-lambda) (9815 pts)
        delta H to (0.9, 1) (9815 pts)
        delta H to (1, 1) (9815 pts)



   Samples in time interval: 0.000 - 987.500
Removing samples outside of: 100.000 - 987.500

Temperature: 300 K

Detailed results in kT (see help for explanation):

 lam_A  lam_B      DG   +/-     s_A   +/-     s_B   +/-   stdev   +/- 
     0      1   -6.41  0.00    0.03  0.01    0.03  0.01    0.22  0.00
     1      2   -5.07  0.01    0.03  0.00    0.03  0.00    0.22  0.00
     2      3   -2.58  0.00    0.06  0.01    0.06  0.01    0.36  0.01
     3      4    1.83  0.01    0.31  0.02    0.33  0.02    0.82  0.01
     4      5    8.06  0.04    2.24  0.03    2.74  0.07    2.58  0.03
     5      6    4.60  0.10    2.21  0.04    1.84  0.05    2.29  0.01
     6      7    3.02  0.08    2.37  0.08    1.59  0.04    2.13  0.04
     7      8    1.83  0.04    1.59  0.04    1.07  0.03    1.66  0.02
     8      9    1.18  0.03    1.23  0.02    0.86  0.01    1.46  0.01
     9     10    0.74  0.02    1.00  0.02    0.70  0.02    1.30  0.01
    10     11    0.42  0.01    0.88  0.01    0.62  0.00    1.22  0.01
    11     12    0.14  0.01    0.78  0.01    0.55  0.00    1.13  0.01
    12     13   -0.08  0.01    0.67  0.01    0.47  0.01    1.04  0.01
    13     14   -0.24  0.01    0.59  0.01    0.43  0.01    0.98  0.01
    14     15   -0.36  0.01    0.51  0.01    0.37  0.01    0.93  0.01
    15     16   -0.54  0.01    0.55  0.01    0.58  0.01    1.07  0.01
    16     17   -1.81  0.01    0.69  0.03    0.79  0.03    1.25  0.02
    17     18   -1.53  0.01    0.23  0.02    0.25  0.02    0.71  0.00
    18     19   -2.07  0.02    0.29  0.01    0.31  0.01    0.78  0.00
    19     20   -2.73  0.02    0.34  0.01    0.35  0.01    0.84  0.01
    20     21   -3.46  0.02    0.37  0.02    0.39  0.02    0.89  0.01
    21     22   -4.25  0.03    0.41  0.01    0.42  0.01    0.93  0.01
    22     23   -5.13  0.02    0.47  0.01    0.47  0.01    0.96  0.01


Final results in kJ/mol:

point      0 -      1,   DG -15.98 +/-  0.01
point      1 -      2,   DG -12.65 +/-  0.02
point      2 -      3,   DG -6.44 +/-  0.01
point      3 -      4,   DG  4.57 +/-  0.03
point      4 -      5,   DG 20.11 +/-  0.10
point      5 -      6,   DG 11.46 +/-  0.26
point      6 -      7,   DG  7.53 +/-  0.21
point      7 -      8,   DG  4.56 +/-  0.09
point      8 -      9,   DG  2.94 +/-  0.08
point      9 -     10,   DG  1.84 +/-  0.06
point     10 -     11,   DG  1.05 +/-  0.02
point     11 -     12,   DG  0.36 +/-  0.03
point     12 -     13,   DG -0.19 +/-  0.02
point     13 -     14,   DG -0.60 +/-  0.02
point     14 -     15,   DG -0.91 +/-  0.03
point     15 -     16,   DG -1.35 +/-  0.03
point     16 -     17,   DG -4.53 +/-  0.04
point     17 -     18,   DG -3.82 +/-  0.03
point     18 -     19,   DG -5.18 +/-  0.04
point     19 -     20,   DG -6.80 +/-  0.06
point     20 -     21,   DG -8.62 +/-  0.06
point     21 -     22,   DG -10.60 +/-  0.07
point     22 -     23,   DG -12.81 +/-  0.04

total      0 -     23,   DG -36.03 +/-  0.54

