lambda_00/bar.xvg: 0.0 - 984.9; lambda = (0, 0)
    dH/dl & foreign lambdas:
        dH/dl (coul-lambda) (9850 pts)
        dH/dl (vdw-lambda) (9850 pts)
        delta H to (0, 0) (9850 pts)
        delta H to (0, 0.1) (9850 pts)


lambda_01/bar.xvg: 0.0 - 984.3; lambda = (0, 0.1)
    dH/dl & foreign lambdas:
        dH/dl (coul-lambda) (9844 pts)
        dH/dl (vdw-lambda) (9844 pts)
        delta H to (0, 0) (9844 pts)
        delta H to (0, 0.1) (9844 pts)
        delta H to (0, 0.2) (9844 pts)


lambda_02/bar.xvg: 0.0 - 984.3; lambda = (0, 0.2)
    dH/dl & foreign lambdas:
        dH/dl (coul-lambda) (9844 pts)
        dH/dl (vdw-lambda) (9844 pts)
        delta H to (0, 0.1) (9844 pts)
        delta H to (0, 0.2) (9844 pts)
        delta H to (0, 0.3) (9844 pts)


lambda_03/bar.xvg: 0.0 - 973.6; lambda = (0, 0.3)
    dH/dl & foreign lambdas:
        dH/dl (coul-lambda) (9737 pts)
        dH/dl (vdw-lambda) (9737 pts)
        delta H to (0, 0.2) (9737 pts)
        delta H to (0, 0.3) (9737 pts)
        delta H to (0, 0.4) (9737 pts)


lambda_04/bar.xvg: 0.0 - 986.4; lambda = (0, 0.4)
    dH/dl & foreign lambdas:
        dH/dl (coul-lambda) (9865 pts)
        dH/dl (vdw-lambda) (9865 pts)
        delta H to (0, 0.3) (9865 pts)
        delta H to (0, 0.4) (9865 pts)
        delta H to (0, 0.5) (9865 pts)


lambda_05/bar.xvg: 0.0 - 986.7; lambda = (0, 0.5)
    dH/dl & foreign lambdas:
        dH/dl (coul-lambda) (9868 pts)
        dH/dl (vdw-lambda) (9868 pts)
        delta H to (0, 0.4) (9868 pts)
        delta H to (0, 0.5) (9868 pts)
        delta H to (0, 0.55) (9868 pts)


lambda_06/bar.xvg: 0.0 - 985.4; lambda = (0, 0.55)
    dH/dl & foreign lambdas:
        dH/dl (coul-lambda) (9855 pts)
        dH/dl (vdw-lambda) (9855 pts)
        delta H to (0, 0.5) (9855 pts)
        delta H to (0, 0.55) (9855 pts)
        delta H to (0, 0.6) (9855 pts)


lambda_07/bar.xvg: 0.0 - 984.2; lambda = (0, 0.6)
    dH/dl & foreign lambdas:
        dH/dl (coul-lambda) (9843 pts)
        dH/dl (vdw-lambda) (9843 pts)
        delta H to (0, 0.55) (9843 pts)
        delta H to (0, 0.6) (9843 pts)
        delta H to (0, 0.65) (9843 pts)


lambda_08/bar.xvg: 0.0 - 982.1; lambda = (0, 0.65)
    dH/dl & foreign lambdas:
        dH/dl (coul-lambda) (9822 pts)
        dH/dl (vdw-lambda) (9822 pts)
        delta H to (0, 0.6) (9822 pts)
        delta H to (0, 0.65) (9822 pts)
        delta H to (0, 0.7) (9822 pts)


lambda_09/bar.xvg: 0.0 - 980.0; lambda = (0, 0.7)
    dH/dl & foreign lambdas:
        dH/dl (coul-lambda) (9801 pts)
        dH/dl (vdw-lambda) (9801 pts)
        delta H to (0, 0.65) (9801 pts)
        delta H to (0, 0.7) (9801 pts)
        delta H to (0, 0.75) (9801 pts)


lambda_10/bar.xvg: 0.0 - 977.8; lambda = (0, 0.75)
    dH/dl & foreign lambdas:
        dH/dl (coul-lambda) (9779 pts)
        dH/dl (vdw-lambda) (9779 pts)
        delta H to (0, 0.7) (9779 pts)
        delta H to (0, 0.75) (9779 pts)
        delta H to (0, 0.8) (9779 pts)


lambda_11/bar.xvg: 0.0 - 976.0; lambda = (0, 0.8)
    dH/dl & foreign lambdas:
        dH/dl (coul-lambda) (9761 pts)
        dH/dl (vdw-lambda) (9761 pts)
        delta H to (0, 0.75) (9761 pts)
        delta H to (0, 0.8) (9761 pts)
        delta H to (0, 0.85) (9761 pts)


lambda_12/bar.xvg: 0.0 - 974.6; lambda = (0, 0.85)
    dH/dl & foreign lambdas:
        dH/dl (coul-lambda) (9747 pts)
        dH/dl (vdw-lambda) (9747 pts)
        delta H to (0, 0.8) (9747 pts)
        delta H to (0, 0.85) (9747 pts)
        delta H to (0, 0.9) (9747 pts)


lambda_13/bar.xvg: 0.0 - 986.3; lambda = (0, 0.9)
    dH/dl & foreign lambdas:
        dH/dl (coul-lambda) (9864 pts)
        dH/dl (vdw-lambda) (9864 pts)
        delta H to (0, 0.85) (9864 pts)
        delta H to (0, 0.9) (9864 pts)
        delta H to (0, 0.95) (9864 pts)


lambda_14/bar.xvg: 0.0 - 985.7; lambda = (0, 0.95)
    dH/dl & foreign lambdas:
        dH/dl (coul-lambda) (9858 pts)
        dH/dl (vdw-lambda) (9858 pts)
        delta H to (0, 0.9) (9858 pts)
        delta H to (0, 0.95) (9858 pts)
        delta H to (0, 1) (9858 pts)


lambda_15/bar.xvg: 0.0 - 985.4; lambda = (0, 1)
    dH/dl & foreign lambdas:
        dH/dl (coul-lambda) (9855 pts)
        dH/dl (vdw-lambda) (9855 pts)
        delta H to (0, 0.95) (9855 pts)
        delta H to (0, 1) (9855 pts)
        delta H to (0.2, 1) (9855 pts)


lambda_16/bar.xvg: 0.0 - 975.8; lambda = (0.2, 1)
    dH/dl & foreign lambdas:
        dH/dl (coul-lambda) (9759 pts)
        dH/dl (vdw-lambda) (9759 pts)
        delta H to (0, 1) (9759 pts)
        delta H to (0.2, 1) (9759 pts)
        delta H to (0.4, 1) (9759 pts)


lambda_17/bar.xvg: 0.0 - 979.8; lambda = (0.4, 1)
    dH/dl & foreign lambdas:
        dH/dl (coul-lambda) (9799 pts)
        dH/dl (vdw-lambda) (9799 pts)
        delta H to (0.2, 1) (9799 pts)
        delta H to (0.4, 1) (9799 pts)
        delta H to (0.5, 1) (9799 pts)


lambda_18/bar.xvg: 0.0 - 982.3; lambda = (0.5, 1)
    dH/dl & foreign lambdas:
        dH/dl (coul-lambda) (9824 pts)
        dH/dl (vdw-lambda) (9824 pts)
        delta H to (0.4, 1) (9824 pts)
        delta H to (0.5, 1) (9824 pts)
        delta H to (0.6, 1) (9824 pts)


lambda_19/bar.xvg: 0.0 - 984.5; lambda = (0.6, 1)
    dH/dl & foreign lambdas:
        dH/dl (coul-lambda) (9846 pts)
        dH/dl (vdw-lambda) (9846 pts)
        delta H to (0.5, 1) (9846 pts)
        delta H to (0.6, 1) (9846 pts)
        delta H to (0.7, 1) (9846 pts)


lambda_20/bar.xvg: 0.0 - 986.5; lambda = (0.7, 1)
    dH/dl & foreign lambdas:
        dH/dl (coul-lambda) (9866 pts)
        dH/dl (vdw-lambda) (9866 pts)
        delta H to (0.6, 1) (9866 pts)
        delta H to (0.7, 1) (9866 pts)
        delta H to (0.8, 1) (9866 pts)


lambda_21/bar.xvg: 0.0 - 975.6; lambda = (0.8, 1)
    dH/dl & foreign lambdas:
        dH/dl (coul-lambda) (9757 pts)
        dH/dl (vdw-lambda) (9757 pts)
        delta H to (0.7, 1) (9757 pts)
        delta H to (0.8, 1) (9757 pts)
        delta H to (0.9, 1) (9757 pts)


lambda_22/bar.xvg: 0.0 - 977.6; lambda = (0.9, 1)
    dH/dl & foreign lambdas:
        dH/dl (coul-lambda) (9777 pts)
        dH/dl (vdw-lambda) (9777 pts)
        delta H to (0.8, 1) (9777 pts)
        delta H to (0.9, 1) (9777 pts)
        delta H to (1, 1) (9777 pts)


lambda_23/bar.xvg: 0.0 - 981.1; lambda = (1, 1)
    dH/dl & foreign lambdas:
        dH/dl (coul-lambda) (9812 pts)
        dH/dl (vdw-lambda) (9812 pts)
        delta H to (0.9, 1) (9812 pts)
        delta H to (1, 1) (9812 pts)



   Samples in time interval: 0.000 - 986.700
Removing samples outside of: 100.000 - 986.700

Temperature: 300 K

Detailed results in kT (see help for explanation):

 lam_A  lam_B      DG   +/-     s_A   +/-     s_B   +/-   stdev   +/- 
     0      1   -7.28  0.01    0.02  0.01    0.02  0.01    0.24  0.00
     1      2   -5.75  0.01    0.02  0.00    0.02  0.00    0.23  0.00
     2      3   -2.92  0.02    0.11  0.01    0.11  0.01    0.39  0.01
     3      4    2.06  0.04    0.34  0.03    0.37  0.04    0.89  0.01
     4      5    8.91  0.10    2.76  0.07    3.27  0.12    2.97  0.09
     5      6    4.89  0.12    2.48  0.09    2.09  0.09    2.44  0.06
     6      7    3.17  0.11    2.45  0.09    1.65  0.06    2.18  0.06
     7      8    2.04  0.03    1.70  0.06    1.18  0.02    1.77  0.02
     8      9    1.32  0.03    1.42  0.03    0.99  0.02    1.57  0.02
     9     10    0.78  0.03    1.15  0.02    0.82  0.01    1.40  0.01
    10     11    0.40  0.03    0.98  0.03    0.68  0.02    1.29  0.02
    11     12    0.12  0.01    0.85  0.02    0.59  0.01    1.18  0.01
    12     13   -0.11  0.02    0.76  0.01    0.55  0.00    1.12  0.00
    13     14   -0.29  0.01    0.64  0.02    0.46  0.01    1.03  0.01
    14     15   -0.42  0.01    0.60  0.01    0.43  0.01    0.99  0.01
    15     16   -0.49  0.02    0.54  0.01    0.56  0.02    1.06  0.01
    16     17   -1.72  0.03    0.67  0.02    0.75  0.02    1.21  0.02
    17     18   -1.51  0.02    0.27  0.01    0.29  0.02    0.71  0.01
    18     19   -2.06  0.01    0.26  0.02    0.28  0.02    0.76  0.01
    19     20   -2.64  0.01    0.30  0.03    0.32  0.03    0.81  0.01
    20     21   -3.31  0.02    0.36  0.01    0.37  0.01    0.86  0.01
    21     22   -4.10  0.02    0.41  0.02    0.42  0.02    0.90  0.01
    22     23   -4.90  0.03    0.38  0.03    0.39  0.03    0.91  0.01


Final results in kJ/mol:

point      0 -      1,   DG -18.15 +/-  0.02
point      1 -      2,   DG -14.34 +/-  0.02
point      2 -      3,   DG -7.27 +/-  0.04
point      3 -      4,   DG  5.13 +/-  0.11
point      4 -      5,   DG 22.22 +/-  0.26
point      5 -      6,   DG 12.20 +/-  0.31
point      6 -      7,   DG  7.92 +/-  0.27
point      7 -      8,   DG  5.09 +/-  0.08
point      8 -      9,   DG  3.29 +/-  0.09
point      9 -     10,   DG  1.95 +/-  0.07
point     10 -     11,   DG  0.99 +/-  0.06
point     11 -     12,   DG  0.30 +/-  0.02
point     12 -     13,   DG -0.26 +/-  0.05
point     13 -     14,   DG -0.73 +/-  0.03
point     14 -     15,   DG -1.04 +/-  0.02
point     15 -     16,   DG -1.23 +/-  0.04
point     16 -     17,   DG -4.30 +/-  0.07
point     17 -     18,   DG -3.76 +/-  0.04
point     18 -     19,   DG -5.13 +/-  0.04
point     19 -     20,   DG -6.57 +/-  0.03
point     20 -     21,   DG -8.26 +/-  0.05
point     21 -     22,   DG -10.22 +/-  0.04
point     22 -     23,   DG -12.22 +/-  0.07

total      0 -     23,   DG -34.42 +/-  0.81

