lambda_00/bar.xvg: 0.0 - 876.0; lambda = (0, 0)
    dH/dl & foreign lambdas:
        dH/dl (coul-lambda) (8761 pts)
        dH/dl (vdw-lambda) (8761 pts)
        delta H to (0, 0) (8761 pts)
        delta H to (0, 0.1) (8761 pts)


lambda_01/bar.xvg: 0.0 - 877.9; lambda = (0, 0.1)
    dH/dl & foreign lambdas:
        dH/dl (coul-lambda) (8780 pts)
        dH/dl (vdw-lambda) (8780 pts)
        delta H to (0, 0) (8780 pts)
        delta H to (0, 0.1) (8780 pts)
        delta H to (0, 0.2) (8780 pts)


lambda_02/bar.xvg: 0.0 - 877.8; lambda = (0, 0.2)
    dH/dl & foreign lambdas:
        dH/dl (coul-lambda) (8779 pts)
        dH/dl (vdw-lambda) (8779 pts)
        delta H to (0, 0.1) (8779 pts)
        delta H to (0, 0.2) (8779 pts)
        delta H to (0, 0.3) (8779 pts)


lambda_03/bar.xvg: 0.0 - 879.1; lambda = (0, 0.3)
    dH/dl & foreign lambdas:
        dH/dl (coul-lambda) (8792 pts)
        dH/dl (vdw-lambda) (8792 pts)
        delta H to (0, 0.2) (8792 pts)
        delta H to (0, 0.3) (8792 pts)
        delta H to (0, 0.4) (8792 pts)


lambda_04/bar.xvg: 0.0 - 878.2; lambda = (0, 0.4)
    dH/dl & foreign lambdas:
        dH/dl (coul-lambda) (8783 pts)
        dH/dl (vdw-lambda) (8783 pts)
        delta H to (0, 0.3) (8783 pts)
        delta H to (0, 0.4) (8783 pts)
        delta H to (0, 0.5) (8783 pts)


lambda_05/bar.xvg: 0.0 - 878.4; lambda = (0, 0.5)
    dH/dl & foreign lambdas:
        dH/dl (coul-lambda) (8785 pts)
        dH/dl (vdw-lambda) (8785 pts)
        delta H to (0, 0.4) (8785 pts)
        delta H to (0, 0.5) (8785 pts)
        delta H to (0, 0.55) (8785 pts)


lambda_06/bar.xvg: 0.0 - 877.4; lambda = (0, 0.55)
    dH/dl & foreign lambdas:
        dH/dl (coul-lambda) (8775 pts)
        dH/dl (vdw-lambda) (8775 pts)
        delta H to (0, 0.5) (8775 pts)
        delta H to (0, 0.55) (8775 pts)
        delta H to (0, 0.6) (8775 pts)


lambda_07/bar.xvg: 0.0 - 876.2; lambda = (0, 0.6)
    dH/dl & foreign lambdas:
        dH/dl (coul-lambda) (8763 pts)
        dH/dl (vdw-lambda) (8763 pts)
        delta H to (0, 0.55) (8763 pts)
        delta H to (0, 0.6) (8763 pts)
        delta H to (0, 0.65) (8763 pts)


lambda_08/bar.xvg: 0.0 - 876.0; lambda = (0, 0.65)
    dH/dl & foreign lambdas:
        dH/dl (coul-lambda) (8761 pts)
        dH/dl (vdw-lambda) (8761 pts)
        delta H to (0, 0.6) (8761 pts)
        delta H to (0, 0.65) (8761 pts)
        delta H to (0, 0.7) (8761 pts)


lambda_09/bar.xvg: 0.0 - 876.0; lambda = (0, 0.7)
    dH/dl & foreign lambdas:
        dH/dl (coul-lambda) (8761 pts)
        dH/dl (vdw-lambda) (8761 pts)
        delta H to (0, 0.65) (8761 pts)
        delta H to (0, 0.7) (8761 pts)
        delta H to (0, 0.75) (8761 pts)


lambda_10/bar.xvg: 0.0 - 883.8; lambda = (0, 0.75)
    dH/dl & foreign lambdas:
        dH/dl (coul-lambda) (8839 pts)
        dH/dl (vdw-lambda) (8839 pts)
        delta H to (0, 0.7) (8839 pts)
        delta H to (0, 0.75) (8839 pts)
        delta H to (0, 0.8) (8839 pts)


lambda_11/bar.xvg: 0.0 - 881.7; lambda = (0, 0.8)
    dH/dl & foreign lambdas:
        dH/dl (coul-lambda) (8818 pts)
        dH/dl (vdw-lambda) (8818 pts)
        delta H to (0, 0.75) (8818 pts)
        delta H to (0, 0.8) (8818 pts)
        delta H to (0, 0.85) (8818 pts)


lambda_12/bar.xvg: 0.0 - 880.6; lambda = (0, 0.85)
    dH/dl & foreign lambdas:
        dH/dl (coul-lambda) (8807 pts)
        dH/dl (vdw-lambda) (8807 pts)
        delta H to (0, 0.8) (8807 pts)
        delta H to (0, 0.85) (8807 pts)
        delta H to (0, 0.9) (8807 pts)


lambda_13/bar.xvg: 0.0 - 879.8; lambda = (0, 0.9)
    dH/dl & foreign lambdas:
        dH/dl (coul-lambda) (8799 pts)
        dH/dl (vdw-lambda) (8799 pts)
        delta H to (0, 0.85) (8799 pts)
        delta H to (0, 0.9) (8799 pts)
        delta H to (0, 0.95) (8799 pts)


lambda_14/bar.xvg: 0.0 - 879.0; lambda = (0, 0.95)
    dH/dl & foreign lambdas:
        dH/dl (coul-lambda) (8791 pts)
        dH/dl (vdw-lambda) (8791 pts)
        delta H to (0, 0.9) (8791 pts)
        delta H to (0, 0.95) (8791 pts)
        delta H to (0, 1) (8791 pts)


lambda_15/bar.xvg: 0.0 - 878.7; lambda = (0, 1)
    dH/dl & foreign lambdas:
        dH/dl (coul-lambda) (8788 pts)
        dH/dl (vdw-lambda) (8788 pts)
        delta H to (0, 0.95) (8788 pts)
        delta H to (0, 1) (8788 pts)
        delta H to (0.2, 1) (8788 pts)


lambda_16/bar.xvg: 0.0 - 884.0; lambda = (0.2, 1)
    dH/dl & foreign lambdas:
        dH/dl (coul-lambda) (8841 pts)
        dH/dl (vdw-lambda) (8841 pts)
        delta H to (0, 1) (8841 pts)
        delta H to (0.2, 1) (8841 pts)
        delta H to (0.4, 1) (8841 pts)


lambda_17/bar.xvg: 0.0 - 876.0; lambda = (0.4, 1)
    dH/dl & foreign lambdas:
        dH/dl (coul-lambda) (8761 pts)
        dH/dl (vdw-lambda) (8761 pts)
        delta H to (0.2, 1) (8761 pts)
        delta H to (0.4, 1) (8761 pts)
        delta H to (0.5, 1) (8761 pts)


lambda_18/bar.xvg: 0.0 - 876.5; lambda = (0.5, 1)
    dH/dl & foreign lambdas:
        dH/dl (coul-lambda) (8766 pts)
        dH/dl (vdw-lambda) (8766 pts)
        delta H to (0.4, 1) (8766 pts)
        delta H to (0.5, 1) (8766 pts)
        delta H to (0.6, 1) (8766 pts)


lambda_19/bar.xvg: 0.0 - 878.3; lambda = (0.6, 1)
    dH/dl & foreign lambdas:
        dH/dl (coul-lambda) (8784 pts)
        dH/dl (vdw-lambda) (8784 pts)
        delta H to (0.5, 1) (8784 pts)
        delta H to (0.6, 1) (8784 pts)
        delta H to (0.7, 1) (8784 pts)


lambda_20/bar.xvg: 0.0 - 880.2; lambda = (0.7, 1)
    dH/dl & foreign lambdas:
        dH/dl (coul-lambda) (8803 pts)
        dH/dl (vdw-lambda) (8803 pts)
        delta H to (0.6, 1) (8803 pts)
        delta H to (0.7, 1) (8803 pts)
        delta H to (0.8, 1) (8803 pts)


lambda_21/bar.xvg: 0.0 - 882.3; lambda = (0.8, 1)
    dH/dl & foreign lambdas:
        dH/dl (coul-lambda) (8824 pts)
        dH/dl (vdw-lambda) (8824 pts)
        delta H to (0.7, 1) (8824 pts)
        delta H to (0.8, 1) (8824 pts)
        delta H to (0.9, 1) (8824 pts)


lambda_22/bar.xvg: 0.0 - 883.9; lambda = (0.9, 1)
    dH/dl & foreign lambdas:
        dH/dl (coul-lambda) (8840 pts)
        dH/dl (vdw-lambda) (8840 pts)
        delta H to (0.8, 1) (8840 pts)
        delta H to (0.9, 1) (8840 pts)
        delta H to (1, 1) (8840 pts)


lambda_23/bar.xvg: 0.0 - 883.1; lambda = (1, 1)
    dH/dl & foreign lambdas:
        dH/dl (coul-lambda) (8832 pts)
        dH/dl (vdw-lambda) (8832 pts)
        delta H to (0.9, 1) (8832 pts)
        delta H to (1, 1) (8832 pts)



   Samples in time interval: 0.000 - 884.000
Removing samples outside of: 100.000 - 884.000

Temperature: 300 K

Detailed results in kT (see help for explanation):

 lam_A  lam_B      DG   +/-     s_A   +/-     s_B   +/-   stdev   +/- 
     0      1   -7.29  0.01    0.03  0.00    0.03  0.00    0.25  0.00
     1      2   -5.76  0.01    0.03  0.00    0.03  0.00    0.24  0.00
     2      3   -2.91  0.01    0.07  0.01    0.07  0.01    0.38  0.01
     3      4    2.10  0.02    0.39  0.02    0.42  0.02    0.88  0.01
     4      5    9.01  0.10    2.65  0.06    3.21  0.07    2.92  0.05
     5      6    5.06  0.10    2.44  0.06    2.05  0.08    2.39  0.05
     6      7    3.35  0.11    2.59  0.09    1.76  0.05    2.31  0.04
     7      8    1.98  0.07    1.85  0.13    1.23  0.08    1.81  0.05
     8      9    1.24  0.04    1.32  0.04    0.92  0.03    1.52  0.02
     9     10    0.77  0.03    1.12  0.03    0.79  0.02    1.40  0.01
    10     11    0.38  0.01    1.00  0.02    0.69  0.01    1.28  0.01
    11     12    0.11  0.01    0.80  0.01    0.56  0.01    1.16  0.00
    12     13   -0.08  0.02    0.75  0.01    0.54  0.01    1.11  0.00
    13     14   -0.27  0.02    0.67  0.01    0.47  0.01    1.04  0.01
    14     15   -0.41  0.01    0.58  0.01    0.42  0.01    0.98  0.00
    15     16   -0.53  0.02    0.58  0.01    0.61  0.01    1.10  0.01
    16     17   -1.92  0.03    0.78  0.03    0.88  0.03    1.30  0.02
    17     18   -1.65  0.02    0.25  0.02    0.27  0.02    0.73  0.00
    18     19   -2.23  0.03    0.31  0.02    0.32  0.02    0.79  0.01
    19     20   -2.88  0.03    0.33  0.01    0.34  0.01    0.83  0.00
    20     21   -3.60  0.01    0.38  0.02    0.39  0.02    0.88  0.01
    21     22   -4.39  0.02    0.40  0.00    0.41  0.00    0.91  0.01
    22     23   -5.19  0.01    0.39  0.02    0.40  0.02    0.91  0.01


Final results in kJ/mol:

point      0 -      1,   DG -18.17 +/-  0.02
point      1 -      2,   DG -14.37 +/-  0.01
point      2 -      3,   DG -7.26 +/-  0.03
point      3 -      4,   DG  5.25 +/-  0.05
point      4 -      5,   DG 22.46 +/-  0.25
point      5 -      6,   DG 12.63 +/-  0.25
point      6 -      7,   DG  8.36 +/-  0.27
point      7 -      8,   DG  4.93 +/-  0.17
point      8 -      9,   DG  3.09 +/-  0.09
point      9 -     10,   DG  1.93 +/-  0.06
point     10 -     11,   DG  0.96 +/-  0.03
point     11 -     12,   DG  0.28 +/-  0.02
point     12 -     13,   DG -0.19 +/-  0.04
point     13 -     14,   DG -0.68 +/-  0.05
point     14 -     15,   DG -1.02 +/-  0.02
point     15 -     16,   DG -1.33 +/-  0.05
point     16 -     17,   DG -4.80 +/-  0.08
point     17 -     18,   DG -4.13 +/-  0.05
point     18 -     19,   DG -5.57 +/-  0.06
point     19 -     20,   DG -7.19 +/-  0.08
point     20 -     21,   DG -8.98 +/-  0.03
point     21 -     22,   DG -10.96 +/-  0.06
point     22 -     23,   DG -12.96 +/-  0.03

total      0 -     23,   DG -37.71 +/-  0.73

