lambda_00/bar.xvg: 0.0 - 873.3; lambda = (0, 0)
    dH/dl & foreign lambdas:
        dH/dl (coul-lambda) (8734 pts)
        dH/dl (vdw-lambda) (8734 pts)
        delta H to (0, 0) (8734 pts)
        delta H to (0, 0.1) (8734 pts)


lambda_01/bar.xvg: 0.0 - 877.7; lambda = (0, 0.1)
    dH/dl & foreign lambdas:
        dH/dl (coul-lambda) (8778 pts)
        dH/dl (vdw-lambda) (8778 pts)
        delta H to (0, 0) (8778 pts)
        delta H to (0, 0.1) (8778 pts)
        delta H to (0, 0.2) (8778 pts)


lambda_02/bar.xvg: 0.0 - 878.0; lambda = (0, 0.2)
    dH/dl & foreign lambdas:
        dH/dl (coul-lambda) (8781 pts)
        dH/dl (vdw-lambda) (8781 pts)
        delta H to (0, 0.1) (8781 pts)
        delta H to (0, 0.2) (8781 pts)
        delta H to (0, 0.3) (8781 pts)


lambda_03/bar.xvg: 0.0 - 879.0; lambda = (0, 0.3)
    dH/dl & foreign lambdas:
        dH/dl (coul-lambda) (8791 pts)
        dH/dl (vdw-lambda) (8791 pts)
        delta H to (0, 0.2) (8791 pts)
        delta H to (0, 0.3) (8791 pts)
        delta H to (0, 0.4) (8791 pts)


lambda_04/bar.xvg: 0.0 - 878.3; lambda = (0, 0.4)
    dH/dl & foreign lambdas:
        dH/dl (coul-lambda) (8784 pts)
        dH/dl (vdw-lambda) (8784 pts)
        delta H to (0, 0.3) (8784 pts)
        delta H to (0, 0.4) (8784 pts)
        delta H to (0, 0.5) (8784 pts)


lambda_05/bar.xvg: 0.0 - 878.5; lambda = (0, 0.5)
    dH/dl & foreign lambdas:
        dH/dl (coul-lambda) (8786 pts)
        dH/dl (vdw-lambda) (8786 pts)
        delta H to (0, 0.4) (8786 pts)
        delta H to (0, 0.5) (8786 pts)
        delta H to (0, 0.55) (8786 pts)


lambda_06/bar.xvg: 0.0 - 877.4; lambda = (0, 0.55)
    dH/dl & foreign lambdas:
        dH/dl (coul-lambda) (8775 pts)
        dH/dl (vdw-lambda) (8775 pts)
        delta H to (0, 0.5) (8775 pts)
        delta H to (0, 0.55) (8775 pts)
        delta H to (0, 0.6) (8775 pts)


lambda_07/bar.xvg: 0.0 - 876.2; lambda = (0, 0.6)
    dH/dl & foreign lambdas:
        dH/dl (coul-lambda) (8763 pts)
        dH/dl (vdw-lambda) (8763 pts)
        delta H to (0, 0.55) (8763 pts)
        delta H to (0, 0.6) (8763 pts)
        delta H to (0, 0.65) (8763 pts)


lambda_08/bar.xvg: 0.0 - 874.5; lambda = (0, 0.65)
    dH/dl & foreign lambdas:
        dH/dl (coul-lambda) (8746 pts)
        dH/dl (vdw-lambda) (8746 pts)
        delta H to (0, 0.6) (8746 pts)
        delta H to (0, 0.65) (8746 pts)
        delta H to (0, 0.7) (8746 pts)


lambda_09/bar.xvg: 0.0 - 872.4; lambda = (0, 0.7)
    dH/dl & foreign lambdas:
        dH/dl (coul-lambda) (8725 pts)
        dH/dl (vdw-lambda) (8725 pts)
        delta H to (0, 0.65) (8725 pts)
        delta H to (0, 0.7) (8725 pts)
        delta H to (0, 0.75) (8725 pts)


lambda_10/bar.xvg: 0.0 - 870.3; lambda = (0, 0.75)
    dH/dl & foreign lambdas:
        dH/dl (coul-lambda) (8704 pts)
        dH/dl (vdw-lambda) (8704 pts)
        delta H to (0, 0.7) (8704 pts)
        delta H to (0, 0.75) (8704 pts)
        delta H to (0, 0.8) (8704 pts)


lambda_11/bar.xvg: 0.0 - 882.1; lambda = (0, 0.8)
    dH/dl & foreign lambdas:
        dH/dl (coul-lambda) (8822 pts)
        dH/dl (vdw-lambda) (8822 pts)
        delta H to (0, 0.75) (8822 pts)
        delta H to (0, 0.8) (8822 pts)
        delta H to (0, 0.85) (8822 pts)


lambda_12/bar.xvg: 0.0 - 880.7; lambda = (0, 0.85)
    dH/dl & foreign lambdas:
        dH/dl (coul-lambda) (8808 pts)
        dH/dl (vdw-lambda) (8808 pts)
        delta H to (0, 0.8) (8808 pts)
        delta H to (0, 0.85) (8808 pts)
        delta H to (0, 0.9) (8808 pts)


lambda_13/bar.xvg: 0.0 - 879.3; lambda = (0, 0.9)
    dH/dl & foreign lambdas:
        dH/dl (coul-lambda) (8794 pts)
        dH/dl (vdw-lambda) (8794 pts)
        delta H to (0, 0.85) (8794 pts)
        delta H to (0, 0.9) (8794 pts)
        delta H to (0, 0.95) (8794 pts)


lambda_14/bar.xvg: 0.0 - 879.0; lambda = (0, 0.95)
    dH/dl & foreign lambdas:
        dH/dl (coul-lambda) (8791 pts)
        dH/dl (vdw-lambda) (8791 pts)
        delta H to (0, 0.9) (8791 pts)
        delta H to (0, 0.95) (8791 pts)
        delta H to (0, 1) (8791 pts)


lambda_15/bar.xvg: 0.0 - 878.4; lambda = (0, 1)
    dH/dl & foreign lambdas:
        dH/dl (coul-lambda) (8785 pts)
        dH/dl (vdw-lambda) (8785 pts)
        delta H to (0, 0.95) (8785 pts)
        delta H to (0, 1) (8785 pts)
        delta H to (0.2, 1) (8785 pts)


lambda_16/bar.xvg: 0.0 - 870.8; lambda = (0.2, 1)
    dH/dl & foreign lambdas:
        dH/dl (coul-lambda) (8709 pts)
        dH/dl (vdw-lambda) (8709 pts)
        delta H to (0, 1) (8709 pts)
        delta H to (0.2, 1) (8709 pts)
        delta H to (0.4, 1) (8709 pts)


lambda_17/bar.xvg: 0.0 - 874.3; lambda = (0.4, 1)
    dH/dl & foreign lambdas:
        dH/dl (coul-lambda) (8744 pts)
        dH/dl (vdw-lambda) (8744 pts)
        delta H to (0.2, 1) (8744 pts)
        delta H to (0.4, 1) (8744 pts)
        delta H to (0.5, 1) (8744 pts)


lambda_18/bar.xvg: 0.0 - 876.3; lambda = (0.5, 1)
    dH/dl & foreign lambdas:
        dH/dl (coul-lambda) (8764 pts)
        dH/dl (vdw-lambda) (8764 pts)
        delta H to (0.4, 1) (8764 pts)
        delta H to (0.5, 1) (8764 pts)
        delta H to (0.6, 1) (8764 pts)


lambda_19/bar.xvg: 0.0 - 878.4; lambda = (0.6, 1)
    dH/dl & foreign lambdas:
        dH/dl (coul-lambda) (8785 pts)
        dH/dl (vdw-lambda) (8785 pts)
        delta H to (0.5, 1) (8785 pts)
        delta H to (0.6, 1) (8785 pts)
        delta H to (0.7, 1) (8785 pts)


lambda_20/bar.xvg: 0.0 - 880.2; lambda = (0.7, 1)
    dH/dl & foreign lambdas:
        dH/dl (coul-lambda) (8803 pts)
        dH/dl (vdw-lambda) (8803 pts)
        delta H to (0.6, 1) (8803 pts)
        delta H to (0.7, 1) (8803 pts)
        delta H to (0.8, 1) (8803 pts)


lambda_21/bar.xvg: 0.0 - 882.2; lambda = (0.8, 1)
    dH/dl & foreign lambdas:
        dH/dl (coul-lambda) (8823 pts)
        dH/dl (vdw-lambda) (8823 pts)
        delta H to (0.7, 1) (8823 pts)
        delta H to (0.8, 1) (8823 pts)
        delta H to (0.9, 1) (8823 pts)


lambda_22/bar.xvg: 0.0 - 870.6; lambda = (0.9, 1)
    dH/dl & foreign lambdas:
        dH/dl (coul-lambda) (8707 pts)
        dH/dl (vdw-lambda) (8707 pts)
        delta H to (0.8, 1) (8707 pts)
        delta H to (0.9, 1) (8707 pts)
        delta H to (1, 1) (8707 pts)


lambda_23/bar.xvg: 0.0 - 866.7; lambda = (1, 1)
    dH/dl & foreign lambdas:
        dH/dl (coul-lambda) (8668 pts)
        dH/dl (vdw-lambda) (8668 pts)
        delta H to (0.9, 1) (8668 pts)
        delta H to (1, 1) (8668 pts)



   Samples in time interval: 0.000 - 882.200
Removing samples outside of: 100.000 - 882.200

Temperature: 300 K

Detailed results in kT (see help for explanation):

 lam_A  lam_B      DG   +/-     s_A   +/-     s_B   +/-   stdev   +/- 
     0      1   -7.27  0.00    0.03  0.01    0.03  0.01    0.25  0.00
     1      2   -5.76  0.01    0.03  0.00    0.03  0.00    0.24  0.00
     2      3   -2.92  0.00    0.09  0.01    0.09  0.01    0.38  0.00
     3      4    2.04  0.03    0.42  0.02    0.45  0.02    0.90  0.01
     4      5    8.86  0.05    2.59  0.06    2.95  0.05    2.78  0.05
     5      6    5.19  0.07    2.41  0.07    2.18  0.08    2.52  0.05
     6      7    3.29  0.08    2.65  0.12    1.70  0.10    2.24  0.06
     7      8    2.06  0.05    1.76  0.02    1.19  0.01    1.79  0.01
     8      9    1.34  0.04    1.40  0.06    0.98  0.03    1.57  0.02
     9     10    0.81  0.02    1.15  0.03    0.81  0.02    1.41  0.02
    10     11    0.42  0.01    0.98  0.02    0.68  0.02    1.29  0.01
    11     12    0.13  0.01    0.84  0.01    0.58  0.01    1.18  0.01
    12     13   -0.10  0.02    0.76  0.01    0.52  0.01    1.11  0.00
    13     14   -0.27  0.01    0.66  0.02    0.46  0.02    1.04  0.01
    14     15   -0.41  0.01    0.59  0.02    0.42  0.02    0.98  0.01
    15     16   -0.57  0.02    0.60  0.02    0.62  0.02    1.11  0.01
    16     17   -1.93  0.03    0.73  0.02    0.84  0.02    1.29  0.01
    17     18   -1.62  0.01    0.24  0.01    0.26  0.01    0.73  0.01
    18     19   -2.22  0.01    0.33  0.01    0.35  0.01    0.80  0.01
    19     20   -2.88  0.02    0.31  0.01    0.33  0.01    0.83  0.01
    20     21   -3.61  0.04    0.41  0.01    0.42  0.01    0.90  0.00
    21     22   -4.45  0.02    0.41  0.04    0.42  0.04    0.93  0.01
    22     23   -5.29  0.03    0.42  0.02    0.43  0.02    0.94  0.01


Final results in kJ/mol:

point      0 -      1,   DG -18.15 +/-  0.01
point      1 -      2,   DG -14.37 +/-  0.01
point      2 -      3,   DG -7.28 +/-  0.01
point      3 -      4,   DG  5.08 +/-  0.07
point      4 -      5,   DG 22.09 +/-  0.12
point      5 -      6,   DG 12.94 +/-  0.18
point      6 -      7,   DG  8.20 +/-  0.20
point      7 -      8,   DG  5.14 +/-  0.13
point      8 -      9,   DG  3.34 +/-  0.10
point      9 -     10,   DG  2.02 +/-  0.06
point     10 -     11,   DG  1.04 +/-  0.02
point     11 -     12,   DG  0.33 +/-  0.03
point     12 -     13,   DG -0.24 +/-  0.04
point     13 -     14,   DG -0.68 +/-  0.02
point     14 -     15,   DG -1.02 +/-  0.02
point     15 -     16,   DG -1.43 +/-  0.06
point     16 -     17,   DG -4.81 +/-  0.06
point     17 -     18,   DG -4.05 +/-  0.02
point     18 -     19,   DG -5.53 +/-  0.03
point     19 -     20,   DG -7.18 +/-  0.06
point     20 -     21,   DG -9.02 +/-  0.09
point     21 -     22,   DG -11.09 +/-  0.04
point     22 -     23,   DG -13.19 +/-  0.09

total      0 -     23,   DG -37.84 +/-  0.43

