lambda_00/bar.xvg: 0.0 - 793.9; lambda = (0, 0)
    dH/dl & foreign lambdas:
        dH/dl (coul-lambda) (7940 pts)
        dH/dl (vdw-lambda) (7940 pts)
        delta H to (0, 0) (7940 pts)
        delta H to (0, 0.1) (7940 pts)


lambda_01/bar.xvg: 0.0 - 797.9; lambda = (0, 0.1)
    dH/dl & foreign lambdas:
        dH/dl (coul-lambda) (7980 pts)
        dH/dl (vdw-lambda) (7980 pts)
        delta H to (0, 0) (7980 pts)
        delta H to (0, 0.1) (7980 pts)
        delta H to (0, 0.2) (7980 pts)


lambda_02/bar.xvg: 0.0 - 798.0; lambda = (0, 0.2)
    dH/dl & foreign lambdas:
        dH/dl (coul-lambda) (7981 pts)
        dH/dl (vdw-lambda) (7981 pts)
        delta H to (0, 0.1) (7981 pts)
        delta H to (0, 0.2) (7981 pts)
        delta H to (0, 0.3) (7981 pts)


lambda_03/bar.xvg: 0.0 - 797.4; lambda = (0, 0.3)
    dH/dl & foreign lambdas:
        dH/dl (coul-lambda) (7975 pts)
        dH/dl (vdw-lambda) (7975 pts)
        delta H to (0, 0.2) (7975 pts)
        delta H to (0, 0.3) (7975 pts)
        delta H to (0, 0.4) (7975 pts)


lambda_04/bar.xvg: 0.0 - 797.0; lambda = (0, 0.4)
    dH/dl & foreign lambdas:
        dH/dl (coul-lambda) (7971 pts)
        dH/dl (vdw-lambda) (7971 pts)
        delta H to (0, 0.3) (7971 pts)
        delta H to (0, 0.4) (7971 pts)
        delta H to (0, 0.5) (7971 pts)


lambda_05/bar.xvg: 0.0 - 797.3; lambda = (0, 0.5)
    dH/dl & foreign lambdas:
        dH/dl (coul-lambda) (7974 pts)
        dH/dl (vdw-lambda) (7974 pts)
        delta H to (0, 0.4) (7974 pts)
        delta H to (0, 0.5) (7974 pts)
        delta H to (0, 0.55) (7974 pts)


lambda_06/bar.xvg: 0.0 - 796.7; lambda = (0, 0.55)
    dH/dl & foreign lambdas:
        dH/dl (coul-lambda) (7968 pts)
        dH/dl (vdw-lambda) (7968 pts)
        delta H to (0, 0.5) (7968 pts)
        delta H to (0, 0.55) (7968 pts)
        delta H to (0, 0.6) (7968 pts)


lambda_07/bar.xvg: 0.0 - 794.6; lambda = (0, 0.6)
    dH/dl & foreign lambdas:
        dH/dl (coul-lambda) (7947 pts)
        dH/dl (vdw-lambda) (7947 pts)
        delta H to (0, 0.55) (7947 pts)
        delta H to (0, 0.6) (7947 pts)
        delta H to (0, 0.65) (7947 pts)


lambda_08/bar.xvg: 0.0 - 806.4; lambda = (0, 0.65)
    dH/dl & foreign lambdas:
        dH/dl (coul-lambda) (8065 pts)
        dH/dl (vdw-lambda) (8065 pts)
        delta H to (0, 0.6) (8065 pts)
        delta H to (0, 0.65) (8065 pts)
        delta H to (0, 0.7) (8065 pts)


lambda_09/bar.xvg: 0.0 - 804.5; lambda = (0, 0.7)
    dH/dl & foreign lambdas:
        dH/dl (coul-lambda) (8046 pts)
        dH/dl (vdw-lambda) (8046 pts)
        delta H to (0, 0.65) (8046 pts)
        delta H to (0, 0.7) (8046 pts)
        delta H to (0, 0.75) (8046 pts)


lambda_10/bar.xvg: 0.0 - 802.7; lambda = (0, 0.75)
    dH/dl & foreign lambdas:
        dH/dl (coul-lambda) (8028 pts)
        dH/dl (vdw-lambda) (8028 pts)
        delta H to (0, 0.7) (8028 pts)
        delta H to (0, 0.75) (8028 pts)
        delta H to (0, 0.8) (8028 pts)


lambda_11/bar.xvg: 0.0 - 801.2; lambda = (0, 0.8)
    dH/dl & foreign lambdas:
        dH/dl (coul-lambda) (8013 pts)
        dH/dl (vdw-lambda) (8013 pts)
        delta H to (0, 0.75) (8013 pts)
        delta H to (0, 0.8) (8013 pts)
        delta H to (0, 0.85) (8013 pts)


lambda_12/bar.xvg: 0.0 - 800.0; lambda = (0, 0.85)
    dH/dl & foreign lambdas:
        dH/dl (coul-lambda) (8001 pts)
        dH/dl (vdw-lambda) (8001 pts)
        delta H to (0, 0.8) (8001 pts)
        delta H to (0, 0.85) (8001 pts)
        delta H to (0, 0.9) (8001 pts)


lambda_13/bar.xvg: 0.0 - 799.2; lambda = (0, 0.9)
    dH/dl & foreign lambdas:
        dH/dl (coul-lambda) (7993 pts)
        dH/dl (vdw-lambda) (7993 pts)
        delta H to (0, 0.85) (7993 pts)
        delta H to (0, 0.9) (7993 pts)
        delta H to (0, 0.95) (7993 pts)


lambda_14/bar.xvg: 0.0 - 798.5; lambda = (0, 0.95)
    dH/dl & foreign lambdas:
        dH/dl (coul-lambda) (7986 pts)
        dH/dl (vdw-lambda) (7986 pts)
        delta H to (0, 0.9) (7986 pts)
        delta H to (0, 0.95) (7986 pts)
        delta H to (0, 1) (7986 pts)


lambda_15/bar.xvg: 0.0 - 798.2; lambda = (0, 1)
    dH/dl & foreign lambdas:
        dH/dl (coul-lambda) (7983 pts)
        dH/dl (vdw-lambda) (7983 pts)
        delta H to (0, 0.95) (7983 pts)
        delta H to (0, 1) (7983 pts)
        delta H to (0.2, 1) (7983 pts)


lambda_16/bar.xvg: 0.0 - 804.2; lambda = (0.2, 1)
    dH/dl & foreign lambdas:
        dH/dl (coul-lambda) (8043 pts)
        dH/dl (vdw-lambda) (8043 pts)
        delta H to (0, 1) (8043 pts)
        delta H to (0.2, 1) (8043 pts)
        delta H to (0.4, 1) (8043 pts)


lambda_17/bar.xvg: 0.0 - 794.3; lambda = (0.4, 1)
    dH/dl & foreign lambdas:
        dH/dl (coul-lambda) (7944 pts)
        dH/dl (vdw-lambda) (7944 pts)
        delta H to (0.2, 1) (7944 pts)
        delta H to (0.4, 1) (7944 pts)
        delta H to (0.5, 1) (7944 pts)


lambda_18/bar.xvg: 0.0 - 796.0; lambda = (0.5, 1)
    dH/dl & foreign lambdas:
        dH/dl (coul-lambda) (7961 pts)
        dH/dl (vdw-lambda) (7961 pts)
        delta H to (0.4, 1) (7961 pts)
        delta H to (0.5, 1) (7961 pts)
        delta H to (0.6, 1) (7961 pts)


lambda_19/bar.xvg: 0.0 - 797.8; lambda = (0.6, 1)
    dH/dl & foreign lambdas:
        dH/dl (coul-lambda) (7979 pts)
        dH/dl (vdw-lambda) (7979 pts)
        delta H to (0.5, 1) (7979 pts)
        delta H to (0.6, 1) (7979 pts)
        delta H to (0.7, 1) (7979 pts)


lambda_20/bar.xvg: 0.0 - 799.5; lambda = (0.7, 1)
    dH/dl & foreign lambdas:
        dH/dl (coul-lambda) (7996 pts)
        dH/dl (vdw-lambda) (7996 pts)
        delta H to (0.6, 1) (7996 pts)
        delta H to (0.7, 1) (7996 pts)
        delta H to (0.8, 1) (7996 pts)


lambda_21/bar.xvg: 0.0 - 801.4; lambda = (0.8, 1)
    dH/dl & foreign lambdas:
        dH/dl (coul-lambda) (8015 pts)
        dH/dl (vdw-lambda) (8015 pts)
        delta H to (0.7, 1) (8015 pts)
        delta H to (0.8, 1) (8015 pts)
        delta H to (0.9, 1) (8015 pts)


lambda_22/bar.xvg: 0.0 - 803.0; lambda = (0.9, 1)
    dH/dl & foreign lambdas:
        dH/dl (coul-lambda) (8031 pts)
        dH/dl (vdw-lambda) (8031 pts)
        delta H to (0.8, 1) (8031 pts)
        delta H to (0.9, 1) (8031 pts)
        delta H to (1, 1) (8031 pts)


lambda_23/bar.xvg: 0.0 - 801.0; lambda = (1, 1)
    dH/dl & foreign lambdas:
        dH/dl (coul-lambda) (8011 pts)
        dH/dl (vdw-lambda) (8011 pts)
        delta H to (0.9, 1) (8011 pts)
        delta H to (1, 1) (8011 pts)



   Samples in time interval: 0.000 - 806.400
Removing samples outside of: 100.000 - 806.400

Temperature: 300 K

Detailed results in kT (see help for explanation):

 lam_A  lam_B      DG   +/-     s_A   +/-     s_B   +/-   stdev   +/- 
     0      1   -6.81  0.01    0.02  0.01    0.02  0.01    0.24  0.00
     1      2   -5.38  0.00    0.03  0.01    0.03  0.01    0.23  0.01
     2      3   -2.74  0.01    0.07  0.01    0.07  0.01    0.38  0.00
     3      4    1.91  0.03    0.36  0.02    0.39  0.02    0.88  0.01
     4      5    8.23  0.08    2.57  0.04    3.06  0.08    2.83  0.05
     5      6    4.57  0.09    2.23  0.06    1.86  0.07    2.27  0.05
     6      7    2.99  0.02    2.43  0.11    1.63  0.03    2.14  0.04
     7      8    1.83  0.03    1.57  0.02    1.10  0.02    1.67  0.02
     8      9    1.18  0.03    1.27  0.02    0.91  0.02    1.48  0.01
     9     10    0.70  0.03    1.05  0.03    0.75  0.03    1.34  0.02
    10     11    0.34  0.02    0.92  0.01    0.64  0.01    1.23  0.00
    11     12    0.07  0.02    0.79  0.02    0.56  0.02    1.14  0.01
    12     13   -0.13  0.01    0.69  0.02    0.47  0.01    1.06  0.01
    13     14   -0.28  0.01    0.62  0.02    0.44  0.01    1.01  0.01
    14     15   -0.42  0.01    0.57  0.01    0.41  0.01    0.96  0.01
    15     16   -0.49  0.01    0.50  0.01    0.53  0.01    1.03  0.01
    16     17   -1.67  0.02    0.66  0.02    0.74  0.02    1.20  0.01
    17     18   -1.42  0.02    0.21  0.01    0.22  0.01    0.68  0.01
    18     19   -1.91  0.02    0.27  0.01    0.28  0.01    0.74  0.01
    19     20   -2.52  0.01    0.32  0.01    0.34  0.01    0.78  0.01
    20     21   -3.17  0.02    0.32  0.02    0.33  0.02    0.82  0.01
    21     22   -3.85  0.03    0.35  0.02    0.36  0.02    0.87  0.01
    22     23   -4.65  0.02    0.44  0.02    0.44  0.02    0.94  0.01


Final results in kJ/mol:

point      0 -      1,   DG -16.99 +/-  0.02
point      1 -      2,   DG -13.43 +/-  0.01
point      2 -      3,   DG -6.84 +/-  0.04
point      3 -      4,   DG  4.77 +/-  0.08
point      4 -      5,   DG 20.52 +/-  0.21
point      5 -      6,   DG 11.41 +/-  0.23
point      6 -      7,   DG  7.45 +/-  0.04
point      7 -      8,   DG  4.56 +/-  0.09
point      8 -      9,   DG  2.93 +/-  0.08
point      9 -     10,   DG  1.76 +/-  0.06
point     10 -     11,   DG  0.84 +/-  0.04
point     11 -     12,   DG  0.18 +/-  0.05
point     12 -     13,   DG -0.33 +/-  0.01
point     13 -     14,   DG -0.69 +/-  0.02
point     14 -     15,   DG -1.05 +/-  0.03
point     15 -     16,   DG -1.22 +/-  0.04
point     16 -     17,   DG -4.18 +/-  0.06
point     17 -     18,   DG -3.53 +/-  0.05
point     18 -     19,   DG -4.76 +/-  0.05
point     19 -     20,   DG -6.28 +/-  0.02
point     20 -     21,   DG -7.90 +/-  0.05
point     21 -     22,   DG -9.59 +/-  0.07
point     22 -     23,   DG -11.59 +/-  0.05

total      0 -     23,   DG -33.95 +/-  0.64

