lambda_00/bar.xvg: 0.0 - 921.1; lambda = (0, 0)
    dH/dl & foreign lambdas:
        dH/dl (coul-lambda) (9212 pts)
        dH/dl (vdw-lambda) (9212 pts)
        delta H to (0, 0) (9212 pts)
        delta H to (0, 0.1) (9212 pts)


lambda_01/bar.xvg: 0.0 - 918.0; lambda = (0, 0.1)
    dH/dl & foreign lambdas:
        dH/dl (coul-lambda) (9181 pts)
        dH/dl (vdw-lambda) (9181 pts)
        delta H to (0, 0) (9181 pts)
        delta H to (0, 0.1) (9181 pts)
        delta H to (0, 0.2) (9181 pts)


lambda_02/bar.xvg: 0.0 - 917.7; lambda = (0, 0.2)
    dH/dl & foreign lambdas:
        dH/dl (coul-lambda) (9178 pts)
        dH/dl (vdw-lambda) (9178 pts)
        delta H to (0, 0.1) (9178 pts)
        delta H to (0, 0.2) (9178 pts)
        delta H to (0, 0.3) (9178 pts)


lambda_03/bar.xvg: 0.0 - 919.4; lambda = (0, 0.3)
    dH/dl & foreign lambdas:
        dH/dl (coul-lambda) (9195 pts)
        dH/dl (vdw-lambda) (9195 pts)
        delta H to (0, 0.2) (9195 pts)
        delta H to (0, 0.3) (9195 pts)
        delta H to (0, 0.4) (9195 pts)


lambda_04/bar.xvg: 0.0 - 918.8; lambda = (0, 0.4)
    dH/dl & foreign lambdas:
        dH/dl (coul-lambda) (9189 pts)
        dH/dl (vdw-lambda) (9189 pts)
        delta H to (0, 0.3) (9189 pts)
        delta H to (0, 0.4) (9189 pts)
        delta H to (0, 0.5) (9189 pts)


lambda_05/bar.xvg: 0.0 - 919.0; lambda = (0, 0.5)
    dH/dl & foreign lambdas:
        dH/dl (coul-lambda) (9191 pts)
        dH/dl (vdw-lambda) (9191 pts)
        delta H to (0, 0.4) (9191 pts)
        delta H to (0, 0.5) (9191 pts)
        delta H to (0, 0.55) (9191 pts)


lambda_06/bar.xvg: 0.0 - 917.9; lambda = (0, 0.55)
    dH/dl & foreign lambdas:
        dH/dl (coul-lambda) (9180 pts)
        dH/dl (vdw-lambda) (9180 pts)
        delta H to (0, 0.5) (9180 pts)
        delta H to (0, 0.55) (9180 pts)
        delta H to (0, 0.6) (9180 pts)


lambda_07/bar.xvg: 0.0 - 916.4; lambda = (0, 0.6)
    dH/dl & foreign lambdas:
        dH/dl (coul-lambda) (9165 pts)
        dH/dl (vdw-lambda) (9165 pts)
        delta H to (0, 0.55) (9165 pts)
        delta H to (0, 0.6) (9165 pts)
        delta H to (0, 0.65) (9165 pts)


lambda_08/bar.xvg: 0.0 - 914.7; lambda = (0, 0.65)
    dH/dl & foreign lambdas:
        dH/dl (coul-lambda) (9148 pts)
        dH/dl (vdw-lambda) (9148 pts)
        delta H to (0, 0.6) (9148 pts)
        delta H to (0, 0.65) (9148 pts)
        delta H to (0, 0.7) (9148 pts)


lambda_09/bar.xvg: 0.0 - 912.7; lambda = (0, 0.7)
    dH/dl & foreign lambdas:
        dH/dl (coul-lambda) (9128 pts)
        dH/dl (vdw-lambda) (9128 pts)
        delta H to (0, 0.65) (9128 pts)
        delta H to (0, 0.7) (9128 pts)
        delta H to (0, 0.75) (9128 pts)


lambda_10/bar.xvg: 0.0 - 924.0; lambda = (0, 0.75)
    dH/dl & foreign lambdas:
        dH/dl (coul-lambda) (9241 pts)
        dH/dl (vdw-lambda) (9241 pts)
        delta H to (0, 0.7) (9241 pts)
        delta H to (0, 0.75) (9241 pts)
        delta H to (0, 0.8) (9241 pts)


lambda_11/bar.xvg: 0.0 - 922.0; lambda = (0, 0.8)
    dH/dl & foreign lambdas:
        dH/dl (coul-lambda) (9221 pts)
        dH/dl (vdw-lambda) (9221 pts)
        delta H to (0, 0.75) (9221 pts)
        delta H to (0, 0.8) (9221 pts)
        delta H to (0, 0.85) (9221 pts)


lambda_12/bar.xvg: 0.0 - 920.7; lambda = (0, 0.85)
    dH/dl & foreign lambdas:
        dH/dl (coul-lambda) (9208 pts)
        dH/dl (vdw-lambda) (9208 pts)
        delta H to (0, 0.8) (9208 pts)
        delta H to (0, 0.85) (9208 pts)
        delta H to (0, 0.9) (9208 pts)


lambda_13/bar.xvg: 0.0 - 919.6; lambda = (0, 0.9)
    dH/dl & foreign lambdas:
        dH/dl (coul-lambda) (9197 pts)
        dH/dl (vdw-lambda) (9197 pts)
        delta H to (0, 0.85) (9197 pts)
        delta H to (0, 0.9) (9197 pts)
        delta H to (0, 0.95) (9197 pts)


lambda_14/bar.xvg: 0.0 - 919.1; lambda = (0, 0.95)
    dH/dl & foreign lambdas:
        dH/dl (coul-lambda) (9192 pts)
        dH/dl (vdw-lambda) (9192 pts)
        delta H to (0, 0.9) (9192 pts)
        delta H to (0, 0.95) (9192 pts)
        delta H to (0, 1) (9192 pts)


lambda_15/bar.xvg: 0.0 - 918.2; lambda = (0, 1)
    dH/dl & foreign lambdas:
        dH/dl (coul-lambda) (9183 pts)
        dH/dl (vdw-lambda) (9183 pts)
        delta H to (0, 0.95) (9183 pts)
        delta H to (0, 1) (9183 pts)
        delta H to (0.2, 1) (9183 pts)


lambda_16/bar.xvg: 0.0 - 923.2; lambda = (0.2, 1)
    dH/dl & foreign lambdas:
        dH/dl (coul-lambda) (9233 pts)
        dH/dl (vdw-lambda) (9233 pts)
        delta H to (0, 1) (9233 pts)
        delta H to (0.2, 1) (9233 pts)
        delta H to (0.4, 1) (9233 pts)


lambda_17/bar.xvg: 0.0 - 913.6; lambda = (0.4, 1)
    dH/dl & foreign lambdas:
        dH/dl (coul-lambda) (9137 pts)
        dH/dl (vdw-lambda) (9137 pts)
        delta H to (0.2, 1) (9137 pts)
        delta H to (0.4, 1) (9137 pts)
        delta H to (0.5, 1) (9137 pts)


lambda_18/bar.xvg: 0.0 - 915.9; lambda = (0.5, 1)
    dH/dl & foreign lambdas:
        dH/dl (coul-lambda) (9160 pts)
        dH/dl (vdw-lambda) (9160 pts)
        delta H to (0.4, 1) (9160 pts)
        delta H to (0.5, 1) (9160 pts)
        delta H to (0.6, 1) (9160 pts)


lambda_19/bar.xvg: 0.0 - 917.8; lambda = (0.6, 1)
    dH/dl & foreign lambdas:
        dH/dl (coul-lambda) (9179 pts)
        dH/dl (vdw-lambda) (9179 pts)
        delta H to (0.5, 1) (9179 pts)
        delta H to (0.6, 1) (9179 pts)
        delta H to (0.7, 1) (9179 pts)


lambda_20/bar.xvg: 0.0 - 919.6; lambda = (0.7, 1)
    dH/dl & foreign lambdas:
        dH/dl (coul-lambda) (9197 pts)
        dH/dl (vdw-lambda) (9197 pts)
        delta H to (0.6, 1) (9197 pts)
        delta H to (0.7, 1) (9197 pts)
        delta H to (0.8, 1) (9197 pts)


lambda_21/bar.xvg: 0.0 - 922.0; lambda = (0.8, 1)
    dH/dl & foreign lambdas:
        dH/dl (coul-lambda) (9221 pts)
        dH/dl (vdw-lambda) (9221 pts)
        delta H to (0.7, 1) (9221 pts)
        delta H to (0.8, 1) (9221 pts)
        delta H to (0.9, 1) (9221 pts)


lambda_22/bar.xvg: 0.0 - 923.8; lambda = (0.9, 1)
    dH/dl & foreign lambdas:
        dH/dl (coul-lambda) (9239 pts)
        dH/dl (vdw-lambda) (9239 pts)
        delta H to (0.8, 1) (9239 pts)
        delta H to (0.9, 1) (9239 pts)
        delta H to (1, 1) (9239 pts)


lambda_23/bar.xvg: 0.0 - 915.5; lambda = (1, 1)
    dH/dl & foreign lambdas:
        dH/dl (coul-lambda) (9156 pts)
        dH/dl (vdw-lambda) (9156 pts)
        delta H to (0.9, 1) (9156 pts)
        delta H to (1, 1) (9156 pts)



   Samples in time interval: 0.000 - 924.000
Removing samples outside of: 100.000 - 924.000

Temperature: 300 K

Detailed results in kT (see help for explanation):

 lam_A  lam_B      DG   +/-     s_A   +/-     s_B   +/-   stdev   +/- 
     0      1   -7.29  0.00    0.02  0.01    0.02  0.01    0.24  0.00
     1      2   -5.76  0.00    0.04  0.00    0.04  0.00    0.24  0.00
     2      3   -2.94  0.01    0.08  0.00    0.08  0.00    0.39  0.00
     3      4    2.05  0.03    0.35  0.04    0.40  0.04    0.91  0.02
     4      5    8.97  0.12    2.59  0.09    3.02  0.17    2.80  0.10
     5      6    5.05  0.14    2.59  0.08    2.19  0.08    2.53  0.05
     6      7    3.25  0.09    2.48  0.11    1.65  0.06    2.21  0.06
     7      8    2.09  0.02    1.76  0.07    1.21  0.04    1.80  0.02
     8      9    1.35  0.04    1.41  0.05    0.99  0.03    1.59  0.03
     9     10    0.80  0.02    1.19  0.04    0.80  0.03    1.42  0.02
    10     11    0.41  0.01    1.01  0.01    0.71  0.01    1.29  0.01
    11     12    0.10  0.02    0.83  0.01    0.58  0.01    1.18  0.01
    12     13   -0.11  0.01    0.76  0.02    0.53  0.02    1.11  0.01
    13     14   -0.29  0.01    0.66  0.01    0.47  0.01    1.04  0.01
    14     15   -0.41  0.01    0.59  0.02    0.42  0.01    0.99  0.01
    15     16   -0.53  0.01    0.51  0.02    0.54  0.02    1.04  0.01
    16     17   -1.72  0.03    0.65  0.01    0.74  0.01    1.21  0.01
    17     18   -1.48  0.01    0.25  0.01    0.26  0.01    0.70  0.01
    18     19   -2.01  0.01    0.27  0.01    0.28  0.01    0.76  0.00
    19     20   -2.58  0.01    0.29  0.03    0.30  0.03    0.80  0.01
    20     21   -3.26  0.03    0.37  0.02    0.38  0.02    0.86  0.01
    21     22   -4.05  0.01    0.41  0.03    0.42  0.03    0.91  0.02
    22     23   -4.86  0.01    0.38  0.02    0.39  0.02    0.91  0.01


Final results in kJ/mol:

point      0 -      1,   DG -18.18 +/-  0.01
point      1 -      2,   DG -14.36 +/-  0.01
point      2 -      3,   DG -7.32 +/-  0.03
point      3 -      4,   DG  5.10 +/-  0.08
point      4 -      5,   DG 22.37 +/-  0.30
point      5 -      6,   DG 12.60 +/-  0.36
point      6 -      7,   DG  8.11 +/-  0.22
point      7 -      8,   DG  5.20 +/-  0.06
point      8 -      9,   DG  3.37 +/-  0.10
point      9 -     10,   DG  2.00 +/-  0.06
point     10 -     11,   DG  1.02 +/-  0.03
point     11 -     12,   DG  0.25 +/-  0.05
point     12 -     13,   DG -0.28 +/-  0.02
point     13 -     14,   DG -0.72 +/-  0.02
point     14 -     15,   DG -1.03 +/-  0.01
point     15 -     16,   DG -1.31 +/-  0.03
point     16 -     17,   DG -4.28 +/-  0.07
point     17 -     18,   DG -3.68 +/-  0.03
point     18 -     19,   DG -5.01 +/-  0.02
point     19 -     20,   DG -6.44 +/-  0.02
point     20 -     21,   DG -8.12 +/-  0.08
point     21 -     22,   DG -10.11 +/-  0.03
point     22 -     23,   DG -12.12 +/-  0.02

total      0 -     23,   DG -32.97 +/-  0.58

