lambda_00/bar.xvg: 0.0 - 968.9; lambda = (0, 0)
    dH/dl & foreign lambdas:
        dH/dl (coul-lambda) (9690 pts)
        dH/dl (vdw-lambda) (9690 pts)
        delta H to (0, 0) (9690 pts)
        delta H to (0, 0.1) (9690 pts)


lambda_01/bar.xvg: 0.0 - 970.8; lambda = (0, 0.1)
    dH/dl & foreign lambdas:
        dH/dl (coul-lambda) (9709 pts)
        dH/dl (vdw-lambda) (9709 pts)
        delta H to (0, 0) (9709 pts)
        delta H to (0, 0.1) (9709 pts)
        delta H to (0, 0.2) (9709 pts)


lambda_02/bar.xvg: 0.0 - 970.9; lambda = (0, 0.2)
    dH/dl & foreign lambdas:
        dH/dl (coul-lambda) (9710 pts)
        dH/dl (vdw-lambda) (9710 pts)
        delta H to (0, 0.1) (9710 pts)
        delta H to (0, 0.2) (9710 pts)
        delta H to (0, 0.3) (9710 pts)


lambda_03/bar.xvg: 0.0 - 973.8; lambda = (0, 0.3)
    dH/dl & foreign lambdas:
        dH/dl (coul-lambda) (9739 pts)
        dH/dl (vdw-lambda) (9739 pts)
        delta H to (0, 0.2) (9739 pts)
        delta H to (0, 0.3) (9739 pts)
        delta H to (0, 0.4) (9739 pts)


lambda_04/bar.xvg: 0.0 - 972.6; lambda = (0, 0.4)
    dH/dl & foreign lambdas:
        dH/dl (coul-lambda) (9727 pts)
        dH/dl (vdw-lambda) (9727 pts)
        delta H to (0, 0.3) (9727 pts)
        delta H to (0, 0.4) (9727 pts)
        delta H to (0, 0.5) (9727 pts)


lambda_05/bar.xvg: 0.0 - 973.0; lambda = (0, 0.5)
    dH/dl & foreign lambdas:
        dH/dl (coul-lambda) (9731 pts)
        dH/dl (vdw-lambda) (9731 pts)
        delta H to (0, 0.4) (9731 pts)
        delta H to (0, 0.5) (9731 pts)
        delta H to (0, 0.55) (9731 pts)


lambda_06/bar.xvg: 0.0 - 971.9; lambda = (0, 0.55)
    dH/dl & foreign lambdas:
        dH/dl (coul-lambda) (9720 pts)
        dH/dl (vdw-lambda) (9720 pts)
        delta H to (0, 0.5) (9720 pts)
        delta H to (0, 0.55) (9720 pts)
        delta H to (0, 0.6) (9720 pts)


lambda_07/bar.xvg: 0.0 - 970.2; lambda = (0, 0.6)
    dH/dl & foreign lambdas:
        dH/dl (coul-lambda) (9703 pts)
        dH/dl (vdw-lambda) (9703 pts)
        delta H to (0, 0.55) (9703 pts)
        delta H to (0, 0.6) (9703 pts)
        delta H to (0, 0.65) (9703 pts)


lambda_08/bar.xvg: 0.0 - 968.0; lambda = (0, 0.65)
    dH/dl & foreign lambdas:
        dH/dl (coul-lambda) (9681 pts)
        dH/dl (vdw-lambda) (9681 pts)
        delta H to (0, 0.6) (9681 pts)
        delta H to (0, 0.65) (9681 pts)
        delta H to (0, 0.7) (9681 pts)


lambda_09/bar.xvg: 0.0 - 979.2; lambda = (0, 0.7)
    dH/dl & foreign lambdas:
        dH/dl (coul-lambda) (9793 pts)
        dH/dl (vdw-lambda) (9793 pts)
        delta H to (0, 0.65) (9793 pts)
        delta H to (0, 0.7) (9793 pts)
        delta H to (0, 0.75) (9793 pts)


lambda_10/bar.xvg: 0.0 - 977.2; lambda = (0, 0.75)
    dH/dl & foreign lambdas:
        dH/dl (coul-lambda) (9773 pts)
        dH/dl (vdw-lambda) (9773 pts)
        delta H to (0, 0.7) (9773 pts)
        delta H to (0, 0.75) (9773 pts)
        delta H to (0, 0.8) (9773 pts)


lambda_11/bar.xvg: 0.0 - 974.8; lambda = (0, 0.8)
    dH/dl & foreign lambdas:
        dH/dl (coul-lambda) (9749 pts)
        dH/dl (vdw-lambda) (9749 pts)
        delta H to (0, 0.75) (9749 pts)
        delta H to (0, 0.8) (9749 pts)
        delta H to (0, 0.85) (9749 pts)


lambda_12/bar.xvg: 0.0 - 973.9; lambda = (0, 0.85)
    dH/dl & foreign lambdas:
        dH/dl (coul-lambda) (9740 pts)
        dH/dl (vdw-lambda) (9740 pts)
        delta H to (0, 0.8) (9740 pts)
        delta H to (0, 0.85) (9740 pts)
        delta H to (0, 0.9) (9740 pts)


lambda_13/bar.xvg: 0.0 - 972.5; lambda = (0, 0.9)
    dH/dl & foreign lambdas:
        dH/dl (coul-lambda) (9726 pts)
        dH/dl (vdw-lambda) (9726 pts)
        delta H to (0, 0.85) (9726 pts)
        delta H to (0, 0.9) (9726 pts)
        delta H to (0, 0.95) (9726 pts)


lambda_14/bar.xvg: 0.0 - 971.9; lambda = (0, 0.95)
    dH/dl & foreign lambdas:
        dH/dl (coul-lambda) (9720 pts)
        dH/dl (vdw-lambda) (9720 pts)
        delta H to (0, 0.9) (9720 pts)
        delta H to (0, 0.95) (9720 pts)
        delta H to (0, 1) (9720 pts)


lambda_15/bar.xvg: 0.0 - 971.0; lambda = (0, 1)
    dH/dl & foreign lambdas:
        dH/dl (coul-lambda) (9711 pts)
        dH/dl (vdw-lambda) (9711 pts)
        delta H to (0, 0.95) (9711 pts)
        delta H to (0, 1) (9711 pts)
        delta H to (0.2, 1) (9711 pts)


lambda_16/bar.xvg: 0.0 - 975.9; lambda = (0.2, 1)
    dH/dl & foreign lambdas:
        dH/dl (coul-lambda) (9760 pts)
        dH/dl (vdw-lambda) (9760 pts)
        delta H to (0, 1) (9760 pts)
        delta H to (0.2, 1) (9760 pts)
        delta H to (0.4, 1) (9760 pts)


lambda_17/bar.xvg: 0.0 - 980.0; lambda = (0.4, 1)
    dH/dl & foreign lambdas:
        dH/dl (coul-lambda) (9801 pts)
        dH/dl (vdw-lambda) (9801 pts)
        delta H to (0.2, 1) (9801 pts)
        delta H to (0.4, 1) (9801 pts)
        delta H to (0.5, 1) (9801 pts)


lambda_18/bar.xvg: 0.0 - 968.8; lambda = (0.5, 1)
    dH/dl & foreign lambdas:
        dH/dl (coul-lambda) (9689 pts)
        dH/dl (vdw-lambda) (9689 pts)
        delta H to (0.4, 1) (9689 pts)
        delta H to (0.5, 1) (9689 pts)
        delta H to (0.6, 1) (9689 pts)


lambda_19/bar.xvg: 0.0 - 971.4; lambda = (0.6, 1)
    dH/dl & foreign lambdas:
        dH/dl (coul-lambda) (9715 pts)
        dH/dl (vdw-lambda) (9715 pts)
        delta H to (0.5, 1) (9715 pts)
        delta H to (0.6, 1) (9715 pts)
        delta H to (0.7, 1) (9715 pts)


lambda_20/bar.xvg: 0.0 - 973.4; lambda = (0.7, 1)
    dH/dl & foreign lambdas:
        dH/dl (coul-lambda) (9735 pts)
        dH/dl (vdw-lambda) (9735 pts)
        delta H to (0.6, 1) (9735 pts)
        delta H to (0.7, 1) (9735 pts)
        delta H to (0.8, 1) (9735 pts)


lambda_21/bar.xvg: 0.0 - 975.7; lambda = (0.8, 1)
    dH/dl & foreign lambdas:
        dH/dl (coul-lambda) (9758 pts)
        dH/dl (vdw-lambda) (9758 pts)
        delta H to (0.7, 1) (9758 pts)
        delta H to (0.8, 1) (9758 pts)
        delta H to (0.9, 1) (9758 pts)


lambda_22/bar.xvg: 0.0 - 977.6; lambda = (0.9, 1)
    dH/dl & foreign lambdas:
        dH/dl (coul-lambda) (9777 pts)
        dH/dl (vdw-lambda) (9777 pts)
        delta H to (0.8, 1) (9777 pts)
        delta H to (0.9, 1) (9777 pts)
        delta H to (1, 1) (9777 pts)


lambda_23/bar.xvg: 0.0 - 965.0; lambda = (1, 1)
    dH/dl & foreign lambdas:
        dH/dl (coul-lambda) (9651 pts)
        dH/dl (vdw-lambda) (9651 pts)
        delta H to (0.9, 1) (9651 pts)
        delta H to (1, 1) (9651 pts)



   Samples in time interval: 0.000 - 980.000
Removing samples outside of: 100.000 - 980.000

Temperature: 300 K

Detailed results in kT (see help for explanation):

 lam_A  lam_B      DG   +/-     s_A   +/-     s_B   +/-   stdev   +/- 
     0      1   -6.81  0.01    0.03  0.01    0.03  0.01    0.24  0.00
     1      2   -5.38  0.00    0.02  0.00    0.02  0.00    0.23  0.00
     2      3   -2.74  0.01    0.07  0.01    0.07  0.01    0.39  0.00
     3      4    1.88  0.03    0.38  0.03    0.41  0.04    0.89  0.02
     4      5    8.27  0.15    2.41  0.07    2.82  0.11    2.69  0.05
     5      6    4.70  0.05    2.35  0.09    1.97  0.09    2.34  0.06
     6      7    3.04  0.05    2.40  0.06    1.63  0.03    2.16  0.03
     7      8    1.83  0.04    1.64  0.04    1.12  0.03    1.70  0.02
     8      9    1.20  0.02    1.22  0.02    0.86  0.02    1.46  0.01
     9     10    0.78  0.01    1.09  0.02    0.77  0.02    1.37  0.00
    10     11    0.39  0.01    0.96  0.02    0.67  0.01    1.25  0.01
    11     12    0.08  0.01    0.80  0.02    0.55  0.01    1.13  0.01
    12     13   -0.11  0.01    0.70  0.02    0.49  0.01    1.07  0.01
    13     14   -0.29  0.01    0.62  0.02    0.44  0.01    1.00  0.01
    14     15   -0.42  0.01    0.56  0.01    0.41  0.00    0.95  0.01
    15     16   -0.53  0.02    0.54  0.01    0.56  0.01    1.06  0.01
    16     17   -1.75  0.01    0.66  0.02    0.75  0.03    1.21  0.01
    17     18   -1.49  0.01    0.24  0.01    0.26  0.01    0.70  0.01
    18     19   -2.05  0.02    0.31  0.02    0.32  0.02    0.78  0.00
    19     20   -2.69  0.02    0.32  0.02    0.34  0.02    0.82  0.01
    20     21   -3.36  0.01    0.33  0.01    0.34  0.01    0.86  0.01
    21     22   -4.11  0.01    0.40  0.02    0.41  0.02    0.90  0.01
    22     23   -4.96  0.02    0.44  0.01    0.44  0.01    0.93  0.01


Final results in kJ/mol:

point      0 -      1,   DG -17.00 +/-  0.02
point      1 -      2,   DG -13.43 +/-  0.01
point      2 -      3,   DG -6.83 +/-  0.03
point      3 -      4,   DG  4.69 +/-  0.06
point      4 -      5,   DG 20.63 +/-  0.37
point      5 -      6,   DG 11.72 +/-  0.13
point      6 -      7,   DG  7.58 +/-  0.13
point      7 -      8,   DG  4.57 +/-  0.09
point      8 -      9,   DG  2.99 +/-  0.04
point      9 -     10,   DG  1.93 +/-  0.02
point     10 -     11,   DG  0.96 +/-  0.03
point     11 -     12,   DG  0.21 +/-  0.03
point     12 -     13,   DG -0.28 +/-  0.03
point     13 -     14,   DG -0.71 +/-  0.03
point     14 -     15,   DG -1.04 +/-  0.03
point     15 -     16,   DG -1.32 +/-  0.04
point     16 -     17,   DG -4.37 +/-  0.02
point     17 -     18,   DG -3.71 +/-  0.02
point     18 -     19,   DG -5.11 +/-  0.05
point     19 -     20,   DG -6.72 +/-  0.05
point     20 -     21,   DG -8.39 +/-  0.03
point     21 -     22,   DG -10.25 +/-  0.03
point     22 -     23,   DG -12.37 +/-  0.06

total      0 -     23,   DG -36.27 +/-  0.56

