lambda_00/bar.xvg: 0.0 - 921.1; lambda = (0, 0)
    dH/dl & foreign lambdas:
        dH/dl (coul-lambda) (9212 pts)
        dH/dl (vdw-lambda) (9212 pts)
        delta H to (0, 0) (9212 pts)
        delta H to (0, 0.1) (9212 pts)


lambda_01/bar.xvg: 0.0 - 917.7; lambda = (0, 0.1)
    dH/dl & foreign lambdas:
        dH/dl (coul-lambda) (9178 pts)
        dH/dl (vdw-lambda) (9178 pts)
        delta H to (0, 0) (9178 pts)
        delta H to (0, 0.1) (9178 pts)
        delta H to (0, 0.2) (9178 pts)


lambda_02/bar.xvg: 0.0 - 917.7; lambda = (0, 0.2)
    dH/dl & foreign lambdas:
        dH/dl (coul-lambda) (9178 pts)
        dH/dl (vdw-lambda) (9178 pts)
        delta H to (0, 0.1) (9178 pts)
        delta H to (0, 0.2) (9178 pts)
        delta H to (0, 0.3) (9178 pts)


lambda_03/bar.xvg: 0.0 - 919.7; lambda = (0, 0.3)
    dH/dl & foreign lambdas:
        dH/dl (coul-lambda) (9198 pts)
        dH/dl (vdw-lambda) (9198 pts)
        delta H to (0, 0.2) (9198 pts)
        delta H to (0, 0.3) (9198 pts)
        delta H to (0, 0.4) (9198 pts)


lambda_04/bar.xvg: 0.0 - 918.9; lambda = (0, 0.4)
    dH/dl & foreign lambdas:
        dH/dl (coul-lambda) (9190 pts)
        dH/dl (vdw-lambda) (9190 pts)
        delta H to (0, 0.3) (9190 pts)
        delta H to (0, 0.4) (9190 pts)
        delta H to (0, 0.5) (9190 pts)


lambda_05/bar.xvg: 0.0 - 919.0; lambda = (0, 0.5)
    dH/dl & foreign lambdas:
        dH/dl (coul-lambda) (9191 pts)
        dH/dl (vdw-lambda) (9191 pts)
        delta H to (0, 0.4) (9191 pts)
        delta H to (0, 0.5) (9191 pts)
        delta H to (0, 0.55) (9191 pts)


lambda_06/bar.xvg: 0.0 - 917.8; lambda = (0, 0.55)
    dH/dl & foreign lambdas:
        dH/dl (coul-lambda) (9179 pts)
        dH/dl (vdw-lambda) (9179 pts)
        delta H to (0, 0.5) (9179 pts)
        delta H to (0, 0.55) (9179 pts)
        delta H to (0, 0.6) (9179 pts)


lambda_07/bar.xvg: 0.0 - 916.0; lambda = (0, 0.6)
    dH/dl & foreign lambdas:
        dH/dl (coul-lambda) (9161 pts)
        dH/dl (vdw-lambda) (9161 pts)
        delta H to (0, 0.55) (9161 pts)
        delta H to (0, 0.6) (9161 pts)
        delta H to (0, 0.65) (9161 pts)


lambda_08/bar.xvg: 0.0 - 927.4; lambda = (0, 0.65)
    dH/dl & foreign lambdas:
        dH/dl (coul-lambda) (9275 pts)
        dH/dl (vdw-lambda) (9275 pts)
        delta H to (0, 0.6) (9275 pts)
        delta H to (0, 0.65) (9275 pts)
        delta H to (0, 0.7) (9275 pts)


lambda_09/bar.xvg: 0.0 - 924.7; lambda = (0, 0.7)
    dH/dl & foreign lambdas:
        dH/dl (coul-lambda) (9248 pts)
        dH/dl (vdw-lambda) (9248 pts)
        delta H to (0, 0.65) (9248 pts)
        delta H to (0, 0.7) (9248 pts)
        delta H to (0, 0.75) (9248 pts)


lambda_10/bar.xvg: 0.0 - 922.9; lambda = (0, 0.75)
    dH/dl & foreign lambdas:
        dH/dl (coul-lambda) (9230 pts)
        dH/dl (vdw-lambda) (9230 pts)
        delta H to (0, 0.7) (9230 pts)
        delta H to (0, 0.75) (9230 pts)
        delta H to (0, 0.8) (9230 pts)


lambda_11/bar.xvg: 0.0 - 921.4; lambda = (0, 0.8)
    dH/dl & foreign lambdas:
        dH/dl (coul-lambda) (9215 pts)
        dH/dl (vdw-lambda) (9215 pts)
        delta H to (0, 0.75) (9215 pts)
        delta H to (0, 0.8) (9215 pts)
        delta H to (0, 0.85) (9215 pts)


lambda_12/bar.xvg: 0.0 - 919.9; lambda = (0, 0.85)
    dH/dl & foreign lambdas:
        dH/dl (coul-lambda) (9200 pts)
        dH/dl (vdw-lambda) (9200 pts)
        delta H to (0, 0.8) (9200 pts)
        delta H to (0, 0.85) (9200 pts)
        delta H to (0, 0.9) (9200 pts)


lambda_13/bar.xvg: 0.0 - 918.7; lambda = (0, 0.9)
    dH/dl & foreign lambdas:
        dH/dl (coul-lambda) (9188 pts)
        dH/dl (vdw-lambda) (9188 pts)
        delta H to (0, 0.85) (9188 pts)
        delta H to (0, 0.9) (9188 pts)
        delta H to (0, 0.95) (9188 pts)


lambda_14/bar.xvg: 0.0 - 918.3; lambda = (0, 0.95)
    dH/dl & foreign lambdas:
        dH/dl (coul-lambda) (9184 pts)
        dH/dl (vdw-lambda) (9184 pts)
        delta H to (0, 0.9) (9184 pts)
        delta H to (0, 0.95) (9184 pts)
        delta H to (0, 1) (9184 pts)


lambda_15/bar.xvg: 0.0 - 918.1; lambda = (0, 1)
    dH/dl & foreign lambdas:
        dH/dl (coul-lambda) (9182 pts)
        dH/dl (vdw-lambda) (9182 pts)
        delta H to (0, 0.95) (9182 pts)
        delta H to (0, 1) (9182 pts)
        delta H to (0.2, 1) (9182 pts)


lambda_16/bar.xvg: 0.0 - 923.5; lambda = (0.2, 1)
    dH/dl & foreign lambdas:
        dH/dl (coul-lambda) (9236 pts)
        dH/dl (vdw-lambda) (9236 pts)
        delta H to (0, 1) (9236 pts)
        delta H to (0.2, 1) (9236 pts)
        delta H to (0.4, 1) (9236 pts)


lambda_17/bar.xvg: 0.0 - 927.1; lambda = (0.4, 1)
    dH/dl & foreign lambdas:
        dH/dl (coul-lambda) (9272 pts)
        dH/dl (vdw-lambda) (9272 pts)
        delta H to (0.2, 1) (9272 pts)
        delta H to (0.4, 1) (9272 pts)
        delta H to (0.5, 1) (9272 pts)


lambda_18/bar.xvg: 0.0 - 916.4; lambda = (0.5, 1)
    dH/dl & foreign lambdas:
        dH/dl (coul-lambda) (9165 pts)
        dH/dl (vdw-lambda) (9165 pts)
        delta H to (0.4, 1) (9165 pts)
        delta H to (0.5, 1) (9165 pts)
        delta H to (0.6, 1) (9165 pts)


lambda_19/bar.xvg: 0.0 - 918.1; lambda = (0.6, 1)
    dH/dl & foreign lambdas:
        dH/dl (coul-lambda) (9182 pts)
        dH/dl (vdw-lambda) (9182 pts)
        delta H to (0.5, 1) (9182 pts)
        delta H to (0.6, 1) (9182 pts)
        delta H to (0.7, 1) (9182 pts)


lambda_20/bar.xvg: 0.0 - 920.0; lambda = (0.7, 1)
    dH/dl & foreign lambdas:
        dH/dl (coul-lambda) (9201 pts)
        dH/dl (vdw-lambda) (9201 pts)
        delta H to (0.6, 1) (9201 pts)
        delta H to (0.7, 1) (9201 pts)
        delta H to (0.8, 1) (9201 pts)


lambda_21/bar.xvg: 0.0 - 922.4; lambda = (0.8, 1)
    dH/dl & foreign lambdas:
        dH/dl (coul-lambda) (9225 pts)
        dH/dl (vdw-lambda) (9225 pts)
        delta H to (0.7, 1) (9225 pts)
        delta H to (0.8, 1) (9225 pts)
        delta H to (0.9, 1) (9225 pts)


lambda_22/bar.xvg: 0.0 - 924.1; lambda = (0.9, 1)
    dH/dl & foreign lambdas:
        dH/dl (coul-lambda) (9242 pts)
        dH/dl (vdw-lambda) (9242 pts)
        delta H to (0.8, 1) (9242 pts)
        delta H to (0.9, 1) (9242 pts)
        delta H to (1, 1) (9242 pts)


lambda_23/bar.xvg: 0.0 - 915.9; lambda = (1, 1)
    dH/dl & foreign lambdas:
        dH/dl (coul-lambda) (9160 pts)
        dH/dl (vdw-lambda) (9160 pts)
        delta H to (0.9, 1) (9160 pts)
        delta H to (1, 1) (9160 pts)



   Samples in time interval: 0.000 - 927.400
Removing samples outside of: 100.000 - 927.400

Temperature: 300 K

Detailed results in kT (see help for explanation):

 lam_A  lam_B      DG   +/-     s_A   +/-     s_B   +/-   stdev   +/- 
     0      1   -6.82  0.01    0.03  0.00    0.03  0.00    0.24  0.00
     1      2   -5.40  0.01    0.02  0.00    0.02  0.00    0.23  0.00
     2      3   -2.72  0.01    0.07  0.01    0.07  0.01    0.37  0.00
     3      4    1.98  0.03    0.36  0.02    0.40  0.03    0.87  0.02
     4      5    8.34  0.06    2.54  0.10    2.96  0.10    2.77  0.07
     5      6    4.51  0.04    2.46  0.09    2.01  0.07    2.39  0.05
     6      7    2.84  0.05    2.24  0.07    1.51  0.04    2.05  0.03
     7      8    1.78  0.04    1.53  0.04    1.08  0.03    1.65  0.02
     8      9    1.11  0.03    1.26  0.04    0.88  0.02    1.47  0.02
     9     10    0.64  0.03    1.01  0.03    0.70  0.02    1.31  0.01
    10     11    0.31  0.01    0.87  0.01    0.60  0.01    1.20  0.01
    11     12    0.07  0.01    0.76  0.02    0.53  0.01    1.11  0.01
    12     13   -0.12  0.01    0.66  0.01    0.46  0.01    1.03  0.00
    13     14   -0.27  0.00    0.60  0.01    0.43  0.01    0.99  0.00
    14     15   -0.41  0.01    0.53  0.01    0.38  0.01    0.93  0.01
    15     16   -0.54  0.01    0.58  0.02    0.61  0.01    1.08  0.01
    16     17   -1.84  0.01    0.70  0.01    0.78  0.01    1.24  0.01
    17     18   -1.58  0.01    0.27  0.00    0.29  0.00    0.71  0.01
    18     19   -2.13  0.01    0.27  0.02    0.28  0.01    0.77  0.00
    19     20   -2.73  0.02    0.31  0.01    0.32  0.01    0.82  0.00
    20     21   -3.45  0.02    0.39  0.01    0.41  0.01    0.87  0.01
    21     22   -4.24  0.03    0.39  0.02    0.40  0.02    0.90  0.01
    22     23   -5.05  0.03    0.41  0.03    0.42  0.03    0.93  0.02


Final results in kJ/mol:

point      0 -      1,   DG -17.02 +/-  0.02
point      1 -      2,   DG -13.46 +/-  0.02
point      2 -      3,   DG -6.78 +/-  0.03
point      3 -      4,   DG  4.94 +/-  0.07
point      4 -      5,   DG 20.81 +/-  0.14
point      5 -      6,   DG 11.26 +/-  0.11
point      6 -      7,   DG  7.08 +/-  0.11
point      7 -      8,   DG  4.45 +/-  0.09
point      8 -      9,   DG  2.77 +/-  0.08
point      9 -     10,   DG  1.58 +/-  0.06
point     10 -     11,   DG  0.77 +/-  0.02
point     11 -     12,   DG  0.17 +/-  0.03
point     12 -     13,   DG -0.30 +/-  0.03
point     13 -     14,   DG -0.68 +/-  0.01
point     14 -     15,   DG -1.03 +/-  0.03
point     15 -     16,   DG -1.35 +/-  0.03
point     16 -     17,   DG -4.60 +/-  0.03
point     17 -     18,   DG -3.95 +/-  0.02
point     18 -     19,   DG -5.33 +/-  0.03
point     19 -     20,   DG -6.81 +/-  0.04
point     20 -     21,   DG -8.60 +/-  0.05
point     21 -     22,   DG -10.58 +/-  0.07
point     22 -     23,   DG -12.60 +/-  0.07

total      0 -     23,   DG -39.25 +/-  0.30

