lambda_00/bar.xvg: 0.0 - 873.2; lambda = (0, 0)
    dH/dl & foreign lambdas:
        dH/dl (coul-lambda) (8733 pts)
        dH/dl (vdw-lambda) (8733 pts)
        delta H to (0, 0) (8733 pts)
        delta H to (0, 0.1) (8733 pts)


lambda_01/bar.xvg: 0.0 - 866.8; lambda = (0, 0.1)
    dH/dl & foreign lambdas:
        dH/dl (coul-lambda) (8669 pts)
        dH/dl (vdw-lambda) (8669 pts)
        delta H to (0, 0) (8669 pts)
        delta H to (0, 0.1) (8669 pts)
        delta H to (0, 0.2) (8669 pts)


lambda_02/bar.xvg: 0.0 - 866.8; lambda = (0, 0.2)
    dH/dl & foreign lambdas:
        dH/dl (coul-lambda) (8669 pts)
        dH/dl (vdw-lambda) (8669 pts)
        delta H to (0, 0.1) (8669 pts)
        delta H to (0, 0.2) (8669 pts)
        delta H to (0, 0.3) (8669 pts)


lambda_03/bar.xvg: 0.0 - 866.8; lambda = (0, 0.3)
    dH/dl & foreign lambdas:
        dH/dl (coul-lambda) (8669 pts)
        dH/dl (vdw-lambda) (8669 pts)
        delta H to (0, 0.2) (8669 pts)
        delta H to (0, 0.3) (8669 pts)
        delta H to (0, 0.4) (8669 pts)


lambda_04/bar.xvg: 0.0 - 866.8; lambda = (0, 0.4)
    dH/dl & foreign lambdas:
        dH/dl (coul-lambda) (8669 pts)
        dH/dl (vdw-lambda) (8669 pts)
        delta H to (0, 0.3) (8669 pts)
        delta H to (0, 0.4) (8669 pts)
        delta H to (0, 0.5) (8669 pts)


lambda_05/bar.xvg: 0.0 - 866.8; lambda = (0, 0.5)
    dH/dl & foreign lambdas:
        dH/dl (coul-lambda) (8669 pts)
        dH/dl (vdw-lambda) (8669 pts)
        delta H to (0, 0.4) (8669 pts)
        delta H to (0, 0.5) (8669 pts)
        delta H to (0, 0.55) (8669 pts)


lambda_06/bar.xvg: 0.0 - 866.8; lambda = (0, 0.55)
    dH/dl & foreign lambdas:
        dH/dl (coul-lambda) (8669 pts)
        dH/dl (vdw-lambda) (8669 pts)
        delta H to (0, 0.5) (8669 pts)
        delta H to (0, 0.55) (8669 pts)
        delta H to (0, 0.6) (8669 pts)


lambda_07/bar.xvg: 0.0 - 875.7; lambda = (0, 0.6)
    dH/dl & foreign lambdas:
        dH/dl (coul-lambda) (8758 pts)
        dH/dl (vdw-lambda) (8758 pts)
        delta H to (0, 0.55) (8758 pts)
        delta H to (0, 0.6) (8758 pts)
        delta H to (0, 0.65) (8758 pts)


lambda_08/bar.xvg: 0.0 - 873.5; lambda = (0, 0.65)
    dH/dl & foreign lambdas:
        dH/dl (coul-lambda) (8736 pts)
        dH/dl (vdw-lambda) (8736 pts)
        delta H to (0, 0.6) (8736 pts)
        delta H to (0, 0.65) (8736 pts)
        delta H to (0, 0.7) (8736 pts)


lambda_09/bar.xvg: 0.0 - 871.6; lambda = (0, 0.7)
    dH/dl & foreign lambdas:
        dH/dl (coul-lambda) (8717 pts)
        dH/dl (vdw-lambda) (8717 pts)
        delta H to (0, 0.65) (8717 pts)
        delta H to (0, 0.7) (8717 pts)
        delta H to (0, 0.75) (8717 pts)


lambda_10/bar.xvg: 0.0 - 869.8; lambda = (0, 0.75)
    dH/dl & foreign lambdas:
        dH/dl (coul-lambda) (8699 pts)
        dH/dl (vdw-lambda) (8699 pts)
        delta H to (0, 0.7) (8699 pts)
        delta H to (0, 0.75) (8699 pts)
        delta H to (0, 0.8) (8699 pts)


lambda_11/bar.xvg: 0.0 - 867.9; lambda = (0, 0.8)
    dH/dl & foreign lambdas:
        dH/dl (coul-lambda) (8680 pts)
        dH/dl (vdw-lambda) (8680 pts)
        delta H to (0, 0.75) (8680 pts)
        delta H to (0, 0.8) (8680 pts)
        delta H to (0, 0.85) (8680 pts)


lambda_12/bar.xvg: 0.0 - 866.9; lambda = (0, 0.85)
    dH/dl & foreign lambdas:
        dH/dl (coul-lambda) (8670 pts)
        dH/dl (vdw-lambda) (8670 pts)
        delta H to (0, 0.8) (8670 pts)
        delta H to (0, 0.85) (8670 pts)
        delta H to (0, 0.9) (8670 pts)


lambda_13/bar.xvg: 0.0 - 866.8; lambda = (0, 0.9)
    dH/dl & foreign lambdas:
        dH/dl (coul-lambda) (8669 pts)
        dH/dl (vdw-lambda) (8669 pts)
        delta H to (0, 0.85) (8669 pts)
        delta H to (0, 0.9) (8669 pts)
        delta H to (0, 0.95) (8669 pts)


lambda_14/bar.xvg: 0.0 - 866.8; lambda = (0, 0.95)
    dH/dl & foreign lambdas:
        dH/dl (coul-lambda) (8669 pts)
        dH/dl (vdw-lambda) (8669 pts)
        delta H to (0, 0.9) (8669 pts)
        delta H to (0, 0.95) (8669 pts)
        delta H to (0, 1) (8669 pts)


lambda_15/bar.xvg: 0.0 - 866.8; lambda = (0, 1)
    dH/dl & foreign lambdas:
        dH/dl (coul-lambda) (8669 pts)
        dH/dl (vdw-lambda) (8669 pts)
        delta H to (0, 0.95) (8669 pts)
        delta H to (0, 1) (8669 pts)
        delta H to (0.2, 1) (8669 pts)


lambda_16/bar.xvg: 0.0 - 870.8; lambda = (0.2, 1)
    dH/dl & foreign lambdas:
        dH/dl (coul-lambda) (8709 pts)
        dH/dl (vdw-lambda) (8709 pts)
        delta H to (0, 1) (8709 pts)
        delta H to (0.2, 1) (8709 pts)
        delta H to (0.4, 1) (8709 pts)


lambda_17/bar.xvg: 0.0 - 874.6; lambda = (0.4, 1)
    dH/dl & foreign lambdas:
        dH/dl (coul-lambda) (8747 pts)
        dH/dl (vdw-lambda) (8747 pts)
        delta H to (0.2, 1) (8747 pts)
        delta H to (0.4, 1) (8747 pts)
        delta H to (0.5, 1) (8747 pts)


lambda_18/bar.xvg: 0.0 - 876.2; lambda = (0.5, 1)
    dH/dl & foreign lambdas:
        dH/dl (coul-lambda) (8763 pts)
        dH/dl (vdw-lambda) (8763 pts)
        delta H to (0.4, 1) (8763 pts)
        delta H to (0.5, 1) (8763 pts)
        delta H to (0.6, 1) (8763 pts)


lambda_19/bar.xvg: 0.0 - 866.8; lambda = (0.6, 1)
    dH/dl & foreign lambdas:
        dH/dl (coul-lambda) (8669 pts)
        dH/dl (vdw-lambda) (8669 pts)
        delta H to (0.5, 1) (8669 pts)
        delta H to (0.6, 1) (8669 pts)
        delta H to (0.7, 1) (8669 pts)


lambda_20/bar.xvg: 0.0 - 866.9; lambda = (0.7, 1)
    dH/dl & foreign lambdas:
        dH/dl (coul-lambda) (8670 pts)
        dH/dl (vdw-lambda) (8670 pts)
        delta H to (0.6, 1) (8670 pts)
        delta H to (0.7, 1) (8670 pts)
        delta H to (0.8, 1) (8670 pts)


lambda_21/bar.xvg: 0.0 - 869.0; lambda = (0.8, 1)
    dH/dl & foreign lambdas:
        dH/dl (coul-lambda) (8691 pts)
        dH/dl (vdw-lambda) (8691 pts)
        delta H to (0.7, 1) (8691 pts)
        delta H to (0.8, 1) (8691 pts)
        delta H to (0.9, 1) (8691 pts)


lambda_22/bar.xvg: 0.0 - 870.6; lambda = (0.9, 1)
    dH/dl & foreign lambdas:
        dH/dl (coul-lambda) (8707 pts)
        dH/dl (vdw-lambda) (8707 pts)
        delta H to (0.8, 1) (8707 pts)
        delta H to (0.9, 1) (8707 pts)
        delta H to (1, 1) (8707 pts)


lambda_23/bar.xvg: 0.0 - 866.8; lambda = (1, 1)
    dH/dl & foreign lambdas:
        dH/dl (coul-lambda) (8669 pts)
        dH/dl (vdw-lambda) (8669 pts)
        delta H to (0.9, 1) (8669 pts)
        delta H to (1, 1) (8669 pts)



   Samples in time interval: 0.000 - 876.200
Removing samples outside of: 100.000 - 876.200

Temperature: 300 K

Detailed results in kT (see help for explanation):

 lam_A  lam_B      DG   +/-     s_A   +/-     s_B   +/-   stdev   +/- 
     0      1   -6.82  0.01    0.03  0.01    0.03  0.01    0.24  0.00
     1      2   -5.39  0.01    0.02  0.00    0.02  0.00    0.23  0.00
     2      3   -2.73  0.01    0.07  0.01    0.07  0.01    0.37  0.00
     3      4    1.95  0.02    0.35  0.02    0.39  0.02    0.87  0.01
     4      5    8.40  0.06    2.48  0.06    3.01  0.10    2.72  0.05
     5      6    4.63  0.10    2.35  0.12    1.94  0.07    2.39  0.08
     6      7    3.01  0.08    2.38  0.14    1.60  0.08    2.12  0.08
     7      8    1.82  0.04    1.65  0.03    1.13  0.02    1.71  0.02
     8      9    1.15  0.04    1.24  0.06    0.87  0.04    1.48  0.03
     9     10    0.72  0.01    1.03  0.02    0.71  0.01    1.35  0.01
    10     11    0.40  0.02    0.94  0.01    0.65  0.01    1.25  0.00
    11     12    0.10  0.01    0.82  0.02    0.56  0.01    1.15  0.01
    12     13   -0.10  0.01    0.68  0.01    0.48  0.00    1.06  0.00
    13     14   -0.26  0.01    0.61  0.01    0.43  0.01    1.00  0.01
    14     15   -0.37  0.01    0.55  0.02    0.40  0.01    0.95  0.01
    15     16   -0.57  0.02    0.60  0.01    0.62  0.02    1.10  0.01
    16     17   -1.92  0.03    0.73  0.01    0.82  0.02    1.27  0.01
    17     18   -1.61  0.01    0.24  0.01    0.26  0.01    0.72  0.01
    18     19   -2.18  0.02    0.30  0.03    0.32  0.03    0.79  0.01
    19     20   -2.84  0.02    0.34  0.02    0.36  0.02    0.84  0.01
    20     21   -3.58  0.03    0.39  0.02    0.40  0.02    0.89  0.01
    21     22   -4.38  0.02    0.41  0.03    0.42  0.04    0.91  0.02
    22     23   -5.22  0.02    0.42  0.02    0.43  0.02    0.95  0.00


Final results in kJ/mol:

point      0 -      1,   DG -17.01 +/-  0.03
point      1 -      2,   DG -13.45 +/-  0.02
point      2 -      3,   DG -6.81 +/-  0.02
point      3 -      4,   DG  4.87 +/-  0.06
point      4 -      5,   DG 20.95 +/-  0.14
point      5 -      6,   DG 11.56 +/-  0.26
point      6 -      7,   DG  7.51 +/-  0.20
point      7 -      8,   DG  4.53 +/-  0.11
point      8 -      9,   DG  2.87 +/-  0.09
point      9 -     10,   DG  1.80 +/-  0.03
point     10 -     11,   DG  1.00 +/-  0.04
point     11 -     12,   DG  0.26 +/-  0.04
point     12 -     13,   DG -0.26 +/-  0.02
point     13 -     14,   DG -0.64 +/-  0.03
point     14 -     15,   DG -0.93 +/-  0.03
point     15 -     16,   DG -1.43 +/-  0.04
point     16 -     17,   DG -4.80 +/-  0.07
point     17 -     18,   DG -4.03 +/-  0.03
point     18 -     19,   DG -5.43 +/-  0.04
point     19 -     20,   DG -7.08 +/-  0.06
point     20 -     21,   DG -8.93 +/-  0.07
point     21 -     22,   DG -10.94 +/-  0.05
point     22 -     23,   DG -13.02 +/-  0.05

total      0 -     23,   DG -39.41 +/-  0.61

