lambda_00/bar.xvg: 0.0 - 953.0; lambda = (0, 0)
    dH/dl & foreign lambdas:
        dH/dl (coul-lambda) (9531 pts)
        dH/dl (vdw-lambda) (9531 pts)
        delta H to (0, 0) (9531 pts)
        delta H to (0, 0.1) (9531 pts)


lambda_01/bar.xvg: 0.0 - 944.5; lambda = (0, 0.1)
    dH/dl & foreign lambdas:
        dH/dl (coul-lambda) (9446 pts)
        dH/dl (vdw-lambda) (9446 pts)
        delta H to (0, 0) (9446 pts)
        delta H to (0, 0.1) (9446 pts)
        delta H to (0, 0.2) (9446 pts)


lambda_02/bar.xvg: 0.0 - 944.5; lambda = (0, 0.2)
    dH/dl & foreign lambdas:
        dH/dl (coul-lambda) (9446 pts)
        dH/dl (vdw-lambda) (9446 pts)
        delta H to (0, 0.1) (9446 pts)
        delta H to (0, 0.2) (9446 pts)
        delta H to (0, 0.3) (9446 pts)


lambda_03/bar.xvg: 0.0 - 946.8; lambda = (0, 0.3)
    dH/dl & foreign lambdas:
        dH/dl (coul-lambda) (9469 pts)
        dH/dl (vdw-lambda) (9469 pts)
        delta H to (0, 0.2) (9469 pts)
        delta H to (0, 0.3) (9469 pts)
        delta H to (0, 0.4) (9469 pts)


lambda_04/bar.xvg: 0.0 - 946.2; lambda = (0, 0.4)
    dH/dl & foreign lambdas:
        dH/dl (coul-lambda) (9463 pts)
        dH/dl (vdw-lambda) (9463 pts)
        delta H to (0, 0.3) (9463 pts)
        delta H to (0, 0.4) (9463 pts)
        delta H to (0, 0.5) (9463 pts)


lambda_05/bar.xvg: 0.0 - 946.0; lambda = (0, 0.5)
    dH/dl & foreign lambdas:
        dH/dl (coul-lambda) (9461 pts)
        dH/dl (vdw-lambda) (9461 pts)
        delta H to (0, 0.4) (9461 pts)
        delta H to (0, 0.5) (9461 pts)
        delta H to (0, 0.55) (9461 pts)


lambda_06/bar.xvg: 0.0 - 944.8; lambda = (0, 0.55)
    dH/dl & foreign lambdas:
        dH/dl (coul-lambda) (9449 pts)
        dH/dl (vdw-lambda) (9449 pts)
        delta H to (0, 0.5) (9449 pts)
        delta H to (0, 0.55) (9449 pts)
        delta H to (0, 0.6) (9449 pts)


lambda_07/bar.xvg: 0.0 - 956.7; lambda = (0, 0.6)
    dH/dl & foreign lambdas:
        dH/dl (coul-lambda) (9568 pts)
        dH/dl (vdw-lambda) (9568 pts)
        delta H to (0, 0.55) (9568 pts)
        delta H to (0, 0.6) (9568 pts)
        delta H to (0, 0.65) (9568 pts)


lambda_08/bar.xvg: 0.0 - 954.3; lambda = (0, 0.65)
    dH/dl & foreign lambdas:
        dH/dl (coul-lambda) (9544 pts)
        dH/dl (vdw-lambda) (9544 pts)
        delta H to (0, 0.6) (9544 pts)
        delta H to (0, 0.65) (9544 pts)
        delta H to (0, 0.7) (9544 pts)


lambda_09/bar.xvg: 0.0 - 951.8; lambda = (0, 0.7)
    dH/dl & foreign lambdas:
        dH/dl (coul-lambda) (9519 pts)
        dH/dl (vdw-lambda) (9519 pts)
        delta H to (0, 0.65) (9519 pts)
        delta H to (0, 0.7) (9519 pts)
        delta H to (0, 0.75) (9519 pts)


lambda_10/bar.xvg: 0.0 - 950.0; lambda = (0, 0.75)
    dH/dl & foreign lambdas:
        dH/dl (coul-lambda) (9501 pts)
        dH/dl (vdw-lambda) (9501 pts)
        delta H to (0, 0.7) (9501 pts)
        delta H to (0, 0.75) (9501 pts)
        delta H to (0, 0.8) (9501 pts)


lambda_11/bar.xvg: 0.0 - 947.3; lambda = (0, 0.8)
    dH/dl & foreign lambdas:
        dH/dl (coul-lambda) (9474 pts)
        dH/dl (vdw-lambda) (9474 pts)
        delta H to (0, 0.75) (9474 pts)
        delta H to (0, 0.8) (9474 pts)
        delta H to (0, 0.85) (9474 pts)


lambda_12/bar.xvg: 0.0 - 946.5; lambda = (0, 0.85)
    dH/dl & foreign lambdas:
        dH/dl (coul-lambda) (9466 pts)
        dH/dl (vdw-lambda) (9466 pts)
        delta H to (0, 0.8) (9466 pts)
        delta H to (0, 0.85) (9466 pts)
        delta H to (0, 0.9) (9466 pts)


lambda_13/bar.xvg: 0.0 - 945.3; lambda = (0, 0.9)
    dH/dl & foreign lambdas:
        dH/dl (coul-lambda) (9454 pts)
        dH/dl (vdw-lambda) (9454 pts)
        delta H to (0, 0.85) (9454 pts)
        delta H to (0, 0.9) (9454 pts)
        delta H to (0, 0.95) (9454 pts)


lambda_14/bar.xvg: 0.0 - 944.6; lambda = (0, 0.95)
    dH/dl & foreign lambdas:
        dH/dl (coul-lambda) (9447 pts)
        dH/dl (vdw-lambda) (9447 pts)
        delta H to (0, 0.9) (9447 pts)
        delta H to (0, 0.95) (9447 pts)
        delta H to (0, 1) (9447 pts)


lambda_15/bar.xvg: 0.0 - 944.6; lambda = (0, 1)
    dH/dl & foreign lambdas:
        dH/dl (coul-lambda) (9447 pts)
        dH/dl (vdw-lambda) (9447 pts)
        delta H to (0, 0.95) (9447 pts)
        delta H to (0, 1) (9447 pts)
        delta H to (0.2, 1) (9447 pts)


lambda_16/bar.xvg: 0.0 - 949.4; lambda = (0.2, 1)
    dH/dl & foreign lambdas:
        dH/dl (coul-lambda) (9495 pts)
        dH/dl (vdw-lambda) (9495 pts)
        delta H to (0, 1) (9495 pts)
        delta H to (0.2, 1) (9495 pts)
        delta H to (0.4, 1) (9495 pts)


lambda_17/bar.xvg: 0.0 - 953.5; lambda = (0.4, 1)
    dH/dl & foreign lambdas:
        dH/dl (coul-lambda) (9536 pts)
        dH/dl (vdw-lambda) (9536 pts)
        delta H to (0.2, 1) (9536 pts)
        delta H to (0.4, 1) (9536 pts)
        delta H to (0.5, 1) (9536 pts)


lambda_18/bar.xvg: 0.0 - 955.8; lambda = (0.5, 1)
    dH/dl & foreign lambdas:
        dH/dl (coul-lambda) (9559 pts)
        dH/dl (vdw-lambda) (9559 pts)
        delta H to (0.4, 1) (9559 pts)
        delta H to (0.5, 1) (9559 pts)
        delta H to (0.6, 1) (9559 pts)


lambda_19/bar.xvg: 0.0 - 944.7; lambda = (0.6, 1)
    dH/dl & foreign lambdas:
        dH/dl (coul-lambda) (9448 pts)
        dH/dl (vdw-lambda) (9448 pts)
        delta H to (0.5, 1) (9448 pts)
        delta H to (0.6, 1) (9448 pts)
        delta H to (0.7, 1) (9448 pts)


lambda_20/bar.xvg: 0.0 - 947.0; lambda = (0.7, 1)
    dH/dl & foreign lambdas:
        dH/dl (coul-lambda) (9471 pts)
        dH/dl (vdw-lambda) (9471 pts)
        delta H to (0.6, 1) (9471 pts)
        delta H to (0.7, 1) (9471 pts)
        delta H to (0.8, 1) (9471 pts)


lambda_21/bar.xvg: 0.0 - 949.2; lambda = (0.8, 1)
    dH/dl & foreign lambdas:
        dH/dl (coul-lambda) (9493 pts)
        dH/dl (vdw-lambda) (9493 pts)
        delta H to (0.7, 1) (9493 pts)
        delta H to (0.8, 1) (9493 pts)
        delta H to (0.9, 1) (9493 pts)


lambda_22/bar.xvg: 0.0 - 950.9; lambda = (0.9, 1)
    dH/dl & foreign lambdas:
        dH/dl (coul-lambda) (9510 pts)
        dH/dl (vdw-lambda) (9510 pts)
        delta H to (0.8, 1) (9510 pts)
        delta H to (0.9, 1) (9510 pts)
        delta H to (1, 1) (9510 pts)


lambda_23/bar.xvg: 0.0 - 948.5; lambda = (1, 1)
    dH/dl & foreign lambdas:
        dH/dl (coul-lambda) (9486 pts)
        dH/dl (vdw-lambda) (9486 pts)
        delta H to (0.9, 1) (9486 pts)
        delta H to (1, 1) (9486 pts)



   Samples in time interval: 0.000 - 956.700
Removing samples outside of: 100.000 - 956.700

Temperature: 300 K

Detailed results in kT (see help for explanation):

 lam_A  lam_B      DG   +/-     s_A   +/-     s_B   +/-   stdev   +/- 
     0      1   -6.42  0.00    0.03  0.01    0.03  0.01    0.23  0.01
     1      2   -5.09  0.01    0.03  0.00    0.03  0.00    0.22  0.00
     2      3   -2.58  0.01    0.06  0.01    0.06  0.01    0.36  0.00
     3      4    1.80  0.03    0.33  0.02    0.36  0.02    0.84  0.01
     4      5    7.84  0.10    2.33  0.04    2.71  0.05    2.65  0.04
     5      6    4.44  0.06    2.19  0.03    1.87  0.05    2.25  0.04
     6      7    2.92  0.05    2.19  0.05    1.48  0.04    2.04  0.03
     7      8    1.87  0.02    1.55  0.05    1.07  0.03    1.65  0.02
     8      9    1.23  0.03    1.23  0.03    0.87  0.03    1.46  0.02
     9     10    0.77  0.02    1.02  0.01    0.72  0.00    1.32  0.01
    10     11    0.39  0.02    0.93  0.01    0.66  0.01    1.23  0.01
    11     12    0.09  0.01    0.70  0.01    0.49  0.01    1.08  0.00
    12     13   -0.07  0.01    0.65  0.01    0.45  0.01    1.03  0.00
    13     14   -0.22  0.01    0.60  0.01    0.42  0.01    0.98  0.01
    14     15   -0.34  0.02    0.51  0.02    0.36  0.01    0.92  0.01
    15     16   -0.50  0.01    0.54  0.01    0.57  0.01    1.04  0.01
    16     17   -1.70  0.01    0.63  0.01    0.72  0.02    1.18  0.00
    17     18   -1.43  0.01    0.22  0.01    0.24  0.01    0.69  0.01
    18     19   -1.95  0.02    0.28  0.01    0.30  0.01    0.76  0.00
    19     20   -2.56  0.03    0.31  0.02    0.32  0.02    0.81  0.01
    20     21   -3.21  0.03    0.33  0.02    0.34  0.02    0.84  0.01
    21     22   -3.95  0.02    0.40  0.01    0.41  0.01    0.88  0.01
    22     23   -4.73  0.01    0.37  0.01    0.38  0.01    0.89  0.01


Final results in kJ/mol:

point      0 -      1,   DG -16.03 +/-  0.01
point      1 -      2,   DG -12.69 +/-  0.02
point      2 -      3,   DG -6.44 +/-  0.01
point      3 -      4,   DG  4.49 +/-  0.07
point      4 -      5,   DG 19.55 +/-  0.25
point      5 -      6,   DG 11.07 +/-  0.15
point      6 -      7,   DG  7.28 +/-  0.13
point      7 -      8,   DG  4.66 +/-  0.05
point      8 -      9,   DG  3.07 +/-  0.07
point      9 -     10,   DG  1.93 +/-  0.05
point     10 -     11,   DG  0.97 +/-  0.05
point     11 -     12,   DG  0.22 +/-  0.04
point     12 -     13,   DG -0.17 +/-  0.03
point     13 -     14,   DG -0.54 +/-  0.03
point     14 -     15,   DG -0.84 +/-  0.05
point     15 -     16,   DG -1.25 +/-  0.03
point     16 -     17,   DG -4.23 +/-  0.04
point     17 -     18,   DG -3.56 +/-  0.02
point     18 -     19,   DG -4.85 +/-  0.05
point     19 -     20,   DG -6.38 +/-  0.07
point     20 -     21,   DG -8.00 +/-  0.08
point     21 -     22,   DG -9.85 +/-  0.05
point     22 -     23,   DG -11.79 +/-  0.03

total      0 -     23,   DG -33.38 +/-  0.74

