lambda_00/bar.xvg: 0.0 - 873.3; lambda = (0, 0)
    dH/dl & foreign lambdas:
        dH/dl (coul-lambda) (8734 pts)
        dH/dl (vdw-lambda) (8734 pts)
        delta H to (0, 0) (8734 pts)
        delta H to (0, 0.1) (8734 pts)


lambda_01/bar.xvg: 0.0 - 877.6; lambda = (0, 0.1)
    dH/dl & foreign lambdas:
        dH/dl (coul-lambda) (8777 pts)
        dH/dl (vdw-lambda) (8777 pts)
        delta H to (0, 0) (8777 pts)
        delta H to (0, 0.1) (8777 pts)
        delta H to (0, 0.2) (8777 pts)


lambda_02/bar.xvg: 0.0 - 878.0; lambda = (0, 0.2)
    dH/dl & foreign lambdas:
        dH/dl (coul-lambda) (8781 pts)
        dH/dl (vdw-lambda) (8781 pts)
        delta H to (0, 0.1) (8781 pts)
        delta H to (0, 0.2) (8781 pts)
        delta H to (0, 0.3) (8781 pts)


lambda_03/bar.xvg: 0.0 - 878.9; lambda = (0, 0.3)
    dH/dl & foreign lambdas:
        dH/dl (coul-lambda) (8790 pts)
        dH/dl (vdw-lambda) (8790 pts)
        delta H to (0, 0.2) (8790 pts)
        delta H to (0, 0.3) (8790 pts)
        delta H to (0, 0.4) (8790 pts)


lambda_04/bar.xvg: 0.0 - 878.2; lambda = (0, 0.4)
    dH/dl & foreign lambdas:
        dH/dl (coul-lambda) (8783 pts)
        dH/dl (vdw-lambda) (8783 pts)
        delta H to (0, 0.3) (8783 pts)
        delta H to (0, 0.4) (8783 pts)
        delta H to (0, 0.5) (8783 pts)


lambda_05/bar.xvg: 0.0 - 878.5; lambda = (0, 0.5)
    dH/dl & foreign lambdas:
        dH/dl (coul-lambda) (8786 pts)
        dH/dl (vdw-lambda) (8786 pts)
        delta H to (0, 0.4) (8786 pts)
        delta H to (0, 0.5) (8786 pts)
        delta H to (0, 0.55) (8786 pts)


lambda_06/bar.xvg: 0.0 - 877.6; lambda = (0, 0.55)
    dH/dl & foreign lambdas:
        dH/dl (coul-lambda) (8777 pts)
        dH/dl (vdw-lambda) (8777 pts)
        delta H to (0, 0.5) (8777 pts)
        delta H to (0, 0.55) (8777 pts)
        delta H to (0, 0.6) (8777 pts)


lambda_07/bar.xvg: 0.0 - 875.9; lambda = (0, 0.6)
    dH/dl & foreign lambdas:
        dH/dl (coul-lambda) (8760 pts)
        dH/dl (vdw-lambda) (8760 pts)
        delta H to (0, 0.55) (8760 pts)
        delta H to (0, 0.6) (8760 pts)
        delta H to (0, 0.65) (8760 pts)


lambda_08/bar.xvg: 0.0 - 874.2; lambda = (0, 0.65)
    dH/dl & foreign lambdas:
        dH/dl (coul-lambda) (8743 pts)
        dH/dl (vdw-lambda) (8743 pts)
        delta H to (0, 0.6) (8743 pts)
        delta H to (0, 0.65) (8743 pts)
        delta H to (0, 0.7) (8743 pts)


lambda_09/bar.xvg: 0.0 - 872.5; lambda = (0, 0.7)
    dH/dl & foreign lambdas:
        dH/dl (coul-lambda) (8726 pts)
        dH/dl (vdw-lambda) (8726 pts)
        delta H to (0, 0.65) (8726 pts)
        delta H to (0, 0.7) (8726 pts)
        delta H to (0, 0.75) (8726 pts)


lambda_10/bar.xvg: 0.0 - 883.9; lambda = (0, 0.75)
    dH/dl & foreign lambdas:
        dH/dl (coul-lambda) (8840 pts)
        dH/dl (vdw-lambda) (8840 pts)
        delta H to (0, 0.7) (8840 pts)
        delta H to (0, 0.75) (8840 pts)
        delta H to (0, 0.8) (8840 pts)


lambda_11/bar.xvg: 0.0 - 882.4; lambda = (0, 0.8)
    dH/dl & foreign lambdas:
        dH/dl (coul-lambda) (8825 pts)
        dH/dl (vdw-lambda) (8825 pts)
        delta H to (0, 0.75) (8825 pts)
        delta H to (0, 0.8) (8825 pts)
        delta H to (0, 0.85) (8825 pts)


lambda_12/bar.xvg: 0.0 - 880.8; lambda = (0, 0.85)
    dH/dl & foreign lambdas:
        dH/dl (coul-lambda) (8809 pts)
        dH/dl (vdw-lambda) (8809 pts)
        delta H to (0, 0.8) (8809 pts)
        delta H to (0, 0.85) (8809 pts)
        delta H to (0, 0.9) (8809 pts)


lambda_13/bar.xvg: 0.0 - 879.5; lambda = (0, 0.9)
    dH/dl & foreign lambdas:
        dH/dl (coul-lambda) (8796 pts)
        dH/dl (vdw-lambda) (8796 pts)
        delta H to (0, 0.85) (8796 pts)
        delta H to (0, 0.9) (8796 pts)
        delta H to (0, 0.95) (8796 pts)


lambda_14/bar.xvg: 0.0 - 878.9; lambda = (0, 0.95)
    dH/dl & foreign lambdas:
        dH/dl (coul-lambda) (8790 pts)
        dH/dl (vdw-lambda) (8790 pts)
        delta H to (0, 0.9) (8790 pts)
        delta H to (0, 0.95) (8790 pts)
        delta H to (0, 1) (8790 pts)


lambda_15/bar.xvg: 0.0 - 878.2; lambda = (0, 1)
    dH/dl & foreign lambdas:
        dH/dl (coul-lambda) (8783 pts)
        dH/dl (vdw-lambda) (8783 pts)
        delta H to (0, 0.95) (8783 pts)
        delta H to (0, 1) (8783 pts)
        delta H to (0.2, 1) (8783 pts)


lambda_16/bar.xvg: 0.0 - 883.6; lambda = (0.2, 1)
    dH/dl & foreign lambdas:
        dH/dl (coul-lambda) (8837 pts)
        dH/dl (vdw-lambda) (8837 pts)
        delta H to (0, 1) (8837 pts)
        delta H to (0.2, 1) (8837 pts)
        delta H to (0.4, 1) (8837 pts)


lambda_17/bar.xvg: 0.0 - 874.0; lambda = (0.4, 1)
    dH/dl & foreign lambdas:
        dH/dl (coul-lambda) (8741 pts)
        dH/dl (vdw-lambda) (8741 pts)
        delta H to (0.2, 1) (8741 pts)
        delta H to (0.4, 1) (8741 pts)
        delta H to (0.5, 1) (8741 pts)


lambda_18/bar.xvg: 0.0 - 876.0; lambda = (0.5, 1)
    dH/dl & foreign lambdas:
        dH/dl (coul-lambda) (8761 pts)
        dH/dl (vdw-lambda) (8761 pts)
        delta H to (0.4, 1) (8761 pts)
        delta H to (0.5, 1) (8761 pts)
        delta H to (0.6, 1) (8761 pts)


lambda_19/bar.xvg: 0.0 - 877.9; lambda = (0.6, 1)
    dH/dl & foreign lambdas:
        dH/dl (coul-lambda) (8780 pts)
        dH/dl (vdw-lambda) (8780 pts)
        delta H to (0.5, 1) (8780 pts)
        delta H to (0.6, 1) (8780 pts)
        delta H to (0.7, 1) (8780 pts)


lambda_20/bar.xvg: 0.0 - 879.8; lambda = (0.7, 1)
    dH/dl & foreign lambdas:
        dH/dl (coul-lambda) (8799 pts)
        dH/dl (vdw-lambda) (8799 pts)
        delta H to (0.6, 1) (8799 pts)
        delta H to (0.7, 1) (8799 pts)
        delta H to (0.8, 1) (8799 pts)


lambda_21/bar.xvg: 0.0 - 881.6; lambda = (0.8, 1)
    dH/dl & foreign lambdas:
        dH/dl (coul-lambda) (8817 pts)
        dH/dl (vdw-lambda) (8817 pts)
        delta H to (0.7, 1) (8817 pts)
        delta H to (0.8, 1) (8817 pts)
        delta H to (0.9, 1) (8817 pts)


lambda_22/bar.xvg: 0.0 - 883.4; lambda = (0.9, 1)
    dH/dl & foreign lambdas:
        dH/dl (coul-lambda) (8835 pts)
        dH/dl (vdw-lambda) (8835 pts)
        delta H to (0.8, 1) (8835 pts)
        delta H to (0.9, 1) (8835 pts)
        delta H to (1, 1) (8835 pts)


lambda_23/bar.xvg: 0.0 - 882.8; lambda = (1, 1)
    dH/dl & foreign lambdas:
        dH/dl (coul-lambda) (8829 pts)
        dH/dl (vdw-lambda) (8829 pts)
        delta H to (0.9, 1) (8829 pts)
        delta H to (1, 1) (8829 pts)



   Samples in time interval: 0.000 - 883.900
Removing samples outside of: 100.000 - 883.900

Temperature: 300 K

Detailed results in kT (see help for explanation):

 lam_A  lam_B      DG   +/-     s_A   +/-     s_B   +/-   stdev   +/- 
     0      1   -7.28  0.01    0.03  0.01    0.03  0.01    0.24  0.01
     1      2   -5.76  0.01    0.02  0.01    0.02  0.01    0.24  0.00
     2      3   -2.93  0.01    0.08  0.01    0.08  0.01    0.39  0.00
     3      4    2.05  0.03    0.34  0.02    0.38  0.02    0.89  0.01
     4      5    8.97  0.08    2.66  0.04    3.14  0.08    2.92  0.02
     5      6    5.11  0.05    2.44  0.01    2.07  0.04    2.39  0.01
     6      7    3.37  0.04    2.62  0.07    1.79  0.05    2.31  0.04
     7      8    2.01  0.01    1.81  0.05    1.24  0.03    1.80  0.03
     8      9    1.29  0.02    1.31  0.02    0.91  0.01    1.52  0.01
     9     10    0.84  0.02    1.18  0.02    0.84  0.02    1.43  0.01
    10     11    0.43  0.02    0.99  0.03    0.68  0.02    1.30  0.01
    11     12    0.14  0.01    0.89  0.03    0.62  0.02    1.20  0.02
    12     13   -0.11  0.01    0.76  0.01    0.53  0.01    1.11  0.00
    13     14   -0.27  0.01    0.65  0.01    0.46  0.01    1.04  0.01
    14     15   -0.40  0.01    0.60  0.02    0.43  0.01    0.99  0.01
    15     16   -0.51  0.02    0.53  0.02    0.55  0.02    1.04  0.01
    16     17   -1.71  0.02    0.65  0.01    0.73  0.01    1.19  0.01
    17     18   -1.47  0.02    0.25  0.01    0.26  0.01    0.68  0.01
    18     19   -1.96  0.02    0.24  0.01    0.25  0.01    0.74  0.00
    19     20   -2.55  0.01    0.33  0.01    0.34  0.01    0.82  0.01
    20     21   -3.23  0.01    0.34  0.01    0.35  0.01    0.85  0.01
    21     22   -3.95  0.02    0.38  0.02    0.38  0.02    0.88  0.01
    22     23   -4.74  0.04    0.41  0.02    0.42  0.02    0.91  0.01


Final results in kJ/mol:

point      0 -      1,   DG -18.16 +/-  0.02
point      1 -      2,   DG -14.37 +/-  0.01
point      2 -      3,   DG -7.32 +/-  0.03
point      3 -      4,   DG  5.12 +/-  0.08
point      4 -      5,   DG 22.38 +/-  0.21
point      5 -      6,   DG 12.74 +/-  0.12
point      6 -      7,   DG  8.40 +/-  0.10
point      7 -      8,   DG  5.01 +/-  0.03
point      8 -      9,   DG  3.22 +/-  0.06
point      9 -     10,   DG  2.08 +/-  0.04
point     10 -     11,   DG  1.07 +/-  0.04
point     11 -     12,   DG  0.35 +/-  0.03
point     12 -     13,   DG -0.27 +/-  0.02
point     13 -     14,   DG -0.68 +/-  0.03
point     14 -     15,   DG -0.99 +/-  0.03
point     15 -     16,   DG -1.28 +/-  0.04
point     16 -     17,   DG -4.27 +/-  0.05
point     17 -     18,   DG -3.66 +/-  0.04
point     18 -     19,   DG -4.90 +/-  0.05
point     19 -     20,   DG -6.35 +/-  0.04
point     20 -     21,   DG -8.05 +/-  0.03
point     21 -     22,   DG -9.85 +/-  0.05
point     22 -     23,   DG -11.83 +/-  0.09

total      0 -     23,   DG -31.62 +/-  0.59

