lambda_00/bar.xvg: 0.0 - 984.5; lambda = (0, 0)
    dH/dl & foreign lambdas:
        dH/dl (coul-lambda) (9846 pts)
        dH/dl (vdw-lambda) (9846 pts)
        delta H to (0, 0) (9846 pts)
        delta H to (0, 0.1) (9846 pts)


lambda_01/bar.xvg: 0.0 - 984.1; lambda = (0, 0.1)
    dH/dl & foreign lambdas:
        dH/dl (coul-lambda) (9842 pts)
        dH/dl (vdw-lambda) (9842 pts)
        delta H to (0, 0) (9842 pts)
        delta H to (0, 0.1) (9842 pts)
        delta H to (0, 0.2) (9842 pts)


lambda_02/bar.xvg: 0.0 - 984.4; lambda = (0, 0.2)
    dH/dl & foreign lambdas:
        dH/dl (coul-lambda) (9845 pts)
        dH/dl (vdw-lambda) (9845 pts)
        delta H to (0, 0.1) (9845 pts)
        delta H to (0, 0.2) (9845 pts)
        delta H to (0, 0.3) (9845 pts)


lambda_03/bar.xvg: 0.0 - 987.5; lambda = (0, 0.3)
    dH/dl & foreign lambdas:
        dH/dl (coul-lambda) (9876 pts)
        dH/dl (vdw-lambda) (9876 pts)
        delta H to (0, 0.2) (9876 pts)
        delta H to (0, 0.3) (9876 pts)
        delta H to (0, 0.4) (9876 pts)


lambda_04/bar.xvg: 0.0 - 986.2; lambda = (0, 0.4)
    dH/dl & foreign lambdas:
        dH/dl (coul-lambda) (9863 pts)
        dH/dl (vdw-lambda) (9863 pts)
        delta H to (0, 0.3) (9863 pts)
        delta H to (0, 0.4) (9863 pts)
        delta H to (0, 0.5) (9863 pts)


lambda_05/bar.xvg: 0.0 - 986.5; lambda = (0, 0.5)
    dH/dl & foreign lambdas:
        dH/dl (coul-lambda) (9866 pts)
        dH/dl (vdw-lambda) (9866 pts)
        delta H to (0, 0.4) (9866 pts)
        delta H to (0, 0.5) (9866 pts)
        delta H to (0, 0.55) (9866 pts)


lambda_06/bar.xvg: 0.0 - 985.5; lambda = (0, 0.55)
    dH/dl & foreign lambdas:
        dH/dl (coul-lambda) (9856 pts)
        dH/dl (vdw-lambda) (9856 pts)
        delta H to (0, 0.5) (9856 pts)
        delta H to (0, 0.55) (9856 pts)
        delta H to (0, 0.6) (9856 pts)


lambda_07/bar.xvg: 0.0 - 983.7; lambda = (0, 0.6)
    dH/dl & foreign lambdas:
        dH/dl (coul-lambda) (9838 pts)
        dH/dl (vdw-lambda) (9838 pts)
        delta H to (0, 0.55) (9838 pts)
        delta H to (0, 0.6) (9838 pts)
        delta H to (0, 0.65) (9838 pts)


lambda_08/bar.xvg: 0.0 - 994.8; lambda = (0, 0.65)
    dH/dl & foreign lambdas:
        dH/dl (coul-lambda) (9949 pts)
        dH/dl (vdw-lambda) (9949 pts)
        delta H to (0, 0.6) (9949 pts)
        delta H to (0, 0.65) (9949 pts)
        delta H to (0, 0.7) (9949 pts)


lambda_09/bar.xvg: 0.0 - 992.9; lambda = (0, 0.7)
    dH/dl & foreign lambdas:
        dH/dl (coul-lambda) (9930 pts)
        dH/dl (vdw-lambda) (9930 pts)
        delta H to (0, 0.65) (9930 pts)
        delta H to (0, 0.7) (9930 pts)
        delta H to (0, 0.75) (9930 pts)


lambda_10/bar.xvg: 0.0 - 990.1; lambda = (0, 0.75)
    dH/dl & foreign lambdas:
        dH/dl (coul-lambda) (9902 pts)
        dH/dl (vdw-lambda) (9902 pts)
        delta H to (0, 0.7) (9902 pts)
        delta H to (0, 0.75) (9902 pts)
        delta H to (0, 0.8) (9902 pts)


lambda_11/bar.xvg: 0.0 - 988.5; lambda = (0, 0.8)
    dH/dl & foreign lambdas:
        dH/dl (coul-lambda) (9886 pts)
        dH/dl (vdw-lambda) (9886 pts)
        delta H to (0, 0.75) (9886 pts)
        delta H to (0, 0.8) (9886 pts)
        delta H to (0, 0.85) (9886 pts)


lambda_12/bar.xvg: 0.0 - 986.9; lambda = (0, 0.85)
    dH/dl & foreign lambdas:
        dH/dl (coul-lambda) (9870 pts)
        dH/dl (vdw-lambda) (9870 pts)
        delta H to (0, 0.8) (9870 pts)
        delta H to (0, 0.85) (9870 pts)
        delta H to (0, 0.9) (9870 pts)


lambda_13/bar.xvg: 0.0 - 985.8; lambda = (0, 0.9)
    dH/dl & foreign lambdas:
        dH/dl (coul-lambda) (9859 pts)
        dH/dl (vdw-lambda) (9859 pts)
        delta H to (0, 0.85) (9859 pts)
        delta H to (0, 0.9) (9859 pts)
        delta H to (0, 0.95) (9859 pts)


lambda_14/bar.xvg: 0.0 - 984.9; lambda = (0, 0.95)
    dH/dl & foreign lambdas:
        dH/dl (coul-lambda) (9850 pts)
        dH/dl (vdw-lambda) (9850 pts)
        delta H to (0, 0.9) (9850 pts)
        delta H to (0, 0.95) (9850 pts)
        delta H to (0, 1) (9850 pts)


lambda_15/bar.xvg: 0.0 - 984.4; lambda = (0, 1)
    dH/dl & foreign lambdas:
        dH/dl (coul-lambda) (9845 pts)
        dH/dl (vdw-lambda) (9845 pts)
        delta H to (0, 0.95) (9845 pts)
        delta H to (0, 1) (9845 pts)
        delta H to (0.2, 1) (9845 pts)


lambda_16/bar.xvg: 0.0 - 989.1; lambda = (0.2, 1)
    dH/dl & foreign lambdas:
        dH/dl (coul-lambda) (9892 pts)
        dH/dl (vdw-lambda) (9892 pts)
        delta H to (0, 1) (9892 pts)
        delta H to (0.2, 1) (9892 pts)
        delta H to (0.4, 1) (9892 pts)


lambda_17/bar.xvg: 0.0 - 993.2; lambda = (0.4, 1)
    dH/dl & foreign lambdas:
        dH/dl (coul-lambda) (9933 pts)
        dH/dl (vdw-lambda) (9933 pts)
        delta H to (0.2, 1) (9933 pts)
        delta H to (0.4, 1) (9933 pts)
        delta H to (0.5, 1) (9933 pts)


lambda_18/bar.xvg: 0.0 - 995.7; lambda = (0.5, 1)
    dH/dl & foreign lambdas:
        dH/dl (coul-lambda) (9958 pts)
        dH/dl (vdw-lambda) (9958 pts)
        delta H to (0.4, 1) (9958 pts)
        delta H to (0.5, 1) (9958 pts)
        delta H to (0.6, 1) (9958 pts)


lambda_19/bar.xvg: 0.0 - 984.6; lambda = (0.6, 1)
    dH/dl & foreign lambdas:
        dH/dl (coul-lambda) (9847 pts)
        dH/dl (vdw-lambda) (9847 pts)
        delta H to (0.5, 1) (9847 pts)
        delta H to (0.6, 1) (9847 pts)
        delta H to (0.7, 1) (9847 pts)


lambda_20/bar.xvg: 0.0 - 986.8; lambda = (0.7, 1)
    dH/dl & foreign lambdas:
        dH/dl (coul-lambda) (9869 pts)
        dH/dl (vdw-lambda) (9869 pts)
        delta H to (0.6, 1) (9869 pts)
        delta H to (0.7, 1) (9869 pts)
        delta H to (0.8, 1) (9869 pts)


lambda_21/bar.xvg: 0.0 - 989.0; lambda = (0.8, 1)
    dH/dl & foreign lambdas:
        dH/dl (coul-lambda) (9891 pts)
        dH/dl (vdw-lambda) (9891 pts)
        delta H to (0.7, 1) (9891 pts)
        delta H to (0.8, 1) (9891 pts)
        delta H to (0.9, 1) (9891 pts)


lambda_22/bar.xvg: 0.0 - 991.0; lambda = (0.9, 1)
    dH/dl & foreign lambdas:
        dH/dl (coul-lambda) (9911 pts)
        dH/dl (vdw-lambda) (9911 pts)
        delta H to (0.8, 1) (9911 pts)
        delta H to (0.9, 1) (9911 pts)
        delta H to (1, 1) (9911 pts)


lambda_23/bar.xvg: 0.0 - 981.3; lambda = (1, 1)
    dH/dl & foreign lambdas:
        dH/dl (coul-lambda) (9814 pts)
        dH/dl (vdw-lambda) (9814 pts)
        delta H to (0.9, 1) (9814 pts)
        delta H to (1, 1) (9814 pts)



   Samples in time interval: 0.000 - 995.700
Removing samples outside of: 100.000 - 995.700

Temperature: 300 K

Detailed results in kT (see help for explanation):

 lam_A  lam_B      DG   +/-     s_A   +/-     s_B   +/-   stdev   +/- 
     0      1   -6.82  0.00    0.04  0.01    0.04  0.01    0.24  0.00
     1      2   -5.40  0.00    0.02  0.00    0.02  0.00    0.23  0.00
     2      3   -2.73  0.00    0.07  0.01    0.07  0.01    0.38  0.00
     3      4    1.92  0.02    0.35  0.02    0.37  0.02    0.85  0.01
     4      5    8.43  0.03    2.42  0.06    3.01  0.10    2.76  0.05
     5      6    4.63  0.05    2.40  0.03    1.97  0.06    2.36  0.04
     6      7    3.04  0.04    2.30  0.05    1.58  0.04    2.09  0.02
     7      8    1.89  0.05    1.67  0.05    1.16  0.04    1.73  0.03
     8      9    1.22  0.03    1.22  0.01    0.87  0.02    1.49  0.01
     9     10    0.74  0.03    1.14  0.02    0.79  0.02    1.38  0.02
    10     11    0.36  0.02    0.89  0.02    0.63  0.02    1.24  0.01
    11     12    0.10  0.02    0.80  0.02    0.55  0.01    1.15  0.01
    12     13   -0.12  0.01    0.71  0.02    0.50  0.01    1.07  0.01
    13     14   -0.29  0.01    0.61  0.01    0.44  0.01    1.00  0.00
    14     15   -0.42  0.00    0.55  0.01    0.40  0.01    0.95  0.00
    15     16   -0.54  0.01    0.53  0.01    0.56  0.01    1.05  0.01
    16     17   -1.77  0.01    0.68  0.02    0.76  0.02    1.22  0.01
    17     18   -1.52  0.01    0.25  0.01    0.26  0.01    0.70  0.01
    18     19   -2.05  0.01    0.27  0.01    0.28  0.01    0.76  0.00
    19     20   -2.65  0.01    0.33  0.02    0.34  0.02    0.81  0.01
    20     21   -3.35  0.02    0.36  0.02    0.36  0.02    0.85  0.01
    21     22   -4.09  0.01    0.38  0.01    0.39  0.01    0.90  0.00
    22     23   -4.90  0.01    0.43  0.00    0.43  0.01    0.93  0.00


Final results in kJ/mol:

point      0 -      1,   DG -17.02 +/-  0.01
point      1 -      2,   DG -13.47 +/-  0.01
point      2 -      3,   DG -6.81 +/-  0.01
point      3 -      4,   DG  4.80 +/-  0.05
point      4 -      5,   DG 21.03 +/-  0.09
point      5 -      6,   DG 11.55 +/-  0.13
point      6 -      7,   DG  7.59 +/-  0.11
point      7 -      8,   DG  4.71 +/-  0.14
point      8 -      9,   DG  3.05 +/-  0.08
point      9 -     10,   DG  1.85 +/-  0.06
point     10 -     11,   DG  0.89 +/-  0.06
point     11 -     12,   DG  0.24 +/-  0.06
point     12 -     13,   DG -0.29 +/-  0.01
point     13 -     14,   DG -0.72 +/-  0.02
point     14 -     15,   DG -1.05 +/-  0.01
point     15 -     16,   DG -1.35 +/-  0.04
point     16 -     17,   DG -4.43 +/-  0.02
point     17 -     18,   DG -3.78 +/-  0.02
point     18 -     19,   DG -5.10 +/-  0.03
point     19 -     20,   DG -6.62 +/-  0.03
point     20 -     21,   DG -8.36 +/-  0.04
point     21 -     22,   DG -10.20 +/-  0.02
point     22 -     23,   DG -12.23 +/-  0.02

total      0 -     23,   DG -35.70 +/-  0.50

