lambda_00/bar.xvg: 0.0 - 555.4; lambda = (0, 0)
    dH/dl & foreign lambdas:
        dH/dl (coul-lambda) (5555 pts)
        dH/dl (vdw-lambda) (5555 pts)
        delta H to (0, 0) (5555 pts)
        delta H to (0, 0.1) (5555 pts)


lambda_01/bar.xvg: 0.0 - 558.0; lambda = (0, 0.1)
    dH/dl & foreign lambdas:
        dH/dl (coul-lambda) (5581 pts)
        dH/dl (vdw-lambda) (5581 pts)
        delta H to (0, 0) (5581 pts)
        delta H to (0, 0.1) (5581 pts)
        delta H to (0, 0.2) (5581 pts)


lambda_02/bar.xvg: 0.0 - 558.4; lambda = (0, 0.2)
    dH/dl & foreign lambdas:
        dH/dl (coul-lambda) (5585 pts)
        dH/dl (vdw-lambda) (5585 pts)
        delta H to (0, 0.1) (5585 pts)
        delta H to (0, 0.2) (5585 pts)
        delta H to (0, 0.3) (5585 pts)


lambda_03/bar.xvg: 0.0 - 567.4; lambda = (0, 0.3)
    dH/dl & foreign lambdas:
        dH/dl (coul-lambda) (5675 pts)
        dH/dl (vdw-lambda) (5675 pts)
        delta H to (0, 0.2) (5675 pts)
        delta H to (0, 0.3) (5675 pts)
        delta H to (0, 0.4) (5675 pts)


lambda_04/bar.xvg: 0.0 - 566.7; lambda = (0, 0.4)
    dH/dl & foreign lambdas:
        dH/dl (coul-lambda) (5668 pts)
        dH/dl (vdw-lambda) (5668 pts)
        delta H to (0, 0.3) (5668 pts)
        delta H to (0, 0.4) (5668 pts)
        delta H to (0, 0.5) (5668 pts)


lambda_05/bar.xvg: 0.0 - 567.3; lambda = (0, 0.5)
    dH/dl & foreign lambdas:
        dH/dl (coul-lambda) (5674 pts)
        dH/dl (vdw-lambda) (5674 pts)
        delta H to (0, 0.4) (5674 pts)
        delta H to (0, 0.5) (5674 pts)
        delta H to (0, 0.55) (5674 pts)


lambda_06/bar.xvg: 0.0 - 566.8; lambda = (0, 0.55)
    dH/dl & foreign lambdas:
        dH/dl (coul-lambda) (5669 pts)
        dH/dl (vdw-lambda) (5669 pts)
        delta H to (0, 0.5) (5669 pts)
        delta H to (0, 0.55) (5669 pts)
        delta H to (0, 0.6) (5669 pts)


lambda_07/bar.xvg: 0.0 - 565.7; lambda = (0, 0.6)
    dH/dl & foreign lambdas:
        dH/dl (coul-lambda) (5658 pts)
        dH/dl (vdw-lambda) (5658 pts)
        delta H to (0, 0.55) (5658 pts)
        delta H to (0, 0.6) (5658 pts)
        delta H to (0, 0.65) (5658 pts)


lambda_08/bar.xvg: 0.0 - 564.4; lambda = (0, 0.65)
    dH/dl & foreign lambdas:
        dH/dl (coul-lambda) (5645 pts)
        dH/dl (vdw-lambda) (5645 pts)
        delta H to (0, 0.6) (5645 pts)
        delta H to (0, 0.65) (5645 pts)
        delta H to (0, 0.7) (5645 pts)


lambda_09/bar.xvg: 0.0 - 562.9; lambda = (0, 0.7)
    dH/dl & foreign lambdas:
        dH/dl (coul-lambda) (5630 pts)
        dH/dl (vdw-lambda) (5630 pts)
        delta H to (0, 0.65) (5630 pts)
        delta H to (0, 0.7) (5630 pts)
        delta H to (0, 0.75) (5630 pts)


lambda_10/bar.xvg: 0.0 - 561.8; lambda = (0, 0.75)
    dH/dl & foreign lambdas:
        dH/dl (coul-lambda) (5619 pts)
        dH/dl (vdw-lambda) (5619 pts)
        delta H to (0, 0.7) (5619 pts)
        delta H to (0, 0.75) (5619 pts)
        delta H to (0, 0.8) (5619 pts)


lambda_11/bar.xvg: 0.0 - 560.1; lambda = (0, 0.8)
    dH/dl & foreign lambdas:
        dH/dl (coul-lambda) (5602 pts)
        dH/dl (vdw-lambda) (5602 pts)
        delta H to (0, 0.75) (5602 pts)
        delta H to (0, 0.8) (5602 pts)
        delta H to (0, 0.85) (5602 pts)


lambda_12/bar.xvg: 0.0 - 559.3; lambda = (0, 0.85)
    dH/dl & foreign lambdas:
        dH/dl (coul-lambda) (5594 pts)
        dH/dl (vdw-lambda) (5594 pts)
        delta H to (0, 0.8) (5594 pts)
        delta H to (0, 0.85) (5594 pts)
        delta H to (0, 0.9) (5594 pts)


lambda_13/bar.xvg: 0.0 - 559.2; lambda = (0, 0.9)
    dH/dl & foreign lambdas:
        dH/dl (coul-lambda) (5593 pts)
        dH/dl (vdw-lambda) (5593 pts)
        delta H to (0, 0.85) (5593 pts)
        delta H to (0, 0.9) (5593 pts)
        delta H to (0, 0.95) (5593 pts)


lambda_14/bar.xvg: 0.0 - 558.4; lambda = (0, 0.95)
    dH/dl & foreign lambdas:
        dH/dl (coul-lambda) (5585 pts)
        dH/dl (vdw-lambda) (5585 pts)
        delta H to (0, 0.9) (5585 pts)
        delta H to (0, 0.95) (5585 pts)
        delta H to (0, 1) (5585 pts)


lambda_15/bar.xvg: 0.0 - 558.2; lambda = (0, 1)
    dH/dl & foreign lambdas:
        dH/dl (coul-lambda) (5583 pts)
        dH/dl (vdw-lambda) (5583 pts)
        delta H to (0, 0.95) (5583 pts)
        delta H to (0, 1) (5583 pts)
        delta H to (0.2, 1) (5583 pts)


lambda_16/bar.xvg: 0.0 - 567.2; lambda = (0.2, 1)
    dH/dl & foreign lambdas:
        dH/dl (coul-lambda) (5673 pts)
        dH/dl (vdw-lambda) (5673 pts)
        delta H to (0, 1) (5673 pts)
        delta H to (0.2, 1) (5673 pts)
        delta H to (0.4, 1) (5673 pts)


lambda_17/bar.xvg: 0.0 - 569.5; lambda = (0.4, 1)
    dH/dl & foreign lambdas:
        dH/dl (coul-lambda) (5696 pts)
        dH/dl (vdw-lambda) (5696 pts)
        delta H to (0.2, 1) (5696 pts)
        delta H to (0.4, 1) (5696 pts)
        delta H to (0.5, 1) (5696 pts)


lambda_18/bar.xvg: 0.0 - 570.9; lambda = (0.5, 1)
    dH/dl & foreign lambdas:
        dH/dl (coul-lambda) (5710 pts)
        dH/dl (vdw-lambda) (5710 pts)
        delta H to (0.4, 1) (5710 pts)
        delta H to (0.5, 1) (5710 pts)
        delta H to (0.6, 1) (5710 pts)


lambda_19/bar.xvg: 0.0 - 558.7; lambda = (0.6, 1)
    dH/dl & foreign lambdas:
        dH/dl (coul-lambda) (5588 pts)
        dH/dl (vdw-lambda) (5588 pts)
        delta H to (0.5, 1) (5588 pts)
        delta H to (0.6, 1) (5588 pts)
        delta H to (0.7, 1) (5588 pts)


lambda_20/bar.xvg: 0.0 - 559.9; lambda = (0.7, 1)
    dH/dl & foreign lambdas:
        dH/dl (coul-lambda) (5600 pts)
        dH/dl (vdw-lambda) (5600 pts)
        delta H to (0.6, 1) (5600 pts)
        delta H to (0.7, 1) (5600 pts)
        delta H to (0.8, 1) (5600 pts)


lambda_21/bar.xvg: 0.0 - 561.3; lambda = (0.8, 1)
    dH/dl & foreign lambdas:
        dH/dl (coul-lambda) (5614 pts)
        dH/dl (vdw-lambda) (5614 pts)
        delta H to (0.7, 1) (5614 pts)
        delta H to (0.8, 1) (5614 pts)
        delta H to (0.9, 1) (5614 pts)


lambda_22/bar.xvg: 0.0 - 562.3; lambda = (0.9, 1)
    dH/dl & foreign lambdas:
        dH/dl (coul-lambda) (5624 pts)
        dH/dl (vdw-lambda) (5624 pts)
        delta H to (0.8, 1) (5624 pts)
        delta H to (0.9, 1) (5624 pts)
        delta H to (1, 1) (5624 pts)


lambda_23/bar.xvg: 0.0 - 555.7; lambda = (1, 1)
    dH/dl & foreign lambdas:
        dH/dl (coul-lambda) (5558 pts)
        dH/dl (vdw-lambda) (5558 pts)
        delta H to (0.9, 1) (5558 pts)
        delta H to (1, 1) (5558 pts)



   Samples in time interval: 0.000 - 570.900
Removing samples outside of: 100.000 - 570.900

Temperature: 300 K

Detailed results in kT (see help for explanation):

 lam_A  lam_B      DG   +/-     s_A   +/-     s_B   +/-   stdev   +/- 
     0      1   -6.41  0.01    0.02  0.00    0.02  0.00    0.22  0.00
     1      2   -5.07  0.01    0.03  0.01    0.03  0.01    0.23  0.01
     2      3   -2.58  0.02    0.07  0.01    0.07  0.01    0.37  0.01
     3      4    1.77  0.03    0.34  0.03    0.36  0.04    0.84  0.02
     4      5    7.86  0.11    2.24  0.09    2.69  0.13    2.53  0.06
     5      6    4.60  0.10    2.07  0.14    1.78  0.12    2.23  0.09
     6      7    3.15  0.07    2.34  0.14    1.60  0.08    2.16  0.08
     7      8    2.01  0.03    1.61  0.09    1.08  0.06    1.70  0.05
     8      9    1.36  0.03    1.34  0.04    0.94  0.03    1.54  0.02
     9     10    0.83  0.01    1.09  0.03    0.75  0.02    1.36  0.01
    10     11    0.42  0.02    0.96  0.02    0.67  0.01    1.25  0.01
    11     12    0.11  0.01    0.75  0.02    0.51  0.01    1.10  0.01
    12     13   -0.06  0.00    0.65  0.01    0.46  0.01    1.05  0.01
    13     14   -0.22  0.01    0.63  0.01    0.44  0.01    1.00  0.01
    14     15   -0.34  0.01    0.51  0.02    0.36  0.01    0.93  0.01
    15     16   -0.56  0.02    0.54  0.02    0.57  0.02    1.07  0.00
    16     17   -1.85  0.01    0.71  0.02    0.80  0.03    1.25  0.01
    17     18   -1.59  0.02    0.26  0.02    0.28  0.02    0.71  0.01
    18     19   -2.14  0.01    0.28  0.02    0.29  0.03    0.76  0.01
    19     20   -2.72  0.03    0.29  0.01    0.30  0.01    0.80  0.01
    20     21   -3.43  0.03    0.41  0.02    0.42  0.02    0.88  0.01
    21     22   -4.26  0.02    0.41  0.04    0.42  0.04    0.91  0.02
    22     23   -5.11  0.03    0.42  0.03    0.43  0.03    0.93  0.02


Final results in kJ/mol:

point      0 -      1,   DG -16.00 +/-  0.02
point      1 -      2,   DG -12.64 +/-  0.02
point      2 -      3,   DG -6.43 +/-  0.04
point      3 -      4,   DG  4.41 +/-  0.07
point      4 -      5,   DG 19.61 +/-  0.26
point      5 -      6,   DG 11.48 +/-  0.25
point      6 -      7,   DG  7.87 +/-  0.17
point      7 -      8,   DG  5.03 +/-  0.08
point      8 -      9,   DG  3.39 +/-  0.08
point      9 -     10,   DG  2.06 +/-  0.02
point     10 -     11,   DG  1.04 +/-  0.05
point     11 -     12,   DG  0.26 +/-  0.02
point     12 -     13,   DG -0.15 +/-  0.01
point     13 -     14,   DG -0.55 +/-  0.02
point     14 -     15,   DG -0.85 +/-  0.02
point     15 -     16,   DG -1.41 +/-  0.04
point     16 -     17,   DG -4.60 +/-  0.03
point     17 -     18,   DG -3.95 +/-  0.05
point     18 -     19,   DG -5.34 +/-  0.04
point     19 -     20,   DG -6.78 +/-  0.07
point     20 -     21,   DG -8.55 +/-  0.06
point     21 -     22,   DG -10.63 +/-  0.06
point     22 -     23,   DG -12.74 +/-  0.08

total      0 -     23,   DG -35.46 +/-  0.81

