lambda_00/bar.xvg: 0.0 - 972.4; lambda = (0, 0)
    dH/dl & foreign lambdas:
        dH/dl (coul-lambda) (9725 pts)
        dH/dl (vdw-lambda) (9725 pts)
        delta H to (0, 0) (9725 pts)
        delta H to (0, 0.1) (9725 pts)


lambda_01/bar.xvg: 0.0 - 972.4; lambda = (0, 0.1)
    dH/dl & foreign lambdas:
        dH/dl (coul-lambda) (9725 pts)
        dH/dl (vdw-lambda) (9725 pts)
        delta H to (0, 0) (9725 pts)
        delta H to (0, 0.1) (9725 pts)
        delta H to (0, 0.2) (9725 pts)


lambda_02/bar.xvg: 0.0 - 972.4; lambda = (0, 0.2)
    dH/dl & foreign lambdas:
        dH/dl (coul-lambda) (9725 pts)
        dH/dl (vdw-lambda) (9725 pts)
        delta H to (0, 0.1) (9725 pts)
        delta H to (0, 0.2) (9725 pts)
        delta H to (0, 0.3) (9725 pts)


lambda_03/bar.xvg: 0.0 - 973.9; lambda = (0, 0.3)
    dH/dl & foreign lambdas:
        dH/dl (coul-lambda) (9740 pts)
        dH/dl (vdw-lambda) (9740 pts)
        delta H to (0, 0.2) (9740 pts)
        delta H to (0, 0.3) (9740 pts)
        delta H to (0, 0.4) (9740 pts)


lambda_04/bar.xvg: 0.0 - 973.1; lambda = (0, 0.4)
    dH/dl & foreign lambdas:
        dH/dl (coul-lambda) (9732 pts)
        dH/dl (vdw-lambda) (9732 pts)
        delta H to (0, 0.3) (9732 pts)
        delta H to (0, 0.4) (9732 pts)
        delta H to (0, 0.5) (9732 pts)


lambda_05/bar.xvg: 0.0 - 973.1; lambda = (0, 0.5)
    dH/dl & foreign lambdas:
        dH/dl (coul-lambda) (9732 pts)
        dH/dl (vdw-lambda) (9732 pts)
        delta H to (0, 0.4) (9732 pts)
        delta H to (0, 0.5) (9732 pts)
        delta H to (0, 0.55) (9732 pts)


lambda_06/bar.xvg: 0.0 - 972.4; lambda = (0, 0.55)
    dH/dl & foreign lambdas:
        dH/dl (coul-lambda) (9725 pts)
        dH/dl (vdw-lambda) (9725 pts)
        delta H to (0, 0.5) (9725 pts)
        delta H to (0, 0.55) (9725 pts)
        delta H to (0, 0.6) (9725 pts)


lambda_07/bar.xvg: 0.0 - 972.4; lambda = (0, 0.6)
    dH/dl & foreign lambdas:
        dH/dl (coul-lambda) (9725 pts)
        dH/dl (vdw-lambda) (9725 pts)
        delta H to (0, 0.55) (9725 pts)
        delta H to (0, 0.6) (9725 pts)
        delta H to (0, 0.65) (9725 pts)


lambda_08/bar.xvg: 0.0 - 972.4; lambda = (0, 0.65)
    dH/dl & foreign lambdas:
        dH/dl (coul-lambda) (9725 pts)
        dH/dl (vdw-lambda) (9725 pts)
        delta H to (0, 0.6) (9725 pts)
        delta H to (0, 0.65) (9725 pts)
        delta H to (0, 0.7) (9725 pts)


lambda_09/bar.xvg: 0.0 - 979.6; lambda = (0, 0.7)
    dH/dl & foreign lambdas:
        dH/dl (coul-lambda) (9797 pts)
        dH/dl (vdw-lambda) (9797 pts)
        delta H to (0, 0.65) (9797 pts)
        delta H to (0, 0.7) (9797 pts)
        delta H to (0, 0.75) (9797 pts)


lambda_10/bar.xvg: 0.0 - 977.5; lambda = (0, 0.75)
    dH/dl & foreign lambdas:
        dH/dl (coul-lambda) (9776 pts)
        dH/dl (vdw-lambda) (9776 pts)
        delta H to (0, 0.7) (9776 pts)
        delta H to (0, 0.75) (9776 pts)
        delta H to (0, 0.8) (9776 pts)


lambda_11/bar.xvg: 0.0 - 976.2; lambda = (0, 0.8)
    dH/dl & foreign lambdas:
        dH/dl (coul-lambda) (9763 pts)
        dH/dl (vdw-lambda) (9763 pts)
        delta H to (0, 0.75) (9763 pts)
        delta H to (0, 0.8) (9763 pts)
        delta H to (0, 0.85) (9763 pts)


lambda_12/bar.xvg: 0.0 - 974.4; lambda = (0, 0.85)
    dH/dl & foreign lambdas:
        dH/dl (coul-lambda) (9745 pts)
        dH/dl (vdw-lambda) (9745 pts)
        delta H to (0, 0.8) (9745 pts)
        delta H to (0, 0.85) (9745 pts)
        delta H to (0, 0.9) (9745 pts)


lambda_13/bar.xvg: 0.0 - 972.9; lambda = (0, 0.9)
    dH/dl & foreign lambdas:
        dH/dl (coul-lambda) (9730 pts)
        dH/dl (vdw-lambda) (9730 pts)
        delta H to (0, 0.85) (9730 pts)
        delta H to (0, 0.9) (9730 pts)
        delta H to (0, 0.95) (9730 pts)


lambda_14/bar.xvg: 0.0 - 972.4; lambda = (0, 0.95)
    dH/dl & foreign lambdas:
        dH/dl (coul-lambda) (9725 pts)
        dH/dl (vdw-lambda) (9725 pts)
        delta H to (0, 0.9) (9725 pts)
        delta H to (0, 0.95) (9725 pts)
        delta H to (0, 1) (9725 pts)


lambda_15/bar.xvg: 0.0 - 972.4; lambda = (0, 1)
    dH/dl & foreign lambdas:
        dH/dl (coul-lambda) (9725 pts)
        dH/dl (vdw-lambda) (9725 pts)
        delta H to (0, 0.95) (9725 pts)
        delta H to (0, 1) (9725 pts)
        delta H to (0.2, 1) (9725 pts)


lambda_16/bar.xvg: 0.0 - 976.6; lambda = (0.2, 1)
    dH/dl & foreign lambdas:
        dH/dl (coul-lambda) (9767 pts)
        dH/dl (vdw-lambda) (9767 pts)
        delta H to (0, 1) (9767 pts)
        delta H to (0.2, 1) (9767 pts)
        delta H to (0.4, 1) (9767 pts)


lambda_17/bar.xvg: 0.0 - 980.5; lambda = (0.4, 1)
    dH/dl & foreign lambdas:
        dH/dl (coul-lambda) (9806 pts)
        dH/dl (vdw-lambda) (9806 pts)
        delta H to (0.2, 1) (9806 pts)
        delta H to (0.4, 1) (9806 pts)
        delta H to (0.5, 1) (9806 pts)


lambda_18/bar.xvg: 0.0 - 972.4; lambda = (0.5, 1)
    dH/dl & foreign lambdas:
        dH/dl (coul-lambda) (9725 pts)
        dH/dl (vdw-lambda) (9725 pts)
        delta H to (0.4, 1) (9725 pts)
        delta H to (0.5, 1) (9725 pts)
        delta H to (0.6, 1) (9725 pts)


lambda_19/bar.xvg: 0.0 - 972.4; lambda = (0.6, 1)
    dH/dl & foreign lambdas:
        dH/dl (coul-lambda) (9725 pts)
        dH/dl (vdw-lambda) (9725 pts)
        delta H to (0.5, 1) (9725 pts)
        delta H to (0.6, 1) (9725 pts)
        delta H to (0.7, 1) (9725 pts)


lambda_20/bar.xvg: 0.0 - 973.7; lambda = (0.7, 1)
    dH/dl & foreign lambdas:
        dH/dl (coul-lambda) (9738 pts)
        dH/dl (vdw-lambda) (9738 pts)
        delta H to (0.6, 1) (9738 pts)
        delta H to (0.7, 1) (9738 pts)
        delta H to (0.8, 1) (9738 pts)


lambda_21/bar.xvg: 0.0 - 976.0; lambda = (0.8, 1)
    dH/dl & foreign lambdas:
        dH/dl (coul-lambda) (9761 pts)
        dH/dl (vdw-lambda) (9761 pts)
        delta H to (0.7, 1) (9761 pts)
        delta H to (0.8, 1) (9761 pts)
        delta H to (0.9, 1) (9761 pts)


lambda_22/bar.xvg: 0.0 - 977.7; lambda = (0.9, 1)
    dH/dl & foreign lambdas:
        dH/dl (coul-lambda) (9778 pts)
        dH/dl (vdw-lambda) (9778 pts)
        delta H to (0.8, 1) (9778 pts)
        delta H to (0.9, 1) (9778 pts)
        delta H to (1, 1) (9778 pts)


lambda_23/bar.xvg: 0.0 - 981.3; lambda = (1, 1)
    dH/dl & foreign lambdas:
        dH/dl (coul-lambda) (9814 pts)
        dH/dl (vdw-lambda) (9814 pts)
        delta H to (0.9, 1) (9814 pts)
        delta H to (1, 1) (9814 pts)



Temperature: 300 K

Detailed results in kT (see help for explanation):

 lam_A  lam_B      DG   +/-     s_A   +/-     s_B   +/-   stdev   +/- 
     0      1   -7.28  0.00    0.03  0.00    0.03  0.00    0.25  0.00
     1      2   -5.75  0.00    0.02  0.01    0.02  0.01    0.24  0.00
     2      3   -2.91  0.01    0.07  0.01    0.07  0.01    0.38  0.01
     3      4    2.05  0.04    0.43  0.02    0.47  0.03    0.91  0.02
     4      5    8.82  0.08    2.61  0.10    3.02  0.12    2.80  0.08
     5      6    5.12  0.11    2.39  0.06    2.09  0.06    2.46  0.05
     6      7    3.40  0.09    2.57  0.09    1.72  0.07    2.25  0.06
     7      8    2.08  0.04    1.88  0.05    1.27  0.02    1.84  0.01
     8      9    1.29  0.01    1.37  0.04    0.95  0.03    1.54  0.02
     9     10    0.80  0.01    1.15  0.02    0.81  0.01    1.41  0.01
    10     11    0.42  0.02    0.99  0.01    0.68  0.01    1.29  0.01
    11     12    0.13  0.01    0.88  0.01    0.61  0.01    1.20  0.01
    12     13   -0.11  0.01    0.76  0.01    0.53  0.01    1.12  0.01
    13     14   -0.28  0.01    0.64  0.01    0.45  0.01    1.04  0.01
    14     15   -0.40  0.01    0.61  0.01    0.44  0.01    0.99  0.00
    15     16   -0.58  0.01    0.59  0.01    0.63  0.02    1.11  0.01
    16     17   -1.95  0.02    0.75  0.01    0.83  0.02    1.29  0.01
    17     18   -1.64  0.01    0.25  0.01    0.26  0.01    0.72  0.01
    18     19   -2.18  0.02    0.27  0.01    0.29  0.01    0.77  0.00
    19     20   -2.84  0.01    0.37  0.01    0.39  0.01    0.85  0.01
    20     21   -3.61  0.01    0.39  0.02    0.40  0.01    0.89  0.01
    21     22   -4.41  0.02    0.41  0.02    0.42  0.02    0.92  0.01
    22     23   -5.25  0.02    0.42  0.01    0.43  0.01    0.94  0.01


Final results in kJ/mol:

point      0 -      1,   DG -18.16 +/-  0.01
point      1 -      2,   DG -14.35 +/-  0.00
point      2 -      3,   DG -7.25 +/-  0.03
point      3 -      4,   DG  5.11 +/-  0.09
point      4 -      5,   DG 21.99 +/-  0.20
point      5 -      6,   DG 12.76 +/-  0.27
point      6 -      7,   DG  8.47 +/-  0.22
point      7 -      8,   DG  5.18 +/-  0.10
point      8 -      9,   DG  3.22 +/-  0.03
point      9 -     10,   DG  2.00 +/-  0.03
point     10 -     11,   DG  1.06 +/-  0.04
point     11 -     12,   DG  0.33 +/-  0.03
point     12 -     13,   DG -0.28 +/-  0.02
point     13 -     14,   DG -0.69 +/-  0.02
point     14 -     15,   DG -1.00 +/-  0.03
point     15 -     16,   DG -1.44 +/-  0.04
point     16 -     17,   DG -4.87 +/-  0.04
point     17 -     18,   DG -4.09 +/-  0.02
point     18 -     19,   DG -5.43 +/-  0.04
point     19 -     20,   DG -7.07 +/-  0.03
point     20 -     21,   DG -9.00 +/-  0.01
point     21 -     22,   DG -11.01 +/-  0.04
point     22 -     23,   DG -13.10 +/-  0.06

total      0 -     23,   DG -37.63 +/-  0.55

