lambda_00/bar.xvg: 0.0 - 953.2; lambda = (0, 0)
    dH/dl & foreign lambdas:
        dH/dl (coul-lambda) (9533 pts)
        dH/dl (vdw-lambda) (9533 pts)
        delta H to (0, 0) (9533 pts)
        delta H to (0, 0.1) (9533 pts)


lambda_01/bar.xvg: 0.0 - 944.6; lambda = (0, 0.1)
    dH/dl & foreign lambdas:
        dH/dl (coul-lambda) (9447 pts)
        dH/dl (vdw-lambda) (9447 pts)
        delta H to (0, 0) (9447 pts)
        delta H to (0, 0.1) (9447 pts)
        delta H to (0, 0.2) (9447 pts)


lambda_02/bar.xvg: 0.0 - 944.4; lambda = (0, 0.2)
    dH/dl & foreign lambdas:
        dH/dl (coul-lambda) (9445 pts)
        dH/dl (vdw-lambda) (9445 pts)
        delta H to (0, 0.1) (9445 pts)
        delta H to (0, 0.2) (9445 pts)
        delta H to (0, 0.3) (9445 pts)


lambda_03/bar.xvg: 0.0 - 946.3; lambda = (0, 0.3)
    dH/dl & foreign lambdas:
        dH/dl (coul-lambda) (9464 pts)
        dH/dl (vdw-lambda) (9464 pts)
        delta H to (0, 0.2) (9464 pts)
        delta H to (0, 0.3) (9464 pts)
        delta H to (0, 0.4) (9464 pts)


lambda_04/bar.xvg: 0.0 - 946.0; lambda = (0, 0.4)
    dH/dl & foreign lambdas:
        dH/dl (coul-lambda) (9461 pts)
        dH/dl (vdw-lambda) (9461 pts)
        delta H to (0, 0.3) (9461 pts)
        delta H to (0, 0.4) (9461 pts)
        delta H to (0, 0.5) (9461 pts)


lambda_05/bar.xvg: 0.0 - 946.3; lambda = (0, 0.5)
    dH/dl & foreign lambdas:
        dH/dl (coul-lambda) (9464 pts)
        dH/dl (vdw-lambda) (9464 pts)
        delta H to (0, 0.4) (9464 pts)
        delta H to (0, 0.5) (9464 pts)
        delta H to (0, 0.55) (9464 pts)


lambda_06/bar.xvg: 0.0 - 944.9; lambda = (0, 0.55)
    dH/dl & foreign lambdas:
        dH/dl (coul-lambda) (9450 pts)
        dH/dl (vdw-lambda) (9450 pts)
        delta H to (0, 0.5) (9450 pts)
        delta H to (0, 0.55) (9450 pts)
        delta H to (0, 0.6) (9450 pts)


lambda_07/bar.xvg: 0.0 - 943.4; lambda = (0, 0.6)
    dH/dl & foreign lambdas:
        dH/dl (coul-lambda) (9435 pts)
        dH/dl (vdw-lambda) (9435 pts)
        delta H to (0, 0.55) (9435 pts)
        delta H to (0, 0.6) (9435 pts)
        delta H to (0, 0.65) (9435 pts)


lambda_08/bar.xvg: 0.0 - 941.6; lambda = (0, 0.65)
    dH/dl & foreign lambdas:
        dH/dl (coul-lambda) (9417 pts)
        dH/dl (vdw-lambda) (9417 pts)
        delta H to (0, 0.6) (9417 pts)
        delta H to (0, 0.65) (9417 pts)
        delta H to (0, 0.7) (9417 pts)


lambda_09/bar.xvg: 0.0 - 952.6; lambda = (0, 0.7)
    dH/dl & foreign lambdas:
        dH/dl (coul-lambda) (9527 pts)
        dH/dl (vdw-lambda) (9527 pts)
        delta H to (0, 0.65) (9527 pts)
        delta H to (0, 0.7) (9527 pts)
        delta H to (0, 0.75) (9527 pts)


lambda_10/bar.xvg: 0.0 - 951.0; lambda = (0, 0.75)
    dH/dl & foreign lambdas:
        dH/dl (coul-lambda) (9511 pts)
        dH/dl (vdw-lambda) (9511 pts)
        delta H to (0, 0.7) (9511 pts)
        delta H to (0, 0.75) (9511 pts)
        delta H to (0, 0.8) (9511 pts)


lambda_11/bar.xvg: 0.0 - 948.6; lambda = (0, 0.8)
    dH/dl & foreign lambdas:
        dH/dl (coul-lambda) (9487 pts)
        dH/dl (vdw-lambda) (9487 pts)
        delta H to (0, 0.75) (9487 pts)
        delta H to (0, 0.8) (9487 pts)
        delta H to (0, 0.85) (9487 pts)


lambda_12/bar.xvg: 0.0 - 947.3; lambda = (0, 0.85)
    dH/dl & foreign lambdas:
        dH/dl (coul-lambda) (9474 pts)
        dH/dl (vdw-lambda) (9474 pts)
        delta H to (0, 0.8) (9474 pts)
        delta H to (0, 0.85) (9474 pts)
        delta H to (0, 0.9) (9474 pts)


lambda_13/bar.xvg: 0.0 - 946.4; lambda = (0, 0.9)
    dH/dl & foreign lambdas:
        dH/dl (coul-lambda) (9465 pts)
        dH/dl (vdw-lambda) (9465 pts)
        delta H to (0, 0.85) (9465 pts)
        delta H to (0, 0.9) (9465 pts)
        delta H to (0, 0.95) (9465 pts)


lambda_14/bar.xvg: 0.0 - 945.3; lambda = (0, 0.95)
    dH/dl & foreign lambdas:
        dH/dl (coul-lambda) (9454 pts)
        dH/dl (vdw-lambda) (9454 pts)
        delta H to (0, 0.9) (9454 pts)
        delta H to (0, 0.95) (9454 pts)
        delta H to (0, 1) (9454 pts)


lambda_15/bar.xvg: 0.0 - 945.0; lambda = (0, 1)
    dH/dl & foreign lambdas:
        dH/dl (coul-lambda) (9451 pts)
        dH/dl (vdw-lambda) (9451 pts)
        delta H to (0, 0.95) (9451 pts)
        delta H to (0, 1) (9451 pts)
        delta H to (0.2, 1) (9451 pts)


lambda_16/bar.xvg: 0.0 - 949.5; lambda = (0.2, 1)
    dH/dl & foreign lambdas:
        dH/dl (coul-lambda) (9496 pts)
        dH/dl (vdw-lambda) (9496 pts)
        delta H to (0, 1) (9496 pts)
        delta H to (0.2, 1) (9496 pts)
        delta H to (0.4, 1) (9496 pts)


lambda_17/bar.xvg: 0.0 - 953.2; lambda = (0.4, 1)
    dH/dl & foreign lambdas:
        dH/dl (coul-lambda) (9533 pts)
        dH/dl (vdw-lambda) (9533 pts)
        delta H to (0.2, 1) (9533 pts)
        delta H to (0.4, 1) (9533 pts)
        delta H to (0.5, 1) (9533 pts)


lambda_18/bar.xvg: 0.0 - 942.0; lambda = (0.5, 1)
    dH/dl & foreign lambdas:
        dH/dl (coul-lambda) (9421 pts)
        dH/dl (vdw-lambda) (9421 pts)
        delta H to (0.4, 1) (9421 pts)
        delta H to (0.5, 1) (9421 pts)
        delta H to (0.6, 1) (9421 pts)


lambda_19/bar.xvg: 0.0 - 944.3; lambda = (0.6, 1)
    dH/dl & foreign lambdas:
        dH/dl (coul-lambda) (9444 pts)
        dH/dl (vdw-lambda) (9444 pts)
        delta H to (0.5, 1) (9444 pts)
        delta H to (0.6, 1) (9444 pts)
        delta H to (0.7, 1) (9444 pts)


lambda_20/bar.xvg: 0.0 - 946.3; lambda = (0.7, 1)
    dH/dl & foreign lambdas:
        dH/dl (coul-lambda) (9464 pts)
        dH/dl (vdw-lambda) (9464 pts)
        delta H to (0.6, 1) (9464 pts)
        delta H to (0.7, 1) (9464 pts)
        delta H to (0.8, 1) (9464 pts)


lambda_21/bar.xvg: 0.0 - 948.6; lambda = (0.8, 1)
    dH/dl & foreign lambdas:
        dH/dl (coul-lambda) (9487 pts)
        dH/dl (vdw-lambda) (9487 pts)
        delta H to (0.7, 1) (9487 pts)
        delta H to (0.8, 1) (9487 pts)
        delta H to (0.9, 1) (9487 pts)


lambda_22/bar.xvg: 0.0 - 950.3; lambda = (0.9, 1)
    dH/dl & foreign lambdas:
        dH/dl (coul-lambda) (9504 pts)
        dH/dl (vdw-lambda) (9504 pts)
        delta H to (0.8, 1) (9504 pts)
        delta H to (0.9, 1) (9504 pts)
        delta H to (1, 1) (9504 pts)


lambda_23/bar.xvg: 0.0 - 948.1; lambda = (1, 1)
    dH/dl & foreign lambdas:
        dH/dl (coul-lambda) (9482 pts)
        dH/dl (vdw-lambda) (9482 pts)
        delta H to (0.9, 1) (9482 pts)
        delta H to (1, 1) (9482 pts)



   Samples in time interval: 0.000 - 953.200
Removing samples outside of: 100.000 - 953.200

Temperature: 300 K

Detailed results in kT (see help for explanation):

 lam_A  lam_B      DG   +/-     s_A   +/-     s_B   +/-   stdev   +/- 
     0      1   -7.28  0.01    0.03  0.00    0.03  0.00    0.24  0.00
     1      2   -5.75  0.01    0.02  0.01    0.02  0.01    0.24  0.00
     2      3   -2.91  0.00    0.10  0.01    0.10  0.01    0.39  0.00
     3      4    2.02  0.02    0.40  0.02    0.44  0.02    0.91  0.02
     4      5    8.93  0.10    2.49  0.08    2.93  0.12    2.76  0.03
     5      6    5.11  0.12    2.58  0.08    2.23  0.06    2.56  0.05
     6      7    3.19  0.07    2.57  0.11    1.67  0.05    2.21  0.05
     7      8    1.99  0.04    1.72  0.03    1.18  0.02    1.75  0.01
     8      9    1.28  0.03    1.37  0.04    0.98  0.03    1.56  0.02
     9     10    0.79  0.03    1.09  0.04    0.76  0.03    1.39  0.02
    10     11    0.42  0.02    1.04  0.04    0.73  0.02    1.31  0.02
    11     12    0.10  0.02    0.82  0.01    0.57  0.01    1.17  0.01
    12     13   -0.11  0.01    0.74  0.01    0.52  0.01    1.11  0.00
    13     14   -0.28  0.01    0.65  0.01    0.47  0.01    1.04  0.00
    14     15   -0.43  0.00    0.60  0.01    0.43  0.00    0.98  0.00
    15     16   -0.48  0.02    0.49  0.02    0.51  0.02    1.02  0.01
    16     17   -1.64  0.02    0.65  0.03    0.72  0.04    1.18  0.02
    17     18   -1.40  0.02    0.22  0.01    0.23  0.01    0.67  0.00
    18     19   -1.91  0.01    0.28  0.01    0.29  0.01    0.73  0.00
    19     20   -2.51  0.01    0.30  0.01    0.32  0.01    0.77  0.01
    20     21   -3.15  0.01    0.33  0.02    0.34  0.02    0.82  0.01
    21     22   -3.82  0.01    0.32  0.03    0.33  0.03    0.84  0.01
    22     23   -4.56  0.02    0.41  0.02    0.42  0.02    0.88  0.01


Final results in kJ/mol:

point      0 -      1,   DG -18.16 +/-  0.03
point      1 -      2,   DG -14.35 +/-  0.02
point      2 -      3,   DG -7.26 +/-  0.01
point      3 -      4,   DG  5.04 +/-  0.04
point      4 -      5,   DG 22.28 +/-  0.24
point      5 -      6,   DG 12.74 +/-  0.29
point      6 -      7,   DG  7.95 +/-  0.17
point      7 -      8,   DG  4.96 +/-  0.09
point      8 -      9,   DG  3.20 +/-  0.06
point      9 -     10,   DG  1.98 +/-  0.07
point     10 -     11,   DG  1.05 +/-  0.04
point     11 -     12,   DG  0.25 +/-  0.04
point     12 -     13,   DG -0.27 +/-  0.02
point     13 -     14,   DG -0.71 +/-  0.02
point     14 -     15,   DG -1.07 +/-  0.01
point     15 -     16,   DG -1.19 +/-  0.04
point     16 -     17,   DG -4.08 +/-  0.06
point     17 -     18,   DG -3.48 +/-  0.04
point     18 -     19,   DG -4.77 +/-  0.01
point     19 -     20,   DG -6.25 +/-  0.03
point     20 -     21,   DG -7.87 +/-  0.02
point     21 -     22,   DG -9.52 +/-  0.03
point     22 -     23,   DG -11.38 +/-  0.06

total      0 -     23,   DG -30.90 +/-  0.59

