lambda_00/bar.xvg: 0.0 - 921.2; lambda = (0, 0)
    dH/dl & foreign lambdas:
        dH/dl (coul-lambda) (9213 pts)
        dH/dl (vdw-lambda) (9213 pts)
        delta H to (0, 0) (9213 pts)
        delta H to (0, 0.1) (9213 pts)


lambda_01/bar.xvg: 0.0 - 918.0; lambda = (0, 0.1)
    dH/dl & foreign lambdas:
        dH/dl (coul-lambda) (9181 pts)
        dH/dl (vdw-lambda) (9181 pts)
        delta H to (0, 0) (9181 pts)
        delta H to (0, 0.1) (9181 pts)
        delta H to (0, 0.2) (9181 pts)


lambda_02/bar.xvg: 0.0 - 917.8; lambda = (0, 0.2)
    dH/dl & foreign lambdas:
        dH/dl (coul-lambda) (9179 pts)
        dH/dl (vdw-lambda) (9179 pts)
        delta H to (0, 0.1) (9179 pts)
        delta H to (0, 0.2) (9179 pts)
        delta H to (0, 0.3) (9179 pts)


lambda_03/bar.xvg: 0.0 - 920.0; lambda = (0, 0.3)
    dH/dl & foreign lambdas:
        dH/dl (coul-lambda) (9201 pts)
        dH/dl (vdw-lambda) (9201 pts)
        delta H to (0, 0.2) (9201 pts)
        delta H to (0, 0.3) (9201 pts)
        delta H to (0, 0.4) (9201 pts)


lambda_04/bar.xvg: 0.0 - 918.7; lambda = (0, 0.4)
    dH/dl & foreign lambdas:
        dH/dl (coul-lambda) (9188 pts)
        dH/dl (vdw-lambda) (9188 pts)
        delta H to (0, 0.3) (9188 pts)
        delta H to (0, 0.4) (9188 pts)
        delta H to (0, 0.5) (9188 pts)


lambda_05/bar.xvg: 0.0 - 918.7; lambda = (0, 0.5)
    dH/dl & foreign lambdas:
        dH/dl (coul-lambda) (9188 pts)
        dH/dl (vdw-lambda) (9188 pts)
        delta H to (0, 0.4) (9188 pts)
        delta H to (0, 0.5) (9188 pts)
        delta H to (0, 0.55) (9188 pts)


lambda_06/bar.xvg: 0.0 - 918.0; lambda = (0, 0.55)
    dH/dl & foreign lambdas:
        dH/dl (coul-lambda) (9181 pts)
        dH/dl (vdw-lambda) (9181 pts)
        delta H to (0, 0.5) (9181 pts)
        delta H to (0, 0.55) (9181 pts)
        delta H to (0, 0.6) (9181 pts)


lambda_07/bar.xvg: 0.0 - 916.4; lambda = (0, 0.6)
    dH/dl & foreign lambdas:
        dH/dl (coul-lambda) (9165 pts)
        dH/dl (vdw-lambda) (9165 pts)
        delta H to (0, 0.55) (9165 pts)
        delta H to (0, 0.6) (9165 pts)
        delta H to (0, 0.65) (9165 pts)


lambda_08/bar.xvg: 0.0 - 914.4; lambda = (0, 0.65)
    dH/dl & foreign lambdas:
        dH/dl (coul-lambda) (9145 pts)
        dH/dl (vdw-lambda) (9145 pts)
        delta H to (0, 0.6) (9145 pts)
        delta H to (0, 0.65) (9145 pts)
        delta H to (0, 0.7) (9145 pts)


lambda_09/bar.xvg: 0.0 - 912.6; lambda = (0, 0.7)
    dH/dl & foreign lambdas:
        dH/dl (coul-lambda) (9127 pts)
        dH/dl (vdw-lambda) (9127 pts)
        delta H to (0, 0.65) (9127 pts)
        delta H to (0, 0.7) (9127 pts)
        delta H to (0, 0.75) (9127 pts)


lambda_10/bar.xvg: 0.0 - 910.2; lambda = (0, 0.75)
    dH/dl & foreign lambdas:
        dH/dl (coul-lambda) (9103 pts)
        dH/dl (vdw-lambda) (9103 pts)
        delta H to (0, 0.7) (9103 pts)
        delta H to (0, 0.75) (9103 pts)
        delta H to (0, 0.8) (9103 pts)


lambda_11/bar.xvg: 0.0 - 922.2; lambda = (0, 0.8)
    dH/dl & foreign lambdas:
        dH/dl (coul-lambda) (9223 pts)
        dH/dl (vdw-lambda) (9223 pts)
        delta H to (0, 0.75) (9223 pts)
        delta H to (0, 0.8) (9223 pts)
        delta H to (0, 0.85) (9223 pts)


lambda_12/bar.xvg: 0.0 - 920.7; lambda = (0, 0.85)
    dH/dl & foreign lambdas:
        dH/dl (coul-lambda) (9208 pts)
        dH/dl (vdw-lambda) (9208 pts)
        delta H to (0, 0.8) (9208 pts)
        delta H to (0, 0.85) (9208 pts)
        delta H to (0, 0.9) (9208 pts)


lambda_13/bar.xvg: 0.0 - 919.8; lambda = (0, 0.9)
    dH/dl & foreign lambdas:
        dH/dl (coul-lambda) (9199 pts)
        dH/dl (vdw-lambda) (9199 pts)
        delta H to (0, 0.85) (9199 pts)
        delta H to (0, 0.9) (9199 pts)
        delta H to (0, 0.95) (9199 pts)


lambda_14/bar.xvg: 0.0 - 918.7; lambda = (0, 0.95)
    dH/dl & foreign lambdas:
        dH/dl (coul-lambda) (9188 pts)
        dH/dl (vdw-lambda) (9188 pts)
        delta H to (0, 0.9) (9188 pts)
        delta H to (0, 0.95) (9188 pts)
        delta H to (0, 1) (9188 pts)


lambda_15/bar.xvg: 0.0 - 918.1; lambda = (0, 1)
    dH/dl & foreign lambdas:
        dH/dl (coul-lambda) (9182 pts)
        dH/dl (vdw-lambda) (9182 pts)
        delta H to (0, 0.95) (9182 pts)
        delta H to (0, 1) (9182 pts)
        delta H to (0.2, 1) (9182 pts)


lambda_16/bar.xvg: 0.0 - 910.5; lambda = (0.2, 1)
    dH/dl & foreign lambdas:
        dH/dl (coul-lambda) (9106 pts)
        dH/dl (vdw-lambda) (9106 pts)
        delta H to (0, 1) (9106 pts)
        delta H to (0.2, 1) (9106 pts)
        delta H to (0.4, 1) (9106 pts)


lambda_17/bar.xvg: 0.0 - 914.1; lambda = (0.4, 1)
    dH/dl & foreign lambdas:
        dH/dl (coul-lambda) (9142 pts)
        dH/dl (vdw-lambda) (9142 pts)
        delta H to (0.2, 1) (9142 pts)
        delta H to (0.4, 1) (9142 pts)
        delta H to (0.5, 1) (9142 pts)


lambda_18/bar.xvg: 0.0 - 916.1; lambda = (0.5, 1)
    dH/dl & foreign lambdas:
        dH/dl (coul-lambda) (9162 pts)
        dH/dl (vdw-lambda) (9162 pts)
        delta H to (0.4, 1) (9162 pts)
        delta H to (0.5, 1) (9162 pts)
        delta H to (0.6, 1) (9162 pts)


lambda_19/bar.xvg: 0.0 - 918.1; lambda = (0.6, 1)
    dH/dl & foreign lambdas:
        dH/dl (coul-lambda) (9182 pts)
        dH/dl (vdw-lambda) (9182 pts)
        delta H to (0.5, 1) (9182 pts)
        delta H to (0.6, 1) (9182 pts)
        delta H to (0.7, 1) (9182 pts)


lambda_20/bar.xvg: 0.0 - 919.7; lambda = (0.7, 1)
    dH/dl & foreign lambdas:
        dH/dl (coul-lambda) (9198 pts)
        dH/dl (vdw-lambda) (9198 pts)
        delta H to (0.6, 1) (9198 pts)
        delta H to (0.7, 1) (9198 pts)
        delta H to (0.8, 1) (9198 pts)


lambda_21/bar.xvg: 0.0 - 922.1; lambda = (0.8, 1)
    dH/dl & foreign lambdas:
        dH/dl (coul-lambda) (9222 pts)
        dH/dl (vdw-lambda) (9222 pts)
        delta H to (0.7, 1) (9222 pts)
        delta H to (0.8, 1) (9222 pts)
        delta H to (0.9, 1) (9222 pts)


lambda_22/bar.xvg: 0.0 - 910.4; lambda = (0.9, 1)
    dH/dl & foreign lambdas:
        dH/dl (coul-lambda) (9105 pts)
        dH/dl (vdw-lambda) (9105 pts)
        delta H to (0.8, 1) (9105 pts)
        delta H to (0.9, 1) (9105 pts)
        delta H to (1, 1) (9105 pts)


lambda_23/bar.xvg: 0.0 - 915.8; lambda = (1, 1)
    dH/dl & foreign lambdas:
        dH/dl (coul-lambda) (9159 pts)
        dH/dl (vdw-lambda) (9159 pts)
        delta H to (0.9, 1) (9159 pts)
        delta H to (1, 1) (9159 pts)



   Samples in time interval: 0.000 - 922.200
Removing samples outside of: 100.000 - 922.200

Temperature: 300 K

Detailed results in kT (see help for explanation):

 lam_A  lam_B      DG   +/-     s_A   +/-     s_B   +/-   stdev   +/- 
     0      1   -7.28  0.00    0.03  0.01    0.03  0.01    0.25  0.01
     1      2   -5.77  0.01    0.03  0.01    0.03  0.01    0.25  0.00
     2      3   -2.92  0.01    0.07  0.00    0.07  0.00    0.38  0.01
     3      4    2.08  0.04    0.41  0.02    0.44  0.02    0.90  0.01
     4      5    9.04  0.08    2.53  0.05    3.06  0.09    2.75  0.03
     5      6    4.99  0.10    2.67  0.04    2.24  0.08    2.63  0.05
     6      7    3.15  0.06    2.40  0.08    1.60  0.06    2.15  0.04
     7      8    1.96  0.05    1.78  0.07    1.19  0.04    1.76  0.03
     8      9    1.28  0.03    1.30  0.05    0.91  0.03    1.53  0.03
     9     10    0.79  0.02    1.18  0.02    0.82  0.02    1.41  0.01
    10     11    0.40  0.02    0.92  0.02    0.63  0.01    1.25  0.01
    11     12    0.16  0.02    0.85  0.01    0.60  0.01    1.19  0.01
    12     13   -0.09  0.02    0.75  0.01    0.53  0.01    1.10  0.01
    13     14   -0.28  0.01    0.64  0.02    0.45  0.02    1.03  0.01
    14     15   -0.41  0.01    0.57  0.02    0.41  0.02    0.97  0.01
    15     16   -0.58  0.01    0.56  0.01    0.59  0.01    1.09  0.01
    16     17   -1.87  0.01    0.70  0.01    0.79  0.02    1.25  0.01
    17     18   -1.57  0.01    0.24  0.01    0.25  0.01    0.70  0.00
    18     19   -2.10  0.01    0.28  0.01    0.30  0.01    0.76  0.01
    19     20   -2.66  0.01    0.26  0.01    0.27  0.01    0.79  0.01
    20     21   -3.32  0.01    0.38  0.02    0.39  0.02    0.86  0.01
    21     22   -4.10  0.03    0.39  0.02    0.39  0.02    0.89  0.01
    22     23   -4.95  0.01    0.46  0.03    0.47  0.04    0.93  0.02


Final results in kJ/mol:

point      0 -      1,   DG -18.16 +/-  0.01
point      1 -      2,   DG -14.38 +/-  0.02
point      2 -      3,   DG -7.27 +/-  0.02
point      3 -      4,   DG  5.19 +/-  0.10
point      4 -      5,   DG 22.54 +/-  0.20
point      5 -      6,   DG 12.44 +/-  0.25
point      6 -      7,   DG  7.85 +/-  0.15
point      7 -      8,   DG  4.90 +/-  0.12
point      8 -      9,   DG  3.20 +/-  0.06
point      9 -     10,   DG  1.96 +/-  0.04
point     10 -     11,   DG  0.99 +/-  0.06
point     11 -     12,   DG  0.40 +/-  0.06
point     12 -     13,   DG -0.22 +/-  0.04
point     13 -     14,   DG -0.70 +/-  0.03
point     14 -     15,   DG -1.01 +/-  0.04
point     15 -     16,   DG -1.45 +/-  0.03
point     16 -     17,   DG -4.67 +/-  0.03
point     17 -     18,   DG -3.91 +/-  0.03
point     18 -     19,   DG -5.24 +/-  0.04
point     19 -     20,   DG -6.63 +/-  0.04
point     20 -     21,   DG -8.27 +/-  0.02
point     21 -     22,   DG -10.22 +/-  0.07
point     22 -     23,   DG -12.35 +/-  0.02

total      0 -     23,   DG -35.02 +/-  0.34

