lambda_00/bar.xvg: 0.0 - 905.0; lambda = (0, 0)
    dH/dl & foreign lambdas:
        dH/dl (coul-lambda) (9051 pts)
        dH/dl (vdw-lambda) (9051 pts)
        delta H to (0, 0) (9051 pts)
        delta H to (0, 0.1) (9051 pts)


lambda_01/bar.xvg: 0.0 - 917.7; lambda = (0, 0.1)
    dH/dl & foreign lambdas:
        dH/dl (coul-lambda) (9178 pts)
        dH/dl (vdw-lambda) (9178 pts)
        delta H to (0, 0) (9178 pts)
        delta H to (0, 0.1) (9178 pts)
        delta H to (0, 0.2) (9178 pts)


lambda_02/bar.xvg: 0.0 - 917.7; lambda = (0, 0.2)
    dH/dl & foreign lambdas:
        dH/dl (coul-lambda) (9178 pts)
        dH/dl (vdw-lambda) (9178 pts)
        delta H to (0, 0.1) (9178 pts)
        delta H to (0, 0.2) (9178 pts)
        delta H to (0, 0.3) (9178 pts)


lambda_03/bar.xvg: 0.0 - 906.4; lambda = (0, 0.3)
    dH/dl & foreign lambdas:
        dH/dl (coul-lambda) (9065 pts)
        dH/dl (vdw-lambda) (9065 pts)
        delta H to (0, 0.2) (9065 pts)
        delta H to (0, 0.3) (9065 pts)
        delta H to (0, 0.4) (9065 pts)


lambda_04/bar.xvg: 0.0 - 919.0; lambda = (0, 0.4)
    dH/dl & foreign lambdas:
        dH/dl (coul-lambda) (9191 pts)
        dH/dl (vdw-lambda) (9191 pts)
        delta H to (0, 0.3) (9191 pts)
        delta H to (0, 0.4) (9191 pts)
        delta H to (0, 0.5) (9191 pts)


lambda_05/bar.xvg: 0.0 - 919.0; lambda = (0, 0.5)
    dH/dl & foreign lambdas:
        dH/dl (coul-lambda) (9191 pts)
        dH/dl (vdw-lambda) (9191 pts)
        delta H to (0, 0.4) (9191 pts)
        delta H to (0, 0.5) (9191 pts)
        delta H to (0, 0.55) (9191 pts)


lambda_06/bar.xvg: 0.0 - 917.7; lambda = (0, 0.55)
    dH/dl & foreign lambdas:
        dH/dl (coul-lambda) (9178 pts)
        dH/dl (vdw-lambda) (9178 pts)
        delta H to (0, 0.5) (9178 pts)
        delta H to (0, 0.55) (9178 pts)
        delta H to (0, 0.6) (9178 pts)


lambda_07/bar.xvg: 0.0 - 916.1; lambda = (0, 0.6)
    dH/dl & foreign lambdas:
        dH/dl (coul-lambda) (9162 pts)
        dH/dl (vdw-lambda) (9162 pts)
        delta H to (0, 0.55) (9162 pts)
        delta H to (0, 0.6) (9162 pts)
        delta H to (0, 0.65) (9162 pts)


lambda_08/bar.xvg: 0.0 - 913.9; lambda = (0, 0.65)
    dH/dl & foreign lambdas:
        dH/dl (coul-lambda) (9140 pts)
        dH/dl (vdw-lambda) (9140 pts)
        delta H to (0, 0.6) (9140 pts)
        delta H to (0, 0.65) (9140 pts)
        delta H to (0, 0.7) (9140 pts)


lambda_09/bar.xvg: 0.0 - 911.9; lambda = (0, 0.7)
    dH/dl & foreign lambdas:
        dH/dl (coul-lambda) (9120 pts)
        dH/dl (vdw-lambda) (9120 pts)
        delta H to (0, 0.65) (9120 pts)
        delta H to (0, 0.7) (9120 pts)
        delta H to (0, 0.75) (9120 pts)


lambda_10/bar.xvg: 0.0 - 909.9; lambda = (0, 0.75)
    dH/dl & foreign lambdas:
        dH/dl (coul-lambda) (9100 pts)
        dH/dl (vdw-lambda) (9100 pts)
        delta H to (0, 0.7) (9100 pts)
        delta H to (0, 0.75) (9100 pts)
        delta H to (0, 0.8) (9100 pts)


lambda_11/bar.xvg: 0.0 - 921.6; lambda = (0, 0.8)
    dH/dl & foreign lambdas:
        dH/dl (coul-lambda) (9217 pts)
        dH/dl (vdw-lambda) (9217 pts)
        delta H to (0, 0.75) (9217 pts)
        delta H to (0, 0.8) (9217 pts)
        delta H to (0, 0.85) (9217 pts)


lambda_12/bar.xvg: 0.0 - 920.0; lambda = (0, 0.85)
    dH/dl & foreign lambdas:
        dH/dl (coul-lambda) (9201 pts)
        dH/dl (vdw-lambda) (9201 pts)
        delta H to (0, 0.8) (9201 pts)
        delta H to (0, 0.85) (9201 pts)
        delta H to (0, 0.9) (9201 pts)


lambda_13/bar.xvg: 0.0 - 918.6; lambda = (0, 0.9)
    dH/dl & foreign lambdas:
        dH/dl (coul-lambda) (9187 pts)
        dH/dl (vdw-lambda) (9187 pts)
        delta H to (0, 0.85) (9187 pts)
        delta H to (0, 0.9) (9187 pts)
        delta H to (0, 0.95) (9187 pts)


lambda_14/bar.xvg: 0.0 - 918.3; lambda = (0, 0.95)
    dH/dl & foreign lambdas:
        dH/dl (coul-lambda) (9184 pts)
        dH/dl (vdw-lambda) (9184 pts)
        delta H to (0, 0.9) (9184 pts)
        delta H to (0, 0.95) (9184 pts)
        delta H to (0, 1) (9184 pts)


lambda_15/bar.xvg: 0.0 - 918.4; lambda = (0, 1)
    dH/dl & foreign lambdas:
        dH/dl (coul-lambda) (9185 pts)
        dH/dl (vdw-lambda) (9185 pts)
        delta H to (0, 0.95) (9185 pts)
        delta H to (0, 1) (9185 pts)
        delta H to (0.2, 1) (9185 pts)


lambda_16/bar.xvg: 0.0 - 910.4; lambda = (0.2, 1)
    dH/dl & foreign lambdas:
        dH/dl (coul-lambda) (9105 pts)
        dH/dl (vdw-lambda) (9105 pts)
        delta H to (0, 1) (9105 pts)
        delta H to (0.2, 1) (9105 pts)
        delta H to (0.4, 1) (9105 pts)


lambda_17/bar.xvg: 0.0 - 914.1; lambda = (0.4, 1)
    dH/dl & foreign lambdas:
        dH/dl (coul-lambda) (9142 pts)
        dH/dl (vdw-lambda) (9142 pts)
        delta H to (0.2, 1) (9142 pts)
        delta H to (0.4, 1) (9142 pts)
        delta H to (0.5, 1) (9142 pts)


lambda_18/bar.xvg: 0.0 - 915.9; lambda = (0.5, 1)
    dH/dl & foreign lambdas:
        dH/dl (coul-lambda) (9160 pts)
        dH/dl (vdw-lambda) (9160 pts)
        delta H to (0.4, 1) (9160 pts)
        delta H to (0.5, 1) (9160 pts)
        delta H to (0.6, 1) (9160 pts)


lambda_19/bar.xvg: 0.0 - 918.1; lambda = (0.6, 1)
    dH/dl & foreign lambdas:
        dH/dl (coul-lambda) (9182 pts)
        dH/dl (vdw-lambda) (9182 pts)
        delta H to (0.5, 1) (9182 pts)
        delta H to (0.6, 1) (9182 pts)
        delta H to (0.7, 1) (9182 pts)


lambda_20/bar.xvg: 0.0 - 920.1; lambda = (0.7, 1)
    dH/dl & foreign lambdas:
        dH/dl (coul-lambda) (9202 pts)
        dH/dl (vdw-lambda) (9202 pts)
        delta H to (0.6, 1) (9202 pts)
        delta H to (0.7, 1) (9202 pts)
        delta H to (0.8, 1) (9202 pts)


lambda_21/bar.xvg: 0.0 - 908.9; lambda = (0.8, 1)
    dH/dl & foreign lambdas:
        dH/dl (coul-lambda) (9090 pts)
        dH/dl (vdw-lambda) (9090 pts)
        delta H to (0.7, 1) (9090 pts)
        delta H to (0.8, 1) (9090 pts)
        delta H to (0.9, 1) (9090 pts)


lambda_22/bar.xvg: 0.0 - 910.7; lambda = (0.9, 1)
    dH/dl & foreign lambdas:
        dH/dl (coul-lambda) (9108 pts)
        dH/dl (vdw-lambda) (9108 pts)
        delta H to (0.8, 1) (9108 pts)
        delta H to (0.9, 1) (9108 pts)
        delta H to (1, 1) (9108 pts)


lambda_23/bar.xvg: 0.0 - 915.8; lambda = (1, 1)
    dH/dl & foreign lambdas:
        dH/dl (coul-lambda) (9159 pts)
        dH/dl (vdw-lambda) (9159 pts)
        delta H to (0.9, 1) (9159 pts)
        delta H to (1, 1) (9159 pts)



   Samples in time interval: 0.000 - 921.600
Removing samples outside of: 100.000 - 921.600

Temperature: 300 K

Detailed results in kT (see help for explanation):

 lam_A  lam_B      DG   +/-     s_A   +/-     s_B   +/-   stdev   +/- 
     0      1   -6.83  0.01    0.02  0.01    0.02  0.01    0.24  0.01
     1      2   -5.39  0.00    0.03  0.01    0.03  0.01    0.23  0.00
     2      3   -2.73  0.00    0.07  0.01    0.07  0.01    0.37  0.00
     3      4    1.91  0.03    0.39  0.03    0.42  0.04    0.87  0.01
     4      5    8.24  0.09    2.49  0.08    2.91  0.09    2.72  0.07
     5      6    4.54  0.06    2.38  0.06    2.02  0.07    2.38  0.04
     6      7    2.90  0.08    2.22  0.12    1.49  0.09    2.07  0.07
     7      8    1.83  0.03    1.62  0.08    1.12  0.04    1.69  0.03
     8      9    1.18  0.01    1.23  0.04    0.88  0.03    1.49  0.02
     9     10    0.72  0.02    1.08  0.02    0.73  0.02    1.36  0.01
    10     11    0.38  0.01    0.92  0.02    0.64  0.01    1.24  0.01
    11     12    0.06  0.02    0.83  0.01    0.58  0.01    1.15  0.01
    12     13   -0.17  0.01    0.64  0.01    0.45  0.01    1.04  0.00
    13     14   -0.29  0.01    0.59  0.02    0.42  0.02    0.99  0.01
    14     15   -0.40  0.01    0.55  0.01    0.40  0.01    0.95  0.00
    15     16   -0.53  0.01    0.54  0.01    0.57  0.01    1.08  0.01
    16     17   -1.81  0.02    0.71  0.02    0.80  0.02    1.24  0.01
    17     18   -1.52  0.01    0.21  0.01    0.23  0.01    0.69  0.00
    18     19   -2.06  0.01    0.32  0.01    0.33  0.01    0.78  0.01
    19     20   -2.71  0.01    0.31  0.01    0.32  0.01    0.81  0.01
    20     21   -3.39  0.01    0.36  0.01    0.37  0.01    0.86  0.01
    21     22   -4.16  0.01    0.39  0.02    0.40  0.02    0.90  0.01
    22     23   -4.93  0.03    0.38  0.02    0.37  0.02    0.90  0.01


Final results in kJ/mol:

point      0 -      1,   DG -17.04 +/-  0.03
point      1 -      2,   DG -13.45 +/-  0.01
point      2 -      3,   DG -6.81 +/-  0.01
point      3 -      4,   DG  4.77 +/-  0.07
point      4 -      5,   DG 20.55 +/-  0.21
point      5 -      6,   DG 11.34 +/-  0.15
point      6 -      7,   DG  7.23 +/-  0.20
point      7 -      8,   DG  4.57 +/-  0.08
point      8 -      9,   DG  2.95 +/-  0.03
point      9 -     10,   DG  1.79 +/-  0.04
point     10 -     11,   DG  0.94 +/-  0.04
point     11 -     12,   DG  0.16 +/-  0.05
point     12 -     13,   DG -0.41 +/-  0.04
point     13 -     14,   DG -0.71 +/-  0.03
point     14 -     15,   DG -1.00 +/-  0.02
point     15 -     16,   DG -1.33 +/-  0.02
point     16 -     17,   DG -4.53 +/-  0.04
point     17 -     18,   DG -3.79 +/-  0.03
point     18 -     19,   DG -5.14 +/-  0.02
point     19 -     20,   DG -6.75 +/-  0.02
point     20 -     21,   DG -8.46 +/-  0.03
point     21 -     22,   DG -10.37 +/-  0.03
point     22 -     23,   DG -12.30 +/-  0.06

total      0 -     23,   DG -37.81 +/-  0.27

