lambda_00/bar.xvg: 0.0 - 984.7; lambda = (0, 0)
    dH/dl & foreign lambdas:
        dH/dl (coul-lambda) (9848 pts)
        dH/dl (vdw-lambda) (9848 pts)
        delta H to (0, 0) (9848 pts)
        delta H to (0, 0.1) (9848 pts)


lambda_01/bar.xvg: 0.0 - 984.4; lambda = (0, 0.1)
    dH/dl & foreign lambdas:
        dH/dl (coul-lambda) (9845 pts)
        dH/dl (vdw-lambda) (9845 pts)
        delta H to (0, 0) (9845 pts)
        delta H to (0, 0.1) (9845 pts)
        delta H to (0, 0.2) (9845 pts)


lambda_02/bar.xvg: 0.0 - 984.2; lambda = (0, 0.2)
    dH/dl & foreign lambdas:
        dH/dl (coul-lambda) (9843 pts)
        dH/dl (vdw-lambda) (9843 pts)
        delta H to (0, 0.1) (9843 pts)
        delta H to (0, 0.2) (9843 pts)
        delta H to (0, 0.3) (9843 pts)


lambda_03/bar.xvg: 0.0 - 973.9; lambda = (0, 0.3)
    dH/dl & foreign lambdas:
        dH/dl (coul-lambda) (9740 pts)
        dH/dl (vdw-lambda) (9740 pts)
        delta H to (0, 0.2) (9740 pts)
        delta H to (0, 0.3) (9740 pts)
        delta H to (0, 0.4) (9740 pts)


lambda_04/bar.xvg: 0.0 - 972.9; lambda = (0, 0.4)
    dH/dl & foreign lambdas:
        dH/dl (coul-lambda) (9730 pts)
        dH/dl (vdw-lambda) (9730 pts)
        delta H to (0, 0.3) (9730 pts)
        delta H to (0, 0.4) (9730 pts)
        delta H to (0, 0.5) (9730 pts)


lambda_05/bar.xvg: 0.0 - 973.3; lambda = (0, 0.5)
    dH/dl & foreign lambdas:
        dH/dl (coul-lambda) (9734 pts)
        dH/dl (vdw-lambda) (9734 pts)
        delta H to (0, 0.4) (9734 pts)
        delta H to (0, 0.5) (9734 pts)
        delta H to (0, 0.55) (9734 pts)


lambda_06/bar.xvg: 0.0 - 985.5; lambda = (0, 0.55)
    dH/dl & foreign lambdas:
        dH/dl (coul-lambda) (9856 pts)
        dH/dl (vdw-lambda) (9856 pts)
        delta H to (0, 0.5) (9856 pts)
        delta H to (0, 0.55) (9856 pts)
        delta H to (0, 0.6) (9856 pts)


lambda_07/bar.xvg: 0.0 - 983.5; lambda = (0, 0.6)
    dH/dl & foreign lambdas:
        dH/dl (coul-lambda) (9836 pts)
        dH/dl (vdw-lambda) (9836 pts)
        delta H to (0, 0.55) (9836 pts)
        delta H to (0, 0.6) (9836 pts)
        delta H to (0, 0.65) (9836 pts)


lambda_08/bar.xvg: 0.0 - 981.7; lambda = (0, 0.65)
    dH/dl & foreign lambdas:
        dH/dl (coul-lambda) (9818 pts)
        dH/dl (vdw-lambda) (9818 pts)
        delta H to (0, 0.6) (9818 pts)
        delta H to (0, 0.65) (9818 pts)
        delta H to (0, 0.7) (9818 pts)


lambda_09/bar.xvg: 0.0 - 979.1; lambda = (0, 0.7)
    dH/dl & foreign lambdas:
        dH/dl (coul-lambda) (9792 pts)
        dH/dl (vdw-lambda) (9792 pts)
        delta H to (0, 0.65) (9792 pts)
        delta H to (0, 0.7) (9792 pts)
        delta H to (0, 0.75) (9792 pts)


lambda_10/bar.xvg: 0.0 - 976.6; lambda = (0, 0.75)
    dH/dl & foreign lambdas:
        dH/dl (coul-lambda) (9767 pts)
        dH/dl (vdw-lambda) (9767 pts)
        delta H to (0, 0.7) (9767 pts)
        delta H to (0, 0.75) (9767 pts)
        delta H to (0, 0.8) (9767 pts)


lambda_11/bar.xvg: 0.0 - 974.8; lambda = (0, 0.8)
    dH/dl & foreign lambdas:
        dH/dl (coul-lambda) (9749 pts)
        dH/dl (vdw-lambda) (9749 pts)
        delta H to (0, 0.75) (9749 pts)
        delta H to (0, 0.8) (9749 pts)
        delta H to (0, 0.85) (9749 pts)


lambda_12/bar.xvg: 0.0 - 973.3; lambda = (0, 0.85)
    dH/dl & foreign lambdas:
        dH/dl (coul-lambda) (9734 pts)
        dH/dl (vdw-lambda) (9734 pts)
        delta H to (0, 0.8) (9734 pts)
        delta H to (0, 0.85) (9734 pts)
        delta H to (0, 0.9) (9734 pts)


lambda_13/bar.xvg: 0.0 - 985.2; lambda = (0, 0.9)
    dH/dl & foreign lambdas:
        dH/dl (coul-lambda) (9853 pts)
        dH/dl (vdw-lambda) (9853 pts)
        delta H to (0, 0.85) (9853 pts)
        delta H to (0, 0.9) (9853 pts)
        delta H to (0, 0.95) (9853 pts)


lambda_14/bar.xvg: 0.0 - 984.7; lambda = (0, 0.95)
    dH/dl & foreign lambdas:
        dH/dl (coul-lambda) (9848 pts)
        dH/dl (vdw-lambda) (9848 pts)
        delta H to (0, 0.9) (9848 pts)
        delta H to (0, 0.95) (9848 pts)
        delta H to (0, 1) (9848 pts)


lambda_15/bar.xvg: 0.0 - 984.3; lambda = (0, 1)
    dH/dl & foreign lambdas:
        dH/dl (coul-lambda) (9844 pts)
        dH/dl (vdw-lambda) (9844 pts)
        delta H to (0, 0.95) (9844 pts)
        delta H to (0, 1) (9844 pts)
        delta H to (0.2, 1) (9844 pts)


lambda_16/bar.xvg: 0.0 - 976.1; lambda = (0.2, 1)
    dH/dl & foreign lambdas:
        dH/dl (coul-lambda) (9762 pts)
        dH/dl (vdw-lambda) (9762 pts)
        delta H to (0, 1) (9762 pts)
        delta H to (0.2, 1) (9762 pts)
        delta H to (0.4, 1) (9762 pts)


lambda_17/bar.xvg: 0.0 - 979.9; lambda = (0.4, 1)
    dH/dl & foreign lambdas:
        dH/dl (coul-lambda) (9800 pts)
        dH/dl (vdw-lambda) (9800 pts)
        delta H to (0.2, 1) (9800 pts)
        delta H to (0.4, 1) (9800 pts)
        delta H to (0.5, 1) (9800 pts)


lambda_18/bar.xvg: 0.0 - 982.6; lambda = (0.5, 1)
    dH/dl & foreign lambdas:
        dH/dl (coul-lambda) (9827 pts)
        dH/dl (vdw-lambda) (9827 pts)
        delta H to (0.4, 1) (9827 pts)
        delta H to (0.5, 1) (9827 pts)
        delta H to (0.6, 1) (9827 pts)


lambda_19/bar.xvg: 0.0 - 984.8; lambda = (0.6, 1)
    dH/dl & foreign lambdas:
        dH/dl (coul-lambda) (9849 pts)
        dH/dl (vdw-lambda) (9849 pts)
        delta H to (0.5, 1) (9849 pts)
        delta H to (0.6, 1) (9849 pts)
        delta H to (0.7, 1) (9849 pts)


lambda_20/bar.xvg: 0.0 - 973.7; lambda = (0.7, 1)
    dH/dl & foreign lambdas:
        dH/dl (coul-lambda) (9738 pts)
        dH/dl (vdw-lambda) (9738 pts)
        delta H to (0.6, 1) (9738 pts)
        delta H to (0.7, 1) (9738 pts)
        delta H to (0.8, 1) (9738 pts)


lambda_21/bar.xvg: 0.0 - 976.1; lambda = (0.8, 1)
    dH/dl & foreign lambdas:
        dH/dl (coul-lambda) (9762 pts)
        dH/dl (vdw-lambda) (9762 pts)
        delta H to (0.7, 1) (9762 pts)
        delta H to (0.8, 1) (9762 pts)
        delta H to (0.9, 1) (9762 pts)


lambda_22/bar.xvg: 0.0 - 977.9; lambda = (0.9, 1)
    dH/dl & foreign lambdas:
        dH/dl (coul-lambda) (9780 pts)
        dH/dl (vdw-lambda) (9780 pts)
        delta H to (0.8, 1) (9780 pts)
        delta H to (0.9, 1) (9780 pts)
        delta H to (1, 1) (9780 pts)


lambda_23/bar.xvg: 0.0 - 981.3; lambda = (1, 1)
    dH/dl & foreign lambdas:
        dH/dl (coul-lambda) (9814 pts)
        dH/dl (vdw-lambda) (9814 pts)
        delta H to (0.9, 1) (9814 pts)
        delta H to (1, 1) (9814 pts)



   Samples in time interval: 0.000 - 985.500
Removing samples outside of: 100.000 - 985.500

Temperature: 300 K

Detailed results in kT (see help for explanation):

 lam_A  lam_B      DG   +/-     s_A   +/-     s_B   +/-   stdev   +/- 
     0      1   -6.81  0.01    0.02  0.01    0.02  0.01    0.25  0.00
     1      2   -5.38  0.01    0.03  0.01    0.03  0.01    0.24  0.00
     2      3   -2.72  0.00    0.08  0.02    0.08  0.02    0.38  0.01
     3      4    1.96  0.03    0.37  0.03    0.40  0.03    0.86  0.02
     4      5    8.40  0.09    2.50  0.06    2.92  0.09    2.75  0.05
     5      6    4.74  0.12    2.32  0.08    1.99  0.03    2.36  0.02
     6      7    3.10  0.07    2.35  0.15    1.61  0.07    2.15  0.06
     7      8    1.90  0.05    1.68  0.08    1.11  0.06    1.71  0.04
     8      9    1.22  0.03    1.27  0.03    0.89  0.01    1.48  0.01
     9     10    0.73  0.02    1.07  0.03    0.75  0.02    1.34  0.01
    10     11    0.37  0.02    0.90  0.01    0.62  0.01    1.22  0.01
    11     12    0.10  0.01    0.77  0.02    0.55  0.01    1.13  0.01
    12     13   -0.13  0.01    0.68  0.01    0.48  0.01    1.05  0.01
    13     14   -0.27  0.01    0.56  0.01    0.40  0.01    0.96  0.00
    14     15   -0.37  0.01    0.53  0.02    0.39  0.01    0.94  0.01
    15     16   -0.56  0.01    0.56  0.01    0.59  0.01    1.08  0.00
    16     17   -1.78  0.01    0.64  0.01    0.72  0.01    1.21  0.01
    17     18   -1.51  0.01    0.26  0.00    0.28  0.01    0.71  0.00
    18     19   -2.08  0.02    0.28  0.01    0.30  0.01    0.77  0.01
    19     20   -2.70  0.02    0.32  0.02    0.34  0.02    0.82  0.01
    20     21   -3.43  0.03    0.40  0.01    0.41  0.01    0.88  0.01
    21     22   -4.24  0.02    0.40  0.01    0.40  0.01    0.90  0.01
    22     23   -5.04  0.03    0.39  0.02    0.40  0.02    0.93  0.01


Final results in kJ/mol:

point      0 -      1,   DG -17.00 +/-  0.03
point      1 -      2,   DG -13.42 +/-  0.02
point      2 -      3,   DG -6.78 +/-  0.01
point      3 -      4,   DG  4.90 +/-  0.08
point      4 -      5,   DG 20.94 +/-  0.23
point      5 -      6,   DG 11.82 +/-  0.30
point      6 -      7,   DG  7.74 +/-  0.17
point      7 -      8,   DG  4.73 +/-  0.13
point      8 -      9,   DG  3.05 +/-  0.08
point      9 -     10,   DG  1.83 +/-  0.05
point     10 -     11,   DG  0.91 +/-  0.05
point     11 -     12,   DG  0.24 +/-  0.02
point     12 -     13,   DG -0.31 +/-  0.02
point     13 -     14,   DG -0.68 +/-  0.01
point     14 -     15,   DG -0.92 +/-  0.01
point     15 -     16,   DG -1.40 +/-  0.02
point     16 -     17,   DG -4.44 +/-  0.04
point     17 -     18,   DG -3.78 +/-  0.02
point     18 -     19,   DG -5.19 +/-  0.04
point     19 -     20,   DG -6.73 +/-  0.06
point     20 -     21,   DG -8.57 +/-  0.07
point     21 -     22,   DG -10.58 +/-  0.04
point     22 -     23,   DG -12.56 +/-  0.07

total      0 -     23,   DG -36.19 +/-  0.62

