lambda_00/bar.xvg: 0.0 - 920.9; lambda = (0, 0)
    dH/dl & foreign lambdas:
        dH/dl (coul-lambda) (9210 pts)
        dH/dl (vdw-lambda) (9210 pts)
        delta H to (0, 0) (9210 pts)
        delta H to (0, 0.1) (9210 pts)


lambda_01/bar.xvg: 0.0 - 931.1; lambda = (0, 0.1)
    dH/dl & foreign lambdas:
        dH/dl (coul-lambda) (9312 pts)
        dH/dl (vdw-lambda) (9312 pts)
        delta H to (0, 0) (9312 pts)
        delta H to (0, 0.1) (9312 pts)
        delta H to (0, 0.2) (9312 pts)


lambda_02/bar.xvg: 0.0 - 931.3; lambda = (0, 0.2)
    dH/dl & foreign lambdas:
        dH/dl (coul-lambda) (9314 pts)
        dH/dl (vdw-lambda) (9314 pts)
        delta H to (0, 0.1) (9314 pts)
        delta H to (0, 0.2) (9314 pts)
        delta H to (0, 0.3) (9314 pts)


lambda_03/bar.xvg: 0.0 - 919.7; lambda = (0, 0.3)
    dH/dl & foreign lambdas:
        dH/dl (coul-lambda) (9198 pts)
        dH/dl (vdw-lambda) (9198 pts)
        delta H to (0, 0.2) (9198 pts)
        delta H to (0, 0.3) (9198 pts)
        delta H to (0, 0.4) (9198 pts)


lambda_04/bar.xvg: 0.0 - 919.0; lambda = (0, 0.4)
    dH/dl & foreign lambdas:
        dH/dl (coul-lambda) (9191 pts)
        dH/dl (vdw-lambda) (9191 pts)
        delta H to (0, 0.3) (9191 pts)
        delta H to (0, 0.4) (9191 pts)
        delta H to (0, 0.5) (9191 pts)


lambda_05/bar.xvg: 0.0 - 919.0; lambda = (0, 0.5)
    dH/dl & foreign lambdas:
        dH/dl (coul-lambda) (9191 pts)
        dH/dl (vdw-lambda) (9191 pts)
        delta H to (0, 0.4) (9191 pts)
        delta H to (0, 0.5) (9191 pts)
        delta H to (0, 0.55) (9191 pts)


lambda_06/bar.xvg: 0.0 - 931.8; lambda = (0, 0.55)
    dH/dl & foreign lambdas:
        dH/dl (coul-lambda) (9319 pts)
        dH/dl (vdw-lambda) (9319 pts)
        delta H to (0, 0.5) (9319 pts)
        delta H to (0, 0.55) (9319 pts)
        delta H to (0, 0.6) (9319 pts)


lambda_07/bar.xvg: 0.0 - 930.2; lambda = (0, 0.6)
    dH/dl & foreign lambdas:
        dH/dl (coul-lambda) (9303 pts)
        dH/dl (vdw-lambda) (9303 pts)
        delta H to (0, 0.55) (9303 pts)
        delta H to (0, 0.6) (9303 pts)
        delta H to (0, 0.65) (9303 pts)


lambda_08/bar.xvg: 0.0 - 928.3; lambda = (0, 0.65)
    dH/dl & foreign lambdas:
        dH/dl (coul-lambda) (9284 pts)
        dH/dl (vdw-lambda) (9284 pts)
        delta H to (0, 0.6) (9284 pts)
        delta H to (0, 0.65) (9284 pts)
        delta H to (0, 0.7) (9284 pts)


lambda_09/bar.xvg: 0.0 - 926.1; lambda = (0, 0.7)
    dH/dl & foreign lambdas:
        dH/dl (coul-lambda) (9262 pts)
        dH/dl (vdw-lambda) (9262 pts)
        delta H to (0, 0.65) (9262 pts)
        delta H to (0, 0.7) (9262 pts)
        delta H to (0, 0.75) (9262 pts)


lambda_10/bar.xvg: 0.0 - 923.9; lambda = (0, 0.75)
    dH/dl & foreign lambdas:
        dH/dl (coul-lambda) (9240 pts)
        dH/dl (vdw-lambda) (9240 pts)
        delta H to (0, 0.7) (9240 pts)
        delta H to (0, 0.75) (9240 pts)
        delta H to (0, 0.8) (9240 pts)


lambda_11/bar.xvg: 0.0 - 922.2; lambda = (0, 0.8)
    dH/dl & foreign lambdas:
        dH/dl (coul-lambda) (9223 pts)
        dH/dl (vdw-lambda) (9223 pts)
        delta H to (0, 0.75) (9223 pts)
        delta H to (0, 0.8) (9223 pts)
        delta H to (0, 0.85) (9223 pts)


lambda_12/bar.xvg: 0.0 - 920.7; lambda = (0, 0.85)
    dH/dl & foreign lambdas:
        dH/dl (coul-lambda) (9208 pts)
        dH/dl (vdw-lambda) (9208 pts)
        delta H to (0, 0.8) (9208 pts)
        delta H to (0, 0.85) (9208 pts)
        delta H to (0, 0.9) (9208 pts)


lambda_13/bar.xvg: 0.0 - 919.7; lambda = (0, 0.9)
    dH/dl & foreign lambdas:
        dH/dl (coul-lambda) (9198 pts)
        dH/dl (vdw-lambda) (9198 pts)
        delta H to (0, 0.85) (9198 pts)
        delta H to (0, 0.9) (9198 pts)
        delta H to (0, 0.95) (9198 pts)


lambda_14/bar.xvg: 0.0 - 932.0; lambda = (0, 0.95)
    dH/dl & foreign lambdas:
        dH/dl (coul-lambda) (9321 pts)
        dH/dl (vdw-lambda) (9321 pts)
        delta H to (0, 0.9) (9321 pts)
        delta H to (0, 0.95) (9321 pts)
        delta H to (0, 1) (9321 pts)


lambda_15/bar.xvg: 0.0 - 931.9; lambda = (0, 1)
    dH/dl & foreign lambdas:
        dH/dl (coul-lambda) (9320 pts)
        dH/dl (vdw-lambda) (9320 pts)
        delta H to (0, 0.95) (9320 pts)
        delta H to (0, 1) (9320 pts)
        delta H to (0.2, 1) (9320 pts)


lambda_16/bar.xvg: 0.0 - 923.0; lambda = (0.2, 1)
    dH/dl & foreign lambdas:
        dH/dl (coul-lambda) (9231 pts)
        dH/dl (vdw-lambda) (9231 pts)
        delta H to (0, 1) (9231 pts)
        delta H to (0.2, 1) (9231 pts)
        delta H to (0.4, 1) (9231 pts)


lambda_17/bar.xvg: 0.0 - 926.9; lambda = (0.4, 1)
    dH/dl & foreign lambdas:
        dH/dl (coul-lambda) (9270 pts)
        dH/dl (vdw-lambda) (9270 pts)
        delta H to (0.2, 1) (9270 pts)
        delta H to (0.4, 1) (9270 pts)
        delta H to (0.5, 1) (9270 pts)


lambda_18/bar.xvg: 0.0 - 928.8; lambda = (0.5, 1)
    dH/dl & foreign lambdas:
        dH/dl (coul-lambda) (9289 pts)
        dH/dl (vdw-lambda) (9289 pts)
        delta H to (0.4, 1) (9289 pts)
        delta H to (0.5, 1) (9289 pts)
        delta H to (0.6, 1) (9289 pts)


lambda_19/bar.xvg: 0.0 - 931.0; lambda = (0.6, 1)
    dH/dl & foreign lambdas:
        dH/dl (coul-lambda) (9311 pts)
        dH/dl (vdw-lambda) (9311 pts)
        delta H to (0.5, 1) (9311 pts)
        delta H to (0.6, 1) (9311 pts)
        delta H to (0.7, 1) (9311 pts)


lambda_20/bar.xvg: 0.0 - 919.6; lambda = (0.7, 1)
    dH/dl & foreign lambdas:
        dH/dl (coul-lambda) (9197 pts)
        dH/dl (vdw-lambda) (9197 pts)
        delta H to (0.6, 1) (9197 pts)
        delta H to (0.7, 1) (9197 pts)
        delta H to (0.8, 1) (9197 pts)


lambda_21/bar.xvg: 0.0 - 921.9; lambda = (0.8, 1)
    dH/dl & foreign lambdas:
        dH/dl (coul-lambda) (9220 pts)
        dH/dl (vdw-lambda) (9220 pts)
        delta H to (0.7, 1) (9220 pts)
        delta H to (0.8, 1) (9220 pts)
        delta H to (0.9, 1) (9220 pts)


lambda_22/bar.xvg: 0.0 - 923.7; lambda = (0.9, 1)
    dH/dl & foreign lambdas:
        dH/dl (coul-lambda) (9238 pts)
        dH/dl (vdw-lambda) (9238 pts)
        delta H to (0.8, 1) (9238 pts)
        delta H to (0.9, 1) (9238 pts)
        delta H to (1, 1) (9238 pts)


lambda_23/bar.xvg: 0.0 - 932.1; lambda = (1, 1)
    dH/dl & foreign lambdas:
        dH/dl (coul-lambda) (9322 pts)
        dH/dl (vdw-lambda) (9322 pts)
        delta H to (0.9, 1) (9322 pts)
        delta H to (1, 1) (9322 pts)



   Samples in time interval: 0.000 - 932.100
Removing samples outside of: 100.000 - 932.100

Temperature: 300 K

Detailed results in kT (see help for explanation):

 lam_A  lam_B      DG   +/-     s_A   +/-     s_B   +/-   stdev   +/- 
     0      1   -7.28  0.01    0.03  0.01    0.03  0.01    0.24  0.00
     1      2   -5.76  0.01    0.03  0.00    0.03  0.00    0.24  0.00
     2      3   -2.93  0.01    0.08  0.01    0.08  0.01    0.39  0.00
     3      4    2.05  0.02    0.37  0.03    0.41  0.03    0.89  0.01
     4      5    8.99  0.08    2.56  0.05    3.08  0.09    2.82  0.03
     5      6    5.10  0.11    2.51  0.08    2.12  0.07    2.51  0.04
     6      7    3.32  0.06    2.58  0.16    1.70  0.08    2.22  0.07
     7      8    2.10  0.03    1.76  0.06    1.21  0.05    1.79  0.03
     8      9    1.36  0.02    1.44  0.04    1.00  0.03    1.58  0.02
     9     10    0.81  0.02    1.17  0.02    0.84  0.02    1.42  0.01
    10     11    0.41  0.02    0.97  0.01    0.67  0.01    1.29  0.01
    11     12    0.13  0.01    0.86  0.01    0.60  0.01    1.20  0.01
    12     13   -0.09  0.01    0.75  0.02    0.53  0.01    1.12  0.01
    13     14   -0.28  0.01    0.67  0.02    0.47  0.01    1.04  0.01
    14     15   -0.43  0.01    0.60  0.02    0.43  0.02    0.98  0.01
    15     16   -0.48  0.00    0.53  0.02    0.56  0.02    1.04  0.01
    16     17   -1.70  0.01    0.66  0.01    0.74  0.02    1.19  0.00
    17     18   -1.44  0.01    0.22  0.01    0.24  0.01    0.68  0.00
    18     19   -1.92  0.00    0.24  0.01    0.25  0.01    0.73  0.00
    19     20   -2.48  0.01    0.31  0.02    0.32  0.02    0.79  0.01
    20     21   -3.15  0.03    0.35  0.01    0.36  0.01    0.83  0.01
    21     22   -3.91  0.02    0.40  0.01    0.41  0.02    0.89  0.00
    22     23   -4.74  0.03    0.42  0.01    0.43  0.01    0.93  0.01


Final results in kJ/mol:

point      0 -      1,   DG -18.17 +/-  0.02
point      1 -      2,   DG -14.38 +/-  0.02
point      2 -      3,   DG -7.30 +/-  0.02
point      3 -      4,   DG  5.12 +/-  0.05
point      4 -      5,   DG 22.43 +/-  0.21
point      5 -      6,   DG 12.71 +/-  0.28
point      6 -      7,   DG  8.27 +/-  0.16
point      7 -      8,   DG  5.25 +/-  0.07
point      8 -      9,   DG  3.39 +/-  0.05
point      9 -     10,   DG  2.02 +/-  0.05
point     10 -     11,   DG  1.01 +/-  0.04
point     11 -     12,   DG  0.33 +/-  0.02
point     12 -     13,   DG -0.24 +/-  0.02
point     13 -     14,   DG -0.71 +/-  0.01
point     14 -     15,   DG -1.06 +/-  0.03
point     15 -     16,   DG -1.20 +/-  0.01
point     16 -     17,   DG -4.24 +/-  0.04
point     17 -     18,   DG -3.60 +/-  0.02
point     18 -     19,   DG -4.79 +/-  0.01
point     19 -     20,   DG -6.19 +/-  0.03
point     20 -     21,   DG -7.86 +/-  0.07
point     21 -     22,   DG -9.76 +/-  0.06
point     22 -     23,   DG -11.83 +/-  0.08

total      0 -     23,   DG -30.80 +/-  0.49

