lambda_00/bar.xvg: 0.0 - 571.4; lambda = (0, 0)
    dH/dl & foreign lambdas:
        dH/dl (coul-lambda) (5715 pts)
        dH/dl (vdw-lambda) (5715 pts)
        delta H to (0, 0) (5715 pts)
        delta H to (0, 0.1) (5715 pts)


lambda_01/bar.xvg: 0.0 - 571.6; lambda = (0, 0.1)
    dH/dl & foreign lambdas:
        dH/dl (coul-lambda) (5717 pts)
        dH/dl (vdw-lambda) (5717 pts)
        delta H to (0, 0) (5717 pts)
        delta H to (0, 0.1) (5717 pts)
        delta H to (0, 0.2) (5717 pts)


lambda_02/bar.xvg: 0.0 - 571.7; lambda = (0, 0.2)
    dH/dl & foreign lambdas:
        dH/dl (coul-lambda) (5718 pts)
        dH/dl (vdw-lambda) (5718 pts)
        delta H to (0, 0.1) (5718 pts)
        delta H to (0, 0.2) (5718 pts)
        delta H to (0, 0.3) (5718 pts)


lambda_03/bar.xvg: 0.0 - 567.0; lambda = (0, 0.3)
    dH/dl & foreign lambdas:
        dH/dl (coul-lambda) (5671 pts)
        dH/dl (vdw-lambda) (5671 pts)
        delta H to (0, 0.2) (5671 pts)
        delta H to (0, 0.3) (5671 pts)
        delta H to (0, 0.4) (5671 pts)


lambda_04/bar.xvg: 0.0 - 566.2; lambda = (0, 0.4)
    dH/dl & foreign lambdas:
        dH/dl (coul-lambda) (5663 pts)
        dH/dl (vdw-lambda) (5663 pts)
        delta H to (0, 0.3) (5663 pts)
        delta H to (0, 0.4) (5663 pts)
        delta H to (0, 0.5) (5663 pts)


lambda_05/bar.xvg: 0.0 - 566.7; lambda = (0, 0.5)
    dH/dl & foreign lambdas:
        dH/dl (coul-lambda) (5668 pts)
        dH/dl (vdw-lambda) (5668 pts)
        delta H to (0, 0.4) (5668 pts)
        delta H to (0, 0.5) (5668 pts)
        delta H to (0, 0.55) (5668 pts)


lambda_06/bar.xvg: 0.0 - 565.2; lambda = (0, 0.55)
    dH/dl & foreign lambdas:
        dH/dl (coul-lambda) (5653 pts)
        dH/dl (vdw-lambda) (5653 pts)
        delta H to (0, 0.5) (5653 pts)
        delta H to (0, 0.55) (5653 pts)
        delta H to (0, 0.6) (5653 pts)


lambda_07/bar.xvg: 0.0 - 565.2; lambda = (0, 0.6)
    dH/dl & foreign lambdas:
        dH/dl (coul-lambda) (5653 pts)
        dH/dl (vdw-lambda) (5653 pts)
        delta H to (0, 0.55) (5653 pts)
        delta H to (0, 0.6) (5653 pts)
        delta H to (0, 0.65) (5653 pts)


lambda_08/bar.xvg: 0.0 - 565.2; lambda = (0, 0.65)
    dH/dl & foreign lambdas:
        dH/dl (coul-lambda) (5653 pts)
        dH/dl (vdw-lambda) (5653 pts)
        delta H to (0, 0.6) (5653 pts)
        delta H to (0, 0.65) (5653 pts)
        delta H to (0, 0.7) (5653 pts)


lambda_09/bar.xvg: 0.0 - 572.0; lambda = (0, 0.7)
    dH/dl & foreign lambdas:
        dH/dl (coul-lambda) (5721 pts)
        dH/dl (vdw-lambda) (5721 pts)
        delta H to (0, 0.65) (5721 pts)
        delta H to (0, 0.7) (5721 pts)
        delta H to (0, 0.75) (5721 pts)


lambda_10/bar.xvg: 0.0 - 570.3; lambda = (0, 0.75)
    dH/dl & foreign lambdas:
        dH/dl (coul-lambda) (5704 pts)
        dH/dl (vdw-lambda) (5704 pts)
        delta H to (0, 0.7) (5704 pts)
        delta H to (0, 0.75) (5704 pts)
        delta H to (0, 0.8) (5704 pts)


lambda_11/bar.xvg: 0.0 - 568.6; lambda = (0, 0.8)
    dH/dl & foreign lambdas:
        dH/dl (coul-lambda) (5687 pts)
        dH/dl (vdw-lambda) (5687 pts)
        delta H to (0, 0.75) (5687 pts)
        delta H to (0, 0.8) (5687 pts)
        delta H to (0, 0.85) (5687 pts)


lambda_12/bar.xvg: 0.0 - 567.4; lambda = (0, 0.85)
    dH/dl & foreign lambdas:
        dH/dl (coul-lambda) (5675 pts)
        dH/dl (vdw-lambda) (5675 pts)
        delta H to (0, 0.8) (5675 pts)
        delta H to (0, 0.85) (5675 pts)
        delta H to (0, 0.9) (5675 pts)


lambda_13/bar.xvg: 0.0 - 566.6; lambda = (0, 0.9)
    dH/dl & foreign lambdas:
        dH/dl (coul-lambda) (5667 pts)
        dH/dl (vdw-lambda) (5667 pts)
        delta H to (0, 0.85) (5667 pts)
        delta H to (0, 0.9) (5667 pts)
        delta H to (0, 0.95) (5667 pts)


lambda_14/bar.xvg: 0.0 - 566.1; lambda = (0, 0.95)
    dH/dl & foreign lambdas:
        dH/dl (coul-lambda) (5662 pts)
        dH/dl (vdw-lambda) (5662 pts)
        delta H to (0, 0.9) (5662 pts)
        delta H to (0, 0.95) (5662 pts)
        delta H to (0, 1) (5662 pts)


lambda_15/bar.xvg: 0.0 - 571.6; lambda = (0, 1)
    dH/dl & foreign lambdas:
        dH/dl (coul-lambda) (5717 pts)
        dH/dl (vdw-lambda) (5717 pts)
        delta H to (0, 0.95) (5717 pts)
        delta H to (0, 1) (5717 pts)
        delta H to (0.2, 1) (5717 pts)


lambda_16/bar.xvg: 0.0 - 572.2; lambda = (0.2, 1)
    dH/dl & foreign lambdas:
        dH/dl (coul-lambda) (5723 pts)
        dH/dl (vdw-lambda) (5723 pts)
        delta H to (0, 1) (5723 pts)
        delta H to (0.2, 1) (5723 pts)
        delta H to (0.4, 1) (5723 pts)


lambda_17/bar.xvg: 0.0 - 569.6; lambda = (0.4, 1)
    dH/dl & foreign lambdas:
        dH/dl (coul-lambda) (5697 pts)
        dH/dl (vdw-lambda) (5697 pts)
        delta H to (0.2, 1) (5697 pts)
        delta H to (0.4, 1) (5697 pts)
        delta H to (0.5, 1) (5697 pts)


lambda_18/bar.xvg: 0.0 - 566.9; lambda = (0.5, 1)
    dH/dl & foreign lambdas:
        dH/dl (coul-lambda) (5670 pts)
        dH/dl (vdw-lambda) (5670 pts)
        delta H to (0.4, 1) (5670 pts)
        delta H to (0.5, 1) (5670 pts)
        delta H to (0.6, 1) (5670 pts)


lambda_19/bar.xvg: 0.0 - 566.8; lambda = (0.6, 1)
    dH/dl & foreign lambdas:
        dH/dl (coul-lambda) (5669 pts)
        dH/dl (vdw-lambda) (5669 pts)
        delta H to (0.5, 1) (5669 pts)
        delta H to (0.6, 1) (5669 pts)
        delta H to (0.7, 1) (5669 pts)


lambda_20/bar.xvg: 0.0 - 567.5; lambda = (0.7, 1)
    dH/dl & foreign lambdas:
        dH/dl (coul-lambda) (5676 pts)
        dH/dl (vdw-lambda) (5676 pts)
        delta H to (0.6, 1) (5676 pts)
        delta H to (0.7, 1) (5676 pts)
        delta H to (0.8, 1) (5676 pts)


lambda_21/bar.xvg: 0.0 - 566.9; lambda = (0.8, 1)
    dH/dl & foreign lambdas:
        dH/dl (coul-lambda) (5670 pts)
        dH/dl (vdw-lambda) (5670 pts)
        delta H to (0.7, 1) (5670 pts)
        delta H to (0.8, 1) (5670 pts)
        delta H to (0.9, 1) (5670 pts)


lambda_22/bar.xvg: 0.0 - 567.3; lambda = (0.9, 1)
    dH/dl & foreign lambdas:
        dH/dl (coul-lambda) (5674 pts)
        dH/dl (vdw-lambda) (5674 pts)
        delta H to (0.8, 1) (5674 pts)
        delta H to (0.9, 1) (5674 pts)
        delta H to (1, 1) (5674 pts)


lambda_23/bar.xvg: 0.0 - 573.4; lambda = (1, 1)
    dH/dl & foreign lambdas:
        dH/dl (coul-lambda) (5735 pts)
        dH/dl (vdw-lambda) (5735 pts)
        delta H to (0.9, 1) (5735 pts)
        delta H to (1, 1) (5735 pts)



   Samples in time interval: 0.000 - 573.400
Removing samples outside of: 100.000 - 573.400

Temperature: 300 K

Detailed results in kT (see help for explanation):

 lam_A  lam_B      DG   +/-     s_A   +/-     s_B   +/-   stdev   +/- 
     0      1   -3.75  0.01    0.01  0.01    0.01  0.01    0.17  0.00
     1      2   -2.96  0.01    0.02  0.01    0.02  0.01    0.17  0.00
     2      3   -1.51  0.01    0.03  0.01    0.03  0.01    0.27  0.01
     3      4    1.09  0.02    0.19  0.02    0.21  0.02    0.63  0.02
     4      5    4.79  0.12    1.22  0.09    1.43  0.09    1.78  0.07
     5      6    2.85  0.04    1.36  0.15    1.16  0.12    1.64  0.08
     6      7    1.94  0.05    1.33  0.11    0.96  0.07    1.51  0.05
     7      8    1.33  0.04    0.90  0.06    0.63  0.04    1.27  0.03
     8      9    0.97  0.03    0.85  0.04    0.60  0.03    1.19  0.02
     9     10    0.63  0.01    0.68  0.01    0.48  0.01    1.07  0.01
    10     11    0.38  0.01    0.59  0.02    0.41  0.01    0.97  0.00
    11     12    0.21  0.02    0.48  0.02    0.34  0.01    0.89  0.01
    12     13    0.09  0.02    0.45  0.01    0.31  0.01    0.84  0.01
    13     14   -0.03  0.01    0.39  0.02    0.27  0.02    0.79  0.01
    14     15   -0.11  0.01    0.35  0.02    0.25  0.01    0.75  0.01
    15     16    0.02  0.00    0.01  0.00    0.01  0.00    0.12  0.00
    16     17    0.00  0.00    0.01  0.00    0.01  0.00    0.12  0.00
    17     18   -0.01  0.00    0.00  0.00    0.00  0.00    0.06  0.00
    18     19   -0.01  0.00   -0.00  0.00   -0.00  0.00    0.06  0.00
    19     20   -0.01  0.00    0.00  0.00    0.00  0.00    0.06  0.00
    20     21   -0.02  0.00    0.00  0.00    0.00  0.00    0.06  0.00
    21     22   -0.02  0.00    0.00  0.00    0.00  0.00    0.07  0.00
    22     23   -0.03  0.00   -0.00  0.00   -0.00  0.00    0.07  0.00

WARNING: Some of these results violate the Second Law of Thermodynamics: 
         This is can be the result of severe undersampling, or (more likely)
         there is something wrong with the simulations.


Final results in kJ/mol:

point      0 -      1,   DG -9.34 +/-  0.02
point      1 -      2,   DG -7.39 +/-  0.02
point      2 -      3,   DG -3.76 +/-  0.01
point      3 -      4,   DG  2.71 +/-  0.05
point      4 -      5,   DG 11.95 +/-  0.29
point      5 -      6,   DG  7.10 +/-  0.09
point      6 -      7,   DG  4.84 +/-  0.13
point      7 -      8,   DG  3.32 +/-  0.10
point      8 -      9,   DG  2.41 +/-  0.06
point      9 -     10,   DG  1.56 +/-  0.03
point     10 -     11,   DG  0.96 +/-  0.03
point     11 -     12,   DG  0.53 +/-  0.05
point     12 -     13,   DG  0.22 +/-  0.04
point     13 -     14,   DG -0.06 +/-  0.02
point     14 -     15,   DG -0.27 +/-  0.03
point     15 -     16,   DG  0.04 +/-  0.00
point     16 -     17,   DG  0.00 +/-  0.00
point     17 -     18,   DG -0.02 +/-  0.00
point     18 -     19,   DG -0.02 +/-  0.00
point     19 -     20,   DG -0.03 +/-  0.00
point     20 -     21,   DG -0.05 +/-  0.01
point     21 -     22,   DG -0.06 +/-  0.00
point     22 -     23,   DG -0.07 +/-  0.00

total      0 -     23,   DG 14.57 +/-  0.34

