lambda_00/bar.xvg: 0.0 - 889.1; lambda = (0, 0)
    dH/dl & foreign lambdas:
        dH/dl (coul-lambda) (8892 pts)
        dH/dl (vdw-lambda) (8892 pts)
        delta H to (0, 0) (8892 pts)
        delta H to (0, 0.1) (8892 pts)


lambda_01/bar.xvg: 0.0 - 890.9; lambda = (0, 0.1)
    dH/dl & foreign lambdas:
        dH/dl (coul-lambda) (8910 pts)
        dH/dl (vdw-lambda) (8910 pts)
        delta H to (0, 0) (8910 pts)
        delta H to (0, 0.1) (8910 pts)
        delta H to (0, 0.2) (8910 pts)


lambda_02/bar.xvg: 0.0 - 891.3; lambda = (0, 0.2)
    dH/dl & foreign lambdas:
        dH/dl (coul-lambda) (8914 pts)
        dH/dl (vdw-lambda) (8914 pts)
        delta H to (0, 0.1) (8914 pts)
        delta H to (0, 0.2) (8914 pts)
        delta H to (0, 0.3) (8914 pts)


lambda_03/bar.xvg: 0.0 - 892.5; lambda = (0, 0.3)
    dH/dl & foreign lambdas:
        dH/dl (coul-lambda) (8926 pts)
        dH/dl (vdw-lambda) (8926 pts)
        delta H to (0, 0.2) (8926 pts)
        delta H to (0, 0.3) (8926 pts)
        delta H to (0, 0.4) (8926 pts)


lambda_04/bar.xvg: 0.0 - 891.7; lambda = (0, 0.4)
    dH/dl & foreign lambdas:
        dH/dl (coul-lambda) (8918 pts)
        dH/dl (vdw-lambda) (8918 pts)
        delta H to (0, 0.3) (8918 pts)
        delta H to (0, 0.4) (8918 pts)
        delta H to (0, 0.5) (8918 pts)


lambda_05/bar.xvg: 0.0 - 891.9; lambda = (0, 0.5)
    dH/dl & foreign lambdas:
        dH/dl (coul-lambda) (8920 pts)
        dH/dl (vdw-lambda) (8920 pts)
        delta H to (0, 0.4) (8920 pts)
        delta H to (0, 0.5) (8920 pts)
        delta H to (0, 0.55) (8920 pts)


lambda_06/bar.xvg: 0.0 - 890.7; lambda = (0, 0.55)
    dH/dl & foreign lambdas:
        dH/dl (coul-lambda) (8908 pts)
        dH/dl (vdw-lambda) (8908 pts)
        delta H to (0, 0.5) (8908 pts)
        delta H to (0, 0.55) (8908 pts)
        delta H to (0, 0.6) (8908 pts)


lambda_07/bar.xvg: 0.0 - 889.3; lambda = (0, 0.6)
    dH/dl & foreign lambdas:
        dH/dl (coul-lambda) (8894 pts)
        dH/dl (vdw-lambda) (8894 pts)
        delta H to (0, 0.55) (8894 pts)
        delta H to (0, 0.6) (8894 pts)
        delta H to (0, 0.65) (8894 pts)


lambda_08/bar.xvg: 0.0 - 887.1; lambda = (0, 0.65)
    dH/dl & foreign lambdas:
        dH/dl (coul-lambda) (8872 pts)
        dH/dl (vdw-lambda) (8872 pts)
        delta H to (0, 0.6) (8872 pts)
        delta H to (0, 0.65) (8872 pts)
        delta H to (0, 0.7) (8872 pts)


lambda_09/bar.xvg: 0.0 - 885.0; lambda = (0, 0.7)
    dH/dl & foreign lambdas:
        dH/dl (coul-lambda) (8851 pts)
        dH/dl (vdw-lambda) (8851 pts)
        delta H to (0, 0.65) (8851 pts)
        delta H to (0, 0.7) (8851 pts)
        delta H to (0, 0.75) (8851 pts)


lambda_10/bar.xvg: 0.0 - 896.3; lambda = (0, 0.75)
    dH/dl & foreign lambdas:
        dH/dl (coul-lambda) (8964 pts)
        dH/dl (vdw-lambda) (8964 pts)
        delta H to (0, 0.7) (8964 pts)
        delta H to (0, 0.75) (8964 pts)
        delta H to (0, 0.8) (8964 pts)


lambda_11/bar.xvg: 0.0 - 894.5; lambda = (0, 0.8)
    dH/dl & foreign lambdas:
        dH/dl (coul-lambda) (8946 pts)
        dH/dl (vdw-lambda) (8946 pts)
        delta H to (0, 0.75) (8946 pts)
        delta H to (0, 0.8) (8946 pts)
        delta H to (0, 0.85) (8946 pts)


lambda_12/bar.xvg: 0.0 - 893.1; lambda = (0, 0.85)
    dH/dl & foreign lambdas:
        dH/dl (coul-lambda) (8932 pts)
        dH/dl (vdw-lambda) (8932 pts)
        delta H to (0, 0.8) (8932 pts)
        delta H to (0, 0.85) (8932 pts)
        delta H to (0, 0.9) (8932 pts)


lambda_13/bar.xvg: 0.0 - 892.1; lambda = (0, 0.9)
    dH/dl & foreign lambdas:
        dH/dl (coul-lambda) (8922 pts)
        dH/dl (vdw-lambda) (8922 pts)
        delta H to (0, 0.85) (8922 pts)
        delta H to (0, 0.9) (8922 pts)
        delta H to (0, 0.95) (8922 pts)


lambda_14/bar.xvg: 0.0 - 891.0; lambda = (0, 0.95)
    dH/dl & foreign lambdas:
        dH/dl (coul-lambda) (8911 pts)
        dH/dl (vdw-lambda) (8911 pts)
        delta H to (0, 0.9) (8911 pts)
        delta H to (0, 0.95) (8911 pts)
        delta H to (0, 1) (8911 pts)


lambda_15/bar.xvg: 0.0 - 891.2; lambda = (0, 1)
    dH/dl & foreign lambdas:
        dH/dl (coul-lambda) (8913 pts)
        dH/dl (vdw-lambda) (8913 pts)
        delta H to (0, 0.95) (8913 pts)
        delta H to (0, 1) (8913 pts)
        delta H to (0.2, 1) (8913 pts)


lambda_16/bar.xvg: 0.0 - 896.7; lambda = (0.2, 1)
    dH/dl & foreign lambdas:
        dH/dl (coul-lambda) (8968 pts)
        dH/dl (vdw-lambda) (8968 pts)
        delta H to (0, 1) (8968 pts)
        delta H to (0.2, 1) (8968 pts)
        delta H to (0.4, 1) (8968 pts)


lambda_17/bar.xvg: 0.0 - 886.7; lambda = (0.4, 1)
    dH/dl & foreign lambdas:
        dH/dl (coul-lambda) (8868 pts)
        dH/dl (vdw-lambda) (8868 pts)
        delta H to (0.2, 1) (8868 pts)
        delta H to (0.4, 1) (8868 pts)
        delta H to (0.5, 1) (8868 pts)


lambda_18/bar.xvg: 0.0 - 889.1; lambda = (0.5, 1)
    dH/dl & foreign lambdas:
        dH/dl (coul-lambda) (8892 pts)
        dH/dl (vdw-lambda) (8892 pts)
        delta H to (0.4, 1) (8892 pts)
        delta H to (0.5, 1) (8892 pts)
        delta H to (0.6, 1) (8892 pts)


lambda_19/bar.xvg: 0.0 - 891.0; lambda = (0.6, 1)
    dH/dl & foreign lambdas:
        dH/dl (coul-lambda) (8911 pts)
        dH/dl (vdw-lambda) (8911 pts)
        delta H to (0.5, 1) (8911 pts)
        delta H to (0.6, 1) (8911 pts)
        delta H to (0.7, 1) (8911 pts)


lambda_20/bar.xvg: 0.0 - 893.1; lambda = (0.7, 1)
    dH/dl & foreign lambdas:
        dH/dl (coul-lambda) (8932 pts)
        dH/dl (vdw-lambda) (8932 pts)
        delta H to (0.6, 1) (8932 pts)
        delta H to (0.7, 1) (8932 pts)
        delta H to (0.8, 1) (8932 pts)


lambda_21/bar.xvg: 0.0 - 895.1; lambda = (0.8, 1)
    dH/dl & foreign lambdas:
        dH/dl (coul-lambda) (8952 pts)
        dH/dl (vdw-lambda) (8952 pts)
        delta H to (0.7, 1) (8952 pts)
        delta H to (0.8, 1) (8952 pts)
        delta H to (0.9, 1) (8952 pts)


lambda_22/bar.xvg: 0.0 - 896.9; lambda = (0.9, 1)
    dH/dl & foreign lambdas:
        dH/dl (coul-lambda) (8970 pts)
        dH/dl (vdw-lambda) (8970 pts)
        delta H to (0.8, 1) (8970 pts)
        delta H to (0.9, 1) (8970 pts)
        delta H to (1, 1) (8970 pts)


lambda_23/bar.xvg: 0.0 - 882.9; lambda = (1, 1)
    dH/dl & foreign lambdas:
        dH/dl (coul-lambda) (8830 pts)
        dH/dl (vdw-lambda) (8830 pts)
        delta H to (0.9, 1) (8830 pts)
        delta H to (1, 1) (8830 pts)



   Samples in time interval: 0.000 - 896.900
Removing samples outside of: 100.000 - 896.900

Temperature: 300 K

Detailed results in kT (see help for explanation):

 lam_A  lam_B      DG   +/-     s_A   +/-     s_B   +/-   stdev   +/- 
     0      1   -6.80  0.01    0.03  0.01    0.03  0.01    0.24  0.00
     1      2   -5.39  0.01    0.04  0.00    0.04  0.00    0.23  0.00
     2      3   -2.74  0.01    0.08  0.01    0.08  0.01    0.38  0.00
     3      4    1.92  0.03    0.33  0.02    0.37  0.03    0.87  0.01
     4      5    8.30  0.14    2.56  0.09    3.11  0.07    2.82  0.07
     5      6    4.51  0.13    2.30  0.08    1.89  0.06    2.33  0.05
     6      7    2.97  0.06    2.30  0.10    1.55  0.05    2.12  0.04
     7      8    1.82  0.03    1.65  0.05    1.09  0.03    1.69  0.02
     8      9    1.17  0.05    1.26  0.05    0.88  0.03    1.48  0.03
     9     10    0.70  0.02    1.06  0.03    0.75  0.03    1.34  0.01
    10     11    0.33  0.01    0.89  0.02    0.62  0.01    1.22  0.01
    11     12    0.06  0.01    0.78  0.01    0.55  0.01    1.13  0.01
    12     13   -0.14  0.00    0.66  0.02    0.46  0.01    1.04  0.01
    13     14   -0.28  0.01    0.60  0.01    0.43  0.01    0.99  0.01
    14     15   -0.41  0.01    0.54  0.01    0.39  0.01    0.94  0.01
    15     16   -0.51  0.01    0.53  0.01    0.56  0.01    1.04  0.01
    16     17   -1.72  0.01    0.65  0.01    0.73  0.01    1.20  0.01
    17     18   -1.45  0.01    0.23  0.01    0.24  0.01    0.68  0.00
    18     19   -1.97  0.01    0.27  0.01    0.28  0.01    0.74  0.00
    19     20   -2.55  0.02    0.30  0.01    0.32  0.01    0.80  0.01
    20     21   -3.22  0.01    0.36  0.02    0.38  0.02    0.86  0.01
    21     22   -3.99  0.02    0.39  0.02    0.40  0.02    0.90  0.00
    22     23   -4.80  0.03    0.41  0.01    0.41  0.01    0.92  0.01


Final results in kJ/mol:

point      0 -      1,   DG -16.97 +/-  0.02
point      1 -      2,   DG -13.44 +/-  0.02
point      2 -      3,   DG -6.83 +/-  0.02
point      3 -      4,   DG  4.80 +/-  0.07
point      4 -      5,   DG 20.71 +/-  0.34
point      5 -      6,   DG 11.26 +/-  0.32
point      6 -      7,   DG  7.41 +/-  0.14
point      7 -      8,   DG  4.53 +/-  0.08
point      8 -      9,   DG  2.91 +/-  0.11
point      9 -     10,   DG  1.74 +/-  0.06
point     10 -     11,   DG  0.83 +/-  0.04
point     11 -     12,   DG  0.14 +/-  0.03
point     12 -     13,   DG -0.35 +/-  0.01
point     13 -     14,   DG -0.70 +/-  0.03
point     14 -     15,   DG -1.02 +/-  0.03
point     15 -     16,   DG -1.27 +/-  0.03
point     16 -     17,   DG -4.28 +/-  0.03
point     17 -     18,   DG -3.63 +/-  0.02
point     18 -     19,   DG -4.91 +/-  0.03
point     19 -     20,   DG -6.35 +/-  0.04
point     20 -     21,   DG -8.04 +/-  0.03
point     21 -     22,   DG -9.96 +/-  0.05
point     22 -     23,   DG -11.98 +/-  0.07

total      0 -     23,   DG -35.39 +/-  1.20

