lambda_00/bar.xvg: 0.0 - 968.7; lambda = (0, 0)
    dH/dl & foreign lambdas:
        dH/dl (coul-lambda) (9688 pts)
        dH/dl (vdw-lambda) (9688 pts)
        delta H to (0, 0) (9688 pts)
        delta H to (0, 0.1) (9688 pts)


lambda_01/bar.xvg: 0.0 - 971.1; lambda = (0, 0.1)
    dH/dl & foreign lambdas:
        dH/dl (coul-lambda) (9712 pts)
        dH/dl (vdw-lambda) (9712 pts)
        delta H to (0, 0) (9712 pts)
        delta H to (0, 0.1) (9712 pts)
        delta H to (0, 0.2) (9712 pts)


lambda_02/bar.xvg: 0.0 - 971.3; lambda = (0, 0.2)
    dH/dl & foreign lambdas:
        dH/dl (coul-lambda) (9714 pts)
        dH/dl (vdw-lambda) (9714 pts)
        delta H to (0, 0.1) (9714 pts)
        delta H to (0, 0.2) (9714 pts)
        delta H to (0, 0.3) (9714 pts)


lambda_03/bar.xvg: 0.0 - 960.4; lambda = (0, 0.3)
    dH/dl & foreign lambdas:
        dH/dl (coul-lambda) (9605 pts)
        dH/dl (vdw-lambda) (9605 pts)
        delta H to (0, 0.2) (9605 pts)
        delta H to (0, 0.3) (9605 pts)
        delta H to (0, 0.4) (9605 pts)


lambda_04/bar.xvg: 0.0 - 972.8; lambda = (0, 0.4)
    dH/dl & foreign lambdas:
        dH/dl (coul-lambda) (9729 pts)
        dH/dl (vdw-lambda) (9729 pts)
        delta H to (0, 0.3) (9729 pts)
        delta H to (0, 0.4) (9729 pts)
        delta H to (0, 0.5) (9729 pts)


lambda_05/bar.xvg: 0.0 - 973.2; lambda = (0, 0.5)
    dH/dl & foreign lambdas:
        dH/dl (coul-lambda) (9733 pts)
        dH/dl (vdw-lambda) (9733 pts)
        delta H to (0, 0.4) (9733 pts)
        delta H to (0, 0.5) (9733 pts)
        delta H to (0, 0.55) (9733 pts)


lambda_06/bar.xvg: 0.0 - 971.9; lambda = (0, 0.55)
    dH/dl & foreign lambdas:
        dH/dl (coul-lambda) (9720 pts)
        dH/dl (vdw-lambda) (9720 pts)
        delta H to (0, 0.5) (9720 pts)
        delta H to (0, 0.55) (9720 pts)
        delta H to (0, 0.6) (9720 pts)


lambda_07/bar.xvg: 0.0 - 969.8; lambda = (0, 0.6)
    dH/dl & foreign lambdas:
        dH/dl (coul-lambda) (9699 pts)
        dH/dl (vdw-lambda) (9699 pts)
        delta H to (0, 0.55) (9699 pts)
        delta H to (0, 0.6) (9699 pts)
        delta H to (0, 0.65) (9699 pts)


lambda_08/bar.xvg: 0.0 - 967.7; lambda = (0, 0.65)
    dH/dl & foreign lambdas:
        dH/dl (coul-lambda) (9678 pts)
        dH/dl (vdw-lambda) (9678 pts)
        delta H to (0, 0.6) (9678 pts)
        delta H to (0, 0.65) (9678 pts)
        delta H to (0, 0.7) (9678 pts)


lambda_09/bar.xvg: 0.0 - 965.1; lambda = (0, 0.7)
    dH/dl & foreign lambdas:
        dH/dl (coul-lambda) (9652 pts)
        dH/dl (vdw-lambda) (9652 pts)
        delta H to (0, 0.65) (9652 pts)
        delta H to (0, 0.7) (9652 pts)
        delta H to (0, 0.75) (9652 pts)


lambda_10/bar.xvg: 0.0 - 963.2; lambda = (0, 0.75)
    dH/dl & foreign lambdas:
        dH/dl (coul-lambda) (9633 pts)
        dH/dl (vdw-lambda) (9633 pts)
        delta H to (0, 0.7) (9633 pts)
        delta H to (0, 0.75) (9633 pts)
        delta H to (0, 0.8) (9633 pts)


lambda_11/bar.xvg: 0.0 - 961.4; lambda = (0, 0.8)
    dH/dl & foreign lambdas:
        dH/dl (coul-lambda) (9615 pts)
        dH/dl (vdw-lambda) (9615 pts)
        delta H to (0, 0.75) (9615 pts)
        delta H to (0, 0.8) (9615 pts)
        delta H to (0, 0.85) (9615 pts)


lambda_12/bar.xvg: 0.0 - 972.7; lambda = (0, 0.85)
    dH/dl & foreign lambdas:
        dH/dl (coul-lambda) (9728 pts)
        dH/dl (vdw-lambda) (9728 pts)
        delta H to (0, 0.8) (9728 pts)
        delta H to (0, 0.85) (9728 pts)
        delta H to (0, 0.9) (9728 pts)


lambda_13/bar.xvg: 0.0 - 971.8; lambda = (0, 0.9)
    dH/dl & foreign lambdas:
        dH/dl (coul-lambda) (9719 pts)
        dH/dl (vdw-lambda) (9719 pts)
        delta H to (0, 0.85) (9719 pts)
        delta H to (0, 0.9) (9719 pts)
        delta H to (0, 0.95) (9719 pts)


lambda_14/bar.xvg: 0.0 - 971.1; lambda = (0, 0.95)
    dH/dl & foreign lambdas:
        dH/dl (coul-lambda) (9712 pts)
        dH/dl (vdw-lambda) (9712 pts)
        delta H to (0, 0.9) (9712 pts)
        delta H to (0, 0.95) (9712 pts)
        delta H to (0, 1) (9712 pts)


lambda_15/bar.xvg: 0.0 - 971.1; lambda = (0, 1)
    dH/dl & foreign lambdas:
        dH/dl (coul-lambda) (9712 pts)
        dH/dl (vdw-lambda) (9712 pts)
        delta H to (0, 0.95) (9712 pts)
        delta H to (0, 1) (9712 pts)
        delta H to (0.2, 1) (9712 pts)


lambda_16/bar.xvg: 0.0 - 962.5; lambda = (0.2, 1)
    dH/dl & foreign lambdas:
        dH/dl (coul-lambda) (9626 pts)
        dH/dl (vdw-lambda) (9626 pts)
        delta H to (0, 1) (9626 pts)
        delta H to (0.2, 1) (9626 pts)
        delta H to (0.4, 1) (9626 pts)


lambda_17/bar.xvg: 0.0 - 966.4; lambda = (0.4, 1)
    dH/dl & foreign lambdas:
        dH/dl (coul-lambda) (9665 pts)
        dH/dl (vdw-lambda) (9665 pts)
        delta H to (0.2, 1) (9665 pts)
        delta H to (0.4, 1) (9665 pts)
        delta H to (0.5, 1) (9665 pts)


lambda_18/bar.xvg: 0.0 - 968.8; lambda = (0.5, 1)
    dH/dl & foreign lambdas:
        dH/dl (coul-lambda) (9689 pts)
        dH/dl (vdw-lambda) (9689 pts)
        delta H to (0.4, 1) (9689 pts)
        delta H to (0.5, 1) (9689 pts)
        delta H to (0.6, 1) (9689 pts)


lambda_19/bar.xvg: 0.0 - 971.0; lambda = (0.6, 1)
    dH/dl & foreign lambdas:
        dH/dl (coul-lambda) (9711 pts)
        dH/dl (vdw-lambda) (9711 pts)
        delta H to (0.5, 1) (9711 pts)
        delta H to (0.6, 1) (9711 pts)
        delta H to (0.7, 1) (9711 pts)


lambda_20/bar.xvg: 0.0 - 973.4; lambda = (0.7, 1)
    dH/dl & foreign lambdas:
        dH/dl (coul-lambda) (9735 pts)
        dH/dl (vdw-lambda) (9735 pts)
        delta H to (0.6, 1) (9735 pts)
        delta H to (0.7, 1) (9735 pts)
        delta H to (0.8, 1) (9735 pts)


lambda_21/bar.xvg: 0.0 - 962.2; lambda = (0.8, 1)
    dH/dl & foreign lambdas:
        dH/dl (coul-lambda) (9623 pts)
        dH/dl (vdw-lambda) (9623 pts)
        delta H to (0.7, 1) (9623 pts)
        delta H to (0.8, 1) (9623 pts)
        delta H to (0.9, 1) (9623 pts)


lambda_22/bar.xvg: 0.0 - 964.1; lambda = (0.9, 1)
    dH/dl & foreign lambdas:
        dH/dl (coul-lambda) (9642 pts)
        dH/dl (vdw-lambda) (9642 pts)
        delta H to (0.8, 1) (9642 pts)
        delta H to (0.9, 1) (9642 pts)
        delta H to (1, 1) (9642 pts)


lambda_23/bar.xvg: 0.0 - 964.8; lambda = (1, 1)
    dH/dl & foreign lambdas:
        dH/dl (coul-lambda) (9649 pts)
        dH/dl (vdw-lambda) (9649 pts)
        delta H to (0.9, 1) (9649 pts)
        delta H to (1, 1) (9649 pts)



   Samples in time interval: 0.000 - 973.400
Removing samples outside of: 100.000 - 973.400

Temperature: 300 K

Detailed results in kT (see help for explanation):

 lam_A  lam_B      DG   +/-     s_A   +/-     s_B   +/-   stdev   +/- 
     0      1   -6.83  0.01    0.03  0.01    0.03  0.01    0.24  0.00
     1      2   -5.40  0.01    0.03  0.01    0.03  0.01    0.24  0.00
     2      3   -2.73  0.01    0.06  0.01    0.07  0.01    0.37  0.00
     3      4    1.95  0.01    0.36  0.03    0.40  0.02    0.86  0.01
     4      5    8.41  0.08    2.44  0.09    2.93  0.06    2.76  0.05
     5      6    4.63  0.04    2.43  0.08    2.01  0.04    2.41  0.03
     6      7    2.87  0.05    2.38  0.05    1.55  0.03    2.12  0.03
     7      8    1.80  0.05    1.49  0.05    1.00  0.03    1.62  0.03
     8      9    1.23  0.05    1.28  0.04    0.90  0.02    1.50  0.02
     9     10    0.74  0.01    1.06  0.04    0.74  0.03    1.34  0.02
    10     11    0.37  0.02    0.91  0.02    0.63  0.02    1.23  0.01
    11     12    0.07  0.01    0.80  0.01    0.56  0.01    1.13  0.01
    12     13   -0.15  0.01    0.62  0.01    0.43  0.01    1.02  0.00
    13     14   -0.27  0.01    0.60  0.01    0.43  0.01    0.98  0.01
    14     15   -0.40  0.01    0.53  0.01    0.39  0.01    0.91  0.00
    15     16   -0.49  0.01    0.49  0.01    0.52  0.01    1.02  0.01
    16     17   -1.66  0.02    0.65  0.02    0.74  0.02    1.20  0.01
    17     18   -1.44  0.01    0.24  0.02    0.26  0.02    0.69  0.01
    18     19   -1.94  0.02    0.24  0.01    0.26  0.01    0.74  0.00
    19     20   -2.54  0.02    0.34  0.01    0.35  0.01    0.81  0.01
    20     21   -3.23  0.02    0.34  0.01    0.36  0.01    0.85  0.01
    21     22   -3.99  0.01    0.40  0.02    0.41  0.02    0.90  0.01
    22     23   -4.80  0.03    0.40  0.03    0.40  0.03    0.91  0.01


Final results in kJ/mol:

point      0 -      1,   DG -17.03 +/-  0.03
point      1 -      2,   DG -13.47 +/-  0.02
point      2 -      3,   DG -6.81 +/-  0.02
point      3 -      4,   DG  4.85 +/-  0.02
point      4 -      5,   DG 20.97 +/-  0.20
point      5 -      6,   DG 11.54 +/-  0.11
point      6 -      7,   DG  7.16 +/-  0.12
point      7 -      8,   DG  4.49 +/-  0.12
point      8 -      9,   DG  3.07 +/-  0.11
point      9 -     10,   DG  1.85 +/-  0.03
point     10 -     11,   DG  0.93 +/-  0.05
point     11 -     12,   DG  0.17 +/-  0.02
point     12 -     13,   DG -0.36 +/-  0.03
point     13 -     14,   DG -0.68 +/-  0.03
point     14 -     15,   DG -0.99 +/-  0.03
point     15 -     16,   DG -1.22 +/-  0.02
point     16 -     17,   DG -4.15 +/-  0.05
point     17 -     18,   DG -3.60 +/-  0.01
point     18 -     19,   DG -4.85 +/-  0.06
point     19 -     20,   DG -6.33 +/-  0.06
point     20 -     21,   DG -8.06 +/-  0.05
point     21 -     22,   DG -9.96 +/-  0.03
point     22 -     23,   DG -11.97 +/-  0.07

total      0 -     23,   DG -34.45 +/-  0.56

