lambda_00/bar.xvg: 0.0 - 984.9; lambda = (0, 0)
    dH/dl & foreign lambdas:
        dH/dl (coul-lambda) (9850 pts)
        dH/dl (vdw-lambda) (9850 pts)
        delta H to (0, 0) (9850 pts)
        delta H to (0, 0.1) (9850 pts)


lambda_01/bar.xvg: 0.0 - 997.6; lambda = (0, 0.1)
    dH/dl & foreign lambdas:
        dH/dl (coul-lambda) (9977 pts)
        dH/dl (vdw-lambda) (9977 pts)
        delta H to (0, 0) (9977 pts)
        delta H to (0, 0.1) (9977 pts)
        delta H to (0, 0.2) (9977 pts)


lambda_02/bar.xvg: 0.0 - 997.6; lambda = (0, 0.2)
    dH/dl & foreign lambdas:
        dH/dl (coul-lambda) (9977 pts)
        dH/dl (vdw-lambda) (9977 pts)
        delta H to (0, 0.1) (9977 pts)
        delta H to (0, 0.2) (9977 pts)
        delta H to (0, 0.3) (9977 pts)


lambda_03/bar.xvg: 0.0 - 987.4; lambda = (0, 0.3)
    dH/dl & foreign lambdas:
        dH/dl (coul-lambda) (9875 pts)
        dH/dl (vdw-lambda) (9875 pts)
        delta H to (0, 0.2) (9875 pts)
        delta H to (0, 0.3) (9875 pts)
        delta H to (0, 0.4) (9875 pts)


lambda_04/bar.xvg: 0.0 - 986.7; lambda = (0, 0.4)
    dH/dl & foreign lambdas:
        dH/dl (coul-lambda) (9868 pts)
        dH/dl (vdw-lambda) (9868 pts)
        delta H to (0, 0.3) (9868 pts)
        delta H to (0, 0.4) (9868 pts)
        delta H to (0, 0.5) (9868 pts)


lambda_05/bar.xvg: 0.0 - 986.6; lambda = (0, 0.5)
    dH/dl & foreign lambdas:
        dH/dl (coul-lambda) (9867 pts)
        dH/dl (vdw-lambda) (9867 pts)
        delta H to (0, 0.4) (9867 pts)
        delta H to (0, 0.5) (9867 pts)
        delta H to (0, 0.55) (9867 pts)


lambda_06/bar.xvg: 0.0 - 985.5; lambda = (0, 0.55)
    dH/dl & foreign lambdas:
        dH/dl (coul-lambda) (9856 pts)
        dH/dl (vdw-lambda) (9856 pts)
        delta H to (0, 0.5) (9856 pts)
        delta H to (0, 0.55) (9856 pts)
        delta H to (0, 0.6) (9856 pts)


lambda_07/bar.xvg: 0.0 - 997.2; lambda = (0, 0.6)
    dH/dl & foreign lambdas:
        dH/dl (coul-lambda) (9973 pts)
        dH/dl (vdw-lambda) (9973 pts)
        delta H to (0, 0.55) (9973 pts)
        delta H to (0, 0.6) (9973 pts)
        delta H to (0, 0.65) (9973 pts)


lambda_08/bar.xvg: 0.0 - 995.7; lambda = (0, 0.65)
    dH/dl & foreign lambdas:
        dH/dl (coul-lambda) (9958 pts)
        dH/dl (vdw-lambda) (9958 pts)
        delta H to (0, 0.6) (9958 pts)
        delta H to (0, 0.65) (9958 pts)
        delta H to (0, 0.7) (9958 pts)


lambda_09/bar.xvg: 0.0 - 993.0; lambda = (0, 0.7)
    dH/dl & foreign lambdas:
        dH/dl (coul-lambda) (9931 pts)
        dH/dl (vdw-lambda) (9931 pts)
        delta H to (0, 0.65) (9931 pts)
        delta H to (0, 0.7) (9931 pts)
        delta H to (0, 0.75) (9931 pts)


lambda_10/bar.xvg: 0.0 - 990.9; lambda = (0, 0.75)
    dH/dl & foreign lambdas:
        dH/dl (coul-lambda) (9910 pts)
        dH/dl (vdw-lambda) (9910 pts)
        delta H to (0, 0.7) (9910 pts)
        delta H to (0, 0.75) (9910 pts)
        delta H to (0, 0.8) (9910 pts)


lambda_11/bar.xvg: 0.0 - 988.8; lambda = (0, 0.8)
    dH/dl & foreign lambdas:
        dH/dl (coul-lambda) (9889 pts)
        dH/dl (vdw-lambda) (9889 pts)
        delta H to (0, 0.75) (9889 pts)
        delta H to (0, 0.8) (9889 pts)
        delta H to (0, 0.85) (9889 pts)


lambda_12/bar.xvg: 0.0 - 987.5; lambda = (0, 0.85)
    dH/dl & foreign lambdas:
        dH/dl (coul-lambda) (9876 pts)
        dH/dl (vdw-lambda) (9876 pts)
        delta H to (0, 0.8) (9876 pts)
        delta H to (0, 0.85) (9876 pts)
        delta H to (0, 0.9) (9876 pts)


lambda_13/bar.xvg: 0.0 - 986.2; lambda = (0, 0.9)
    dH/dl & foreign lambdas:
        dH/dl (coul-lambda) (9863 pts)
        dH/dl (vdw-lambda) (9863 pts)
        delta H to (0, 0.85) (9863 pts)
        delta H to (0, 0.9) (9863 pts)
        delta H to (0, 0.95) (9863 pts)


lambda_14/bar.xvg: 0.0 - 985.4; lambda = (0, 0.95)
    dH/dl & foreign lambdas:
        dH/dl (coul-lambda) (9855 pts)
        dH/dl (vdw-lambda) (9855 pts)
        delta H to (0, 0.9) (9855 pts)
        delta H to (0, 0.95) (9855 pts)
        delta H to (0, 1) (9855 pts)


lambda_15/bar.xvg: 0.0 - 985.3; lambda = (0, 1)
    dH/dl & foreign lambdas:
        dH/dl (coul-lambda) (9854 pts)
        dH/dl (vdw-lambda) (9854 pts)
        delta H to (0, 0.95) (9854 pts)
        delta H to (0, 1) (9854 pts)
        delta H to (0.2, 1) (9854 pts)


lambda_16/bar.xvg: 0.0 - 988.8; lambda = (0.2, 1)
    dH/dl & foreign lambdas:
        dH/dl (coul-lambda) (9889 pts)
        dH/dl (vdw-lambda) (9889 pts)
        delta H to (0, 1) (9889 pts)
        delta H to (0.2, 1) (9889 pts)
        delta H to (0.4, 1) (9889 pts)


lambda_17/bar.xvg: 0.0 - 993.0; lambda = (0.4, 1)
    dH/dl & foreign lambdas:
        dH/dl (coul-lambda) (9931 pts)
        dH/dl (vdw-lambda) (9931 pts)
        delta H to (0.2, 1) (9931 pts)
        delta H to (0.4, 1) (9931 pts)
        delta H to (0.5, 1) (9931 pts)


lambda_18/bar.xvg: 0.0 - 995.5; lambda = (0.5, 1)
    dH/dl & foreign lambdas:
        dH/dl (coul-lambda) (9956 pts)
        dH/dl (vdw-lambda) (9956 pts)
        delta H to (0.4, 1) (9956 pts)
        delta H to (0.5, 1) (9956 pts)
        delta H to (0.6, 1) (9956 pts)


lambda_19/bar.xvg: 0.0 - 997.8; lambda = (0.6, 1)
    dH/dl & foreign lambdas:
        dH/dl (coul-lambda) (9979 pts)
        dH/dl (vdw-lambda) (9979 pts)
        delta H to (0.5, 1) (9979 pts)
        delta H to (0.6, 1) (9979 pts)
        delta H to (0.7, 1) (9979 pts)


lambda_20/bar.xvg: 0.0 - 986.8; lambda = (0.7, 1)
    dH/dl & foreign lambdas:
        dH/dl (coul-lambda) (9869 pts)
        dH/dl (vdw-lambda) (9869 pts)
        delta H to (0.6, 1) (9869 pts)
        delta H to (0.7, 1) (9869 pts)
        delta H to (0.8, 1) (9869 pts)


lambda_21/bar.xvg: 0.0 - 989.0; lambda = (0.8, 1)
    dH/dl & foreign lambdas:
        dH/dl (coul-lambda) (9891 pts)
        dH/dl (vdw-lambda) (9891 pts)
        delta H to (0.7, 1) (9891 pts)
        delta H to (0.8, 1) (9891 pts)
        delta H to (0.9, 1) (9891 pts)


lambda_22/bar.xvg: 0.0 - 990.9; lambda = (0.9, 1)
    dH/dl & foreign lambdas:
        dH/dl (coul-lambda) (9910 pts)
        dH/dl (vdw-lambda) (9910 pts)
        delta H to (0.8, 1) (9910 pts)
        delta H to (0.9, 1) (9910 pts)
        delta H to (1, 1) (9910 pts)


lambda_23/bar.xvg: 0.0 - 997.5; lambda = (1, 1)
    dH/dl & foreign lambdas:
        dH/dl (coul-lambda) (9976 pts)
        dH/dl (vdw-lambda) (9976 pts)
        delta H to (0.9, 1) (9976 pts)
        delta H to (1, 1) (9976 pts)



   Samples in time interval: 0.000 - 997.800
Removing samples outside of: 100.000 - 997.800

Temperature: 300 K

Detailed results in kT (see help for explanation):

 lam_A  lam_B      DG   +/-     s_A   +/-     s_B   +/-   stdev   +/- 
     0      1   -7.29  0.01    0.03  0.00    0.03  0.00    0.24  0.00
     1      2   -5.76  0.01    0.03  0.01    0.03  0.01    0.23  0.00
     2      3   -2.92  0.01    0.08  0.01    0.08  0.01    0.39  0.00
     3      4    2.09  0.01    0.33  0.02    0.36  0.02    0.89  0.01
     4      5    9.16  0.04    2.57  0.06    3.08  0.09    2.83  0.06
     5      6    5.20  0.03    2.55  0.11    2.19  0.07    2.50  0.06
     6      7    3.34  0.03    2.60  0.13    1.73  0.07    2.25  0.05
     7      8    2.05  0.03    1.79  0.06    1.26  0.04    1.80  0.03
     8      9    1.27  0.03    1.36  0.05    0.96  0.03    1.56  0.02
     9     10    0.75  0.02    1.14  0.02    0.79  0.01    1.40  0.01
    10     11    0.39  0.01    0.95  0.01    0.66  0.00    1.27  0.01
    11     12    0.09  0.02    0.87  0.01    0.60  0.01    1.18  0.01
    12     13   -0.13  0.01    0.71  0.01    0.50  0.01    1.09  0.01
    13     14   -0.29  0.01    0.65  0.01    0.47  0.01    1.03  0.00
    14     15   -0.43  0.01    0.59  0.02    0.42  0.01    0.98  0.01
    15     16   -0.51  0.01    0.54  0.01    0.57  0.01    1.06  0.01
    16     17   -1.73  0.02    0.66  0.02    0.74  0.02    1.22  0.02
    17     18   -1.48  0.01    0.24  0.01    0.25  0.02    0.70  0.00
    18     19   -2.01  0.01    0.28  0.02    0.29  0.02    0.76  0.01
    19     20   -2.63  0.02    0.33  0.01    0.35  0.01    0.83  0.01
    20     21   -3.34  0.03    0.36  0.02    0.37  0.02    0.87  0.01
    21     22   -4.07  0.02    0.37  0.03    0.37  0.03    0.88  0.00
    22     23   -4.87  0.01    0.42  0.02    0.42  0.02    0.91  0.01


Final results in kJ/mol:

point      0 -      1,   DG -18.19 +/-  0.02
point      1 -      2,   DG -14.37 +/-  0.01
point      2 -      3,   DG -7.29 +/-  0.02
point      3 -      4,   DG  5.21 +/-  0.03
point      4 -      5,   DG 22.85 +/-  0.11
point      5 -      6,   DG 12.96 +/-  0.09
point      6 -      7,   DG  8.32 +/-  0.07
point      7 -      8,   DG  5.12 +/-  0.08
point      8 -      9,   DG  3.16 +/-  0.07
point      9 -     10,   DG  1.87 +/-  0.04
point     10 -     11,   DG  0.96 +/-  0.03
point     11 -     12,   DG  0.23 +/-  0.04
point     12 -     13,   DG -0.34 +/-  0.03
point     13 -     14,   DG -0.72 +/-  0.03
point     14 -     15,   DG -1.07 +/-  0.03
point     15 -     16,   DG -1.27 +/-  0.03
point     16 -     17,   DG -4.33 +/-  0.05
point     17 -     18,   DG -3.69 +/-  0.02
point     18 -     19,   DG -5.01 +/-  0.02
point     19 -     20,   DG -6.56 +/-  0.06
point     20 -     21,   DG -8.33 +/-  0.07
point     21 -     22,   DG -10.16 +/-  0.06
point     22 -     23,   DG -12.14 +/-  0.03

total      0 -     23,   DG -32.77 +/-  0.27

