lambda_00/bar.xvg: 0.0 - 952.8; lambda = (0, 0)
    dH/dl & foreign lambdas:
        dH/dl (coul-lambda) (9529 pts)
        dH/dl (vdw-lambda) (9529 pts)
        delta H to (0, 0) (9529 pts)
        delta H to (0, 0.1) (9529 pts)


lambda_01/bar.xvg: 0.0 - 957.6; lambda = (0, 0.1)
    dH/dl & foreign lambdas:
        dH/dl (coul-lambda) (9577 pts)
        dH/dl (vdw-lambda) (9577 pts)
        delta H to (0, 0) (9577 pts)
        delta H to (0, 0.1) (9577 pts)
        delta H to (0, 0.2) (9577 pts)


lambda_02/bar.xvg: 0.0 - 957.9; lambda = (0, 0.2)
    dH/dl & foreign lambdas:
        dH/dl (coul-lambda) (9580 pts)
        dH/dl (vdw-lambda) (9580 pts)
        delta H to (0, 0.1) (9580 pts)
        delta H to (0, 0.2) (9580 pts)
        delta H to (0, 0.3) (9580 pts)


lambda_03/bar.xvg: 0.0 - 950.8; lambda = (0, 0.3)
    dH/dl & foreign lambdas:
        dH/dl (coul-lambda) (9509 pts)
        dH/dl (vdw-lambda) (9509 pts)
        delta H to (0, 0.2) (9509 pts)
        delta H to (0, 0.3) (9509 pts)
        delta H to (0, 0.4) (9509 pts)


lambda_04/bar.xvg: 0.0 - 950.8; lambda = (0, 0.4)
    dH/dl & foreign lambdas:
        dH/dl (coul-lambda) (9509 pts)
        dH/dl (vdw-lambda) (9509 pts)
        delta H to (0, 0.3) (9509 pts)
        delta H to (0, 0.4) (9509 pts)
        delta H to (0, 0.5) (9509 pts)


lambda_05/bar.xvg: 0.0 - 950.8; lambda = (0, 0.5)
    dH/dl & foreign lambdas:
        dH/dl (coul-lambda) (9509 pts)
        dH/dl (vdw-lambda) (9509 pts)
        delta H to (0, 0.4) (9509 pts)
        delta H to (0, 0.5) (9509 pts)
        delta H to (0, 0.55) (9509 pts)


lambda_06/bar.xvg: 0.0 - 958.2; lambda = (0, 0.55)
    dH/dl & foreign lambdas:
        dH/dl (coul-lambda) (9583 pts)
        dH/dl (vdw-lambda) (9583 pts)
        delta H to (0, 0.5) (9583 pts)
        delta H to (0, 0.55) (9583 pts)
        delta H to (0, 0.6) (9583 pts)


lambda_07/bar.xvg: 0.0 - 956.5; lambda = (0, 0.6)
    dH/dl & foreign lambdas:
        dH/dl (coul-lambda) (9566 pts)
        dH/dl (vdw-lambda) (9566 pts)
        delta H to (0, 0.55) (9566 pts)
        delta H to (0, 0.6) (9566 pts)
        delta H to (0, 0.65) (9566 pts)


lambda_08/bar.xvg: 0.0 - 954.3; lambda = (0, 0.65)
    dH/dl & foreign lambdas:
        dH/dl (coul-lambda) (9544 pts)
        dH/dl (vdw-lambda) (9544 pts)
        delta H to (0, 0.6) (9544 pts)
        delta H to (0, 0.65) (9544 pts)
        delta H to (0, 0.7) (9544 pts)


lambda_09/bar.xvg: 0.0 - 952.1; lambda = (0, 0.7)
    dH/dl & foreign lambdas:
        dH/dl (coul-lambda) (9522 pts)
        dH/dl (vdw-lambda) (9522 pts)
        delta H to (0, 0.65) (9522 pts)
        delta H to (0, 0.7) (9522 pts)
        delta H to (0, 0.75) (9522 pts)


lambda_10/bar.xvg: 0.0 - 950.8; lambda = (0, 0.75)
    dH/dl & foreign lambdas:
        dH/dl (coul-lambda) (9509 pts)
        dH/dl (vdw-lambda) (9509 pts)
        delta H to (0, 0.7) (9509 pts)
        delta H to (0, 0.75) (9509 pts)
        delta H to (0, 0.8) (9509 pts)


lambda_11/bar.xvg: 0.0 - 950.8; lambda = (0, 0.8)
    dH/dl & foreign lambdas:
        dH/dl (coul-lambda) (9509 pts)
        dH/dl (vdw-lambda) (9509 pts)
        delta H to (0, 0.75) (9509 pts)
        delta H to (0, 0.8) (9509 pts)
        delta H to (0, 0.85) (9509 pts)


lambda_12/bar.xvg: 0.0 - 950.8; lambda = (0, 0.85)
    dH/dl & foreign lambdas:
        dH/dl (coul-lambda) (9509 pts)
        dH/dl (vdw-lambda) (9509 pts)
        delta H to (0, 0.8) (9509 pts)
        delta H to (0, 0.85) (9509 pts)
        delta H to (0, 0.9) (9509 pts)


lambda_13/bar.xvg: 0.0 - 950.8; lambda = (0, 0.9)
    dH/dl & foreign lambdas:
        dH/dl (coul-lambda) (9509 pts)
        dH/dl (vdw-lambda) (9509 pts)
        delta H to (0, 0.85) (9509 pts)
        delta H to (0, 0.9) (9509 pts)
        delta H to (0, 0.95) (9509 pts)


lambda_14/bar.xvg: 0.0 - 957.6; lambda = (0, 0.95)
    dH/dl & foreign lambdas:
        dH/dl (coul-lambda) (9577 pts)
        dH/dl (vdw-lambda) (9577 pts)
        delta H to (0, 0.9) (9577 pts)
        delta H to (0, 0.95) (9577 pts)
        delta H to (0, 1) (9577 pts)


lambda_15/bar.xvg: 0.0 - 957.2; lambda = (0, 1)
    dH/dl & foreign lambdas:
        dH/dl (coul-lambda) (9573 pts)
        dH/dl (vdw-lambda) (9573 pts)
        delta H to (0, 0.95) (9573 pts)
        delta H to (0, 1) (9573 pts)
        delta H to (0.2, 1) (9573 pts)


lambda_16/bar.xvg: 0.0 - 950.8; lambda = (0.2, 1)
    dH/dl & foreign lambdas:
        dH/dl (coul-lambda) (9509 pts)
        dH/dl (vdw-lambda) (9509 pts)
        delta H to (0, 1) (9509 pts)
        delta H to (0.2, 1) (9509 pts)
        delta H to (0.4, 1) (9509 pts)


lambda_17/bar.xvg: 0.0 - 953.7; lambda = (0.4, 1)
    dH/dl & foreign lambdas:
        dH/dl (coul-lambda) (9538 pts)
        dH/dl (vdw-lambda) (9538 pts)
        delta H to (0.2, 1) (9538 pts)
        delta H to (0.4, 1) (9538 pts)
        delta H to (0.5, 1) (9538 pts)


lambda_18/bar.xvg: 0.0 - 956.1; lambda = (0.5, 1)
    dH/dl & foreign lambdas:
        dH/dl (coul-lambda) (9562 pts)
        dH/dl (vdw-lambda) (9562 pts)
        delta H to (0.4, 1) (9562 pts)
        delta H to (0.5, 1) (9562 pts)
        delta H to (0.6, 1) (9562 pts)


lambda_19/bar.xvg: 0.0 - 958.2; lambda = (0.6, 1)
    dH/dl & foreign lambdas:
        dH/dl (coul-lambda) (9583 pts)
        dH/dl (vdw-lambda) (9583 pts)
        delta H to (0.5, 1) (9583 pts)
        delta H to (0.6, 1) (9583 pts)
        delta H to (0.7, 1) (9583 pts)


lambda_20/bar.xvg: 0.0 - 950.8; lambda = (0.7, 1)
    dH/dl & foreign lambdas:
        dH/dl (coul-lambda) (9509 pts)
        dH/dl (vdw-lambda) (9509 pts)
        delta H to (0.6, 1) (9509 pts)
        delta H to (0.7, 1) (9509 pts)
        delta H to (0.8, 1) (9509 pts)


lambda_21/bar.xvg: 0.0 - 950.8; lambda = (0.8, 1)
    dH/dl & foreign lambdas:
        dH/dl (coul-lambda) (9509 pts)
        dH/dl (vdw-lambda) (9509 pts)
        delta H to (0.7, 1) (9509 pts)
        delta H to (0.8, 1) (9509 pts)
        delta H to (0.9, 1) (9509 pts)


lambda_22/bar.xvg: 0.0 - 951.1; lambda = (0.9, 1)
    dH/dl & foreign lambdas:
        dH/dl (coul-lambda) (9512 pts)
        dH/dl (vdw-lambda) (9512 pts)
        delta H to (0.8, 1) (9512 pts)
        delta H to (0.9, 1) (9512 pts)
        delta H to (1, 1) (9512 pts)


lambda_23/bar.xvg: 0.0 - 950.8; lambda = (1, 1)
    dH/dl & foreign lambdas:
        dH/dl (coul-lambda) (9509 pts)
        dH/dl (vdw-lambda) (9509 pts)
        delta H to (0.9, 1) (9509 pts)
        delta H to (1, 1) (9509 pts)



   Samples in time interval: 0.000 - 958.200
Removing samples outside of: 100.000 - 958.200

Temperature: 300 K

Detailed results in kT (see help for explanation):

 lam_A  lam_B      DG   +/-     s_A   +/-     s_B   +/-   stdev   +/- 
     0      1   -5.99  0.01    0.02  0.00    0.02  0.00    0.21  0.00
     1      2   -4.73  0.00    0.01  0.00    0.01  0.00    0.21  0.00
     2      3   -2.39  0.01    0.07  0.01    0.07  0.01    0.35  0.01
     3      4    1.69  0.01    0.32  0.02    0.34  0.02    0.81  0.00
     4      5    7.40  0.06    2.08  0.05    2.48  0.06    2.42  0.03
     5      6    4.32  0.07    2.00  0.03    1.71  0.04    2.18  0.02
     6      7    2.90  0.03    2.20  0.11    1.48  0.04    2.02  0.03
     7      8    1.83  0.03    1.49  0.02    1.03  0.02    1.63  0.01
     8      9    1.23  0.04    1.17  0.04    0.84  0.04    1.43  0.02
     9     10    0.78  0.02    1.01  0.02    0.71  0.02    1.31  0.01
    10     11    0.41  0.01    0.88  0.02    0.61  0.02    1.19  0.01
    11     12    0.16  0.00    0.69  0.01    0.48  0.01    1.08  0.00
    12     13   -0.02  0.01    0.67  0.01    0.47  0.00    1.03  0.00
    13     14   -0.18  0.01    0.56  0.01    0.40  0.01    0.96  0.01
    14     15   -0.31  0.01    0.51  0.01    0.37  0.01    0.91  0.01
    15     16   -0.49  0.01    0.52  0.02    0.55  0.02    1.03  0.01
    16     17   -1.69  0.01    0.65  0.02    0.74  0.02    1.19  0.01
    17     18   -1.44  0.00    0.23  0.01    0.24  0.01    0.68  0.00
    18     19   -1.94  0.00    0.26  0.01    0.27  0.01    0.75  0.01
    19     20   -2.53  0.01    0.32  0.01    0.33  0.01    0.81  0.00
    20     21   -3.21  0.01    0.35  0.02    0.37  0.02    0.85  0.01
    21     22   -3.94  0.02    0.36  0.01    0.37  0.01    0.88  0.01
    22     23   -4.75  0.03    0.44  0.03    0.44  0.03    0.93  0.01


Final results in kJ/mol:

point      0 -      1,   DG -14.94 +/-  0.02
point      1 -      2,   DG -11.80 +/-  0.00
point      2 -      3,   DG -5.96 +/-  0.02
point      3 -      4,   DG  4.22 +/-  0.04
point      4 -      5,   DG 18.47 +/-  0.14
point      5 -      6,   DG 10.77 +/-  0.17
point      6 -      7,   DG  7.23 +/-  0.08
point      7 -      8,   DG  4.57 +/-  0.07
point      8 -      9,   DG  3.07 +/-  0.10
point      9 -     10,   DG  1.93 +/-  0.04
point     10 -     11,   DG  1.02 +/-  0.03
point     11 -     12,   DG  0.40 +/-  0.01
point     12 -     13,   DG -0.04 +/-  0.02
point     13 -     14,   DG -0.46 +/-  0.02
point     14 -     15,   DG -0.77 +/-  0.02
point     15 -     16,   DG -1.22 +/-  0.02
point     16 -     17,   DG -4.22 +/-  0.02
point     17 -     18,   DG -3.59 +/-  0.01
point     18 -     19,   DG -4.83 +/-  0.01
point     19 -     20,   DG -6.30 +/-  0.03
point     20 -     21,   DG -8.01 +/-  0.02
point     21 -     22,   DG -9.83 +/-  0.04
point     22 -     23,   DG -11.85 +/-  0.07

total      0 -     23,   DG -32.14 +/-  0.48

