lambda_00/bar.xvg: 0.0 - 968.6; lambda = (0, 0)
    dH/dl & foreign lambdas:
        dH/dl (coul-lambda) (9687 pts)
        dH/dl (vdw-lambda) (9687 pts)
        delta H to (0, 0) (9687 pts)
        delta H to (0, 0.1) (9687 pts)


lambda_01/bar.xvg: 0.0 - 971.3; lambda = (0, 0.1)
    dH/dl & foreign lambdas:
        dH/dl (coul-lambda) (9714 pts)
        dH/dl (vdw-lambda) (9714 pts)
        delta H to (0, 0) (9714 pts)
        delta H to (0, 0.1) (9714 pts)
        delta H to (0, 0.2) (9714 pts)


lambda_02/bar.xvg: 0.0 - 971.0; lambda = (0, 0.2)
    dH/dl & foreign lambdas:
        dH/dl (coul-lambda) (9711 pts)
        dH/dl (vdw-lambda) (9711 pts)
        delta H to (0, 0.1) (9711 pts)
        delta H to (0, 0.2) (9711 pts)
        delta H to (0, 0.3) (9711 pts)


lambda_03/bar.xvg: 0.0 - 973.8; lambda = (0, 0.3)
    dH/dl & foreign lambdas:
        dH/dl (coul-lambda) (9739 pts)
        dH/dl (vdw-lambda) (9739 pts)
        delta H to (0, 0.2) (9739 pts)
        delta H to (0, 0.3) (9739 pts)
        delta H to (0, 0.4) (9739 pts)


lambda_04/bar.xvg: 0.0 - 972.6; lambda = (0, 0.4)
    dH/dl & foreign lambdas:
        dH/dl (coul-lambda) (9727 pts)
        dH/dl (vdw-lambda) (9727 pts)
        delta H to (0, 0.3) (9727 pts)
        delta H to (0, 0.4) (9727 pts)
        delta H to (0, 0.5) (9727 pts)


lambda_05/bar.xvg: 0.0 - 973.2; lambda = (0, 0.5)
    dH/dl & foreign lambdas:
        dH/dl (coul-lambda) (9733 pts)
        dH/dl (vdw-lambda) (9733 pts)
        delta H to (0, 0.4) (9733 pts)
        delta H to (0, 0.5) (9733 pts)
        delta H to (0, 0.55) (9733 pts)


lambda_06/bar.xvg: 0.0 - 971.9; lambda = (0, 0.55)
    dH/dl & foreign lambdas:
        dH/dl (coul-lambda) (9720 pts)
        dH/dl (vdw-lambda) (9720 pts)
        delta H to (0, 0.5) (9720 pts)
        delta H to (0, 0.55) (9720 pts)
        delta H to (0, 0.6) (9720 pts)


lambda_07/bar.xvg: 0.0 - 969.8; lambda = (0, 0.6)
    dH/dl & foreign lambdas:
        dH/dl (coul-lambda) (9699 pts)
        dH/dl (vdw-lambda) (9699 pts)
        delta H to (0, 0.55) (9699 pts)
        delta H to (0, 0.6) (9699 pts)
        delta H to (0, 0.65) (9699 pts)


lambda_08/bar.xvg: 0.0 - 981.3; lambda = (0, 0.65)
    dH/dl & foreign lambdas:
        dH/dl (coul-lambda) (9814 pts)
        dH/dl (vdw-lambda) (9814 pts)
        delta H to (0, 0.6) (9814 pts)
        delta H to (0, 0.65) (9814 pts)
        delta H to (0, 0.7) (9814 pts)


lambda_09/bar.xvg: 0.0 - 978.6; lambda = (0, 0.7)
    dH/dl & foreign lambdas:
        dH/dl (coul-lambda) (9787 pts)
        dH/dl (vdw-lambda) (9787 pts)
        delta H to (0, 0.65) (9787 pts)
        delta H to (0, 0.7) (9787 pts)
        delta H to (0, 0.75) (9787 pts)


lambda_10/bar.xvg: 0.0 - 976.9; lambda = (0, 0.75)
    dH/dl & foreign lambdas:
        dH/dl (coul-lambda) (9770 pts)
        dH/dl (vdw-lambda) (9770 pts)
        delta H to (0, 0.7) (9770 pts)
        delta H to (0, 0.75) (9770 pts)
        delta H to (0, 0.8) (9770 pts)


lambda_11/bar.xvg: 0.0 - 974.6; lambda = (0, 0.8)
    dH/dl & foreign lambdas:
        dH/dl (coul-lambda) (9747 pts)
        dH/dl (vdw-lambda) (9747 pts)
        delta H to (0, 0.75) (9747 pts)
        delta H to (0, 0.8) (9747 pts)
        delta H to (0, 0.85) (9747 pts)


lambda_12/bar.xvg: 0.0 - 973.3; lambda = (0, 0.85)
    dH/dl & foreign lambdas:
        dH/dl (coul-lambda) (9734 pts)
        dH/dl (vdw-lambda) (9734 pts)
        delta H to (0, 0.8) (9734 pts)
        delta H to (0, 0.85) (9734 pts)
        delta H to (0, 0.9) (9734 pts)


lambda_13/bar.xvg: 0.0 - 972.0; lambda = (0, 0.9)
    dH/dl & foreign lambdas:
        dH/dl (coul-lambda) (9721 pts)
        dH/dl (vdw-lambda) (9721 pts)
        delta H to (0, 0.85) (9721 pts)
        delta H to (0, 0.9) (9721 pts)
        delta H to (0, 0.95) (9721 pts)


lambda_14/bar.xvg: 0.0 - 971.2; lambda = (0, 0.95)
    dH/dl & foreign lambdas:
        dH/dl (coul-lambda) (9713 pts)
        dH/dl (vdw-lambda) (9713 pts)
        delta H to (0, 0.9) (9713 pts)
        delta H to (0, 0.95) (9713 pts)
        delta H to (0, 1) (9713 pts)


lambda_15/bar.xvg: 0.0 - 970.9; lambda = (0, 1)
    dH/dl & foreign lambdas:
        dH/dl (coul-lambda) (9710 pts)
        dH/dl (vdw-lambda) (9710 pts)
        delta H to (0, 0.95) (9710 pts)
        delta H to (0, 1) (9710 pts)
        delta H to (0.2, 1) (9710 pts)


lambda_16/bar.xvg: 0.0 - 975.9; lambda = (0.2, 1)
    dH/dl & foreign lambdas:
        dH/dl (coul-lambda) (9760 pts)
        dH/dl (vdw-lambda) (9760 pts)
        delta H to (0, 1) (9760 pts)
        delta H to (0.2, 1) (9760 pts)
        delta H to (0.4, 1) (9760 pts)


lambda_17/bar.xvg: 0.0 - 979.9; lambda = (0.4, 1)
    dH/dl & foreign lambdas:
        dH/dl (coul-lambda) (9800 pts)
        dH/dl (vdw-lambda) (9800 pts)
        delta H to (0.2, 1) (9800 pts)
        delta H to (0.4, 1) (9800 pts)
        delta H to (0.5, 1) (9800 pts)


lambda_18/bar.xvg: 0.0 - 969.3; lambda = (0.5, 1)
    dH/dl & foreign lambdas:
        dH/dl (coul-lambda) (9694 pts)
        dH/dl (vdw-lambda) (9694 pts)
        delta H to (0.4, 1) (9694 pts)
        delta H to (0.5, 1) (9694 pts)
        delta H to (0.6, 1) (9694 pts)


lambda_19/bar.xvg: 0.0 - 971.4; lambda = (0.6, 1)
    dH/dl & foreign lambdas:
        dH/dl (coul-lambda) (9715 pts)
        dH/dl (vdw-lambda) (9715 pts)
        delta H to (0.5, 1) (9715 pts)
        delta H to (0.6, 1) (9715 pts)
        delta H to (0.7, 1) (9715 pts)


lambda_20/bar.xvg: 0.0 - 973.7; lambda = (0.7, 1)
    dH/dl & foreign lambdas:
        dH/dl (coul-lambda) (9738 pts)
        dH/dl (vdw-lambda) (9738 pts)
        delta H to (0.6, 1) (9738 pts)
        delta H to (0.7, 1) (9738 pts)
        delta H to (0.8, 1) (9738 pts)


lambda_21/bar.xvg: 0.0 - 975.7; lambda = (0.8, 1)
    dH/dl & foreign lambdas:
        dH/dl (coul-lambda) (9758 pts)
        dH/dl (vdw-lambda) (9758 pts)
        delta H to (0.7, 1) (9758 pts)
        delta H to (0.8, 1) (9758 pts)
        delta H to (0.9, 1) (9758 pts)


lambda_22/bar.xvg: 0.0 - 977.7; lambda = (0.9, 1)
    dH/dl & foreign lambdas:
        dH/dl (coul-lambda) (9778 pts)
        dH/dl (vdw-lambda) (9778 pts)
        delta H to (0.8, 1) (9778 pts)
        delta H to (0.9, 1) (9778 pts)
        delta H to (1, 1) (9778 pts)


lambda_23/bar.xvg: 0.0 - 981.3; lambda = (1, 1)
    dH/dl & foreign lambdas:
        dH/dl (coul-lambda) (9814 pts)
        dH/dl (vdw-lambda) (9814 pts)
        delta H to (0.9, 1) (9814 pts)
        delta H to (1, 1) (9814 pts)



   Samples in time interval: 0.000 - 981.300
Removing samples outside of: 100.000 - 981.300

Temperature: 300 K

Detailed results in kT (see help for explanation):

 lam_A  lam_B      DG   +/-     s_A   +/-     s_B   +/-   stdev   +/- 
     0      1   -6.42  0.00    0.02  0.01    0.02  0.01    0.23  0.00
     1      2   -5.08  0.01    0.03  0.00    0.03  0.00    0.22  0.00
     2      3   -2.58  0.01    0.05  0.01    0.05  0.01    0.36  0.00
     3      4    1.84  0.02    0.34  0.00    0.37  0.01    0.84  0.00
     4      5    8.03  0.08    2.19  0.06    2.59  0.11    2.52  0.06
     5      6    4.52  0.12    2.39  0.07    2.01  0.11    2.37  0.05
     6      7    2.84  0.06    2.18  0.07    1.49  0.04    2.02  0.04
     7      8    1.83  0.06    1.47  0.05    1.03  0.03    1.62  0.03
     8      9    1.24  0.02    1.24  0.04    0.87  0.03    1.48  0.02
     9     10    0.76  0.02    1.05  0.04    0.72  0.03    1.34  0.02
    10     11    0.41  0.02    0.89  0.03    0.62  0.02    1.21  0.01
    11     12    0.14  0.01    0.76  0.02    0.53  0.01    1.12  0.01
    12     13   -0.07  0.01    0.68  0.02    0.48  0.01    1.05  0.01
    13     14   -0.22  0.00    0.57  0.02    0.40  0.01    0.97  0.01
    14     15   -0.33  0.00    0.54  0.02    0.39  0.01    0.93  0.01
    15     16   -0.50  0.02    0.50  0.01    0.52  0.01    1.02  0.01
    16     17   -1.65  0.02    0.62  0.02    0.70  0.02    1.17  0.01
    17     18   -1.40  0.01    0.23  0.01    0.24  0.01    0.67  0.01
    18     19   -1.90  0.01    0.25  0.01    0.27  0.01    0.74  0.01
    19     20   -2.48  0.01    0.31  0.03    0.32  0.03    0.80  0.01
    20     21   -3.13  0.01    0.33  0.03    0.34  0.03    0.84  0.01
    21     22   -3.90  0.02    0.43  0.01    0.44  0.01    0.89  0.01
    22     23   -4.72  0.03    0.38  0.01    0.38  0.01    0.90  0.01


Final results in kJ/mol:

point      0 -      1,   DG -16.01 +/-  0.01
point      1 -      2,   DG -12.68 +/-  0.01
point      2 -      3,   DG -6.44 +/-  0.03
point      3 -      4,   DG  4.58 +/-  0.06
point      4 -      5,   DG 20.03 +/-  0.21
point      5 -      6,   DG 11.28 +/-  0.30
point      6 -      7,   DG  7.09 +/-  0.16
point      7 -      8,   DG  4.57 +/-  0.15
point      8 -      9,   DG  3.09 +/-  0.06
point      9 -     10,   DG  1.88 +/-  0.04
point     10 -     11,   DG  1.02 +/-  0.04
point     11 -     12,   DG  0.35 +/-  0.04
point     12 -     13,   DG -0.17 +/-  0.02
point     13 -     14,   DG -0.56 +/-  0.01
point     14 -     15,   DG -0.83 +/-  0.01
point     15 -     16,   DG -1.25 +/-  0.05
point     16 -     17,   DG -4.11 +/-  0.05
point     17 -     18,   DG -3.49 +/-  0.02
point     18 -     19,   DG -4.73 +/-  0.02
point     19 -     20,   DG -6.18 +/-  0.02
point     20 -     21,   DG -7.82 +/-  0.03
point     21 -     22,   DG -9.74 +/-  0.05
point     22 -     23,   DG -11.77 +/-  0.08

total      0 -     23,   DG -31.88 +/-  0.56

