lambda_00/bar.xvg: 0.0 - 921.0; lambda = (0, 0)
    dH/dl & foreign lambdas:
        dH/dl (coul-lambda) (9211 pts)
        dH/dl (vdw-lambda) (9211 pts)
        delta H to (0, 0) (9211 pts)
        delta H to (0, 0.1) (9211 pts)


lambda_01/bar.xvg: 0.0 - 931.1; lambda = (0, 0.1)
    dH/dl & foreign lambdas:
        dH/dl (coul-lambda) (9312 pts)
        dH/dl (vdw-lambda) (9312 pts)
        delta H to (0, 0) (9312 pts)
        delta H to (0, 0.1) (9312 pts)
        delta H to (0, 0.2) (9312 pts)


lambda_02/bar.xvg: 0.0 - 931.0; lambda = (0, 0.2)
    dH/dl & foreign lambdas:
        dH/dl (coul-lambda) (9311 pts)
        dH/dl (vdw-lambda) (9311 pts)
        delta H to (0, 0.1) (9311 pts)
        delta H to (0, 0.2) (9311 pts)
        delta H to (0, 0.3) (9311 pts)


lambda_03/bar.xvg: 0.0 - 933.1; lambda = (0, 0.3)
    dH/dl & foreign lambdas:
        dH/dl (coul-lambda) (9332 pts)
        dH/dl (vdw-lambda) (9332 pts)
        delta H to (0, 0.2) (9332 pts)
        delta H to (0, 0.3) (9332 pts)
        delta H to (0, 0.4) (9332 pts)


lambda_04/bar.xvg: 0.0 - 932.1; lambda = (0, 0.4)
    dH/dl & foreign lambdas:
        dH/dl (coul-lambda) (9322 pts)
        dH/dl (vdw-lambda) (9322 pts)
        delta H to (0, 0.3) (9322 pts)
        delta H to (0, 0.4) (9322 pts)
        delta H to (0, 0.5) (9322 pts)


lambda_05/bar.xvg: 0.0 - 932.5; lambda = (0, 0.5)
    dH/dl & foreign lambdas:
        dH/dl (coul-lambda) (9326 pts)
        dH/dl (vdw-lambda) (9326 pts)
        delta H to (0, 0.4) (9326 pts)
        delta H to (0, 0.5) (9326 pts)
        delta H to (0, 0.55) (9326 pts)


lambda_06/bar.xvg: 0.0 - 931.5; lambda = (0, 0.55)
    dH/dl & foreign lambdas:
        dH/dl (coul-lambda) (9316 pts)
        dH/dl (vdw-lambda) (9316 pts)
        delta H to (0, 0.5) (9316 pts)
        delta H to (0, 0.55) (9316 pts)
        delta H to (0, 0.6) (9316 pts)


lambda_07/bar.xvg: 0.0 - 929.7; lambda = (0, 0.6)
    dH/dl & foreign lambdas:
        dH/dl (coul-lambda) (9298 pts)
        dH/dl (vdw-lambda) (9298 pts)
        delta H to (0, 0.55) (9298 pts)
        delta H to (0, 0.6) (9298 pts)
        delta H to (0, 0.65) (9298 pts)


lambda_08/bar.xvg: 0.0 - 927.6; lambda = (0, 0.65)
    dH/dl & foreign lambdas:
        dH/dl (coul-lambda) (9277 pts)
        dH/dl (vdw-lambda) (9277 pts)
        delta H to (0, 0.6) (9277 pts)
        delta H to (0, 0.65) (9277 pts)
        delta H to (0, 0.7) (9277 pts)


lambda_09/bar.xvg: 0.0 - 925.4; lambda = (0, 0.7)
    dH/dl & foreign lambdas:
        dH/dl (coul-lambda) (9255 pts)
        dH/dl (vdw-lambda) (9255 pts)
        delta H to (0, 0.65) (9255 pts)
        delta H to (0, 0.7) (9255 pts)
        delta H to (0, 0.75) (9255 pts)


lambda_10/bar.xvg: 0.0 - 923.0; lambda = (0, 0.75)
    dH/dl & foreign lambdas:
        dH/dl (coul-lambda) (9231 pts)
        dH/dl (vdw-lambda) (9231 pts)
        delta H to (0, 0.7) (9231 pts)
        delta H to (0, 0.75) (9231 pts)
        delta H to (0, 0.8) (9231 pts)


lambda_11/bar.xvg: 0.0 - 935.1; lambda = (0, 0.8)
    dH/dl & foreign lambdas:
        dH/dl (coul-lambda) (9352 pts)
        dH/dl (vdw-lambda) (9352 pts)
        delta H to (0, 0.75) (9352 pts)
        delta H to (0, 0.8) (9352 pts)
        delta H to (0, 0.85) (9352 pts)


lambda_12/bar.xvg: 0.0 - 933.2; lambda = (0, 0.85)
    dH/dl & foreign lambdas:
        dH/dl (coul-lambda) (9333 pts)
        dH/dl (vdw-lambda) (9333 pts)
        delta H to (0, 0.8) (9333 pts)
        delta H to (0, 0.85) (9333 pts)
        delta H to (0, 0.9) (9333 pts)


lambda_13/bar.xvg: 0.0 - 932.2; lambda = (0, 0.9)
    dH/dl & foreign lambdas:
        dH/dl (coul-lambda) (9323 pts)
        dH/dl (vdw-lambda) (9323 pts)
        delta H to (0, 0.85) (9323 pts)
        delta H to (0, 0.9) (9323 pts)
        delta H to (0, 0.95) (9323 pts)


lambda_14/bar.xvg: 0.0 - 931.5; lambda = (0, 0.95)
    dH/dl & foreign lambdas:
        dH/dl (coul-lambda) (9316 pts)
        dH/dl (vdw-lambda) (9316 pts)
        delta H to (0, 0.9) (9316 pts)
        delta H to (0, 0.95) (9316 pts)
        delta H to (0, 1) (9316 pts)


lambda_15/bar.xvg: 0.0 - 930.7; lambda = (0, 1)
    dH/dl & foreign lambdas:
        dH/dl (coul-lambda) (9308 pts)
        dH/dl (vdw-lambda) (9308 pts)
        delta H to (0, 0.95) (9308 pts)
        delta H to (0, 1) (9308 pts)
        delta H to (0.2, 1) (9308 pts)


lambda_16/bar.xvg: 0.0 - 923.4; lambda = (0.2, 1)
    dH/dl & foreign lambdas:
        dH/dl (coul-lambda) (9235 pts)
        dH/dl (vdw-lambda) (9235 pts)
        delta H to (0, 1) (9235 pts)
        delta H to (0.2, 1) (9235 pts)
        delta H to (0.4, 1) (9235 pts)


lambda_17/bar.xvg: 0.0 - 927.3; lambda = (0.4, 1)
    dH/dl & foreign lambdas:
        dH/dl (coul-lambda) (9274 pts)
        dH/dl (vdw-lambda) (9274 pts)
        delta H to (0.2, 1) (9274 pts)
        delta H to (0.4, 1) (9274 pts)
        delta H to (0.5, 1) (9274 pts)


lambda_18/bar.xvg: 0.0 - 929.4; lambda = (0.5, 1)
    dH/dl & foreign lambdas:
        dH/dl (coul-lambda) (9295 pts)
        dH/dl (vdw-lambda) (9295 pts)
        delta H to (0.4, 1) (9295 pts)
        delta H to (0.5, 1) (9295 pts)
        delta H to (0.6, 1) (9295 pts)


lambda_19/bar.xvg: 0.0 - 931.5; lambda = (0.6, 1)
    dH/dl & foreign lambdas:
        dH/dl (coul-lambda) (9316 pts)
        dH/dl (vdw-lambda) (9316 pts)
        delta H to (0.5, 1) (9316 pts)
        delta H to (0.6, 1) (9316 pts)
        delta H to (0.7, 1) (9316 pts)


lambda_20/bar.xvg: 0.0 - 933.7; lambda = (0.7, 1)
    dH/dl & foreign lambdas:
        dH/dl (coul-lambda) (9338 pts)
        dH/dl (vdw-lambda) (9338 pts)
        delta H to (0.6, 1) (9338 pts)
        delta H to (0.7, 1) (9338 pts)
        delta H to (0.8, 1) (9338 pts)


lambda_21/bar.xvg: 0.0 - 922.4; lambda = (0.8, 1)
    dH/dl & foreign lambdas:
        dH/dl (coul-lambda) (9225 pts)
        dH/dl (vdw-lambda) (9225 pts)
        delta H to (0.7, 1) (9225 pts)
        delta H to (0.8, 1) (9225 pts)
        delta H to (0.9, 1) (9225 pts)


lambda_22/bar.xvg: 0.0 - 924.1; lambda = (0.9, 1)
    dH/dl & foreign lambdas:
        dH/dl (coul-lambda) (9242 pts)
        dH/dl (vdw-lambda) (9242 pts)
        delta H to (0.8, 1) (9242 pts)
        delta H to (0.9, 1) (9242 pts)
        delta H to (1, 1) (9242 pts)


lambda_23/bar.xvg: 0.0 - 932.2; lambda = (1, 1)
    dH/dl & foreign lambdas:
        dH/dl (coul-lambda) (9323 pts)
        dH/dl (vdw-lambda) (9323 pts)
        delta H to (0.9, 1) (9323 pts)
        delta H to (1, 1) (9323 pts)



   Samples in time interval: 0.000 - 935.100
Removing samples outside of: 100.000 - 935.100

Temperature: 300 K

Detailed results in kT (see help for explanation):

 lam_A  lam_B      DG   +/-     s_A   +/-     s_B   +/-   stdev   +/- 
     0      1   -6.42  0.01    0.03  0.01    0.03  0.01    0.22  0.00
     1      2   -5.08  0.01    0.02  0.01    0.02  0.01    0.23  0.00
     2      3   -2.57  0.01    0.05  0.02    0.06  0.02    0.37  0.00
     3      4    1.82  0.02    0.35  0.01    0.38  0.01    0.85  0.01
     4      5    7.96  0.13    2.20  0.10    2.62  0.10    2.52  0.07
     5      6    4.62  0.14    2.21  0.07    1.87  0.09    2.28  0.06
     6      7    2.98  0.04    2.41  0.09    1.61  0.05    2.14  0.04
     7      8    1.84  0.04    1.51  0.08    1.04  0.04    1.64  0.03
     8      9    1.25  0.03    1.24  0.05    0.87  0.03    1.48  0.01
     9     10    0.77  0.02    1.08  0.04    0.75  0.02    1.35  0.01
    10     11    0.41  0.02    0.88  0.02    0.60  0.01    1.21  0.01
    11     12    0.16  0.01    0.79  0.02    0.56  0.01    1.14  0.01
    12     13   -0.07  0.01    0.67  0.01    0.47  0.00    1.04  0.00
    13     14   -0.21  0.01    0.59  0.01    0.42  0.01    0.98  0.00
    14     15   -0.33  0.01    0.55  0.01    0.40  0.01    0.95  0.01
    15     16   -0.52  0.02    0.51  0.01    0.54  0.01    1.03  0.01
    16     17   -1.72  0.01    0.66  0.02    0.75  0.02    1.20  0.01
    17     18   -1.45  0.01    0.22  0.01    0.23  0.01    0.68  0.01
    18     19   -1.96  0.01    0.27  0.02    0.29  0.02    0.76  0.01
    19     20   -2.58  0.01    0.33  0.02    0.34  0.02    0.82  0.01
    20     21   -3.27  0.03    0.35  0.02    0.37  0.02    0.85  0.01
    21     22   -4.02  0.02    0.39  0.02    0.40  0.02    0.89  0.00
    22     23   -4.84  0.01    0.41  0.02    0.42  0.01    0.91  0.00


Final results in kJ/mol:

point      0 -      1,   DG -16.02 +/-  0.01
point      1 -      2,   DG -12.66 +/-  0.02
point      2 -      3,   DG -6.42 +/-  0.02
point      3 -      4,   DG  4.53 +/-  0.06
point      4 -      5,   DG 19.85 +/-  0.34
point      5 -      6,   DG 11.51 +/-  0.35
point      6 -      7,   DG  7.44 +/-  0.10
point      7 -      8,   DG  4.59 +/-  0.11
point      8 -      9,   DG  3.11 +/-  0.08
point      9 -     10,   DG  1.92 +/-  0.04
point     10 -     11,   DG  1.01 +/-  0.05
point     11 -     12,   DG  0.39 +/-  0.03
point     12 -     13,   DG -0.17 +/-  0.02
point     13 -     14,   DG -0.51 +/-  0.02
point     14 -     15,   DG -0.83 +/-  0.03
point     15 -     16,   DG -1.31 +/-  0.04
point     16 -     17,   DG -4.30 +/-  0.03
point     17 -     18,   DG -3.62 +/-  0.04
point     18 -     19,   DG -4.88 +/-  0.02
point     19 -     20,   DG -6.42 +/-  0.02
point     20 -     21,   DG -8.15 +/-  0.06
point     21 -     22,   DG -10.03 +/-  0.06
point     22 -     23,   DG -12.07 +/-  0.03

total      0 -     23,   DG -33.06 +/-  0.73

