lambda_00/bar.xvg: 0.0 - 968.8; lambda = (0, 0)
    dH/dl & foreign lambdas:
        dH/dl (coul-lambda) (9689 pts)
        dH/dl (vdw-lambda) (9689 pts)
        delta H to (0, 0) (9689 pts)
        delta H to (0, 0.1) (9689 pts)


lambda_01/bar.xvg: 0.0 - 971.0; lambda = (0, 0.1)
    dH/dl & foreign lambdas:
        dH/dl (coul-lambda) (9711 pts)
        dH/dl (vdw-lambda) (9711 pts)
        delta H to (0, 0) (9711 pts)
        delta H to (0, 0.1) (9711 pts)
        delta H to (0, 0.2) (9711 pts)


lambda_02/bar.xvg: 0.0 - 971.0; lambda = (0, 0.2)
    dH/dl & foreign lambdas:
        dH/dl (coul-lambda) (9711 pts)
        dH/dl (vdw-lambda) (9711 pts)
        delta H to (0, 0.1) (9711 pts)
        delta H to (0, 0.2) (9711 pts)
        delta H to (0, 0.3) (9711 pts)


lambda_03/bar.xvg: 0.0 - 973.7; lambda = (0, 0.3)
    dH/dl & foreign lambdas:
        dH/dl (coul-lambda) (9738 pts)
        dH/dl (vdw-lambda) (9738 pts)
        delta H to (0, 0.2) (9738 pts)
        delta H to (0, 0.3) (9738 pts)
        delta H to (0, 0.4) (9738 pts)


lambda_04/bar.xvg: 0.0 - 972.8; lambda = (0, 0.4)
    dH/dl & foreign lambdas:
        dH/dl (coul-lambda) (9729 pts)
        dH/dl (vdw-lambda) (9729 pts)
        delta H to (0, 0.3) (9729 pts)
        delta H to (0, 0.4) (9729 pts)
        delta H to (0, 0.5) (9729 pts)


lambda_05/bar.xvg: 0.0 - 973.1; lambda = (0, 0.5)
    dH/dl & foreign lambdas:
        dH/dl (coul-lambda) (9732 pts)
        dH/dl (vdw-lambda) (9732 pts)
        delta H to (0, 0.4) (9732 pts)
        delta H to (0, 0.5) (9732 pts)
        delta H to (0, 0.55) (9732 pts)


lambda_06/bar.xvg: 0.0 - 972.0; lambda = (0, 0.55)
    dH/dl & foreign lambdas:
        dH/dl (coul-lambda) (9721 pts)
        dH/dl (vdw-lambda) (9721 pts)
        delta H to (0, 0.5) (9721 pts)
        delta H to (0, 0.55) (9721 pts)
        delta H to (0, 0.6) (9721 pts)


lambda_07/bar.xvg: 0.0 - 970.7; lambda = (0, 0.6)
    dH/dl & foreign lambdas:
        dH/dl (coul-lambda) (9708 pts)
        dH/dl (vdw-lambda) (9708 pts)
        delta H to (0, 0.55) (9708 pts)
        delta H to (0, 0.6) (9708 pts)
        delta H to (0, 0.65) (9708 pts)


lambda_08/bar.xvg: 0.0 - 968.7; lambda = (0, 0.65)
    dH/dl & foreign lambdas:
        dH/dl (coul-lambda) (9688 pts)
        dH/dl (vdw-lambda) (9688 pts)
        delta H to (0, 0.6) (9688 pts)
        delta H to (0, 0.65) (9688 pts)
        delta H to (0, 0.7) (9688 pts)


lambda_09/bar.xvg: 0.0 - 979.7; lambda = (0, 0.7)
    dH/dl & foreign lambdas:
        dH/dl (coul-lambda) (9798 pts)
        dH/dl (vdw-lambda) (9798 pts)
        delta H to (0, 0.65) (9798 pts)
        delta H to (0, 0.7) (9798 pts)
        delta H to (0, 0.75) (9798 pts)


lambda_10/bar.xvg: 0.0 - 978.1; lambda = (0, 0.75)
    dH/dl & foreign lambdas:
        dH/dl (coul-lambda) (9782 pts)
        dH/dl (vdw-lambda) (9782 pts)
        delta H to (0, 0.7) (9782 pts)
        delta H to (0, 0.75) (9782 pts)
        delta H to (0, 0.8) (9782 pts)


lambda_11/bar.xvg: 0.0 - 975.6; lambda = (0, 0.8)
    dH/dl & foreign lambdas:
        dH/dl (coul-lambda) (9757 pts)
        dH/dl (vdw-lambda) (9757 pts)
        delta H to (0, 0.75) (9757 pts)
        delta H to (0, 0.8) (9757 pts)
        delta H to (0, 0.85) (9757 pts)


lambda_12/bar.xvg: 0.0 - 974.2; lambda = (0, 0.85)
    dH/dl & foreign lambdas:
        dH/dl (coul-lambda) (9743 pts)
        dH/dl (vdw-lambda) (9743 pts)
        delta H to (0, 0.8) (9743 pts)
        delta H to (0, 0.85) (9743 pts)
        delta H to (0, 0.9) (9743 pts)


lambda_13/bar.xvg: 0.0 - 973.1; lambda = (0, 0.9)
    dH/dl & foreign lambdas:
        dH/dl (coul-lambda) (9732 pts)
        dH/dl (vdw-lambda) (9732 pts)
        delta H to (0, 0.85) (9732 pts)
        delta H to (0, 0.9) (9732 pts)
        delta H to (0, 0.95) (9732 pts)


lambda_14/bar.xvg: 0.0 - 972.2; lambda = (0, 0.95)
    dH/dl & foreign lambdas:
        dH/dl (coul-lambda) (9723 pts)
        dH/dl (vdw-lambda) (9723 pts)
        delta H to (0, 0.9) (9723 pts)
        delta H to (0, 0.95) (9723 pts)
        delta H to (0, 1) (9723 pts)


lambda_15/bar.xvg: 0.0 - 971.6; lambda = (0, 1)
    dH/dl & foreign lambdas:
        dH/dl (coul-lambda) (9717 pts)
        dH/dl (vdw-lambda) (9717 pts)
        delta H to (0, 0.95) (9717 pts)
        delta H to (0, 1) (9717 pts)
        delta H to (0.2, 1) (9717 pts)


lambda_16/bar.xvg: 0.0 - 975.9; lambda = (0.2, 1)
    dH/dl & foreign lambdas:
        dH/dl (coul-lambda) (9760 pts)
        dH/dl (vdw-lambda) (9760 pts)
        delta H to (0, 1) (9760 pts)
        delta H to (0.2, 1) (9760 pts)
        delta H to (0.4, 1) (9760 pts)


lambda_17/bar.xvg: 0.0 - 966.7; lambda = (0.4, 1)
    dH/dl & foreign lambdas:
        dH/dl (coul-lambda) (9668 pts)
        dH/dl (vdw-lambda) (9668 pts)
        delta H to (0.2, 1) (9668 pts)
        delta H to (0.4, 1) (9668 pts)
        delta H to (0.5, 1) (9668 pts)


lambda_18/bar.xvg: 0.0 - 968.8; lambda = (0.5, 1)
    dH/dl & foreign lambdas:
        dH/dl (coul-lambda) (9689 pts)
        dH/dl (vdw-lambda) (9689 pts)
        delta H to (0.4, 1) (9689 pts)
        delta H to (0.5, 1) (9689 pts)
        delta H to (0.6, 1) (9689 pts)


lambda_19/bar.xvg: 0.0 - 971.1; lambda = (0.6, 1)
    dH/dl & foreign lambdas:
        dH/dl (coul-lambda) (9712 pts)
        dH/dl (vdw-lambda) (9712 pts)
        delta H to (0.5, 1) (9712 pts)
        delta H to (0.6, 1) (9712 pts)
        delta H to (0.7, 1) (9712 pts)


lambda_20/bar.xvg: 0.0 - 973.2; lambda = (0.7, 1)
    dH/dl & foreign lambdas:
        dH/dl (coul-lambda) (9733 pts)
        dH/dl (vdw-lambda) (9733 pts)
        delta H to (0.6, 1) (9733 pts)
        delta H to (0.7, 1) (9733 pts)
        delta H to (0.8, 1) (9733 pts)


lambda_21/bar.xvg: 0.0 - 975.4; lambda = (0.8, 1)
    dH/dl & foreign lambdas:
        dH/dl (coul-lambda) (9755 pts)
        dH/dl (vdw-lambda) (9755 pts)
        delta H to (0.7, 1) (9755 pts)
        delta H to (0.8, 1) (9755 pts)
        delta H to (0.9, 1) (9755 pts)


lambda_22/bar.xvg: 0.0 - 977.6; lambda = (0.9, 1)
    dH/dl & foreign lambdas:
        dH/dl (coul-lambda) (9777 pts)
        dH/dl (vdw-lambda) (9777 pts)
        delta H to (0.8, 1) (9777 pts)
        delta H to (0.9, 1) (9777 pts)
        delta H to (1, 1) (9777 pts)


lambda_23/bar.xvg: 0.0 - 964.8; lambda = (1, 1)
    dH/dl & foreign lambdas:
        dH/dl (coul-lambda) (9649 pts)
        dH/dl (vdw-lambda) (9649 pts)
        delta H to (0.9, 1) (9649 pts)
        delta H to (1, 1) (9649 pts)



   Samples in time interval: 0.000 - 979.700
Removing samples outside of: 100.000 - 979.700

Temperature: 300 K

Detailed results in kT (see help for explanation):

 lam_A  lam_B      DG   +/-     s_A   +/-     s_B   +/-   stdev   +/- 
     0      1   -7.28  0.01    0.02  0.00    0.02  0.00    0.24  0.00
     1      2   -5.76  0.01    0.04  0.01    0.03  0.01    0.24  0.00
     2      3   -2.92  0.00    0.07  0.01    0.07  0.01    0.38  0.00
     3      4    2.06  0.02    0.39  0.01    0.43  0.01    0.89  0.01
     4      5    8.82  0.13    2.72  0.09    3.18  0.09    2.92  0.08
     5      6    5.00  0.12    2.37  0.09    2.00  0.08    2.38  0.06
     6      7    3.38  0.04    2.55  0.08    1.73  0.04    2.26  0.04
     7      8    2.11  0.02    1.82  0.05    1.25  0.03    1.82  0.02
     8      9    1.35  0.01    1.39  0.04    0.97  0.02    1.57  0.01
     9     10    0.85  0.02    1.17  0.03    0.81  0.02    1.42  0.02
    10     11    0.45  0.01    1.04  0.02    0.72  0.01    1.31  0.01
    11     12    0.12  0.01    0.87  0.02    0.62  0.01    1.20  0.01
    12     13   -0.11  0.01    0.74  0.01    0.52  0.01    1.11  0.01
    13     14   -0.28  0.01    0.68  0.02    0.48  0.01    1.06  0.01
    14     15   -0.43  0.01    0.61  0.02    0.43  0.01    0.99  0.01
    15     16   -0.51  0.02    0.53  0.01    0.56  0.01    1.04  0.00
    16     17   -1.73  0.02    0.67  0.03    0.75  0.04    1.21  0.02
    17     18   -1.48  0.02    0.23  0.01    0.25  0.01    0.69  0.00
    18     19   -1.98  0.02    0.25  0.02    0.27  0.02    0.74  0.01
    19     20   -2.57  0.03    0.33  0.01    0.35  0.02    0.81  0.01
    20     21   -3.28  0.01    0.36  0.02    0.37  0.02    0.86  0.01
    21     22   -4.08  0.02    0.42  0.01    0.43  0.01    0.90  0.01
    22     23   -4.90  0.01    0.39  0.03    0.39  0.03    0.91  0.01


Final results in kJ/mol:

point      0 -      1,   DG -18.16 +/-  0.01
point      1 -      2,   DG -14.36 +/-  0.01
point      2 -      3,   DG -7.28 +/-  0.01
point      3 -      4,   DG  5.14 +/-  0.04
point      4 -      5,   DG 21.99 +/-  0.32
point      5 -      6,   DG 12.46 +/-  0.29
point      6 -      7,   DG  8.44 +/-  0.11
point      7 -      8,   DG  5.25 +/-  0.05
point      8 -      9,   DG  3.37 +/-  0.01
point      9 -     10,   DG  2.11 +/-  0.04
point     10 -     11,   DG  1.13 +/-  0.02
point     11 -     12,   DG  0.31 +/-  0.02
point     12 -     13,   DG -0.27 +/-  0.03
point     13 -     14,   DG -0.69 +/-  0.03
point     14 -     15,   DG -1.07 +/-  0.02
point     15 -     16,   DG -1.26 +/-  0.04
point     16 -     17,   DG -4.31 +/-  0.06
point     17 -     18,   DG -3.68 +/-  0.06
point     18 -     19,   DG -4.94 +/-  0.04
point     19 -     20,   DG -6.42 +/-  0.07
point     20 -     21,   DG -8.19 +/-  0.03
point     21 -     22,   DG -10.17 +/-  0.04
point     22 -     23,   DG -12.22 +/-  0.04

total      0 -     23,   DG -32.83 +/-  0.59

