lambda_00/bar.xvg: 0.0 - 968.7; lambda = (0, 0)
    dH/dl & foreign lambdas:
        dH/dl (coul-lambda) (9688 pts)
        dH/dl (vdw-lambda) (9688 pts)
        delta H to (0, 0) (9688 pts)
        delta H to (0, 0.1) (9688 pts)


lambda_01/bar.xvg: 0.0 - 970.9; lambda = (0, 0.1)
    dH/dl & foreign lambdas:
        dH/dl (coul-lambda) (9710 pts)
        dH/dl (vdw-lambda) (9710 pts)
        delta H to (0, 0) (9710 pts)
        delta H to (0, 0.1) (9710 pts)
        delta H to (0, 0.2) (9710 pts)


lambda_02/bar.xvg: 0.0 - 971.0; lambda = (0, 0.2)
    dH/dl & foreign lambdas:
        dH/dl (coul-lambda) (9711 pts)
        dH/dl (vdw-lambda) (9711 pts)
        delta H to (0, 0.1) (9711 pts)
        delta H to (0, 0.2) (9711 pts)
        delta H to (0, 0.3) (9711 pts)


lambda_03/bar.xvg: 0.0 - 973.7; lambda = (0, 0.3)
    dH/dl & foreign lambdas:
        dH/dl (coul-lambda) (9738 pts)
        dH/dl (vdw-lambda) (9738 pts)
        delta H to (0, 0.2) (9738 pts)
        delta H to (0, 0.3) (9738 pts)
        delta H to (0, 0.4) (9738 pts)


lambda_04/bar.xvg: 0.0 - 972.6; lambda = (0, 0.4)
    dH/dl & foreign lambdas:
        dH/dl (coul-lambda) (9727 pts)
        dH/dl (vdw-lambda) (9727 pts)
        delta H to (0, 0.3) (9727 pts)
        delta H to (0, 0.4) (9727 pts)
        delta H to (0, 0.5) (9727 pts)


lambda_05/bar.xvg: 0.0 - 973.2; lambda = (0, 0.5)
    dH/dl & foreign lambdas:
        dH/dl (coul-lambda) (9733 pts)
        dH/dl (vdw-lambda) (9733 pts)
        delta H to (0, 0.4) (9733 pts)
        delta H to (0, 0.5) (9733 pts)
        delta H to (0, 0.55) (9733 pts)


lambda_06/bar.xvg: 0.0 - 971.8; lambda = (0, 0.55)
    dH/dl & foreign lambdas:
        dH/dl (coul-lambda) (9719 pts)
        dH/dl (vdw-lambda) (9719 pts)
        delta H to (0, 0.5) (9719 pts)
        delta H to (0, 0.55) (9719 pts)
        delta H to (0, 0.6) (9719 pts)


lambda_07/bar.xvg: 0.0 - 969.8; lambda = (0, 0.6)
    dH/dl & foreign lambdas:
        dH/dl (coul-lambda) (9699 pts)
        dH/dl (vdw-lambda) (9699 pts)
        delta H to (0, 0.55) (9699 pts)
        delta H to (0, 0.6) (9699 pts)
        delta H to (0, 0.65) (9699 pts)


lambda_08/bar.xvg: 0.0 - 968.0; lambda = (0, 0.65)
    dH/dl & foreign lambdas:
        dH/dl (coul-lambda) (9681 pts)
        dH/dl (vdw-lambda) (9681 pts)
        delta H to (0, 0.6) (9681 pts)
        delta H to (0, 0.65) (9681 pts)
        delta H to (0, 0.7) (9681 pts)


lambda_09/bar.xvg: 0.0 - 979.0; lambda = (0, 0.7)
    dH/dl & foreign lambdas:
        dH/dl (coul-lambda) (9791 pts)
        dH/dl (vdw-lambda) (9791 pts)
        delta H to (0, 0.65) (9791 pts)
        delta H to (0, 0.7) (9791 pts)
        delta H to (0, 0.75) (9791 pts)


lambda_10/bar.xvg: 0.0 - 977.0; lambda = (0, 0.75)
    dH/dl & foreign lambdas:
        dH/dl (coul-lambda) (9771 pts)
        dH/dl (vdw-lambda) (9771 pts)
        delta H to (0, 0.7) (9771 pts)
        delta H to (0, 0.75) (9771 pts)
        delta H to (0, 0.8) (9771 pts)


lambda_11/bar.xvg: 0.0 - 975.1; lambda = (0, 0.8)
    dH/dl & foreign lambdas:
        dH/dl (coul-lambda) (9752 pts)
        dH/dl (vdw-lambda) (9752 pts)
        delta H to (0, 0.75) (9752 pts)
        delta H to (0, 0.8) (9752 pts)
        delta H to (0, 0.85) (9752 pts)


lambda_12/bar.xvg: 0.0 - 973.1; lambda = (0, 0.85)
    dH/dl & foreign lambdas:
        dH/dl (coul-lambda) (9732 pts)
        dH/dl (vdw-lambda) (9732 pts)
        delta H to (0, 0.8) (9732 pts)
        delta H to (0, 0.85) (9732 pts)
        delta H to (0, 0.9) (9732 pts)


lambda_13/bar.xvg: 0.0 - 971.9; lambda = (0, 0.9)
    dH/dl & foreign lambdas:
        dH/dl (coul-lambda) (9720 pts)
        dH/dl (vdw-lambda) (9720 pts)
        delta H to (0, 0.85) (9720 pts)
        delta H to (0, 0.9) (9720 pts)
        delta H to (0, 0.95) (9720 pts)


lambda_14/bar.xvg: 0.0 - 971.3; lambda = (0, 0.95)
    dH/dl & foreign lambdas:
        dH/dl (coul-lambda) (9714 pts)
        dH/dl (vdw-lambda) (9714 pts)
        delta H to (0, 0.9) (9714 pts)
        delta H to (0, 0.95) (9714 pts)
        delta H to (0, 1) (9714 pts)


lambda_15/bar.xvg: 0.0 - 971.1; lambda = (0, 1)
    dH/dl & foreign lambdas:
        dH/dl (coul-lambda) (9712 pts)
        dH/dl (vdw-lambda) (9712 pts)
        delta H to (0, 0.95) (9712 pts)
        delta H to (0, 1) (9712 pts)
        delta H to (0.2, 1) (9712 pts)


lambda_16/bar.xvg: 0.0 - 976.3; lambda = (0.2, 1)
    dH/dl & foreign lambdas:
        dH/dl (coul-lambda) (9764 pts)
        dH/dl (vdw-lambda) (9764 pts)
        delta H to (0, 1) (9764 pts)
        delta H to (0.2, 1) (9764 pts)
        delta H to (0.4, 1) (9764 pts)


lambda_17/bar.xvg: 0.0 - 980.5; lambda = (0.4, 1)
    dH/dl & foreign lambdas:
        dH/dl (coul-lambda) (9806 pts)
        dH/dl (vdw-lambda) (9806 pts)
        delta H to (0.2, 1) (9806 pts)
        delta H to (0.4, 1) (9806 pts)
        delta H to (0.5, 1) (9806 pts)


lambda_18/bar.xvg: 0.0 - 969.4; lambda = (0.5, 1)
    dH/dl & foreign lambdas:
        dH/dl (coul-lambda) (9695 pts)
        dH/dl (vdw-lambda) (9695 pts)
        delta H to (0.4, 1) (9695 pts)
        delta H to (0.5, 1) (9695 pts)
        delta H to (0.6, 1) (9695 pts)


lambda_19/bar.xvg: 0.0 - 971.7; lambda = (0.6, 1)
    dH/dl & foreign lambdas:
        dH/dl (coul-lambda) (9718 pts)
        dH/dl (vdw-lambda) (9718 pts)
        delta H to (0.5, 1) (9718 pts)
        delta H to (0.6, 1) (9718 pts)
        delta H to (0.7, 1) (9718 pts)


lambda_20/bar.xvg: 0.0 - 973.9; lambda = (0.7, 1)
    dH/dl & foreign lambdas:
        dH/dl (coul-lambda) (9740 pts)
        dH/dl (vdw-lambda) (9740 pts)
        delta H to (0.6, 1) (9740 pts)
        delta H to (0.7, 1) (9740 pts)
        delta H to (0.8, 1) (9740 pts)


lambda_21/bar.xvg: 0.0 - 976.1; lambda = (0.8, 1)
    dH/dl & foreign lambdas:
        dH/dl (coul-lambda) (9762 pts)
        dH/dl (vdw-lambda) (9762 pts)
        delta H to (0.7, 1) (9762 pts)
        delta H to (0.8, 1) (9762 pts)
        delta H to (0.9, 1) (9762 pts)


lambda_22/bar.xvg: 0.0 - 977.9; lambda = (0.9, 1)
    dH/dl & foreign lambdas:
        dH/dl (coul-lambda) (9780 pts)
        dH/dl (vdw-lambda) (9780 pts)
        delta H to (0.8, 1) (9780 pts)
        delta H to (0.9, 1) (9780 pts)
        delta H to (1, 1) (9780 pts)


lambda_23/bar.xvg: 0.0 - 964.9; lambda = (1, 1)
    dH/dl & foreign lambdas:
        dH/dl (coul-lambda) (9650 pts)
        dH/dl (vdw-lambda) (9650 pts)
        delta H to (0.9, 1) (9650 pts)
        delta H to (1, 1) (9650 pts)



   Samples in time interval: 0.000 - 980.500
Removing samples outside of: 100.000 - 980.500

Temperature: 300 K

Detailed results in kT (see help for explanation):

 lam_A  lam_B      DG   +/-     s_A   +/-     s_B   +/-   stdev   +/- 
     0      1   -6.42  0.01    0.03  0.01    0.03  0.01    0.22  0.00
     1      2   -5.07  0.00    0.02  0.01    0.02  0.01    0.22  0.00
     2      3   -2.57  0.01    0.06  0.01    0.06  0.01    0.37  0.00
     3      4    1.82  0.01    0.35  0.02    0.37  0.02    0.84  0.01
     4      5    7.91  0.05    2.27  0.05    2.69  0.05    2.56  0.04
     5      6    4.55  0.04    2.17  0.07    1.89  0.07    2.25  0.05
     6      7    2.93  0.08    2.34  0.06    1.56  0.06    2.13  0.03
     7      8    1.82  0.04    1.52  0.05    1.04  0.03    1.63  0.02
     8      9    1.23  0.03    1.23  0.04    0.87  0.02    1.47  0.01
     9     10    0.77  0.01    1.06  0.02    0.73  0.02    1.34  0.01
    10     11    0.42  0.01    0.90  0.01    0.63  0.01    1.22  0.01
    11     12    0.16  0.01    0.79  0.02    0.55  0.01    1.13  0.01
    12     13   -0.07  0.01    0.69  0.01    0.48  0.01    1.05  0.01
    13     14   -0.22  0.00    0.59  0.01    0.42  0.00    0.98  0.00
    14     15   -0.35  0.01    0.55  0.00    0.40  0.00    0.94  0.00
    15     16   -0.53  0.02    0.56  0.02    0.58  0.02    1.06  0.01
    16     17   -1.77  0.01    0.66  0.02    0.75  0.02    1.20  0.01
    17     18   -1.50  0.01    0.25  0.02    0.26  0.02    0.70  0.01
    18     19   -2.05  0.02    0.29  0.02    0.30  0.02    0.77  0.01
    19     20   -2.67  0.01    0.31  0.02    0.33  0.02    0.82  0.01
    20     21   -3.33  0.02    0.34  0.02    0.35  0.01    0.85  0.01
    21     22   -4.06  0.02    0.38  0.02    0.39  0.02    0.89  0.01
    22     23   -4.85  0.02    0.40  0.03    0.41  0.03    0.91  0.01


Final results in kJ/mol:

point      0 -      1,   DG -16.00 +/-  0.01
point      1 -      2,   DG -12.65 +/-  0.01
point      2 -      3,   DG -6.42 +/-  0.01
point      3 -      4,   DG  4.54 +/-  0.03
point      4 -      5,   DG 19.73 +/-  0.12
point      5 -      6,   DG 11.36 +/-  0.09
point      6 -      7,   DG  7.30 +/-  0.21
point      7 -      8,   DG  4.54 +/-  0.11
point      8 -      9,   DG  3.08 +/-  0.08
point      9 -     10,   DG  1.91 +/-  0.03
point     10 -     11,   DG  1.06 +/-  0.04
point     11 -     12,   DG  0.39 +/-  0.02
point     12 -     13,   DG -0.17 +/-  0.02
point     13 -     14,   DG -0.55 +/-  0.01
point     14 -     15,   DG -0.87 +/-  0.02
point     15 -     16,   DG -1.32 +/-  0.04
point     16 -     17,   DG -4.41 +/-  0.03
point     17 -     18,   DG -3.75 +/-  0.03
point     18 -     19,   DG -5.12 +/-  0.05
point     19 -     20,   DG -6.66 +/-  0.02
point     20 -     21,   DG -8.32 +/-  0.05
point     21 -     22,   DG -10.13 +/-  0.06
point     22 -     23,   DG -12.11 +/-  0.04

total      0 -     23,   DG -34.58 +/-  0.55

