lambda_00/bar.xvg: 0.0 - 999.9; lambda = (0, 0)
    dH/dl & foreign lambdas:
        dH/dl (coul-lambda) (10000 pts)
        dH/dl (vdw-lambda) (10000 pts)
        delta H to (0, 0) (10000 pts)
        delta H to (0, 0.1) (10000 pts)


lambda_01/bar.xvg: 0.0 - 999.9; lambda = (0, 0.1)
    dH/dl & foreign lambdas:
        dH/dl (coul-lambda) (10000 pts)
        dH/dl (vdw-lambda) (10000 pts)
        delta H to (0, 0) (10000 pts)
        delta H to (0, 0.1) (10000 pts)
        delta H to (0, 0.2) (10000 pts)


lambda_02/bar.xvg: 0.0 - 999.9; lambda = (0, 0.2)
    dH/dl & foreign lambdas:
        dH/dl (coul-lambda) (10000 pts)
        dH/dl (vdw-lambda) (10000 pts)
        delta H to (0, 0.1) (10000 pts)
        delta H to (0, 0.2) (10000 pts)
        delta H to (0, 0.3) (10000 pts)


lambda_03/bar.xvg: 0.0 - 999.9; lambda = (0, 0.3)
    dH/dl & foreign lambdas:
        dH/dl (coul-lambda) (10000 pts)
        dH/dl (vdw-lambda) (10000 pts)
        delta H to (0, 0.2) (10000 pts)
        delta H to (0, 0.3) (10000 pts)
        delta H to (0, 0.4) (10000 pts)


lambda_04/bar.xvg: 0.0 - 999.9; lambda = (0, 0.4)
    dH/dl & foreign lambdas:
        dH/dl (coul-lambda) (10000 pts)
        dH/dl (vdw-lambda) (10000 pts)
        delta H to (0, 0.3) (10000 pts)
        delta H to (0, 0.4) (10000 pts)
        delta H to (0, 0.5) (10000 pts)


lambda_05/bar.xvg: 0.0 - 999.9; lambda = (0, 0.5)
    dH/dl & foreign lambdas:
        dH/dl (coul-lambda) (10000 pts)
        dH/dl (vdw-lambda) (10000 pts)
        delta H to (0, 0.4) (10000 pts)
        delta H to (0, 0.5) (10000 pts)
        delta H to (0, 0.55) (10000 pts)


lambda_06/bar.xvg: 0.0 - 999.9; lambda = (0, 0.55)
    dH/dl & foreign lambdas:
        dH/dl (coul-lambda) (10000 pts)
        dH/dl (vdw-lambda) (10000 pts)
        delta H to (0, 0.5) (10000 pts)
        delta H to (0, 0.55) (10000 pts)
        delta H to (0, 0.6) (10000 pts)


lambda_07/bar.xvg: 0.0 - 999.9; lambda = (0, 0.6)
    dH/dl & foreign lambdas:
        dH/dl (coul-lambda) (10000 pts)
        dH/dl (vdw-lambda) (10000 pts)
        delta H to (0, 0.55) (10000 pts)
        delta H to (0, 0.6) (10000 pts)
        delta H to (0, 0.65) (10000 pts)


lambda_08/bar.xvg: 0.0 - 999.9; lambda = (0, 0.65)
    dH/dl & foreign lambdas:
        dH/dl (coul-lambda) (10000 pts)
        dH/dl (vdw-lambda) (10000 pts)
        delta H to (0, 0.6) (10000 pts)
        delta H to (0, 0.65) (10000 pts)
        delta H to (0, 0.7) (10000 pts)


lambda_09/bar.xvg: 0.0 - 999.9; lambda = (0, 0.7)
    dH/dl & foreign lambdas:
        dH/dl (coul-lambda) (10000 pts)
        dH/dl (vdw-lambda) (10000 pts)
        delta H to (0, 0.65) (10000 pts)
        delta H to (0, 0.7) (10000 pts)
        delta H to (0, 0.75) (10000 pts)


lambda_10/bar.xvg: 0.0 - 999.9; lambda = (0, 0.75)
    dH/dl & foreign lambdas:
        dH/dl (coul-lambda) (10000 pts)
        dH/dl (vdw-lambda) (10000 pts)
        delta H to (0, 0.7) (10000 pts)
        delta H to (0, 0.75) (10000 pts)
        delta H to (0, 0.8) (10000 pts)


lambda_11/bar.xvg: 0.0 - 999.9; lambda = (0, 0.8)
    dH/dl & foreign lambdas:
        dH/dl (coul-lambda) (10000 pts)
        dH/dl (vdw-lambda) (10000 pts)
        delta H to (0, 0.75) (10000 pts)
        delta H to (0, 0.8) (10000 pts)
        delta H to (0, 0.85) (10000 pts)


lambda_12/bar.xvg: 0.0 - 999.9; lambda = (0, 0.85)
    dH/dl & foreign lambdas:
        dH/dl (coul-lambda) (10000 pts)
        dH/dl (vdw-lambda) (10000 pts)
        delta H to (0, 0.8) (10000 pts)
        delta H to (0, 0.85) (10000 pts)
        delta H to (0, 0.9) (10000 pts)


lambda_13/bar.xvg: 0.0 - 999.9; lambda = (0, 0.9)
    dH/dl & foreign lambdas:
        dH/dl (coul-lambda) (10000 pts)
        dH/dl (vdw-lambda) (10000 pts)
        delta H to (0, 0.85) (10000 pts)
        delta H to (0, 0.9) (10000 pts)
        delta H to (0, 0.95) (10000 pts)


lambda_14/bar.xvg: 0.0 - 999.9; lambda = (0, 0.95)
    dH/dl & foreign lambdas:
        dH/dl (coul-lambda) (10000 pts)
        dH/dl (vdw-lambda) (10000 pts)
        delta H to (0, 0.9) (10000 pts)
        delta H to (0, 0.95) (10000 pts)
        delta H to (0, 1) (10000 pts)


lambda_15/bar.xvg: 0.0 - 999.9; lambda = (0, 1)
    dH/dl & foreign lambdas:
        dH/dl (coul-lambda) (10000 pts)
        dH/dl (vdw-lambda) (10000 pts)
        delta H to (0, 0.95) (10000 pts)
        delta H to (0, 1) (10000 pts)
        delta H to (0.2, 1) (10000 pts)


lambda_16/bar.xvg: 0.0 - 989.4; lambda = (0.2, 1)
    dH/dl & foreign lambdas:
        dH/dl (coul-lambda) (9895 pts)
        dH/dl (vdw-lambda) (9895 pts)
        delta H to (0, 1) (9895 pts)
        delta H to (0.2, 1) (9895 pts)
        delta H to (0.4, 1) (9895 pts)


lambda_17/bar.xvg: 0.0 - 993.5; lambda = (0.4, 1)
    dH/dl & foreign lambdas:
        dH/dl (coul-lambda) (9936 pts)
        dH/dl (vdw-lambda) (9936 pts)
        delta H to (0.2, 1) (9936 pts)
        delta H to (0.4, 1) (9936 pts)
        delta H to (0.5, 1) (9936 pts)


lambda_18/bar.xvg: 0.0 - 995.7; lambda = (0.5, 1)
    dH/dl & foreign lambdas:
        dH/dl (coul-lambda) (9958 pts)
        dH/dl (vdw-lambda) (9958 pts)
        delta H to (0.4, 1) (9958 pts)
        delta H to (0.5, 1) (9958 pts)
        delta H to (0.6, 1) (9958 pts)


lambda_19/bar.xvg: 0.0 - 997.9; lambda = (0.6, 1)
    dH/dl & foreign lambdas:
        dH/dl (coul-lambda) (9980 pts)
        dH/dl (vdw-lambda) (9980 pts)
        delta H to (0.5, 1) (9980 pts)
        delta H to (0.6, 1) (9980 pts)
        delta H to (0.7, 1) (9980 pts)


lambda_20/bar.xvg: 0.0 - 986.8; lambda = (0.7, 1)
    dH/dl & foreign lambdas:
        dH/dl (coul-lambda) (9869 pts)
        dH/dl (vdw-lambda) (9869 pts)
        delta H to (0.6, 1) (9869 pts)
        delta H to (0.7, 1) (9869 pts)
        delta H to (0.8, 1) (9869 pts)


lambda_21/bar.xvg: 0.0 - 989.0; lambda = (0.8, 1)
    dH/dl & foreign lambdas:
        dH/dl (coul-lambda) (9891 pts)
        dH/dl (vdw-lambda) (9891 pts)
        delta H to (0.7, 1) (9891 pts)
        delta H to (0.8, 1) (9891 pts)
        delta H to (0.9, 1) (9891 pts)


lambda_22/bar.xvg: 0.0 - 990.9; lambda = (0.9, 1)
    dH/dl & foreign lambdas:
        dH/dl (coul-lambda) (9910 pts)
        dH/dl (vdw-lambda) (9910 pts)
        delta H to (0.8, 1) (9910 pts)
        delta H to (0.9, 1) (9910 pts)
        delta H to (1, 1) (9910 pts)


lambda_23/bar.xvg: 0.0 - 999.9; lambda = (1, 1)
    dH/dl & foreign lambdas:
        dH/dl (coul-lambda) (10000 pts)
        dH/dl (vdw-lambda) (10000 pts)
        delta H to (0.9, 1) (10000 pts)
        delta H to (1, 1) (10000 pts)



   Samples in time interval: 0.000 - 999.900
Removing samples outside of: 100.000 - 999.900

Temperature: 300 K

Detailed results in kT (see help for explanation):

 lam_A  lam_B      DG   +/-     s_A   +/-     s_B   +/-   stdev   +/- 
     0      1   -7.28  0.00    0.02  0.00    0.02  0.00    0.23  0.00
     1      2   -5.76  0.01    0.03  0.00    0.03  0.00    0.23  0.00
     2      3   -2.93  0.01    0.08  0.01    0.08  0.01    0.39  0.00
     3      4    2.04  0.02    0.37  0.02    0.40  0.02    0.89  0.01
     4      5    8.98  0.07    2.58  0.04    2.96  0.06    2.78  0.03
     5      6    5.14  0.08    2.58  0.05    2.25  0.05    2.56  0.04
     6      7    3.29  0.07    2.49  0.07    1.67  0.05    2.20  0.03
     7      8    2.10  0.02    1.78  0.04    1.24  0.03    1.80  0.02
     8      9    1.34  0.03    1.40  0.04    0.96  0.02    1.56  0.01
     9     10    0.82  0.02    1.20  0.05    0.84  0.03    1.42  0.02
    10     11    0.42  0.02    0.98  0.02    0.69  0.01    1.30  0.01
    11     12    0.14  0.00    0.86  0.02    0.59  0.01    1.21  0.01
    12     13   -0.07  0.01    0.78  0.01    0.55  0.01    1.13  0.01
    13     14   -0.27  0.02    0.68  0.01    0.49  0.01    1.05  0.01
    14     15   -0.42  0.01    0.60  0.01    0.43  0.01    1.00  0.01
    15     16   -0.52  0.01    0.53  0.01    0.54  0.01    1.05  0.01
    16     17   -1.73  0.02    0.67  0.02    0.76  0.02    1.21  0.01
    17     18   -1.49  0.01    0.24  0.01    0.26  0.01    0.70  0.01
    18     19   -2.01  0.01    0.26  0.01    0.28  0.01    0.75  0.00
    19     20   -2.59  0.02    0.30  0.02    0.31  0.02    0.81  0.01
    20     21   -3.26  0.02    0.35  0.02    0.36  0.02    0.86  0.01
    21     22   -4.01  0.02    0.38  0.02    0.39  0.02    0.88  0.01
    22     23   -4.80  0.03    0.40  0.01    0.41  0.01    0.90  0.01


Final results in kJ/mol:

point      0 -      1,   DG -18.15 +/-  0.01
point      1 -      2,   DG -14.36 +/-  0.02
point      2 -      3,   DG -7.31 +/-  0.02
point      3 -      4,   DG  5.09 +/-  0.04
point      4 -      5,   DG 22.40 +/-  0.17
point      5 -      6,   DG 12.82 +/-  0.20
point      6 -      7,   DG  8.20 +/-  0.17
point      7 -      8,   DG  5.23 +/-  0.06
point      8 -      9,   DG  3.34 +/-  0.08
point      9 -     10,   DG  2.05 +/-  0.05
point     10 -     11,   DG  1.05 +/-  0.05
point     11 -     12,   DG  0.36 +/-  0.01
point     12 -     13,   DG -0.18 +/-  0.03
point     13 -     14,   DG -0.68 +/-  0.04
point     14 -     15,   DG -1.04 +/-  0.03
point     15 -     16,   DG -1.29 +/-  0.03
point     16 -     17,   DG -4.32 +/-  0.04
point     17 -     18,   DG -3.72 +/-  0.03
point     18 -     19,   DG -5.02 +/-  0.03
point     19 -     20,   DG -6.46 +/-  0.04
point     20 -     21,   DG -8.13 +/-  0.06
point     21 -     22,   DG -9.99 +/-  0.04
point     22 -     23,   DG -11.97 +/-  0.07

total      0 -     23,   DG -32.09 +/-  0.26

