lambda_00/bar.xvg: 0.0 - 905.2; lambda = (0, 0)
    dH/dl & foreign lambdas:
        dH/dl (coul-lambda) (9053 pts)
        dH/dl (vdw-lambda) (9053 pts)
        delta H to (0, 0) (9053 pts)
        delta H to (0, 0.1) (9053 pts)


lambda_01/bar.xvg: 0.0 - 904.6; lambda = (0, 0.1)
    dH/dl & foreign lambdas:
        dH/dl (coul-lambda) (9047 pts)
        dH/dl (vdw-lambda) (9047 pts)
        delta H to (0, 0) (9047 pts)
        delta H to (0, 0.1) (9047 pts)
        delta H to (0, 0.2) (9047 pts)


lambda_02/bar.xvg: 0.0 - 904.5; lambda = (0, 0.2)
    dH/dl & foreign lambdas:
        dH/dl (coul-lambda) (9046 pts)
        dH/dl (vdw-lambda) (9046 pts)
        delta H to (0, 0.1) (9046 pts)
        delta H to (0, 0.2) (9046 pts)
        delta H to (0, 0.3) (9046 pts)


lambda_03/bar.xvg: 0.0 - 906.1; lambda = (0, 0.3)
    dH/dl & foreign lambdas:
        dH/dl (coul-lambda) (9062 pts)
        dH/dl (vdw-lambda) (9062 pts)
        delta H to (0, 0.2) (9062 pts)
        delta H to (0, 0.3) (9062 pts)
        delta H to (0, 0.4) (9062 pts)


lambda_04/bar.xvg: 0.0 - 905.4; lambda = (0, 0.4)
    dH/dl & foreign lambdas:
        dH/dl (coul-lambda) (9055 pts)
        dH/dl (vdw-lambda) (9055 pts)
        delta H to (0, 0.3) (9055 pts)
        delta H to (0, 0.4) (9055 pts)
        delta H to (0, 0.5) (9055 pts)


lambda_05/bar.xvg: 0.0 - 905.3; lambda = (0, 0.5)
    dH/dl & foreign lambdas:
        dH/dl (coul-lambda) (9054 pts)
        dH/dl (vdw-lambda) (9054 pts)
        delta H to (0, 0.4) (9054 pts)
        delta H to (0, 0.5) (9054 pts)
        delta H to (0, 0.55) (9054 pts)


lambda_06/bar.xvg: 0.0 - 904.7; lambda = (0, 0.55)
    dH/dl & foreign lambdas:
        dH/dl (coul-lambda) (9048 pts)
        dH/dl (vdw-lambda) (9048 pts)
        delta H to (0, 0.5) (9048 pts)
        delta H to (0, 0.55) (9048 pts)
        delta H to (0, 0.6) (9048 pts)


lambda_07/bar.xvg: 0.0 - 903.2; lambda = (0, 0.6)
    dH/dl & foreign lambdas:
        dH/dl (coul-lambda) (9033 pts)
        dH/dl (vdw-lambda) (9033 pts)
        delta H to (0, 0.55) (9033 pts)
        delta H to (0, 0.6) (9033 pts)
        delta H to (0, 0.65) (9033 pts)


lambda_08/bar.xvg: 0.0 - 901.5; lambda = (0, 0.65)
    dH/dl & foreign lambdas:
        dH/dl (coul-lambda) (9016 pts)
        dH/dl (vdw-lambda) (9016 pts)
        delta H to (0, 0.6) (9016 pts)
        delta H to (0, 0.65) (9016 pts)
        delta H to (0, 0.7) (9016 pts)


lambda_09/bar.xvg: 0.0 - 899.7; lambda = (0, 0.7)
    dH/dl & foreign lambdas:
        dH/dl (coul-lambda) (8998 pts)
        dH/dl (vdw-lambda) (8998 pts)
        delta H to (0, 0.65) (8998 pts)
        delta H to (0, 0.7) (8998 pts)
        delta H to (0, 0.75) (8998 pts)


lambda_10/bar.xvg: 0.0 - 911.2; lambda = (0, 0.75)
    dH/dl & foreign lambdas:
        dH/dl (coul-lambda) (9113 pts)
        dH/dl (vdw-lambda) (9113 pts)
        delta H to (0, 0.7) (9113 pts)
        delta H to (0, 0.75) (9113 pts)
        delta H to (0, 0.8) (9113 pts)


lambda_11/bar.xvg: 0.0 - 909.2; lambda = (0, 0.8)
    dH/dl & foreign lambdas:
        dH/dl (coul-lambda) (9093 pts)
        dH/dl (vdw-lambda) (9093 pts)
        delta H to (0, 0.75) (9093 pts)
        delta H to (0, 0.8) (9093 pts)
        delta H to (0, 0.85) (9093 pts)


lambda_12/bar.xvg: 0.0 - 907.7; lambda = (0, 0.85)
    dH/dl & foreign lambdas:
        dH/dl (coul-lambda) (9078 pts)
        dH/dl (vdw-lambda) (9078 pts)
        delta H to (0, 0.8) (9078 pts)
        delta H to (0, 0.85) (9078 pts)
        delta H to (0, 0.9) (9078 pts)


lambda_13/bar.xvg: 0.0 - 906.3; lambda = (0, 0.9)
    dH/dl & foreign lambdas:
        dH/dl (coul-lambda) (9064 pts)
        dH/dl (vdw-lambda) (9064 pts)
        delta H to (0, 0.85) (9064 pts)
        delta H to (0, 0.9) (9064 pts)
        delta H to (0, 0.95) (9064 pts)


lambda_14/bar.xvg: 0.0 - 905.5; lambda = (0, 0.95)
    dH/dl & foreign lambdas:
        dH/dl (coul-lambda) (9056 pts)
        dH/dl (vdw-lambda) (9056 pts)
        delta H to (0, 0.9) (9056 pts)
        delta H to (0, 0.95) (9056 pts)
        delta H to (0, 1) (9056 pts)


lambda_15/bar.xvg: 0.0 - 905.3; lambda = (0, 1)
    dH/dl & foreign lambdas:
        dH/dl (coul-lambda) (9054 pts)
        dH/dl (vdw-lambda) (9054 pts)
        delta H to (0, 0.95) (9054 pts)
        delta H to (0, 1) (9054 pts)
        delta H to (0.2, 1) (9054 pts)


lambda_16/bar.xvg: 0.0 - 910.2; lambda = (0.2, 1)
    dH/dl & foreign lambdas:
        dH/dl (coul-lambda) (9103 pts)
        dH/dl (vdw-lambda) (9103 pts)
        delta H to (0, 1) (9103 pts)
        delta H to (0.2, 1) (9103 pts)
        delta H to (0.4, 1) (9103 pts)


lambda_17/bar.xvg: 0.0 - 900.7; lambda = (0.4, 1)
    dH/dl & foreign lambdas:
        dH/dl (coul-lambda) (9008 pts)
        dH/dl (vdw-lambda) (9008 pts)
        delta H to (0.2, 1) (9008 pts)
        delta H to (0.4, 1) (9008 pts)
        delta H to (0.5, 1) (9008 pts)


lambda_18/bar.xvg: 0.0 - 902.6; lambda = (0.5, 1)
    dH/dl & foreign lambdas:
        dH/dl (coul-lambda) (9027 pts)
        dH/dl (vdw-lambda) (9027 pts)
        delta H to (0.4, 1) (9027 pts)
        delta H to (0.5, 1) (9027 pts)
        delta H to (0.6, 1) (9027 pts)


lambda_19/bar.xvg: 0.0 - 904.6; lambda = (0.6, 1)
    dH/dl & foreign lambdas:
        dH/dl (coul-lambda) (9047 pts)
        dH/dl (vdw-lambda) (9047 pts)
        delta H to (0.5, 1) (9047 pts)
        delta H to (0.6, 1) (9047 pts)
        delta H to (0.7, 1) (9047 pts)


lambda_20/bar.xvg: 0.0 - 906.5; lambda = (0.7, 1)
    dH/dl & foreign lambdas:
        dH/dl (coul-lambda) (9066 pts)
        dH/dl (vdw-lambda) (9066 pts)
        delta H to (0.6, 1) (9066 pts)
        delta H to (0.7, 1) (9066 pts)
        delta H to (0.8, 1) (9066 pts)


lambda_21/bar.xvg: 0.0 - 908.8; lambda = (0.8, 1)
    dH/dl & foreign lambdas:
        dH/dl (coul-lambda) (9089 pts)
        dH/dl (vdw-lambda) (9089 pts)
        delta H to (0.7, 1) (9089 pts)
        delta H to (0.8, 1) (9089 pts)
        delta H to (0.9, 1) (9089 pts)


lambda_22/bar.xvg: 0.0 - 910.5; lambda = (0.9, 1)
    dH/dl & foreign lambdas:
        dH/dl (coul-lambda) (9106 pts)
        dH/dl (vdw-lambda) (9106 pts)
        delta H to (0.8, 1) (9106 pts)
        delta H to (0.9, 1) (9106 pts)
        delta H to (1, 1) (9106 pts)


lambda_23/bar.xvg: 0.0 - 899.3; lambda = (1, 1)
    dH/dl & foreign lambdas:
        dH/dl (coul-lambda) (8994 pts)
        dH/dl (vdw-lambda) (8994 pts)
        delta H to (0.9, 1) (8994 pts)
        delta H to (1, 1) (8994 pts)



   Samples in time interval: 0.000 - 911.200
Removing samples outside of: 100.000 - 911.200

Temperature: 300 K

Detailed results in kT (see help for explanation):

 lam_A  lam_B      DG   +/-     s_A   +/-     s_B   +/-   stdev   +/- 
     0      1   -7.28  0.01    0.03  0.00    0.03  0.00    0.24  0.00
     1      2   -5.75  0.01    0.02  0.00    0.02  0.00    0.24  0.01
     2      3   -2.92  0.01    0.09  0.01    0.10  0.01    0.40  0.01
     3      4    2.07  0.02    0.33  0.03    0.37  0.03    0.89  0.01
     4      5    8.87  0.10    2.81  0.12    3.28  0.11    2.97  0.08
     5      6    4.95  0.12    2.38  0.12    1.98  0.07    2.37  0.05
     6      7    3.27  0.08    2.63  0.11    1.79  0.07    2.30  0.06
     7      8    2.05  0.04    1.63  0.06    1.13  0.03    1.75  0.02
     8      9    1.40  0.04    1.44  0.03    0.99  0.02    1.60  0.01
     9     10    0.86  0.03    1.20  0.05    0.83  0.03    1.44  0.02
    10     11    0.46  0.02    1.02  0.01    0.72  0.01    1.31  0.01
    11     12    0.15  0.01    0.87  0.02    0.60  0.01    1.20  0.01
    12     13   -0.10  0.01    0.80  0.01    0.57  0.01    1.13  0.01
    13     14   -0.30  0.01    0.65  0.02    0.45  0.01    1.04  0.01
    14     15   -0.43  0.02    0.61  0.01    0.43  0.01    0.99  0.01
    15     16   -0.51  0.01    0.54  0.03    0.58  0.03    1.06  0.02
    16     17   -1.78  0.03    0.69  0.02    0.78  0.02    1.23  0.01
    17     18   -1.49  0.01    0.22  0.01    0.23  0.01    0.69  0.01
    18     19   -1.99  0.02    0.27  0.01    0.28  0.01    0.76  0.01
    19     20   -2.60  0.02    0.34  0.02    0.35  0.02    0.82  0.01
    20     21   -3.30  0.02    0.35  0.02    0.36  0.02    0.86  0.01
    21     22   -4.05  0.03    0.39  0.02    0.39  0.02    0.88  0.01
    22     23   -4.81  0.02    0.37  0.03    0.38  0.03    0.89  0.01


Final results in kJ/mol:

point      0 -      1,   DG -18.16 +/-  0.02
point      1 -      2,   DG -14.35 +/-  0.02
point      2 -      3,   DG -7.27 +/-  0.03
point      3 -      4,   DG  5.16 +/-  0.05
point      4 -      5,   DG 22.13 +/-  0.26
point      5 -      6,   DG 12.36 +/-  0.30
point      6 -      7,   DG  8.16 +/-  0.19
point      7 -      8,   DG  5.11 +/-  0.09
point      8 -      9,   DG  3.49 +/-  0.11
point      9 -     10,   DG  2.15 +/-  0.09
point     10 -     11,   DG  1.14 +/-  0.05
point     11 -     12,   DG  0.37 +/-  0.02
point     12 -     13,   DG -0.24 +/-  0.03
point     13 -     14,   DG -0.75 +/-  0.02
point     14 -     15,   DG -1.06 +/-  0.04
point     15 -     16,   DG -1.28 +/-  0.04
point     16 -     17,   DG -4.43 +/-  0.07
point     17 -     18,   DG -3.72 +/-  0.03
point     18 -     19,   DG -4.96 +/-  0.06
point     19 -     20,   DG -6.50 +/-  0.04
point     20 -     21,   DG -8.23 +/-  0.05
point     21 -     22,   DG -10.09 +/-  0.08
point     22 -     23,   DG -12.01 +/-  0.05

total      0 -     23,   DG -33.00 +/-  0.80

