lambda_00/bar.xvg: 0.0 - 857.6; lambda = (0, 0)
    dH/dl & foreign lambdas:
        dH/dl (coul-lambda) (8577 pts)
        dH/dl (vdw-lambda) (8577 pts)
        delta H to (0, 0) (8577 pts)
        delta H to (0, 0.1) (8577 pts)


lambda_01/bar.xvg: 0.0 - 864.5; lambda = (0, 0.1)
    dH/dl & foreign lambdas:
        dH/dl (coul-lambda) (8646 pts)
        dH/dl (vdw-lambda) (8646 pts)
        delta H to (0, 0) (8646 pts)
        delta H to (0, 0.1) (8646 pts)
        delta H to (0, 0.2) (8646 pts)


lambda_02/bar.xvg: 0.0 - 864.5; lambda = (0, 0.2)
    dH/dl & foreign lambdas:
        dH/dl (coul-lambda) (8646 pts)
        dH/dl (vdw-lambda) (8646 pts)
        delta H to (0, 0.1) (8646 pts)
        delta H to (0, 0.2) (8646 pts)
        delta H to (0, 0.3) (8646 pts)


lambda_03/bar.xvg: 0.0 - 865.7; lambda = (0, 0.3)
    dH/dl & foreign lambdas:
        dH/dl (coul-lambda) (8658 pts)
        dH/dl (vdw-lambda) (8658 pts)
        delta H to (0, 0.2) (8658 pts)
        delta H to (0, 0.3) (8658 pts)
        delta H to (0, 0.4) (8658 pts)


lambda_04/bar.xvg: 0.0 - 864.7; lambda = (0, 0.4)
    dH/dl & foreign lambdas:
        dH/dl (coul-lambda) (8648 pts)
        dH/dl (vdw-lambda) (8648 pts)
        delta H to (0, 0.3) (8648 pts)
        delta H to (0, 0.4) (8648 pts)
        delta H to (0, 0.5) (8648 pts)


lambda_05/bar.xvg: 0.0 - 865.0; lambda = (0, 0.5)
    dH/dl & foreign lambdas:
        dH/dl (coul-lambda) (8651 pts)
        dH/dl (vdw-lambda) (8651 pts)
        delta H to (0, 0.4) (8651 pts)
        delta H to (0, 0.5) (8651 pts)
        delta H to (0, 0.55) (8651 pts)


lambda_06/bar.xvg: 0.0 - 864.4; lambda = (0, 0.55)
    dH/dl & foreign lambdas:
        dH/dl (coul-lambda) (8645 pts)
        dH/dl (vdw-lambda) (8645 pts)
        delta H to (0, 0.5) (8645 pts)
        delta H to (0, 0.55) (8645 pts)
        delta H to (0, 0.6) (8645 pts)


lambda_07/bar.xvg: 0.0 - 862.4; lambda = (0, 0.6)
    dH/dl & foreign lambdas:
        dH/dl (coul-lambda) (8625 pts)
        dH/dl (vdw-lambda) (8625 pts)
        delta H to (0, 0.55) (8625 pts)
        delta H to (0, 0.6) (8625 pts)
        delta H to (0, 0.65) (8625 pts)


lambda_08/bar.xvg: 0.0 - 861.1; lambda = (0, 0.65)
    dH/dl & foreign lambdas:
        dH/dl (coul-lambda) (8612 pts)
        dH/dl (vdw-lambda) (8612 pts)
        delta H to (0, 0.6) (8612 pts)
        delta H to (0, 0.65) (8612 pts)
        delta H to (0, 0.7) (8612 pts)


lambda_09/bar.xvg: 0.0 - 858.8; lambda = (0, 0.7)
    dH/dl & foreign lambdas:
        dH/dl (coul-lambda) (8589 pts)
        dH/dl (vdw-lambda) (8589 pts)
        delta H to (0, 0.65) (8589 pts)
        delta H to (0, 0.7) (8589 pts)
        delta H to (0, 0.75) (8589 pts)


lambda_10/bar.xvg: 0.0 - 857.0; lambda = (0, 0.75)
    dH/dl & foreign lambdas:
        dH/dl (coul-lambda) (8571 pts)
        dH/dl (vdw-lambda) (8571 pts)
        delta H to (0, 0.7) (8571 pts)
        delta H to (0, 0.75) (8571 pts)
        delta H to (0, 0.8) (8571 pts)


lambda_11/bar.xvg: 0.0 - 868.6; lambda = (0, 0.8)
    dH/dl & foreign lambdas:
        dH/dl (coul-lambda) (8687 pts)
        dH/dl (vdw-lambda) (8687 pts)
        delta H to (0, 0.75) (8687 pts)
        delta H to (0, 0.8) (8687 pts)
        delta H to (0, 0.85) (8687 pts)


lambda_12/bar.xvg: 0.0 - 867.2; lambda = (0, 0.85)
    dH/dl & foreign lambdas:
        dH/dl (coul-lambda) (8673 pts)
        dH/dl (vdw-lambda) (8673 pts)
        delta H to (0, 0.8) (8673 pts)
        delta H to (0, 0.85) (8673 pts)
        delta H to (0, 0.9) (8673 pts)


lambda_13/bar.xvg: 0.0 - 866.1; lambda = (0, 0.9)
    dH/dl & foreign lambdas:
        dH/dl (coul-lambda) (8662 pts)
        dH/dl (vdw-lambda) (8662 pts)
        delta H to (0, 0.85) (8662 pts)
        delta H to (0, 0.9) (8662 pts)
        delta H to (0, 0.95) (8662 pts)


lambda_14/bar.xvg: 0.0 - 865.5; lambda = (0, 0.95)
    dH/dl & foreign lambdas:
        dH/dl (coul-lambda) (8656 pts)
        dH/dl (vdw-lambda) (8656 pts)
        delta H to (0, 0.9) (8656 pts)
        delta H to (0, 0.95) (8656 pts)
        delta H to (0, 1) (8656 pts)


lambda_15/bar.xvg: 0.0 - 865.2; lambda = (0, 1)
    dH/dl & foreign lambdas:
        dH/dl (coul-lambda) (8653 pts)
        dH/dl (vdw-lambda) (8653 pts)
        delta H to (0, 0.95) (8653 pts)
        delta H to (0, 1) (8653 pts)
        delta H to (0.2, 1) (8653 pts)


lambda_16/bar.xvg: 0.0 - 857.3; lambda = (0.2, 1)
    dH/dl & foreign lambdas:
        dH/dl (coul-lambda) (8574 pts)
        dH/dl (vdw-lambda) (8574 pts)
        delta H to (0, 1) (8574 pts)
        delta H to (0.2, 1) (8574 pts)
        delta H to (0.4, 1) (8574 pts)


lambda_17/bar.xvg: 0.0 - 861.0; lambda = (0.4, 1)
    dH/dl & foreign lambdas:
        dH/dl (coul-lambda) (8611 pts)
        dH/dl (vdw-lambda) (8611 pts)
        delta H to (0.2, 1) (8611 pts)
        delta H to (0.4, 1) (8611 pts)
        delta H to (0.5, 1) (8611 pts)


lambda_18/bar.xvg: 0.0 - 862.9; lambda = (0.5, 1)
    dH/dl & foreign lambdas:
        dH/dl (coul-lambda) (8630 pts)
        dH/dl (vdw-lambda) (8630 pts)
        delta H to (0.4, 1) (8630 pts)
        delta H to (0.5, 1) (8630 pts)
        delta H to (0.6, 1) (8630 pts)


lambda_19/bar.xvg: 0.0 - 864.8; lambda = (0.6, 1)
    dH/dl & foreign lambdas:
        dH/dl (coul-lambda) (8649 pts)
        dH/dl (vdw-lambda) (8649 pts)
        delta H to (0.5, 1) (8649 pts)
        delta H to (0.6, 1) (8649 pts)
        delta H to (0.7, 1) (8649 pts)


lambda_20/bar.xvg: 0.0 - 866.7; lambda = (0.7, 1)
    dH/dl & foreign lambdas:
        dH/dl (coul-lambda) (8668 pts)
        dH/dl (vdw-lambda) (8668 pts)
        delta H to (0.6, 1) (8668 pts)
        delta H to (0.7, 1) (8668 pts)
        delta H to (0.8, 1) (8668 pts)


lambda_21/bar.xvg: 0.0 - 868.8; lambda = (0.8, 1)
    dH/dl & foreign lambdas:
        dH/dl (coul-lambda) (8689 pts)
        dH/dl (vdw-lambda) (8689 pts)
        delta H to (0.7, 1) (8689 pts)
        delta H to (0.8, 1) (8689 pts)
        delta H to (0.9, 1) (8689 pts)


lambda_22/bar.xvg: 0.0 - 856.9; lambda = (0.9, 1)
    dH/dl & foreign lambdas:
        dH/dl (coul-lambda) (8570 pts)
        dH/dl (vdw-lambda) (8570 pts)
        delta H to (0.8, 1) (8570 pts)
        delta H to (0.9, 1) (8570 pts)
        delta H to (1, 1) (8570 pts)


lambda_23/bar.xvg: 0.0 - 866.7; lambda = (1, 1)
    dH/dl & foreign lambdas:
        dH/dl (coul-lambda) (8668 pts)
        dH/dl (vdw-lambda) (8668 pts)
        delta H to (0.9, 1) (8668 pts)
        delta H to (1, 1) (8668 pts)



   Samples in time interval: 0.000 - 868.800
Removing samples outside of: 100.000 - 868.800

Temperature: 300 K

Detailed results in kT (see help for explanation):

 lam_A  lam_B      DG   +/-     s_A   +/-     s_B   +/-   stdev   +/- 
     0      1   -7.28  0.01    0.04  0.01    0.04  0.01    0.25  0.01
     1      2   -5.76  0.01    0.03  0.00    0.03  0.00    0.25  0.00
     2      3   -2.92  0.01    0.06  0.00    0.06  0.00    0.38  0.01
     3      4    2.10  0.02    0.38  0.02    0.41  0.02    0.89  0.01
     4      5    8.93  0.09    2.73  0.09    3.18  0.08    2.95  0.07
     5      6    5.05  0.06    2.41  0.09    2.08  0.07    2.41  0.06
     6      7    3.24  0.06    2.64  0.04    1.75  0.05    2.25  0.03
     7      8    2.00  0.05    1.67  0.06    1.16  0.05    1.75  0.03
     8      9    1.30  0.04    1.40  0.04    1.00  0.03    1.57  0.02
     9     10    0.76  0.03    1.11  0.04    0.77  0.04    1.39  0.02
    10     11    0.39  0.01    0.99  0.02    0.68  0.02    1.28  0.01
    11     12    0.09  0.01    0.84  0.02    0.59  0.01    1.17  0.01
    12     13   -0.13  0.01    0.71  0.01    0.50  0.01    1.08  0.01
    13     14   -0.28  0.00    0.65  0.02    0.46  0.01    1.03  0.00
    14     15   -0.42  0.01    0.59  0.01    0.42  0.01    0.98  0.01
    15     16   -0.53  0.01    0.57  0.00    0.60  0.01    1.09  0.01
    16     17   -1.83  0.01    0.70  0.01    0.80  0.01    1.25  0.01
    17     18   -1.55  0.00    0.24  0.01    0.26  0.01    0.71  0.01
    18     19   -2.13  0.01    0.32  0.01    0.33  0.01    0.78  0.00
    19     20   -2.77  0.02    0.32  0.02    0.33  0.02    0.82  0.01
    20     21   -3.46  0.02    0.36  0.02    0.37  0.02    0.86  0.01
    21     22   -4.20  0.02    0.37  0.02    0.38  0.02    0.89  0.01
    22     23   -5.07  0.02    0.50  0.01    0.50  0.01    0.96  0.01


Final results in kJ/mol:

point      0 -      1,   DG -18.15 +/-  0.02
point      1 -      2,   DG -14.38 +/-  0.02
point      2 -      3,   DG -7.29 +/-  0.02
point      3 -      4,   DG  5.23 +/-  0.04
point      4 -      5,   DG 22.27 +/-  0.23
point      5 -      6,   DG 12.59 +/-  0.14
point      6 -      7,   DG  8.08 +/-  0.16
point      7 -      8,   DG  4.99 +/-  0.12
point      8 -      9,   DG  3.23 +/-  0.10
point      9 -     10,   DG  1.88 +/-  0.08
point     10 -     11,   DG  0.98 +/-  0.02
point     11 -     12,   DG  0.22 +/-  0.02
point     12 -     13,   DG -0.32 +/-  0.03
point     13 -     14,   DG -0.70 +/-  0.01
point     14 -     15,   DG -1.05 +/-  0.03
point     15 -     16,   DG -1.33 +/-  0.03
point     16 -     17,   DG -4.56 +/-  0.02
point     17 -     18,   DG -3.88 +/-  0.01
point     18 -     19,   DG -5.30 +/-  0.03
point     19 -     20,   DG -6.92 +/-  0.04
point     20 -     21,   DG -8.64 +/-  0.05
point     21 -     22,   DG -10.47 +/-  0.05
point     22 -     23,   DG -12.64 +/-  0.04

total      0 -     23,   DG -36.15 +/-  0.58

