lambda_00/bar.xvg: 0.0 - 947.2; lambda = (0, 0)
    dH/dl & foreign lambdas:
        dH/dl (coul-lambda) (9473 pts)
        dH/dl (vdw-lambda) (9473 pts)
        delta H to (0, 0) (9473 pts)
        delta H to (0, 0.1) (9473 pts)


lambda_01/bar.xvg: 0.0 - 947.2; lambda = (0, 0.1)
    dH/dl & foreign lambdas:
        dH/dl (coul-lambda) (9473 pts)
        dH/dl (vdw-lambda) (9473 pts)
        delta H to (0, 0) (9473 pts)
        delta H to (0, 0.1) (9473 pts)
        delta H to (0, 0.2) (9473 pts)


lambda_02/bar.xvg: 0.0 - 947.2; lambda = (0, 0.2)
    dH/dl & foreign lambdas:
        dH/dl (coul-lambda) (9473 pts)
        dH/dl (vdw-lambda) (9473 pts)
        delta H to (0, 0.1) (9473 pts)
        delta H to (0, 0.2) (9473 pts)
        delta H to (0, 0.3) (9473 pts)


lambda_03/bar.xvg: 0.0 - 947.2; lambda = (0, 0.3)
    dH/dl & foreign lambdas:
        dH/dl (coul-lambda) (9473 pts)
        dH/dl (vdw-lambda) (9473 pts)
        delta H to (0, 0.2) (9473 pts)
        delta H to (0, 0.3) (9473 pts)
        delta H to (0, 0.4) (9473 pts)


lambda_04/bar.xvg: 0.0 - 947.2; lambda = (0, 0.4)
    dH/dl & foreign lambdas:
        dH/dl (coul-lambda) (9473 pts)
        dH/dl (vdw-lambda) (9473 pts)
        delta H to (0, 0.3) (9473 pts)
        delta H to (0, 0.4) (9473 pts)
        delta H to (0, 0.5) (9473 pts)


lambda_05/bar.xvg: 0.0 - 947.2; lambda = (0, 0.5)
    dH/dl & foreign lambdas:
        dH/dl (coul-lambda) (9473 pts)
        dH/dl (vdw-lambda) (9473 pts)
        delta H to (0, 0.4) (9473 pts)
        delta H to (0, 0.5) (9473 pts)
        delta H to (0, 0.55) (9473 pts)


lambda_06/bar.xvg: 0.0 - 947.2; lambda = (0, 0.55)
    dH/dl & foreign lambdas:
        dH/dl (coul-lambda) (9473 pts)
        dH/dl (vdw-lambda) (9473 pts)
        delta H to (0, 0.5) (9473 pts)
        delta H to (0, 0.55) (9473 pts)
        delta H to (0, 0.6) (9473 pts)


lambda_07/bar.xvg: 0.0 - 947.2; lambda = (0, 0.6)
    dH/dl & foreign lambdas:
        dH/dl (coul-lambda) (9473 pts)
        dH/dl (vdw-lambda) (9473 pts)
        delta H to (0, 0.55) (9473 pts)
        delta H to (0, 0.6) (9473 pts)
        delta H to (0, 0.65) (9473 pts)


lambda_08/bar.xvg: 0.0 - 947.2; lambda = (0, 0.65)
    dH/dl & foreign lambdas:
        dH/dl (coul-lambda) (9473 pts)
        dH/dl (vdw-lambda) (9473 pts)
        delta H to (0, 0.6) (9473 pts)
        delta H to (0, 0.65) (9473 pts)
        delta H to (0, 0.7) (9473 pts)


lambda_09/bar.xvg: 0.0 - 947.2; lambda = (0, 0.7)
    dH/dl & foreign lambdas:
        dH/dl (coul-lambda) (9473 pts)
        dH/dl (vdw-lambda) (9473 pts)
        delta H to (0, 0.65) (9473 pts)
        delta H to (0, 0.7) (9473 pts)
        delta H to (0, 0.75) (9473 pts)


lambda_10/bar.xvg: 0.0 - 947.2; lambda = (0, 0.75)
    dH/dl & foreign lambdas:
        dH/dl (coul-lambda) (9473 pts)
        dH/dl (vdw-lambda) (9473 pts)
        delta H to (0, 0.7) (9473 pts)
        delta H to (0, 0.75) (9473 pts)
        delta H to (0, 0.8) (9473 pts)


lambda_11/bar.xvg: 0.0 - 947.2; lambda = (0, 0.8)
    dH/dl & foreign lambdas:
        dH/dl (coul-lambda) (9473 pts)
        dH/dl (vdw-lambda) (9473 pts)
        delta H to (0, 0.75) (9473 pts)
        delta H to (0, 0.8) (9473 pts)
        delta H to (0, 0.85) (9473 pts)


lambda_12/bar.xvg: 0.0 - 947.2; lambda = (0, 0.85)
    dH/dl & foreign lambdas:
        dH/dl (coul-lambda) (9473 pts)
        dH/dl (vdw-lambda) (9473 pts)
        delta H to (0, 0.8) (9473 pts)
        delta H to (0, 0.85) (9473 pts)
        delta H to (0, 0.9) (9473 pts)


lambda_13/bar.xvg: 0.0 - 947.2; lambda = (0, 0.9)
    dH/dl & foreign lambdas:
        dH/dl (coul-lambda) (9473 pts)
        dH/dl (vdw-lambda) (9473 pts)
        delta H to (0, 0.85) (9473 pts)
        delta H to (0, 0.9) (9473 pts)
        delta H to (0, 0.95) (9473 pts)


lambda_14/bar.xvg: 0.0 - 947.2; lambda = (0, 0.95)
    dH/dl & foreign lambdas:
        dH/dl (coul-lambda) (9473 pts)
        dH/dl (vdw-lambda) (9473 pts)
        delta H to (0, 0.9) (9473 pts)
        delta H to (0, 0.95) (9473 pts)
        delta H to (0, 1) (9473 pts)


lambda_15/bar.xvg: 0.0 - 947.2; lambda = (0, 1)
    dH/dl & foreign lambdas:
        dH/dl (coul-lambda) (9473 pts)
        dH/dl (vdw-lambda) (9473 pts)
        delta H to (0, 0.95) (9473 pts)
        delta H to (0, 1) (9473 pts)
        delta H to (0.2, 1) (9473 pts)


lambda_16/bar.xvg: 0.0 - 947.2; lambda = (0.2, 1)
    dH/dl & foreign lambdas:
        dH/dl (coul-lambda) (9473 pts)
        dH/dl (vdw-lambda) (9473 pts)
        delta H to (0, 1) (9473 pts)
        delta H to (0.2, 1) (9473 pts)
        delta H to (0.4, 1) (9473 pts)


lambda_17/bar.xvg: 0.0 - 947.2; lambda = (0.4, 1)
    dH/dl & foreign lambdas:
        dH/dl (coul-lambda) (9473 pts)
        dH/dl (vdw-lambda) (9473 pts)
        delta H to (0.2, 1) (9473 pts)
        delta H to (0.4, 1) (9473 pts)
        delta H to (0.5, 1) (9473 pts)


lambda_18/bar.xvg: 0.0 - 947.2; lambda = (0.5, 1)
    dH/dl & foreign lambdas:
        dH/dl (coul-lambda) (9473 pts)
        dH/dl (vdw-lambda) (9473 pts)
        delta H to (0.4, 1) (9473 pts)
        delta H to (0.5, 1) (9473 pts)
        delta H to (0.6, 1) (9473 pts)


lambda_19/bar.xvg: 0.0 - 947.2; lambda = (0.6, 1)
    dH/dl & foreign lambdas:
        dH/dl (coul-lambda) (9473 pts)
        dH/dl (vdw-lambda) (9473 pts)
        delta H to (0.5, 1) (9473 pts)
        delta H to (0.6, 1) (9473 pts)
        delta H to (0.7, 1) (9473 pts)


lambda_20/bar.xvg: 0.0 - 947.2; lambda = (0.7, 1)
    dH/dl & foreign lambdas:
        dH/dl (coul-lambda) (9473 pts)
        dH/dl (vdw-lambda) (9473 pts)
        delta H to (0.6, 1) (9473 pts)
        delta H to (0.7, 1) (9473 pts)
        delta H to (0.8, 1) (9473 pts)


lambda_21/bar.xvg: 0.0 - 947.2; lambda = (0.8, 1)
    dH/dl & foreign lambdas:
        dH/dl (coul-lambda) (9473 pts)
        dH/dl (vdw-lambda) (9473 pts)
        delta H to (0.7, 1) (9473 pts)
        delta H to (0.8, 1) (9473 pts)
        delta H to (0.9, 1) (9473 pts)


lambda_22/bar.xvg: 0.0 - 947.2; lambda = (0.9, 1)
    dH/dl & foreign lambdas:
        dH/dl (coul-lambda) (9473 pts)
        dH/dl (vdw-lambda) (9473 pts)
        delta H to (0.8, 1) (9473 pts)
        delta H to (0.9, 1) (9473 pts)
        delta H to (1, 1) (9473 pts)


lambda_23/bar.xvg: 0.0 - 947.2; lambda = (1, 1)
    dH/dl & foreign lambdas:
        dH/dl (coul-lambda) (9473 pts)
        dH/dl (vdw-lambda) (9473 pts)
        delta H to (0.9, 1) (9473 pts)
        delta H to (1, 1) (9473 pts)



Temperature: 300 K

Detailed results in kT (see help for explanation):

 lam_A  lam_B      DG   +/-     s_A   +/-     s_B   +/-   stdev   +/- 
     0      1   -7.28  0.01    0.03  0.01    0.03  0.01    0.25  0.00
     1      2   -5.76  0.00    0.03  0.01    0.03  0.01    0.24  0.00
     2      3   -2.92  0.01    0.07  0.01    0.08  0.01    0.39  0.01
     3      4    2.10  0.01    0.38  0.02    0.42  0.02    0.92  0.01
     4      5    9.02  0.09    2.60  0.12    3.04  0.13    2.83  0.10
     5      6    5.14  0.10    2.51  0.11    2.15  0.08    2.50  0.07
     6      7    3.31  0.03    2.59  0.12    1.70  0.06    2.25  0.05
     7      8    2.06  0.02    1.79  0.09    1.24  0.05    1.82  0.04
     8      9    1.28  0.03    1.38  0.04    0.94  0.03    1.55  0.01
     9     10    0.78  0.02    1.15  0.02    0.80  0.01    1.39  0.01
    10     11    0.39  0.01    0.97  0.02    0.68  0.01    1.27  0.01
    11     12    0.10  0.01    0.83  0.01    0.59  0.01    1.18  0.01
    12     13   -0.12  0.01    0.73  0.01    0.51  0.01    1.09  0.00
    13     14   -0.28  0.01    0.65  0.01    0.47  0.01    1.02  0.01
    14     15   -0.41  0.01    0.56  0.01    0.41  0.01    0.97  0.01
    15     16   -0.53  0.01    0.54  0.01    0.58  0.02    1.06  0.01
    16     17   -1.81  0.02    0.70  0.02    0.80  0.02    1.25  0.01
    17     18   -1.54  0.00    0.24  0.02    0.25  0.02    0.70  0.01
    18     19   -2.05  0.00    0.26  0.01    0.27  0.01    0.76  0.00
    19     20   -2.65  0.01    0.33  0.01    0.34  0.01    0.82  0.01
    20     21   -3.34  0.01    0.35  0.01    0.36  0.01    0.86  0.01
    21     22   -4.13  0.02    0.43  0.01    0.44  0.01    0.91  0.00
    22     23   -4.98  0.01    0.40  0.01    0.41  0.01    0.92  0.00


Final results in kJ/mol:

point      0 -      1,   DG -18.17 +/-  0.02
point      1 -      2,   DG -14.37 +/-  0.01
point      2 -      3,   DG -7.28 +/-  0.03
point      3 -      4,   DG  5.24 +/-  0.03
point      4 -      5,   DG 22.50 +/-  0.23
point      5 -      6,   DG 12.83 +/-  0.25
point      6 -      7,   DG  8.26 +/-  0.08
point      7 -      8,   DG  5.14 +/-  0.06
point      8 -      9,   DG  3.19 +/-  0.06
point      9 -     10,   DG  1.94 +/-  0.05
point     10 -     11,   DG  0.98 +/-  0.04
point     11 -     12,   DG  0.25 +/-  0.02
point     12 -     13,   DG -0.30 +/-  0.02
point     13 -     14,   DG -0.70 +/-  0.03
point     14 -     15,   DG -1.03 +/-  0.03
point     15 -     16,   DG -1.32 +/-  0.03
point     16 -     17,   DG -4.51 +/-  0.05
point     17 -     18,   DG -3.84 +/-  0.01
point     18 -     19,   DG -5.12 +/-  0.01
point     19 -     20,   DG -6.62 +/-  0.02
point     20 -     21,   DG -8.33 +/-  0.03
point     21 -     22,   DG -10.30 +/-  0.04
point     22 -     23,   DG -12.41 +/-  0.04

total      0 -     23,   DG -33.95 +/-  0.39

