lambda_00/bar.xvg: 0.0 - 825.6; lambda = (0, 0)
    dH/dl & foreign lambdas:
        dH/dl (coul-lambda) (8257 pts)
        dH/dl (vdw-lambda) (8257 pts)
        delta H to (0, 0) (8257 pts)
        delta H to (0, 0.1) (8257 pts)


lambda_01/bar.xvg: 0.0 - 837.8; lambda = (0, 0.1)
    dH/dl & foreign lambdas:
        dH/dl (coul-lambda) (8379 pts)
        dH/dl (vdw-lambda) (8379 pts)
        delta H to (0, 0) (8379 pts)
        delta H to (0, 0.1) (8379 pts)
        delta H to (0, 0.2) (8379 pts)


lambda_02/bar.xvg: 0.0 - 838.0; lambda = (0, 0.2)
    dH/dl & foreign lambdas:
        dH/dl (coul-lambda) (8381 pts)
        dH/dl (vdw-lambda) (8381 pts)
        delta H to (0, 0.1) (8381 pts)
        delta H to (0, 0.2) (8381 pts)
        delta H to (0, 0.3) (8381 pts)


lambda_03/bar.xvg: 0.0 - 838.7; lambda = (0, 0.3)
    dH/dl & foreign lambdas:
        dH/dl (coul-lambda) (8388 pts)
        dH/dl (vdw-lambda) (8388 pts)
        delta H to (0, 0.2) (8388 pts)
        delta H to (0, 0.3) (8388 pts)
        delta H to (0, 0.4) (8388 pts)


lambda_04/bar.xvg: 0.0 - 837.6; lambda = (0, 0.4)
    dH/dl & foreign lambdas:
        dH/dl (coul-lambda) (8377 pts)
        dH/dl (vdw-lambda) (8377 pts)
        delta H to (0, 0.3) (8377 pts)
        delta H to (0, 0.4) (8377 pts)
        delta H to (0, 0.5) (8377 pts)


lambda_05/bar.xvg: 0.0 - 837.8; lambda = (0, 0.5)
    dH/dl & foreign lambdas:
        dH/dl (coul-lambda) (8379 pts)
        dH/dl (vdw-lambda) (8379 pts)
        delta H to (0, 0.4) (8379 pts)
        delta H to (0, 0.5) (8379 pts)
        delta H to (0, 0.55) (8379 pts)


lambda_06/bar.xvg: 0.0 - 837.0; lambda = (0, 0.55)
    dH/dl & foreign lambdas:
        dH/dl (coul-lambda) (8371 pts)
        dH/dl (vdw-lambda) (8371 pts)
        delta H to (0, 0.5) (8371 pts)
        delta H to (0, 0.55) (8371 pts)
        delta H to (0, 0.6) (8371 pts)


lambda_07/bar.xvg: 0.0 - 835.3; lambda = (0, 0.6)
    dH/dl & foreign lambdas:
        dH/dl (coul-lambda) (8354 pts)
        dH/dl (vdw-lambda) (8354 pts)
        delta H to (0, 0.55) (8354 pts)
        delta H to (0, 0.6) (8354 pts)
        delta H to (0, 0.65) (8354 pts)


lambda_08/bar.xvg: 0.0 - 833.8; lambda = (0, 0.65)
    dH/dl & foreign lambdas:
        dH/dl (coul-lambda) (8339 pts)
        dH/dl (vdw-lambda) (8339 pts)
        delta H to (0, 0.6) (8339 pts)
        delta H to (0, 0.65) (8339 pts)
        delta H to (0, 0.7) (8339 pts)


lambda_09/bar.xvg: 0.0 - 831.4; lambda = (0, 0.7)
    dH/dl & foreign lambdas:
        dH/dl (coul-lambda) (8315 pts)
        dH/dl (vdw-lambda) (8315 pts)
        delta H to (0, 0.65) (8315 pts)
        delta H to (0, 0.7) (8315 pts)
        delta H to (0, 0.75) (8315 pts)


lambda_10/bar.xvg: 0.0 - 829.8; lambda = (0, 0.75)
    dH/dl & foreign lambdas:
        dH/dl (coul-lambda) (8299 pts)
        dH/dl (vdw-lambda) (8299 pts)
        delta H to (0, 0.7) (8299 pts)
        delta H to (0, 0.75) (8299 pts)
        delta H to (0, 0.8) (8299 pts)


lambda_11/bar.xvg: 0.0 - 828.2; lambda = (0, 0.8)
    dH/dl & foreign lambdas:
        dH/dl (coul-lambda) (8283 pts)
        dH/dl (vdw-lambda) (8283 pts)
        delta H to (0, 0.75) (8283 pts)
        delta H to (0, 0.8) (8283 pts)
        delta H to (0, 0.85) (8283 pts)


lambda_12/bar.xvg: 0.0 - 826.7; lambda = (0, 0.85)
    dH/dl & foreign lambdas:
        dH/dl (coul-lambda) (8268 pts)
        dH/dl (vdw-lambda) (8268 pts)
        delta H to (0, 0.8) (8268 pts)
        delta H to (0, 0.85) (8268 pts)
        delta H to (0, 0.9) (8268 pts)


lambda_13/bar.xvg: 0.0 - 826.0; lambda = (0, 0.9)
    dH/dl & foreign lambdas:
        dH/dl (coul-lambda) (8261 pts)
        dH/dl (vdw-lambda) (8261 pts)
        delta H to (0, 0.85) (8261 pts)
        delta H to (0, 0.9) (8261 pts)
        delta H to (0, 0.95) (8261 pts)


lambda_14/bar.xvg: 0.0 - 838.4; lambda = (0, 0.95)
    dH/dl & foreign lambdas:
        dH/dl (coul-lambda) (8385 pts)
        dH/dl (vdw-lambda) (8385 pts)
        delta H to (0, 0.9) (8385 pts)
        delta H to (0, 0.95) (8385 pts)
        delta H to (0, 1) (8385 pts)


lambda_15/bar.xvg: 0.0 - 837.9; lambda = (0, 1)
    dH/dl & foreign lambdas:
        dH/dl (coul-lambda) (8380 pts)
        dH/dl (vdw-lambda) (8380 pts)
        delta H to (0, 0.95) (8380 pts)
        delta H to (0, 1) (8380 pts)
        delta H to (0.2, 1) (8380 pts)


lambda_16/bar.xvg: 0.0 - 831.2; lambda = (0.2, 1)
    dH/dl & foreign lambdas:
        dH/dl (coul-lambda) (8313 pts)
        dH/dl (vdw-lambda) (8313 pts)
        delta H to (0, 1) (8313 pts)
        delta H to (0.2, 1) (8313 pts)
        delta H to (0.4, 1) (8313 pts)


lambda_17/bar.xvg: 0.0 - 834.6; lambda = (0.4, 1)
    dH/dl & foreign lambdas:
        dH/dl (coul-lambda) (8347 pts)
        dH/dl (vdw-lambda) (8347 pts)
        delta H to (0.2, 1) (8347 pts)
        delta H to (0.4, 1) (8347 pts)
        delta H to (0.5, 1) (8347 pts)


lambda_18/bar.xvg: 0.0 - 836.4; lambda = (0.5, 1)
    dH/dl & foreign lambdas:
        dH/dl (coul-lambda) (8365 pts)
        dH/dl (vdw-lambda) (8365 pts)
        delta H to (0.4, 1) (8365 pts)
        delta H to (0.5, 1) (8365 pts)
        delta H to (0.6, 1) (8365 pts)


lambda_19/bar.xvg: 0.0 - 838.2; lambda = (0.6, 1)
    dH/dl & foreign lambdas:
        dH/dl (coul-lambda) (8383 pts)
        dH/dl (vdw-lambda) (8383 pts)
        delta H to (0.5, 1) (8383 pts)
        delta H to (0.6, 1) (8383 pts)
        delta H to (0.7, 1) (8383 pts)


lambda_20/bar.xvg: 0.0 - 826.8; lambda = (0.7, 1)
    dH/dl & foreign lambdas:
        dH/dl (coul-lambda) (8269 pts)
        dH/dl (vdw-lambda) (8269 pts)
        delta H to (0.6, 1) (8269 pts)
        delta H to (0.7, 1) (8269 pts)
        delta H to (0.8, 1) (8269 pts)


lambda_21/bar.xvg: 0.0 - 828.5; lambda = (0.8, 1)
    dH/dl & foreign lambdas:
        dH/dl (coul-lambda) (8286 pts)
        dH/dl (vdw-lambda) (8286 pts)
        delta H to (0.7, 1) (8286 pts)
        delta H to (0.8, 1) (8286 pts)
        delta H to (0.9, 1) (8286 pts)


lambda_22/bar.xvg: 0.0 - 830.3; lambda = (0.9, 1)
    dH/dl & foreign lambdas:
        dH/dl (coul-lambda) (8304 pts)
        dH/dl (vdw-lambda) (8304 pts)
        delta H to (0.8, 1) (8304 pts)
        delta H to (0.9, 1) (8304 pts)
        delta H to (1, 1) (8304 pts)


lambda_23/bar.xvg: 0.0 - 833.9; lambda = (1, 1)
    dH/dl & foreign lambdas:
        dH/dl (coul-lambda) (8340 pts)
        dH/dl (vdw-lambda) (8340 pts)
        delta H to (0.9, 1) (8340 pts)
        delta H to (1, 1) (8340 pts)



   Samples in time interval: 0.000 - 838.700
Removing samples outside of: 100.000 - 838.700

Temperature: 300 K

Detailed results in kT (see help for explanation):

 lam_A  lam_B      DG   +/-     s_A   +/-     s_B   +/-   stdev   +/- 
     0      1   -7.29  0.01    0.03  0.01    0.03  0.01    0.25  0.00
     1      2   -5.76  0.01    0.03  0.01    0.03  0.01    0.24  0.00
     2      3   -2.92  0.01    0.07  0.01    0.07  0.01    0.38  0.00
     3      4    2.11  0.01    0.37  0.01    0.40  0.01    0.89  0.01
     4      5    9.14  0.08    2.57  0.09    3.04  0.09    2.83  0.06
     5      6    5.25  0.10    2.51  0.03    2.22  0.05    2.55  0.03
     6      7    3.23  0.06    2.73  0.10    1.72  0.07    2.26  0.06
     7      8    1.97  0.05    1.71  0.08    1.15  0.07    1.76  0.04
     8      9    1.25  0.02    1.37  0.04    0.95  0.03    1.54  0.02
     9     10    0.74  0.02    1.10  0.04    0.76  0.03    1.38  0.01
    10     11    0.39  0.01    0.96  0.04    0.67  0.03    1.26  0.02
    11     12    0.11  0.01    0.81  0.02    0.57  0.02    1.16  0.01
    12     13   -0.10  0.01    0.72  0.02    0.51  0.01    1.09  0.01
    13     14   -0.27  0.01    0.63  0.01    0.45  0.01    1.02  0.00
    14     15   -0.41  0.01    0.59  0.01    0.43  0.01    0.97  0.01
    15     16   -0.56  0.01    0.55  0.01    0.57  0.01    1.08  0.01
    16     17   -1.88  0.01    0.75  0.02    0.85  0.02    1.28  0.01
    17     18   -1.60  0.01    0.23  0.01    0.25  0.01    0.71  0.01
    18     19   -2.14  0.01    0.30  0.01    0.31  0.01    0.78  0.01
    19     20   -2.81  0.01    0.36  0.02    0.37  0.02    0.84  0.00
    20     21   -3.51  0.03    0.33  0.00    0.34  0.00    0.86  0.01
    21     22   -4.28  0.02    0.42  0.03    0.43  0.03    0.92  0.01
    22     23   -5.13  0.02    0.43  0.02    0.43  0.01    0.93  0.00


Final results in kJ/mol:

point      0 -      1,   DG -18.18 +/-  0.02
point      1 -      2,   DG -14.37 +/-  0.02
point      2 -      3,   DG -7.29 +/-  0.02
point      3 -      4,   DG  5.27 +/-  0.03
point      4 -      5,   DG 22.80 +/-  0.20
point      5 -      6,   DG 13.10 +/-  0.25
point      6 -      7,   DG  8.06 +/-  0.16
point      7 -      8,   DG  4.90 +/-  0.12
point      8 -      9,   DG  3.12 +/-  0.06
point      9 -     10,   DG  1.86 +/-  0.06
point     10 -     11,   DG  0.97 +/-  0.03
point     11 -     12,   DG  0.28 +/-  0.03
point     12 -     13,   DG -0.25 +/-  0.03
point     13 -     14,   DG -0.67 +/-  0.03
point     14 -     15,   DG -1.02 +/-  0.03
point     15 -     16,   DG -1.39 +/-  0.02
point     16 -     17,   DG -4.69 +/-  0.03
point     17 -     18,   DG -3.98 +/-  0.02
point     18 -     19,   DG -5.34 +/-  0.03
point     19 -     20,   DG -7.01 +/-  0.03
point     20 -     21,   DG -8.76 +/-  0.08
point     21 -     22,   DG -10.67 +/-  0.05
point     22 -     23,   DG -12.80 +/-  0.06

total      0 -     23,   DG -36.06 +/-  0.46

