lambda_00/bar.xvg: 0.0 - 953.1; lambda = (0, 0)
    dH/dl & foreign lambdas:
        dH/dl (coul-lambda) (9532 pts)
        dH/dl (vdw-lambda) (9532 pts)
        delta H to (0, 0) (9532 pts)
        delta H to (0, 0.1) (9532 pts)


lambda_01/bar.xvg: 0.0 - 957.7; lambda = (0, 0.1)
    dH/dl & foreign lambdas:
        dH/dl (coul-lambda) (9578 pts)
        dH/dl (vdw-lambda) (9578 pts)
        delta H to (0, 0) (9578 pts)
        delta H to (0, 0.1) (9578 pts)
        delta H to (0, 0.2) (9578 pts)


lambda_02/bar.xvg: 0.0 - 957.8; lambda = (0, 0.2)
    dH/dl & foreign lambdas:
        dH/dl (coul-lambda) (9579 pts)
        dH/dl (vdw-lambda) (9579 pts)
        delta H to (0, 0.1) (9579 pts)
        delta H to (0, 0.2) (9579 pts)
        delta H to (0, 0.3) (9579 pts)


lambda_03/bar.xvg: 0.0 - 949.6; lambda = (0, 0.3)
    dH/dl & foreign lambdas:
        dH/dl (coul-lambda) (9497 pts)
        dH/dl (vdw-lambda) (9497 pts)
        delta H to (0, 0.2) (9497 pts)
        delta H to (0, 0.3) (9497 pts)
        delta H to (0, 0.4) (9497 pts)


lambda_04/bar.xvg: 0.0 - 949.6; lambda = (0, 0.4)
    dH/dl & foreign lambdas:
        dH/dl (coul-lambda) (9497 pts)
        dH/dl (vdw-lambda) (9497 pts)
        delta H to (0, 0.3) (9497 pts)
        delta H to (0, 0.4) (9497 pts)
        delta H to (0, 0.5) (9497 pts)


lambda_05/bar.xvg: 0.0 - 949.6; lambda = (0, 0.5)
    dH/dl & foreign lambdas:
        dH/dl (coul-lambda) (9497 pts)
        dH/dl (vdw-lambda) (9497 pts)
        delta H to (0, 0.4) (9497 pts)
        delta H to (0, 0.5) (9497 pts)
        delta H to (0, 0.55) (9497 pts)


lambda_06/bar.xvg: 0.0 - 958.7; lambda = (0, 0.55)
    dH/dl & foreign lambdas:
        dH/dl (coul-lambda) (9588 pts)
        dH/dl (vdw-lambda) (9588 pts)
        delta H to (0, 0.5) (9588 pts)
        delta H to (0, 0.55) (9588 pts)
        delta H to (0, 0.6) (9588 pts)


lambda_07/bar.xvg: 0.0 - 957.2; lambda = (0, 0.6)
    dH/dl & foreign lambdas:
        dH/dl (coul-lambda) (9573 pts)
        dH/dl (vdw-lambda) (9573 pts)
        delta H to (0, 0.55) (9573 pts)
        delta H to (0, 0.6) (9573 pts)
        delta H to (0, 0.65) (9573 pts)


lambda_08/bar.xvg: 0.0 - 955.2; lambda = (0, 0.65)
    dH/dl & foreign lambdas:
        dH/dl (coul-lambda) (9553 pts)
        dH/dl (vdw-lambda) (9553 pts)
        delta H to (0, 0.6) (9553 pts)
        delta H to (0, 0.65) (9553 pts)
        delta H to (0, 0.7) (9553 pts)


lambda_09/bar.xvg: 0.0 - 953.2; lambda = (0, 0.7)
    dH/dl & foreign lambdas:
        dH/dl (coul-lambda) (9533 pts)
        dH/dl (vdw-lambda) (9533 pts)
        delta H to (0, 0.65) (9533 pts)
        delta H to (0, 0.7) (9533 pts)
        delta H to (0, 0.75) (9533 pts)


lambda_10/bar.xvg: 0.0 - 951.2; lambda = (0, 0.75)
    dH/dl & foreign lambdas:
        dH/dl (coul-lambda) (9513 pts)
        dH/dl (vdw-lambda) (9513 pts)
        delta H to (0, 0.7) (9513 pts)
        delta H to (0, 0.75) (9513 pts)
        delta H to (0, 0.8) (9513 pts)


lambda_11/bar.xvg: 0.0 - 949.6; lambda = (0, 0.8)
    dH/dl & foreign lambdas:
        dH/dl (coul-lambda) (9497 pts)
        dH/dl (vdw-lambda) (9497 pts)
        delta H to (0, 0.75) (9497 pts)
        delta H to (0, 0.8) (9497 pts)
        delta H to (0, 0.85) (9497 pts)


lambda_12/bar.xvg: 0.0 - 949.6; lambda = (0, 0.85)
    dH/dl & foreign lambdas:
        dH/dl (coul-lambda) (9497 pts)
        dH/dl (vdw-lambda) (9497 pts)
        delta H to (0, 0.8) (9497 pts)
        delta H to (0, 0.85) (9497 pts)
        delta H to (0, 0.9) (9497 pts)


lambda_13/bar.xvg: 0.0 - 949.6; lambda = (0, 0.9)
    dH/dl & foreign lambdas:
        dH/dl (coul-lambda) (9497 pts)
        dH/dl (vdw-lambda) (9497 pts)
        delta H to (0, 0.85) (9497 pts)
        delta H to (0, 0.9) (9497 pts)
        delta H to (0, 0.95) (9497 pts)


lambda_14/bar.xvg: 0.0 - 958.9; lambda = (0, 0.95)
    dH/dl & foreign lambdas:
        dH/dl (coul-lambda) (9590 pts)
        dH/dl (vdw-lambda) (9590 pts)
        delta H to (0, 0.9) (9590 pts)
        delta H to (0, 0.95) (9590 pts)
        delta H to (0, 1) (9590 pts)


lambda_15/bar.xvg: 0.0 - 958.6; lambda = (0, 1)
    dH/dl & foreign lambdas:
        dH/dl (coul-lambda) (9587 pts)
        dH/dl (vdw-lambda) (9587 pts)
        delta H to (0, 0.95) (9587 pts)
        delta H to (0, 1) (9587 pts)
        delta H to (0.2, 1) (9587 pts)


lambda_16/bar.xvg: 0.0 - 949.7; lambda = (0.2, 1)
    dH/dl & foreign lambdas:
        dH/dl (coul-lambda) (9498 pts)
        dH/dl (vdw-lambda) (9498 pts)
        delta H to (0, 1) (9498 pts)
        delta H to (0.2, 1) (9498 pts)
        delta H to (0.4, 1) (9498 pts)


lambda_17/bar.xvg: 0.0 - 953.9; lambda = (0.4, 1)
    dH/dl & foreign lambdas:
        dH/dl (coul-lambda) (9540 pts)
        dH/dl (vdw-lambda) (9540 pts)
        delta H to (0.2, 1) (9540 pts)
        delta H to (0.4, 1) (9540 pts)
        delta H to (0.5, 1) (9540 pts)


lambda_18/bar.xvg: 0.0 - 955.7; lambda = (0.5, 1)
    dH/dl & foreign lambdas:
        dH/dl (coul-lambda) (9558 pts)
        dH/dl (vdw-lambda) (9558 pts)
        delta H to (0.4, 1) (9558 pts)
        delta H to (0.5, 1) (9558 pts)
        delta H to (0.6, 1) (9558 pts)


lambda_19/bar.xvg: 0.0 - 957.9; lambda = (0.6, 1)
    dH/dl & foreign lambdas:
        dH/dl (coul-lambda) (9580 pts)
        dH/dl (vdw-lambda) (9580 pts)
        delta H to (0.5, 1) (9580 pts)
        delta H to (0.6, 1) (9580 pts)
        delta H to (0.7, 1) (9580 pts)


lambda_20/bar.xvg: 0.0 - 949.6; lambda = (0.7, 1)
    dH/dl & foreign lambdas:
        dH/dl (coul-lambda) (9497 pts)
        dH/dl (vdw-lambda) (9497 pts)
        delta H to (0.6, 1) (9497 pts)
        delta H to (0.7, 1) (9497 pts)
        delta H to (0.8, 1) (9497 pts)


lambda_21/bar.xvg: 0.0 - 949.6; lambda = (0.8, 1)
    dH/dl & foreign lambdas:
        dH/dl (coul-lambda) (9497 pts)
        dH/dl (vdw-lambda) (9497 pts)
        delta H to (0.7, 1) (9497 pts)
        delta H to (0.8, 1) (9497 pts)
        delta H to (0.9, 1) (9497 pts)


lambda_22/bar.xvg: 0.0 - 950.8; lambda = (0.9, 1)
    dH/dl & foreign lambdas:
        dH/dl (coul-lambda) (9509 pts)
        dH/dl (vdw-lambda) (9509 pts)
        delta H to (0.8, 1) (9509 pts)
        delta H to (0.9, 1) (9509 pts)
        delta H to (1, 1) (9509 pts)


lambda_23/bar.xvg: 0.0 - 949.6; lambda = (1, 1)
    dH/dl & foreign lambdas:
        dH/dl (coul-lambda) (9497 pts)
        dH/dl (vdw-lambda) (9497 pts)
        delta H to (0.9, 1) (9497 pts)
        delta H to (1, 1) (9497 pts)



Temperature: 300 K

Detailed results in kT (see help for explanation):

 lam_A  lam_B      DG   +/-     s_A   +/-     s_B   +/-   stdev   +/- 
     0      1   -7.29  0.01    0.02  0.01    0.02  0.01    0.24  0.00
     1      2   -5.76  0.00    0.03  0.00    0.03  0.00    0.24  0.00
     2      3   -2.94  0.01    0.08  0.01    0.08  0.01    0.39  0.01
     3      4    2.02  0.03    0.37  0.03    0.41  0.02    0.89  0.02
     4      5    8.97  0.05    2.53  0.09    2.98  0.16    2.77  0.10
     5      6    5.13  0.06    2.55  0.08    2.18  0.08    2.51  0.06
     6      7    3.31  0.08    2.54  0.03    1.73  0.02    2.26  0.02
     7      8    2.02  0.05    1.80  0.06    1.25  0.03    1.81  0.03
     8      9    1.29  0.02    1.32  0.02    0.92  0.01    1.55  0.01
     9     10    0.85  0.01    1.17  0.02    0.81  0.01    1.42  0.01
    10     11    0.44  0.02    1.04  0.01    0.72  0.01    1.32  0.01
    11     12    0.12  0.01    0.86  0.02    0.59  0.01    1.19  0.01
    12     13   -0.09  0.00    0.75  0.02    0.53  0.01    1.11  0.01
    13     14   -0.27  0.01    0.68  0.01    0.48  0.01    1.05  0.01
    14     15   -0.41  0.01    0.59  0.01    0.42  0.00    0.99  0.00
    15     16   -0.52  0.01    0.56  0.02    0.59  0.02    1.07  0.01
    16     17   -1.81  0.02    0.71  0.01    0.79  0.01    1.24  0.01
    17     18   -1.51  0.01    0.21  0.01    0.23  0.01    0.69  0.00
    18     19   -2.04  0.01    0.30  0.02    0.32  0.02    0.78  0.01
    19     20   -2.68  0.02    0.33  0.00    0.34  0.00    0.83  0.01
    20     21   -3.39  0.01    0.37  0.01    0.38  0.01    0.87  0.00
    21     22   -4.16  0.03    0.39  0.02    0.40  0.03    0.90  0.01
    22     23   -5.02  0.02    0.46  0.03    0.46  0.03    0.95  0.01


Final results in kJ/mol:

point      0 -      1,   DG -18.18 +/-  0.02
point      1 -      2,   DG -14.36 +/-  0.01
point      2 -      3,   DG -7.33 +/-  0.02
point      3 -      4,   DG  5.05 +/-  0.07
point      4 -      5,   DG 22.37 +/-  0.13
point      5 -      6,   DG 12.80 +/-  0.14
point      6 -      7,   DG  8.27 +/-  0.20
point      7 -      8,   DG  5.05 +/-  0.12
point      8 -      9,   DG  3.21 +/-  0.06
point      9 -     10,   DG  2.11 +/-  0.02
point     10 -     11,   DG  1.09 +/-  0.04
point     11 -     12,   DG  0.30 +/-  0.03
point     12 -     13,   DG -0.23 +/-  0.01
point     13 -     14,   DG -0.68 +/-  0.02
point     14 -     15,   DG -1.03 +/-  0.02
point     15 -     16,   DG -1.29 +/-  0.02
point     16 -     17,   DG -4.51 +/-  0.05
point     17 -     18,   DG -3.77 +/-  0.02
point     18 -     19,   DG -5.08 +/-  0.03
point     19 -     20,   DG -6.68 +/-  0.05
point     20 -     21,   DG -8.45 +/-  0.03
point     21 -     22,   DG -10.37 +/-  0.07
point     22 -     23,   DG -12.52 +/-  0.05

total      0 -     23,   DG -34.24 +/-  0.47

