lambda_00/bar.xvg: 0.0 - 985.2; lambda = (0, 0)
    dH/dl & foreign lambdas:
        dH/dl (coul-lambda) (9853 pts)
        dH/dl (vdw-lambda) (9853 pts)
        delta H to (0, 0) (9853 pts)
        delta H to (0, 0.1) (9853 pts)


lambda_01/bar.xvg: 0.0 - 984.3; lambda = (0, 0.1)
    dH/dl & foreign lambdas:
        dH/dl (coul-lambda) (9844 pts)
        dH/dl (vdw-lambda) (9844 pts)
        delta H to (0, 0) (9844 pts)
        delta H to (0, 0.1) (9844 pts)
        delta H to (0, 0.2) (9844 pts)


lambda_02/bar.xvg: 0.0 - 984.5; lambda = (0, 0.2)
    dH/dl & foreign lambdas:
        dH/dl (coul-lambda) (9846 pts)
        dH/dl (vdw-lambda) (9846 pts)
        delta H to (0, 0.1) (9846 pts)
        delta H to (0, 0.2) (9846 pts)
        delta H to (0, 0.3) (9846 pts)


lambda_03/bar.xvg: 0.0 - 987.3; lambda = (0, 0.3)
    dH/dl & foreign lambdas:
        dH/dl (coul-lambda) (9874 pts)
        dH/dl (vdw-lambda) (9874 pts)
        delta H to (0, 0.2) (9874 pts)
        delta H to (0, 0.3) (9874 pts)
        delta H to (0, 0.4) (9874 pts)


lambda_04/bar.xvg: 0.0 - 986.5; lambda = (0, 0.4)
    dH/dl & foreign lambdas:
        dH/dl (coul-lambda) (9866 pts)
        dH/dl (vdw-lambda) (9866 pts)
        delta H to (0, 0.3) (9866 pts)
        delta H to (0, 0.4) (9866 pts)
        delta H to (0, 0.5) (9866 pts)


lambda_05/bar.xvg: 0.0 - 986.7; lambda = (0, 0.5)
    dH/dl & foreign lambdas:
        dH/dl (coul-lambda) (9868 pts)
        dH/dl (vdw-lambda) (9868 pts)
        delta H to (0, 0.4) (9868 pts)
        delta H to (0, 0.5) (9868 pts)
        delta H to (0, 0.55) (9868 pts)


lambda_06/bar.xvg: 0.0 - 985.5; lambda = (0, 0.55)
    dH/dl & foreign lambdas:
        dH/dl (coul-lambda) (9856 pts)
        dH/dl (vdw-lambda) (9856 pts)
        delta H to (0, 0.5) (9856 pts)
        delta H to (0, 0.55) (9856 pts)
        delta H to (0, 0.6) (9856 pts)


lambda_07/bar.xvg: 0.0 - 983.6; lambda = (0, 0.6)
    dH/dl & foreign lambdas:
        dH/dl (coul-lambda) (9837 pts)
        dH/dl (vdw-lambda) (9837 pts)
        delta H to (0, 0.55) (9837 pts)
        delta H to (0, 0.6) (9837 pts)
        delta H to (0, 0.65) (9837 pts)


lambda_08/bar.xvg: 0.0 - 981.4; lambda = (0, 0.65)
    dH/dl & foreign lambdas:
        dH/dl (coul-lambda) (9815 pts)
        dH/dl (vdw-lambda) (9815 pts)
        delta H to (0, 0.6) (9815 pts)
        delta H to (0, 0.65) (9815 pts)
        delta H to (0, 0.7) (9815 pts)


lambda_09/bar.xvg: 0.0 - 979.3; lambda = (0, 0.7)
    dH/dl & foreign lambdas:
        dH/dl (coul-lambda) (9794 pts)
        dH/dl (vdw-lambda) (9794 pts)
        delta H to (0, 0.65) (9794 pts)
        delta H to (0, 0.7) (9794 pts)
        delta H to (0, 0.75) (9794 pts)


lambda_10/bar.xvg: 0.0 - 990.9; lambda = (0, 0.75)
    dH/dl & foreign lambdas:
        dH/dl (coul-lambda) (9910 pts)
        dH/dl (vdw-lambda) (9910 pts)
        delta H to (0, 0.7) (9910 pts)
        delta H to (0, 0.75) (9910 pts)
        delta H to (0, 0.8) (9910 pts)


lambda_11/bar.xvg: 0.0 - 988.8; lambda = (0, 0.8)
    dH/dl & foreign lambdas:
        dH/dl (coul-lambda) (9889 pts)
        dH/dl (vdw-lambda) (9889 pts)
        delta H to (0, 0.75) (9889 pts)
        delta H to (0, 0.8) (9889 pts)
        delta H to (0, 0.85) (9889 pts)


lambda_12/bar.xvg: 0.0 - 987.2; lambda = (0, 0.85)
    dH/dl & foreign lambdas:
        dH/dl (coul-lambda) (9873 pts)
        dH/dl (vdw-lambda) (9873 pts)
        delta H to (0, 0.8) (9873 pts)
        delta H to (0, 0.85) (9873 pts)
        delta H to (0, 0.9) (9873 pts)


lambda_13/bar.xvg: 0.0 - 986.1; lambda = (0, 0.9)
    dH/dl & foreign lambdas:
        dH/dl (coul-lambda) (9862 pts)
        dH/dl (vdw-lambda) (9862 pts)
        delta H to (0, 0.85) (9862 pts)
        delta H to (0, 0.9) (9862 pts)
        delta H to (0, 0.95) (9862 pts)


lambda_14/bar.xvg: 0.0 - 985.2; lambda = (0, 0.95)
    dH/dl & foreign lambdas:
        dH/dl (coul-lambda) (9853 pts)
        dH/dl (vdw-lambda) (9853 pts)
        delta H to (0, 0.9) (9853 pts)
        delta H to (0, 0.95) (9853 pts)
        delta H to (0, 1) (9853 pts)


lambda_15/bar.xvg: 0.0 - 984.7; lambda = (0, 1)
    dH/dl & foreign lambdas:
        dH/dl (coul-lambda) (9848 pts)
        dH/dl (vdw-lambda) (9848 pts)
        delta H to (0, 0.95) (9848 pts)
        delta H to (0, 1) (9848 pts)
        delta H to (0.2, 1) (9848 pts)


lambda_16/bar.xvg: 0.0 - 989.3; lambda = (0.2, 1)
    dH/dl & foreign lambdas:
        dH/dl (coul-lambda) (9894 pts)
        dH/dl (vdw-lambda) (9894 pts)
        delta H to (0, 1) (9894 pts)
        delta H to (0.2, 1) (9894 pts)
        delta H to (0.4, 1) (9894 pts)


lambda_17/bar.xvg: 0.0 - 980.0; lambda = (0.4, 1)
    dH/dl & foreign lambdas:
        dH/dl (coul-lambda) (9801 pts)
        dH/dl (vdw-lambda) (9801 pts)
        delta H to (0.2, 1) (9801 pts)
        delta H to (0.4, 1) (9801 pts)
        delta H to (0.5, 1) (9801 pts)


lambda_18/bar.xvg: 0.0 - 982.2; lambda = (0.5, 1)
    dH/dl & foreign lambdas:
        dH/dl (coul-lambda) (9823 pts)
        dH/dl (vdw-lambda) (9823 pts)
        delta H to (0.4, 1) (9823 pts)
        delta H to (0.5, 1) (9823 pts)
        delta H to (0.6, 1) (9823 pts)


lambda_19/bar.xvg: 0.0 - 984.5; lambda = (0.6, 1)
    dH/dl & foreign lambdas:
        dH/dl (coul-lambda) (9846 pts)
        dH/dl (vdw-lambda) (9846 pts)
        delta H to (0.5, 1) (9846 pts)
        delta H to (0.6, 1) (9846 pts)
        delta H to (0.7, 1) (9846 pts)


lambda_20/bar.xvg: 0.0 - 987.0; lambda = (0.7, 1)
    dH/dl & foreign lambdas:
        dH/dl (coul-lambda) (9871 pts)
        dH/dl (vdw-lambda) (9871 pts)
        delta H to (0.6, 1) (9871 pts)
        delta H to (0.7, 1) (9871 pts)
        delta H to (0.8, 1) (9871 pts)


lambda_21/bar.xvg: 0.0 - 989.0; lambda = (0.8, 1)
    dH/dl & foreign lambdas:
        dH/dl (coul-lambda) (9891 pts)
        dH/dl (vdw-lambda) (9891 pts)
        delta H to (0.7, 1) (9891 pts)
        delta H to (0.8, 1) (9891 pts)
        delta H to (0.9, 1) (9891 pts)


lambda_22/bar.xvg: 0.0 - 990.9; lambda = (0.9, 1)
    dH/dl & foreign lambdas:
        dH/dl (coul-lambda) (9910 pts)
        dH/dl (vdw-lambda) (9910 pts)
        delta H to (0.8, 1) (9910 pts)
        delta H to (0.9, 1) (9910 pts)
        delta H to (1, 1) (9910 pts)


lambda_23/bar.xvg: 0.0 - 981.3; lambda = (1, 1)
    dH/dl & foreign lambdas:
        dH/dl (coul-lambda) (9814 pts)
        dH/dl (vdw-lambda) (9814 pts)
        delta H to (0.9, 1) (9814 pts)
        delta H to (1, 1) (9814 pts)



   Samples in time interval: 0.000 - 990.900
Removing samples outside of: 100.000 - 990.900

Temperature: 300 K

Detailed results in kT (see help for explanation):

 lam_A  lam_B      DG   +/-     s_A   +/-     s_B   +/-   stdev   +/- 
     0      1   -6.82  0.01    0.02  0.00    0.02  0.00    0.23  0.00
     1      2   -5.38  0.00    0.02  0.00    0.02  0.00    0.23  0.00
     2      3   -2.74  0.01    0.08  0.01    0.09  0.01    0.38  0.01
     3      4    1.90  0.04    0.34  0.03    0.38  0.03    0.89  0.01
     4      5    8.31  0.10    2.49  0.05    2.83  0.10    2.68  0.06
     5      6    4.80  0.10    2.28  0.04    1.99  0.04    2.37  0.03
     6      7    3.10  0.06    2.47  0.09    1.61  0.08    2.18  0.07
     7      8    1.91  0.05    1.69  0.06    1.16  0.05    1.72  0.03
     8      9    1.23  0.02    1.26  0.02    0.90  0.01    1.49  0.01
     9     10    0.76  0.02    1.09  0.02    0.77  0.02    1.37  0.01
    10     11    0.40  0.01    0.93  0.01    0.66  0.01    1.24  0.01
    11     12    0.11  0.01    0.82  0.01    0.57  0.01    1.15  0.01
    12     13   -0.10  0.01    0.69  0.01    0.49  0.01    1.07  0.01
    13     14   -0.26  0.01    0.64  0.01    0.46  0.01    1.02  0.01
    14     15   -0.40  0.00    0.55  0.01    0.39  0.01    0.95  0.00
    15     16   -0.53  0.02    0.54  0.01    0.56  0.01    1.05  0.00
    16     17   -1.77  0.01    0.67  0.01    0.76  0.01    1.22  0.01
    17     18   -1.50  0.01    0.23  0.01    0.24  0.01    0.70  0.00
    18     19   -2.04  0.01    0.30  0.01    0.32  0.01    0.77  0.01
    19     20   -2.69  0.01    0.33  0.01    0.34  0.01    0.81  0.01
    20     21   -3.34  0.01    0.31  0.01    0.32  0.01    0.84  0.00
    21     22   -4.05  0.01    0.39  0.02    0.39  0.02    0.88  0.00
    22     23   -4.84  0.02    0.40  0.02    0.41  0.02    0.90  0.01


Final results in kJ/mol:

point      0 -      1,   DG -17.01 +/-  0.01
point      1 -      2,   DG -13.43 +/-  0.01
point      2 -      3,   DG -6.83 +/-  0.01
point      3 -      4,   DG  4.75 +/-  0.09
point      4 -      5,   DG 20.72 +/-  0.26
point      5 -      6,   DG 11.98 +/-  0.24
point      6 -      7,   DG  7.74 +/-  0.15
point      7 -      8,   DG  4.77 +/-  0.11
point      8 -      9,   DG  3.06 +/-  0.06
point      9 -     10,   DG  1.90 +/-  0.05
point     10 -     11,   DG  1.01 +/-  0.04
point     11 -     12,   DG  0.28 +/-  0.03
point     12 -     13,   DG -0.24 +/-  0.03
point     13 -     14,   DG -0.66 +/-  0.03
point     14 -     15,   DG -1.01 +/-  0.01
point     15 -     16,   DG -1.33 +/-  0.04
point     16 -     17,   DG -4.42 +/-  0.03
point     17 -     18,   DG -3.73 +/-  0.02
point     18 -     19,   DG -5.09 +/-  0.03
point     19 -     20,   DG -6.71 +/-  0.03
point     20 -     21,   DG -8.33 +/-  0.03
point     21 -     22,   DG -10.10 +/-  0.02
point     22 -     23,   DG -12.08 +/-  0.06

total      0 -     23,   DG -34.74 +/-  0.54

