lambda_00/bar.xvg: 0.0 - 953.2; lambda = (0, 0)
    dH/dl & foreign lambdas:
        dH/dl (coul-lambda) (9533 pts)
        dH/dl (vdw-lambda) (9533 pts)
        delta H to (0, 0) (9533 pts)
        delta H to (0, 0.1) (9533 pts)


lambda_01/bar.xvg: 0.0 - 944.4; lambda = (0, 0.1)
    dH/dl & foreign lambdas:
        dH/dl (coul-lambda) (9445 pts)
        dH/dl (vdw-lambda) (9445 pts)
        delta H to (0, 0) (9445 pts)
        delta H to (0, 0.1) (9445 pts)
        delta H to (0, 0.2) (9445 pts)


lambda_02/bar.xvg: 0.0 - 944.4; lambda = (0, 0.2)
    dH/dl & foreign lambdas:
        dH/dl (coul-lambda) (9445 pts)
        dH/dl (vdw-lambda) (9445 pts)
        delta H to (0, 0.1) (9445 pts)
        delta H to (0, 0.2) (9445 pts)
        delta H to (0, 0.3) (9445 pts)


lambda_03/bar.xvg: 0.0 - 946.7; lambda = (0, 0.3)
    dH/dl & foreign lambdas:
        dH/dl (coul-lambda) (9468 pts)
        dH/dl (vdw-lambda) (9468 pts)
        delta H to (0, 0.2) (9468 pts)
        delta H to (0, 0.3) (9468 pts)
        delta H to (0, 0.4) (9468 pts)


lambda_04/bar.xvg: 0.0 - 946.2; lambda = (0, 0.4)
    dH/dl & foreign lambdas:
        dH/dl (coul-lambda) (9463 pts)
        dH/dl (vdw-lambda) (9463 pts)
        delta H to (0, 0.3) (9463 pts)
        delta H to (0, 0.4) (9463 pts)
        delta H to (0, 0.5) (9463 pts)


lambda_05/bar.xvg: 0.0 - 946.1; lambda = (0, 0.5)
    dH/dl & foreign lambdas:
        dH/dl (coul-lambda) (9462 pts)
        dH/dl (vdw-lambda) (9462 pts)
        delta H to (0, 0.4) (9462 pts)
        delta H to (0, 0.5) (9462 pts)
        delta H to (0, 0.55) (9462 pts)


lambda_06/bar.xvg: 0.0 - 945.0; lambda = (0, 0.55)
    dH/dl & foreign lambdas:
        dH/dl (coul-lambda) (9451 pts)
        dH/dl (vdw-lambda) (9451 pts)
        delta H to (0, 0.5) (9451 pts)
        delta H to (0, 0.55) (9451 pts)
        delta H to (0, 0.6) (9451 pts)


lambda_07/bar.xvg: 0.0 - 943.4; lambda = (0, 0.6)
    dH/dl & foreign lambdas:
        dH/dl (coul-lambda) (9435 pts)
        dH/dl (vdw-lambda) (9435 pts)
        delta H to (0, 0.55) (9435 pts)
        delta H to (0, 0.6) (9435 pts)
        delta H to (0, 0.65) (9435 pts)


lambda_08/bar.xvg: 0.0 - 941.7; lambda = (0, 0.65)
    dH/dl & foreign lambdas:
        dH/dl (coul-lambda) (9418 pts)
        dH/dl (vdw-lambda) (9418 pts)
        delta H to (0, 0.6) (9418 pts)
        delta H to (0, 0.65) (9418 pts)
        delta H to (0, 0.7) (9418 pts)


lambda_09/bar.xvg: 0.0 - 953.1; lambda = (0, 0.7)
    dH/dl & foreign lambdas:
        dH/dl (coul-lambda) (9532 pts)
        dH/dl (vdw-lambda) (9532 pts)
        delta H to (0, 0.65) (9532 pts)
        delta H to (0, 0.7) (9532 pts)
        delta H to (0, 0.75) (9532 pts)


lambda_10/bar.xvg: 0.0 - 950.6; lambda = (0, 0.75)
    dH/dl & foreign lambdas:
        dH/dl (coul-lambda) (9507 pts)
        dH/dl (vdw-lambda) (9507 pts)
        delta H to (0, 0.7) (9507 pts)
        delta H to (0, 0.75) (9507 pts)
        delta H to (0, 0.8) (9507 pts)


lambda_11/bar.xvg: 0.0 - 948.6; lambda = (0, 0.8)
    dH/dl & foreign lambdas:
        dH/dl (coul-lambda) (9487 pts)
        dH/dl (vdw-lambda) (9487 pts)
        delta H to (0, 0.75) (9487 pts)
        delta H to (0, 0.8) (9487 pts)
        delta H to (0, 0.85) (9487 pts)


lambda_12/bar.xvg: 0.0 - 947.3; lambda = (0, 0.85)
    dH/dl & foreign lambdas:
        dH/dl (coul-lambda) (9474 pts)
        dH/dl (vdw-lambda) (9474 pts)
        delta H to (0, 0.8) (9474 pts)
        delta H to (0, 0.85) (9474 pts)
        delta H to (0, 0.9) (9474 pts)


lambda_13/bar.xvg: 0.0 - 946.5; lambda = (0, 0.9)
    dH/dl & foreign lambdas:
        dH/dl (coul-lambda) (9466 pts)
        dH/dl (vdw-lambda) (9466 pts)
        delta H to (0, 0.85) (9466 pts)
        delta H to (0, 0.9) (9466 pts)
        delta H to (0, 0.95) (9466 pts)


lambda_14/bar.xvg: 0.0 - 945.7; lambda = (0, 0.95)
    dH/dl & foreign lambdas:
        dH/dl (coul-lambda) (9458 pts)
        dH/dl (vdw-lambda) (9458 pts)
        delta H to (0, 0.9) (9458 pts)
        delta H to (0, 0.95) (9458 pts)
        delta H to (0, 1) (9458 pts)


lambda_15/bar.xvg: 0.0 - 945.1; lambda = (0, 1)
    dH/dl & foreign lambdas:
        dH/dl (coul-lambda) (9452 pts)
        dH/dl (vdw-lambda) (9452 pts)
        delta H to (0, 0.95) (9452 pts)
        delta H to (0, 1) (9452 pts)
        delta H to (0.2, 1) (9452 pts)


lambda_16/bar.xvg: 0.0 - 950.0; lambda = (0.2, 1)
    dH/dl & foreign lambdas:
        dH/dl (coul-lambda) (9501 pts)
        dH/dl (vdw-lambda) (9501 pts)
        delta H to (0, 1) (9501 pts)
        delta H to (0.2, 1) (9501 pts)
        delta H to (0.4, 1) (9501 pts)


lambda_17/bar.xvg: 0.0 - 953.9; lambda = (0.4, 1)
    dH/dl & foreign lambdas:
        dH/dl (coul-lambda) (9540 pts)
        dH/dl (vdw-lambda) (9540 pts)
        delta H to (0.2, 1) (9540 pts)
        delta H to (0.4, 1) (9540 pts)
        delta H to (0.5, 1) (9540 pts)


lambda_18/bar.xvg: 0.0 - 942.4; lambda = (0.5, 1)
    dH/dl & foreign lambdas:
        dH/dl (coul-lambda) (9425 pts)
        dH/dl (vdw-lambda) (9425 pts)
        delta H to (0.4, 1) (9425 pts)
        delta H to (0.5, 1) (9425 pts)
        delta H to (0.6, 1) (9425 pts)


lambda_19/bar.xvg: 0.0 - 944.6; lambda = (0.6, 1)
    dH/dl & foreign lambdas:
        dH/dl (coul-lambda) (9447 pts)
        dH/dl (vdw-lambda) (9447 pts)
        delta H to (0.5, 1) (9447 pts)
        delta H to (0.6, 1) (9447 pts)
        delta H to (0.7, 1) (9447 pts)


lambda_20/bar.xvg: 0.0 - 946.7; lambda = (0.7, 1)
    dH/dl & foreign lambdas:
        dH/dl (coul-lambda) (9468 pts)
        dH/dl (vdw-lambda) (9468 pts)
        delta H to (0.6, 1) (9468 pts)
        delta H to (0.7, 1) (9468 pts)
        delta H to (0.8, 1) (9468 pts)


lambda_21/bar.xvg: 0.0 - 949.0; lambda = (0.8, 1)
    dH/dl & foreign lambdas:
        dH/dl (coul-lambda) (9491 pts)
        dH/dl (vdw-lambda) (9491 pts)
        delta H to (0.7, 1) (9491 pts)
        delta H to (0.8, 1) (9491 pts)
        delta H to (0.9, 1) (9491 pts)


lambda_22/bar.xvg: 0.0 - 950.8; lambda = (0.9, 1)
    dH/dl & foreign lambdas:
        dH/dl (coul-lambda) (9509 pts)
        dH/dl (vdw-lambda) (9509 pts)
        delta H to (0.8, 1) (9509 pts)
        delta H to (0.9, 1) (9509 pts)
        delta H to (1, 1) (9509 pts)


lambda_23/bar.xvg: 0.0 - 948.4; lambda = (1, 1)
    dH/dl & foreign lambdas:
        dH/dl (coul-lambda) (9485 pts)
        dH/dl (vdw-lambda) (9485 pts)
        delta H to (0.9, 1) (9485 pts)
        delta H to (1, 1) (9485 pts)



   Samples in time interval: 0.000 - 953.900
Removing samples outside of: 100.000 - 953.900

Temperature: 300 K

Detailed results in kT (see help for explanation):

 lam_A  lam_B      DG   +/-     s_A   +/-     s_B   +/-   stdev   +/- 
     0      1   -7.29  0.00    0.02  0.00    0.02  0.00    0.24  0.00
     1      2   -5.76  0.01    0.03  0.01    0.03  0.01    0.24  0.00
     2      3   -2.92  0.01    0.07  0.01    0.07  0.01    0.39  0.00
     3      4    2.09  0.03    0.37  0.01    0.40  0.01    0.89  0.01
     4      5    9.02  0.04    2.64  0.06    3.16  0.06    2.89  0.05
     5      6    5.11  0.07    2.45  0.08    2.11  0.05    2.47  0.04
     6      7    3.29  0.07    2.65  0.11    1.75  0.05    2.30  0.05
     7      8    2.00  0.03    1.76  0.05    1.17  0.04    1.77  0.02
     8      9    1.32  0.02    1.38  0.02    0.98  0.02    1.56  0.00
     9     10    0.82  0.02    1.14  0.02    0.80  0.02    1.41  0.01
    10     11    0.41  0.01    1.04  0.01    0.73  0.01    1.31  0.00
    11     12    0.08  0.02    0.84  0.02    0.59  0.02    1.18  0.01
    12     13   -0.12  0.01    0.73  0.02    0.51  0.02    1.10  0.01
    13     14   -0.28  0.01    0.67  0.02    0.47  0.01    1.04  0.01
    14     15   -0.42  0.00    0.60  0.01    0.43  0.01    1.00  0.00
    15     16   -0.53  0.02    0.55  0.02    0.58  0.02    1.08  0.01
    16     17   -1.83  0.02    0.72  0.02    0.81  0.02    1.26  0.01
    17     18   -1.56  0.02    0.24  0.02    0.25  0.02    0.71  0.01
    18     19   -2.09  0.02    0.27  0.02    0.29  0.01    0.78  0.01
    19     20   -2.73  0.02    0.35  0.02    0.36  0.02    0.84  0.01
    20     21   -3.45  0.02    0.35  0.02    0.36  0.02    0.86  0.01
    21     22   -4.21  0.03    0.40  0.02    0.41  0.02    0.90  0.01
    22     23   -5.02  0.03    0.40  0.03    0.41  0.03    0.92  0.01


Final results in kJ/mol:

point      0 -      1,   DG -18.17 +/-  0.01
point      1 -      2,   DG -14.37 +/-  0.02
point      2 -      3,   DG -7.28 +/-  0.03
point      3 -      4,   DG  5.22 +/-  0.08
point      4 -      5,   DG 22.49 +/-  0.11
point      5 -      6,   DG 12.75 +/-  0.16
point      6 -      7,   DG  8.21 +/-  0.17
point      7 -      8,   DG  4.98 +/-  0.07
point      8 -      9,   DG  3.29 +/-  0.05
point      9 -     10,   DG  2.04 +/-  0.04
point     10 -     11,   DG  1.02 +/-  0.03
point     11 -     12,   DG  0.20 +/-  0.04
point     12 -     13,   DG -0.30 +/-  0.03
point     13 -     14,   DG -0.70 +/-  0.03
point     14 -     15,   DG -1.04 +/-  0.01
point     15 -     16,   DG -1.33 +/-  0.04
point     16 -     17,   DG -4.57 +/-  0.06
point     17 -     18,   DG -3.89 +/-  0.04
point     18 -     19,   DG -5.21 +/-  0.05
point     19 -     20,   DG -6.81 +/-  0.04
point     20 -     21,   DG -8.60 +/-  0.06
point     21 -     22,   DG -10.50 +/-  0.08
point     22 -     23,   DG -12.53 +/-  0.08

total      0 -     23,   DG -35.11 +/-  0.36

