lambda_00/bar.xvg: 0.0 - 953.1; lambda = (0, 0)
    dH/dl & foreign lambdas:
        dH/dl (coul-lambda) (9532 pts)
        dH/dl (vdw-lambda) (9532 pts)
        delta H to (0, 0) (9532 pts)
        delta H to (0, 0.1) (9532 pts)


lambda_01/bar.xvg: 0.0 - 957.8; lambda = (0, 0.1)
    dH/dl & foreign lambdas:
        dH/dl (coul-lambda) (9579 pts)
        dH/dl (vdw-lambda) (9579 pts)
        delta H to (0, 0) (9579 pts)
        delta H to (0, 0.1) (9579 pts)
        delta H to (0, 0.2) (9579 pts)


lambda_02/bar.xvg: 0.0 - 957.7; lambda = (0, 0.2)
    dH/dl & foreign lambdas:
        dH/dl (coul-lambda) (9578 pts)
        dH/dl (vdw-lambda) (9578 pts)
        delta H to (0, 0.1) (9578 pts)
        delta H to (0, 0.2) (9578 pts)
        delta H to (0, 0.3) (9578 pts)


lambda_03/bar.xvg: 0.0 - 960.5; lambda = (0, 0.3)
    dH/dl & foreign lambdas:
        dH/dl (coul-lambda) (9606 pts)
        dH/dl (vdw-lambda) (9606 pts)
        delta H to (0, 0.2) (9606 pts)
        delta H to (0, 0.3) (9606 pts)
        delta H to (0, 0.4) (9606 pts)


lambda_04/bar.xvg: 0.0 - 959.2; lambda = (0, 0.4)
    dH/dl & foreign lambdas:
        dH/dl (coul-lambda) (9593 pts)
        dH/dl (vdw-lambda) (9593 pts)
        delta H to (0, 0.3) (9593 pts)
        delta H to (0, 0.4) (9593 pts)
        delta H to (0, 0.5) (9593 pts)


lambda_05/bar.xvg: 0.0 - 959.6; lambda = (0, 0.5)
    dH/dl & foreign lambdas:
        dH/dl (coul-lambda) (9597 pts)
        dH/dl (vdw-lambda) (9597 pts)
        delta H to (0, 0.4) (9597 pts)
        delta H to (0, 0.5) (9597 pts)
        delta H to (0, 0.55) (9597 pts)


lambda_06/bar.xvg: 0.0 - 958.9; lambda = (0, 0.55)
    dH/dl & foreign lambdas:
        dH/dl (coul-lambda) (9590 pts)
        dH/dl (vdw-lambda) (9590 pts)
        delta H to (0, 0.5) (9590 pts)
        delta H to (0, 0.55) (9590 pts)
        delta H to (0, 0.6) (9590 pts)


lambda_07/bar.xvg: 0.0 - 957.3; lambda = (0, 0.6)
    dH/dl & foreign lambdas:
        dH/dl (coul-lambda) (9574 pts)
        dH/dl (vdw-lambda) (9574 pts)
        delta H to (0, 0.55) (9574 pts)
        delta H to (0, 0.6) (9574 pts)
        delta H to (0, 0.65) (9574 pts)


lambda_08/bar.xvg: 0.0 - 955.4; lambda = (0, 0.65)
    dH/dl & foreign lambdas:
        dH/dl (coul-lambda) (9555 pts)
        dH/dl (vdw-lambda) (9555 pts)
        delta H to (0, 0.6) (9555 pts)
        delta H to (0, 0.65) (9555 pts)
        delta H to (0, 0.7) (9555 pts)


lambda_09/bar.xvg: 0.0 - 953.3; lambda = (0, 0.7)
    dH/dl & foreign lambdas:
        dH/dl (coul-lambda) (9534 pts)
        dH/dl (vdw-lambda) (9534 pts)
        delta H to (0, 0.65) (9534 pts)
        delta H to (0, 0.7) (9534 pts)
        delta H to (0, 0.75) (9534 pts)


lambda_10/bar.xvg: 0.0 - 951.3; lambda = (0, 0.75)
    dH/dl & foreign lambdas:
        dH/dl (coul-lambda) (9514 pts)
        dH/dl (vdw-lambda) (9514 pts)
        delta H to (0, 0.7) (9514 pts)
        delta H to (0, 0.75) (9514 pts)
        delta H to (0, 0.8) (9514 pts)


lambda_11/bar.xvg: 0.0 - 948.9; lambda = (0, 0.8)
    dH/dl & foreign lambdas:
        dH/dl (coul-lambda) (9490 pts)
        dH/dl (vdw-lambda) (9490 pts)
        delta H to (0, 0.75) (9490 pts)
        delta H to (0, 0.8) (9490 pts)
        delta H to (0, 0.85) (9490 pts)


lambda_12/bar.xvg: 0.0 - 960.9; lambda = (0, 0.85)
    dH/dl & foreign lambdas:
        dH/dl (coul-lambda) (9610 pts)
        dH/dl (vdw-lambda) (9610 pts)
        delta H to (0, 0.8) (9610 pts)
        delta H to (0, 0.85) (9610 pts)
        delta H to (0, 0.9) (9610 pts)


lambda_13/bar.xvg: 0.0 - 960.0; lambda = (0, 0.9)
    dH/dl & foreign lambdas:
        dH/dl (coul-lambda) (9601 pts)
        dH/dl (vdw-lambda) (9601 pts)
        delta H to (0, 0.85) (9601 pts)
        delta H to (0, 0.9) (9601 pts)
        delta H to (0, 0.95) (9601 pts)


lambda_14/bar.xvg: 0.0 - 958.9; lambda = (0, 0.95)
    dH/dl & foreign lambdas:
        dH/dl (coul-lambda) (9590 pts)
        dH/dl (vdw-lambda) (9590 pts)
        delta H to (0, 0.9) (9590 pts)
        delta H to (0, 0.95) (9590 pts)
        delta H to (0, 1) (9590 pts)


lambda_15/bar.xvg: 0.0 - 958.7; lambda = (0, 1)
    dH/dl & foreign lambdas:
        dH/dl (coul-lambda) (9588 pts)
        dH/dl (vdw-lambda) (9588 pts)
        delta H to (0, 0.95) (9588 pts)
        delta H to (0, 1) (9588 pts)
        delta H to (0.2, 1) (9588 pts)


lambda_16/bar.xvg: 0.0 - 949.8; lambda = (0.2, 1)
    dH/dl & foreign lambdas:
        dH/dl (coul-lambda) (9499 pts)
        dH/dl (vdw-lambda) (9499 pts)
        delta H to (0, 1) (9499 pts)
        delta H to (0.2, 1) (9499 pts)
        delta H to (0.4, 1) (9499 pts)


lambda_17/bar.xvg: 0.0 - 953.7; lambda = (0.4, 1)
    dH/dl & foreign lambdas:
        dH/dl (coul-lambda) (9538 pts)
        dH/dl (vdw-lambda) (9538 pts)
        delta H to (0.2, 1) (9538 pts)
        delta H to (0.4, 1) (9538 pts)
        delta H to (0.5, 1) (9538 pts)


lambda_18/bar.xvg: 0.0 - 956.0; lambda = (0.5, 1)
    dH/dl & foreign lambdas:
        dH/dl (coul-lambda) (9561 pts)
        dH/dl (vdw-lambda) (9561 pts)
        delta H to (0.4, 1) (9561 pts)
        delta H to (0.5, 1) (9561 pts)
        delta H to (0.6, 1) (9561 pts)


lambda_19/bar.xvg: 0.0 - 957.9; lambda = (0.6, 1)
    dH/dl & foreign lambdas:
        dH/dl (coul-lambda) (9580 pts)
        dH/dl (vdw-lambda) (9580 pts)
        delta H to (0.5, 1) (9580 pts)
        delta H to (0.6, 1) (9580 pts)
        delta H to (0.7, 1) (9580 pts)


lambda_20/bar.xvg: 0.0 - 959.9; lambda = (0.7, 1)
    dH/dl & foreign lambdas:
        dH/dl (coul-lambda) (9600 pts)
        dH/dl (vdw-lambda) (9600 pts)
        delta H to (0.6, 1) (9600 pts)
        delta H to (0.7, 1) (9600 pts)
        delta H to (0.8, 1) (9600 pts)


lambda_21/bar.xvg: 0.0 - 949.0; lambda = (0.8, 1)
    dH/dl & foreign lambdas:
        dH/dl (coul-lambda) (9491 pts)
        dH/dl (vdw-lambda) (9491 pts)
        delta H to (0.7, 1) (9491 pts)
        delta H to (0.8, 1) (9491 pts)
        delta H to (0.9, 1) (9491 pts)


lambda_22/bar.xvg: 0.0 - 950.8; lambda = (0.9, 1)
    dH/dl & foreign lambdas:
        dH/dl (coul-lambda) (9509 pts)
        dH/dl (vdw-lambda) (9509 pts)
        delta H to (0.8, 1) (9509 pts)
        delta H to (0.9, 1) (9509 pts)
        delta H to (1, 1) (9509 pts)


lambda_23/bar.xvg: 0.0 - 948.6; lambda = (1, 1)
    dH/dl & foreign lambdas:
        dH/dl (coul-lambda) (9487 pts)
        dH/dl (vdw-lambda) (9487 pts)
        delta H to (0.9, 1) (9487 pts)
        delta H to (1, 1) (9487 pts)



   Samples in time interval: 0.000 - 960.900
Removing samples outside of: 100.000 - 960.900

Temperature: 300 K

Detailed results in kT (see help for explanation):

 lam_A  lam_B      DG   +/-     s_A   +/-     s_B   +/-   stdev   +/- 
     0      1   -7.29  0.01    0.05  0.00    0.05  0.00    0.24  0.00
     1      2   -5.77  0.00    0.03  0.00    0.03  0.00    0.24  0.00
     2      3   -2.90  0.00    0.06  0.01    0.06  0.01    0.38  0.00
     3      4    2.08  0.01    0.42  0.02    0.46  0.02    0.91  0.01
     4      5    9.05  0.15    2.45  0.10    3.02  0.12    2.75  0.07
     5      6    5.09  0.10    2.62  0.12    2.12  0.10    2.48  0.06
     6      7    3.30  0.06    2.59  0.08    1.74  0.06    2.26  0.04
     7      8    2.04  0.01    1.75  0.03    1.21  0.02    1.76  0.02
     8      9    1.30  0.02    1.39  0.03    0.99  0.02    1.56  0.01
     9     10    0.79  0.02    1.10  0.02    0.77  0.01    1.39  0.01
    10     11    0.41  0.02    1.02  0.03    0.71  0.01    1.30  0.01
    11     12    0.10  0.01    0.83  0.01    0.58  0.01    1.17  0.01
    12     13   -0.11  0.02    0.74  0.01    0.52  0.01    1.09  0.01
    13     14   -0.29  0.01    0.67  0.02    0.48  0.01    1.03  0.01
    14     15   -0.44  0.00    0.58  0.01    0.42  0.01    0.97  0.01
    15     16   -0.51  0.02    0.55  0.01    0.59  0.01    1.07  0.01
    16     17   -1.82  0.02    0.72  0.01    0.82  0.01    1.26  0.00
    17     18   -1.55  0.01    0.23  0.01    0.24  0.01    0.71  0.01
    18     19   -2.06  0.00    0.27  0.01    0.28  0.01    0.77  0.00
    19     20   -2.68  0.02    0.33  0.01    0.34  0.01    0.82  0.01
    20     21   -3.41  0.01    0.39  0.01    0.41  0.01    0.87  0.00
    21     22   -4.20  0.02    0.38  0.01    0.40  0.01    0.91  0.01
    22     23   -5.07  0.01    0.47  0.02    0.47  0.02    0.97  0.01


Final results in kJ/mol:

point      0 -      1,   DG -18.18 +/-  0.02
point      1 -      2,   DG -14.38 +/-  0.01
point      2 -      3,   DG -7.24 +/-  0.01
point      3 -      4,   DG  5.18 +/-  0.03
point      4 -      5,   DG 22.58 +/-  0.37
point      5 -      6,   DG 12.70 +/-  0.26
point      6 -      7,   DG  8.23 +/-  0.14
point      7 -      8,   DG  5.08 +/-  0.04
point      8 -      9,   DG  3.24 +/-  0.05
point      9 -     10,   DG  1.96 +/-  0.05
point     10 -     11,   DG  1.02 +/-  0.04
point     11 -     12,   DG  0.26 +/-  0.02
point     12 -     13,   DG -0.27 +/-  0.04
point     13 -     14,   DG -0.71 +/-  0.02
point     14 -     15,   DG -1.09 +/-  0.01
point     15 -     16,   DG -1.27 +/-  0.05
point     16 -     17,   DG -4.54 +/-  0.05
point     17 -     18,   DG -3.86 +/-  0.02
point     18 -     19,   DG -5.14 +/-  0.01
point     19 -     20,   DG -6.67 +/-  0.04
point     20 -     21,   DG -8.51 +/-  0.04
point     21 -     22,   DG -10.48 +/-  0.05
point     22 -     23,   DG -12.64 +/-  0.03

total      0 -     23,   DG -34.75 +/-  0.79

