lambda_00/bar.xvg: 0.0 - 969.6; lambda = (0, 0)
    dH/dl & foreign lambdas:
        dH/dl (coul-lambda) (9697 pts)
        dH/dl (vdw-lambda) (9697 pts)
        delta H to (0, 0) (9697 pts)
        delta H to (0, 0.1) (9697 pts)


lambda_01/bar.xvg: 0.0 - 971.1; lambda = (0, 0.1)
    dH/dl & foreign lambdas:
        dH/dl (coul-lambda) (9712 pts)
        dH/dl (vdw-lambda) (9712 pts)
        delta H to (0, 0) (9712 pts)
        delta H to (0, 0.1) (9712 pts)
        delta H to (0, 0.2) (9712 pts)


lambda_02/bar.xvg: 0.0 - 971.2; lambda = (0, 0.2)
    dH/dl & foreign lambdas:
        dH/dl (coul-lambda) (9713 pts)
        dH/dl (vdw-lambda) (9713 pts)
        delta H to (0, 0.1) (9713 pts)
        delta H to (0, 0.2) (9713 pts)
        delta H to (0, 0.3) (9713 pts)


lambda_03/bar.xvg: 0.0 - 973.9; lambda = (0, 0.3)
    dH/dl & foreign lambdas:
        dH/dl (coul-lambda) (9740 pts)
        dH/dl (vdw-lambda) (9740 pts)
        delta H to (0, 0.2) (9740 pts)
        delta H to (0, 0.3) (9740 pts)
        delta H to (0, 0.4) (9740 pts)


lambda_04/bar.xvg: 0.0 - 973.1; lambda = (0, 0.4)
    dH/dl & foreign lambdas:
        dH/dl (coul-lambda) (9732 pts)
        dH/dl (vdw-lambda) (9732 pts)
        delta H to (0, 0.3) (9732 pts)
        delta H to (0, 0.4) (9732 pts)
        delta H to (0, 0.5) (9732 pts)


lambda_05/bar.xvg: 0.0 - 972.9; lambda = (0, 0.5)
    dH/dl & foreign lambdas:
        dH/dl (coul-lambda) (9730 pts)
        dH/dl (vdw-lambda) (9730 pts)
        delta H to (0, 0.4) (9730 pts)
        delta H to (0, 0.5) (9730 pts)
        delta H to (0, 0.55) (9730 pts)


lambda_06/bar.xvg: 0.0 - 972.1; lambda = (0, 0.55)
    dH/dl & foreign lambdas:
        dH/dl (coul-lambda) (9722 pts)
        dH/dl (vdw-lambda) (9722 pts)
        delta H to (0, 0.5) (9722 pts)
        delta H to (0, 0.55) (9722 pts)
        delta H to (0, 0.6) (9722 pts)


lambda_07/bar.xvg: 0.0 - 970.6; lambda = (0, 0.6)
    dH/dl & foreign lambdas:
        dH/dl (coul-lambda) (9707 pts)
        dH/dl (vdw-lambda) (9707 pts)
        delta H to (0, 0.55) (9707 pts)
        delta H to (0, 0.6) (9707 pts)
        delta H to (0, 0.65) (9707 pts)


lambda_08/bar.xvg: 0.0 - 969.6; lambda = (0, 0.65)
    dH/dl & foreign lambdas:
        dH/dl (coul-lambda) (9697 pts)
        dH/dl (vdw-lambda) (9697 pts)
        delta H to (0, 0.6) (9697 pts)
        delta H to (0, 0.65) (9697 pts)
        delta H to (0, 0.7) (9697 pts)


lambda_09/bar.xvg: 0.0 - 969.6; lambda = (0, 0.7)
    dH/dl & foreign lambdas:
        dH/dl (coul-lambda) (9697 pts)
        dH/dl (vdw-lambda) (9697 pts)
        delta H to (0, 0.65) (9697 pts)
        delta H to (0, 0.7) (9697 pts)
        delta H to (0, 0.75) (9697 pts)


lambda_10/bar.xvg: 0.0 - 977.5; lambda = (0, 0.75)
    dH/dl & foreign lambdas:
        dH/dl (coul-lambda) (9776 pts)
        dH/dl (vdw-lambda) (9776 pts)
        delta H to (0, 0.7) (9776 pts)
        delta H to (0, 0.75) (9776 pts)
        delta H to (0, 0.8) (9776 pts)


lambda_11/bar.xvg: 0.0 - 975.5; lambda = (0, 0.8)
    dH/dl & foreign lambdas:
        dH/dl (coul-lambda) (9756 pts)
        dH/dl (vdw-lambda) (9756 pts)
        delta H to (0, 0.75) (9756 pts)
        delta H to (0, 0.8) (9756 pts)
        delta H to (0, 0.85) (9756 pts)


lambda_12/bar.xvg: 0.0 - 974.3; lambda = (0, 0.85)
    dH/dl & foreign lambdas:
        dH/dl (coul-lambda) (9744 pts)
        dH/dl (vdw-lambda) (9744 pts)
        delta H to (0, 0.8) (9744 pts)
        delta H to (0, 0.85) (9744 pts)
        delta H to (0, 0.9) (9744 pts)


lambda_13/bar.xvg: 0.0 - 972.9; lambda = (0, 0.9)
    dH/dl & foreign lambdas:
        dH/dl (coul-lambda) (9730 pts)
        dH/dl (vdw-lambda) (9730 pts)
        delta H to (0, 0.85) (9730 pts)
        delta H to (0, 0.9) (9730 pts)
        delta H to (0, 0.95) (9730 pts)


lambda_14/bar.xvg: 0.0 - 972.2; lambda = (0, 0.95)
    dH/dl & foreign lambdas:
        dH/dl (coul-lambda) (9723 pts)
        dH/dl (vdw-lambda) (9723 pts)
        delta H to (0, 0.9) (9723 pts)
        delta H to (0, 0.95) (9723 pts)
        delta H to (0, 1) (9723 pts)


lambda_15/bar.xvg: 0.0 - 971.0; lambda = (0, 1)
    dH/dl & foreign lambdas:
        dH/dl (coul-lambda) (9711 pts)
        dH/dl (vdw-lambda) (9711 pts)
        delta H to (0, 0.95) (9711 pts)
        delta H to (0, 1) (9711 pts)
        delta H to (0.2, 1) (9711 pts)


lambda_16/bar.xvg: 0.0 - 975.8; lambda = (0.2, 1)
    dH/dl & foreign lambdas:
        dH/dl (coul-lambda) (9759 pts)
        dH/dl (vdw-lambda) (9759 pts)
        delta H to (0, 1) (9759 pts)
        delta H to (0.2, 1) (9759 pts)
        delta H to (0.4, 1) (9759 pts)


lambda_17/bar.xvg: 0.0 - 969.6; lambda = (0.4, 1)
    dH/dl & foreign lambdas:
        dH/dl (coul-lambda) (9697 pts)
        dH/dl (vdw-lambda) (9697 pts)
        delta H to (0.2, 1) (9697 pts)
        delta H to (0.4, 1) (9697 pts)
        delta H to (0.5, 1) (9697 pts)


lambda_18/bar.xvg: 0.0 - 969.6; lambda = (0.5, 1)
    dH/dl & foreign lambdas:
        dH/dl (coul-lambda) (9697 pts)
        dH/dl (vdw-lambda) (9697 pts)
        delta H to (0.4, 1) (9697 pts)
        delta H to (0.5, 1) (9697 pts)
        delta H to (0.6, 1) (9697 pts)


lambda_19/bar.xvg: 0.0 - 970.7; lambda = (0.6, 1)
    dH/dl & foreign lambdas:
        dH/dl (coul-lambda) (9708 pts)
        dH/dl (vdw-lambda) (9708 pts)
        delta H to (0.5, 1) (9708 pts)
        delta H to (0.6, 1) (9708 pts)
        delta H to (0.7, 1) (9708 pts)


lambda_20/bar.xvg: 0.0 - 972.9; lambda = (0.7, 1)
    dH/dl & foreign lambdas:
        dH/dl (coul-lambda) (9730 pts)
        dH/dl (vdw-lambda) (9730 pts)
        delta H to (0.6, 1) (9730 pts)
        delta H to (0.7, 1) (9730 pts)
        delta H to (0.8, 1) (9730 pts)


lambda_21/bar.xvg: 0.0 - 975.3; lambda = (0.8, 1)
    dH/dl & foreign lambdas:
        dH/dl (coul-lambda) (9754 pts)
        dH/dl (vdw-lambda) (9754 pts)
        delta H to (0.7, 1) (9754 pts)
        delta H to (0.8, 1) (9754 pts)
        delta H to (0.9, 1) (9754 pts)


lambda_22/bar.xvg: 0.0 - 977.0; lambda = (0.9, 1)
    dH/dl & foreign lambdas:
        dH/dl (coul-lambda) (9771 pts)
        dH/dl (vdw-lambda) (9771 pts)
        delta H to (0.8, 1) (9771 pts)
        delta H to (0.9, 1) (9771 pts)
        delta H to (1, 1) (9771 pts)


lambda_23/bar.xvg: 0.0 - 969.6; lambda = (1, 1)
    dH/dl & foreign lambdas:
        dH/dl (coul-lambda) (9697 pts)
        dH/dl (vdw-lambda) (9697 pts)
        delta H to (0.9, 1) (9697 pts)
        delta H to (1, 1) (9697 pts)



   Samples in time interval: 0.000 - 977.500
Removing samples outside of: 100.000 - 977.500

Temperature: 300 K

Detailed results in kT (see help for explanation):

 lam_A  lam_B      DG   +/-     s_A   +/-     s_B   +/-   stdev   +/- 
     0      1   -7.28  0.01    0.04  0.01    0.04  0.01    0.24  0.00
     1      2   -5.76  0.00    0.03  0.01    0.03  0.01    0.24  0.00
     2      3   -2.93  0.01    0.07  0.01    0.07  0.01    0.39  0.01
     3      4    2.06  0.01    0.37  0.01    0.40  0.01    0.89  0.01
     4      5    9.00  0.11    2.61  0.11    3.18  0.08    2.90  0.08
     5      6    5.08  0.09    2.45  0.13    2.09  0.07    2.41  0.07
     6      7    3.29  0.06    2.64  0.11    1.74  0.08    2.27  0.06
     7      8    2.05  0.05    1.73  0.07    1.20  0.04    1.76  0.02
     8      9    1.34  0.04    1.38  0.01    0.97  0.02    1.57  0.02
     9     10    0.81  0.01    1.20  0.04    0.84  0.02    1.42  0.01
    10     11    0.41  0.01    0.98  0.01    0.68  0.01    1.29  0.01
    11     12    0.13  0.01    0.87  0.01    0.60  0.01    1.19  0.01
    12     13   -0.10  0.01    0.76  0.01    0.53  0.01    1.11  0.00
    13     14   -0.28  0.00    0.67  0.01    0.47  0.01    1.05  0.00
    14     15   -0.42  0.01    0.61  0.01    0.43  0.01    0.99  0.01
    15     16   -0.53  0.01    0.52  0.01    0.54  0.01    1.03  0.01
    16     17   -1.73  0.01    0.65  0.01    0.73  0.02    1.19  0.01
    17     18   -1.42  0.01    0.18  0.01    0.20  0.01    0.66  0.00
    18     19   -1.90  0.02    0.28  0.01    0.30  0.01    0.74  0.01
    19     20   -2.53  0.01    0.33  0.02    0.35  0.02    0.80  0.01
    20     21   -3.21  0.02    0.33  0.01    0.34  0.01    0.83  0.01
    21     22   -3.89  0.02    0.35  0.01    0.36  0.01    0.86  0.00
    22     23   -4.66  0.02    0.41  0.02    0.42  0.02    0.91  0.01


Final results in kJ/mol:

point      0 -      1,   DG -18.16 +/-  0.02
point      1 -      2,   DG -14.38 +/-  0.01
point      2 -      3,   DG -7.30 +/-  0.02
point      3 -      4,   DG  5.14 +/-  0.03
point      4 -      5,   DG 22.44 +/-  0.27
point      5 -      6,   DG 12.66 +/-  0.22
point      6 -      7,   DG  8.20 +/-  0.14
point      7 -      8,   DG  5.11 +/-  0.12
point      8 -      9,   DG  3.35 +/-  0.09
point      9 -     10,   DG  2.03 +/-  0.04
point     10 -     11,   DG  1.03 +/-  0.03
point     11 -     12,   DG  0.31 +/-  0.02
point     12 -     13,   DG -0.24 +/-  0.02
point     13 -     14,   DG -0.69 +/-  0.01
point     14 -     15,   DG -1.04 +/-  0.02
point     15 -     16,   DG -1.33 +/-  0.02
point     16 -     17,   DG -4.32 +/-  0.02
point     17 -     18,   DG -3.53 +/-  0.04
point     18 -     19,   DG -4.74 +/-  0.04
point     19 -     20,   DG -6.31 +/-  0.03
point     20 -     21,   DG -8.00 +/-  0.06
point     21 -     22,   DG -9.71 +/-  0.04
point     22 -     23,   DG -11.64 +/-  0.06

total      0 -     23,   DG -31.11 +/-  0.55

