lambda_00/bar.xvg: 0.0 - 985.0; lambda = (0, 0)
    dH/dl & foreign lambdas:
        dH/dl (coul-lambda) (9851 pts)
        dH/dl (vdw-lambda) (9851 pts)
        delta H to (0, 0) (9851 pts)
        delta H to (0, 0.1) (9851 pts)


lambda_01/bar.xvg: 0.0 - 984.3; lambda = (0, 0.1)
    dH/dl & foreign lambdas:
        dH/dl (coul-lambda) (9844 pts)
        dH/dl (vdw-lambda) (9844 pts)
        delta H to (0, 0) (9844 pts)
        delta H to (0, 0.1) (9844 pts)
        delta H to (0, 0.2) (9844 pts)


lambda_02/bar.xvg: 0.0 - 984.5; lambda = (0, 0.2)
    dH/dl & foreign lambdas:
        dH/dl (coul-lambda) (9846 pts)
        dH/dl (vdw-lambda) (9846 pts)
        delta H to (0, 0.1) (9846 pts)
        delta H to (0, 0.2) (9846 pts)
        delta H to (0, 0.3) (9846 pts)


lambda_03/bar.xvg: 0.0 - 987.2; lambda = (0, 0.3)
    dH/dl & foreign lambdas:
        dH/dl (coul-lambda) (9873 pts)
        dH/dl (vdw-lambda) (9873 pts)
        delta H to (0, 0.2) (9873 pts)
        delta H to (0, 0.3) (9873 pts)
        delta H to (0, 0.4) (9873 pts)


lambda_04/bar.xvg: 0.0 - 986.6; lambda = (0, 0.4)
    dH/dl & foreign lambdas:
        dH/dl (coul-lambda) (9867 pts)
        dH/dl (vdw-lambda) (9867 pts)
        delta H to (0, 0.3) (9867 pts)
        delta H to (0, 0.4) (9867 pts)
        delta H to (0, 0.5) (9867 pts)


lambda_05/bar.xvg: 0.0 - 986.5; lambda = (0, 0.5)
    dH/dl & foreign lambdas:
        dH/dl (coul-lambda) (9866 pts)
        dH/dl (vdw-lambda) (9866 pts)
        delta H to (0, 0.4) (9866 pts)
        delta H to (0, 0.5) (9866 pts)
        delta H to (0, 0.55) (9866 pts)


lambda_06/bar.xvg: 0.0 - 985.4; lambda = (0, 0.55)
    dH/dl & foreign lambdas:
        dH/dl (coul-lambda) (9855 pts)
        dH/dl (vdw-lambda) (9855 pts)
        delta H to (0, 0.5) (9855 pts)
        delta H to (0, 0.55) (9855 pts)
        delta H to (0, 0.6) (9855 pts)


lambda_07/bar.xvg: 0.0 - 983.1; lambda = (0, 0.6)
    dH/dl & foreign lambdas:
        dH/dl (coul-lambda) (9832 pts)
        dH/dl (vdw-lambda) (9832 pts)
        delta H to (0, 0.55) (9832 pts)
        delta H to (0, 0.6) (9832 pts)
        delta H to (0, 0.65) (9832 pts)


lambda_08/bar.xvg: 0.0 - 994.8; lambda = (0, 0.65)
    dH/dl & foreign lambdas:
        dH/dl (coul-lambda) (9949 pts)
        dH/dl (vdw-lambda) (9949 pts)
        delta H to (0, 0.6) (9949 pts)
        delta H to (0, 0.65) (9949 pts)
        delta H to (0, 0.7) (9949 pts)


lambda_09/bar.xvg: 0.0 - 992.1; lambda = (0, 0.7)
    dH/dl & foreign lambdas:
        dH/dl (coul-lambda) (9922 pts)
        dH/dl (vdw-lambda) (9922 pts)
        delta H to (0, 0.65) (9922 pts)
        delta H to (0, 0.7) (9922 pts)
        delta H to (0, 0.75) (9922 pts)


lambda_10/bar.xvg: 0.0 - 990.1; lambda = (0, 0.75)
    dH/dl & foreign lambdas:
        dH/dl (coul-lambda) (9902 pts)
        dH/dl (vdw-lambda) (9902 pts)
        delta H to (0, 0.7) (9902 pts)
        delta H to (0, 0.75) (9902 pts)
        delta H to (0, 0.8) (9902 pts)


lambda_11/bar.xvg: 0.0 - 988.7; lambda = (0, 0.8)
    dH/dl & foreign lambdas:
        dH/dl (coul-lambda) (9888 pts)
        dH/dl (vdw-lambda) (9888 pts)
        delta H to (0, 0.75) (9888 pts)
        delta H to (0, 0.8) (9888 pts)
        delta H to (0, 0.85) (9888 pts)


lambda_12/bar.xvg: 0.0 - 986.5; lambda = (0, 0.85)
    dH/dl & foreign lambdas:
        dH/dl (coul-lambda) (9866 pts)
        dH/dl (vdw-lambda) (9866 pts)
        delta H to (0, 0.8) (9866 pts)
        delta H to (0, 0.85) (9866 pts)
        delta H to (0, 0.9) (9866 pts)


lambda_13/bar.xvg: 0.0 - 985.5; lambda = (0, 0.9)
    dH/dl & foreign lambdas:
        dH/dl (coul-lambda) (9856 pts)
        dH/dl (vdw-lambda) (9856 pts)
        delta H to (0, 0.85) (9856 pts)
        delta H to (0, 0.9) (9856 pts)
        delta H to (0, 0.95) (9856 pts)


lambda_14/bar.xvg: 0.0 - 984.8; lambda = (0, 0.95)
    dH/dl & foreign lambdas:
        dH/dl (coul-lambda) (9849 pts)
        dH/dl (vdw-lambda) (9849 pts)
        delta H to (0, 0.9) (9849 pts)
        delta H to (0, 0.95) (9849 pts)
        delta H to (0, 1) (9849 pts)


lambda_15/bar.xvg: 0.0 - 983.9; lambda = (0, 1)
    dH/dl & foreign lambdas:
        dH/dl (coul-lambda) (9840 pts)
        dH/dl (vdw-lambda) (9840 pts)
        delta H to (0, 0.95) (9840 pts)
        delta H to (0, 1) (9840 pts)
        delta H to (0.2, 1) (9840 pts)


lambda_16/bar.xvg: 0.0 - 988.8; lambda = (0.2, 1)
    dH/dl & foreign lambdas:
        dH/dl (coul-lambda) (9889 pts)
        dH/dl (vdw-lambda) (9889 pts)
        delta H to (0, 1) (9889 pts)
        delta H to (0.2, 1) (9889 pts)
        delta H to (0.4, 1) (9889 pts)


lambda_17/bar.xvg: 0.0 - 993.1; lambda = (0.4, 1)
    dH/dl & foreign lambdas:
        dH/dl (coul-lambda) (9932 pts)
        dH/dl (vdw-lambda) (9932 pts)
        delta H to (0.2, 1) (9932 pts)
        delta H to (0.4, 1) (9932 pts)
        delta H to (0.5, 1) (9932 pts)


lambda_18/bar.xvg: 0.0 - 995.2; lambda = (0.5, 1)
    dH/dl & foreign lambdas:
        dH/dl (coul-lambda) (9953 pts)
        dH/dl (vdw-lambda) (9953 pts)
        delta H to (0.4, 1) (9953 pts)
        delta H to (0.5, 1) (9953 pts)
        delta H to (0.6, 1) (9953 pts)


lambda_19/bar.xvg: 0.0 - 984.2; lambda = (0.6, 1)
    dH/dl & foreign lambdas:
        dH/dl (coul-lambda) (9843 pts)
        dH/dl (vdw-lambda) (9843 pts)
        delta H to (0.5, 1) (9843 pts)
        delta H to (0.6, 1) (9843 pts)
        delta H to (0.7, 1) (9843 pts)


lambda_20/bar.xvg: 0.0 - 986.7; lambda = (0.7, 1)
    dH/dl & foreign lambdas:
        dH/dl (coul-lambda) (9868 pts)
        dH/dl (vdw-lambda) (9868 pts)
        delta H to (0.6, 1) (9868 pts)
        delta H to (0.7, 1) (9868 pts)
        delta H to (0.8, 1) (9868 pts)


lambda_21/bar.xvg: 0.0 - 988.8; lambda = (0.8, 1)
    dH/dl & foreign lambdas:
        dH/dl (coul-lambda) (9889 pts)
        dH/dl (vdw-lambda) (9889 pts)
        delta H to (0.7, 1) (9889 pts)
        delta H to (0.8, 1) (9889 pts)
        delta H to (0.9, 1) (9889 pts)


lambda_22/bar.xvg: 0.0 - 990.8; lambda = (0.9, 1)
    dH/dl & foreign lambdas:
        dH/dl (coul-lambda) (9909 pts)
        dH/dl (vdw-lambda) (9909 pts)
        delta H to (0.8, 1) (9909 pts)
        delta H to (0.9, 1) (9909 pts)
        delta H to (1, 1) (9909 pts)


lambda_23/bar.xvg: 0.0 - 981.1; lambda = (1, 1)
    dH/dl & foreign lambdas:
        dH/dl (coul-lambda) (9812 pts)
        dH/dl (vdw-lambda) (9812 pts)
        delta H to (0.9, 1) (9812 pts)
        delta H to (1, 1) (9812 pts)



   Samples in time interval: 0.000 - 995.200
Removing samples outside of: 100.000 - 995.200

Temperature: 300 K

Detailed results in kT (see help for explanation):

 lam_A  lam_B      DG   +/-     s_A   +/-     s_B   +/-   stdev   +/- 
     0      1   -6.81  0.00    0.03  0.01    0.03  0.01    0.24  0.00
     1      2   -5.39  0.01    0.02  0.01    0.02  0.01    0.24  0.00
     2      3   -2.72  0.01    0.07  0.01    0.07  0.01    0.37  0.00
     3      4    1.93  0.03    0.37  0.04    0.41  0.04    0.88  0.02
     4      5    8.20  0.11    2.60  0.03    2.90  0.08    2.79  0.03
     5      6    4.66  0.07    2.25  0.11    1.97  0.05    2.32  0.04
     6      7    2.92  0.05    2.45  0.13    1.62  0.05    2.16  0.06
     7      8    1.79  0.04    1.49  0.04    1.04  0.04    1.65  0.02
     8      9    1.16  0.01    1.31  0.03    0.89  0.02    1.49  0.01
     9     10    0.69  0.01    1.04  0.02    0.73  0.02    1.33  0.01
    10     11    0.34  0.00    0.90  0.01    0.63  0.01    1.21  0.01
    11     12    0.07  0.01    0.77  0.01    0.55  0.01    1.13  0.01
    12     13   -0.13  0.01    0.67  0.01    0.47  0.01    1.05  0.01
    13     14   -0.29  0.00    0.60  0.01    0.43  0.01    0.99  0.01
    14     15   -0.41  0.01    0.54  0.00    0.39  0.00    0.94  0.00
    15     16   -0.50  0.01    0.49  0.02    0.52  0.02    1.01  0.01
    16     17   -1.68  0.02    0.66  0.02    0.75  0.02    1.20  0.01
    17     18   -1.43  0.01    0.22  0.01    0.23  0.01    0.68  0.01
    18     19   -1.93  0.01    0.27  0.01    0.28  0.01    0.75  0.01
    19     20   -2.52  0.01    0.31  0.01    0.32  0.01    0.80  0.00
    20     21   -3.19  0.02    0.35  0.01    0.36  0.01    0.84  0.01
    21     22   -3.90  0.02    0.35  0.02    0.36  0.02    0.87  0.01
    22     23   -4.67  0.01    0.41  0.03    0.42  0.03    0.90  0.01


Final results in kJ/mol:

point      0 -      1,   DG -16.99 +/-  0.01
point      1 -      2,   DG -13.45 +/-  0.02
point      2 -      3,   DG -6.79 +/-  0.03
point      3 -      4,   DG  4.82 +/-  0.07
point      4 -      5,   DG 20.45 +/-  0.28
point      5 -      6,   DG 11.63 +/-  0.18
point      6 -      7,   DG  7.28 +/-  0.12
point      7 -      8,   DG  4.46 +/-  0.09
point      8 -      9,   DG  2.90 +/-  0.04
point      9 -     10,   DG  1.72 +/-  0.03
point     10 -     11,   DG  0.84 +/-  0.01
point     11 -     12,   DG  0.18 +/-  0.02
point     12 -     13,   DG -0.33 +/-  0.01
point     13 -     14,   DG -0.71 +/-  0.01
point     14 -     15,   DG -1.02 +/-  0.04
point     15 -     16,   DG -1.24 +/-  0.03
point     16 -     17,   DG -4.18 +/-  0.05
point     17 -     18,   DG -3.56 +/-  0.01
point     18 -     19,   DG -4.81 +/-  0.02
point     19 -     20,   DG -6.29 +/-  0.04
point     20 -     21,   DG -7.96 +/-  0.05
point     21 -     22,   DG -9.72 +/-  0.05
point     22 -     23,   DG -11.66 +/-  0.03

total      0 -     23,   DG -34.46 +/-  0.18

