lambda_00/bar.xvg: 0.0 - 905.3; lambda = (0, 0)
    dH/dl & foreign lambdas:
        dH/dl (coul-lambda) (9054 pts)
        dH/dl (vdw-lambda) (9054 pts)
        delta H to (0, 0) (9054 pts)
        delta H to (0, 0.1) (9054 pts)


lambda_01/bar.xvg: 0.0 - 904.5; lambda = (0, 0.1)
    dH/dl & foreign lambdas:
        dH/dl (coul-lambda) (9046 pts)
        dH/dl (vdw-lambda) (9046 pts)
        delta H to (0, 0) (9046 pts)
        delta H to (0, 0.1) (9046 pts)
        delta H to (0, 0.2) (9046 pts)


lambda_02/bar.xvg: 0.0 - 904.6; lambda = (0, 0.2)
    dH/dl & foreign lambdas:
        dH/dl (coul-lambda) (9047 pts)
        dH/dl (vdw-lambda) (9047 pts)
        delta H to (0, 0.1) (9047 pts)
        delta H to (0, 0.2) (9047 pts)
        delta H to (0, 0.3) (9047 pts)


lambda_03/bar.xvg: 0.0 - 906.2; lambda = (0, 0.3)
    dH/dl & foreign lambdas:
        dH/dl (coul-lambda) (9063 pts)
        dH/dl (vdw-lambda) (9063 pts)
        delta H to (0, 0.2) (9063 pts)
        delta H to (0, 0.3) (9063 pts)
        delta H to (0, 0.4) (9063 pts)


lambda_04/bar.xvg: 0.0 - 905.4; lambda = (0, 0.4)
    dH/dl & foreign lambdas:
        dH/dl (coul-lambda) (9055 pts)
        dH/dl (vdw-lambda) (9055 pts)
        delta H to (0, 0.3) (9055 pts)
        delta H to (0, 0.4) (9055 pts)
        delta H to (0, 0.5) (9055 pts)


lambda_05/bar.xvg: 0.0 - 905.4; lambda = (0, 0.5)
    dH/dl & foreign lambdas:
        dH/dl (coul-lambda) (9055 pts)
        dH/dl (vdw-lambda) (9055 pts)
        delta H to (0, 0.4) (9055 pts)
        delta H to (0, 0.5) (9055 pts)
        delta H to (0, 0.55) (9055 pts)


lambda_06/bar.xvg: 0.0 - 904.3; lambda = (0, 0.55)
    dH/dl & foreign lambdas:
        dH/dl (coul-lambda) (9044 pts)
        dH/dl (vdw-lambda) (9044 pts)
        delta H to (0, 0.5) (9044 pts)
        delta H to (0, 0.55) (9044 pts)
        delta H to (0, 0.6) (9044 pts)


lambda_07/bar.xvg: 0.0 - 902.9; lambda = (0, 0.6)
    dH/dl & foreign lambdas:
        dH/dl (coul-lambda) (9030 pts)
        dH/dl (vdw-lambda) (9030 pts)
        delta H to (0, 0.55) (9030 pts)
        delta H to (0, 0.6) (9030 pts)
        delta H to (0, 0.65) (9030 pts)


lambda_08/bar.xvg: 0.0 - 901.4; lambda = (0, 0.65)
    dH/dl & foreign lambdas:
        dH/dl (coul-lambda) (9015 pts)
        dH/dl (vdw-lambda) (9015 pts)
        delta H to (0, 0.6) (9015 pts)
        delta H to (0, 0.65) (9015 pts)
        delta H to (0, 0.7) (9015 pts)


lambda_09/bar.xvg: 0.0 - 899.2; lambda = (0, 0.7)
    dH/dl & foreign lambdas:
        dH/dl (coul-lambda) (8993 pts)
        dH/dl (vdw-lambda) (8993 pts)
        delta H to (0, 0.65) (8993 pts)
        delta H to (0, 0.7) (8993 pts)
        delta H to (0, 0.75) (8993 pts)


lambda_10/bar.xvg: 0.0 - 910.5; lambda = (0, 0.75)
    dH/dl & foreign lambdas:
        dH/dl (coul-lambda) (9106 pts)
        dH/dl (vdw-lambda) (9106 pts)
        delta H to (0, 0.7) (9106 pts)
        delta H to (0, 0.75) (9106 pts)
        delta H to (0, 0.8) (9106 pts)


lambda_11/bar.xvg: 0.0 - 909.0; lambda = (0, 0.8)
    dH/dl & foreign lambdas:
        dH/dl (coul-lambda) (9091 pts)
        dH/dl (vdw-lambda) (9091 pts)
        delta H to (0, 0.75) (9091 pts)
        delta H to (0, 0.8) (9091 pts)
        delta H to (0, 0.85) (9091 pts)


lambda_12/bar.xvg: 0.0 - 907.4; lambda = (0, 0.85)
    dH/dl & foreign lambdas:
        dH/dl (coul-lambda) (9075 pts)
        dH/dl (vdw-lambda) (9075 pts)
        delta H to (0, 0.8) (9075 pts)
        delta H to (0, 0.85) (9075 pts)
        delta H to (0, 0.9) (9075 pts)


lambda_13/bar.xvg: 0.0 - 906.0; lambda = (0, 0.9)
    dH/dl & foreign lambdas:
        dH/dl (coul-lambda) (9061 pts)
        dH/dl (vdw-lambda) (9061 pts)
        delta H to (0, 0.85) (9061 pts)
        delta H to (0, 0.9) (9061 pts)
        delta H to (0, 0.95) (9061 pts)


lambda_14/bar.xvg: 0.0 - 905.4; lambda = (0, 0.95)
    dH/dl & foreign lambdas:
        dH/dl (coul-lambda) (9055 pts)
        dH/dl (vdw-lambda) (9055 pts)
        delta H to (0, 0.9) (9055 pts)
        delta H to (0, 0.95) (9055 pts)
        delta H to (0, 1) (9055 pts)


lambda_15/bar.xvg: 0.0 - 904.7; lambda = (0, 1)
    dH/dl & foreign lambdas:
        dH/dl (coul-lambda) (9048 pts)
        dH/dl (vdw-lambda) (9048 pts)
        delta H to (0, 0.95) (9048 pts)
        delta H to (0, 1) (9048 pts)
        delta H to (0.2, 1) (9048 pts)


lambda_16/bar.xvg: 0.0 - 909.8; lambda = (0.2, 1)
    dH/dl & foreign lambdas:
        dH/dl (coul-lambda) (9099 pts)
        dH/dl (vdw-lambda) (9099 pts)
        delta H to (0, 1) (9099 pts)
        delta H to (0.2, 1) (9099 pts)
        delta H to (0.4, 1) (9099 pts)


lambda_17/bar.xvg: 0.0 - 900.0; lambda = (0.4, 1)
    dH/dl & foreign lambdas:
        dH/dl (coul-lambda) (9001 pts)
        dH/dl (vdw-lambda) (9001 pts)
        delta H to (0.2, 1) (9001 pts)
        delta H to (0.4, 1) (9001 pts)
        delta H to (0.5, 1) (9001 pts)


lambda_18/bar.xvg: 0.0 - 902.2; lambda = (0.5, 1)
    dH/dl & foreign lambdas:
        dH/dl (coul-lambda) (9023 pts)
        dH/dl (vdw-lambda) (9023 pts)
        delta H to (0.4, 1) (9023 pts)
        delta H to (0.5, 1) (9023 pts)
        delta H to (0.6, 1) (9023 pts)


lambda_19/bar.xvg: 0.0 - 904.3; lambda = (0.6, 1)
    dH/dl & foreign lambdas:
        dH/dl (coul-lambda) (9044 pts)
        dH/dl (vdw-lambda) (9044 pts)
        delta H to (0.5, 1) (9044 pts)
        delta H to (0.6, 1) (9044 pts)
        delta H to (0.7, 1) (9044 pts)


lambda_20/bar.xvg: 0.0 - 906.2; lambda = (0.7, 1)
    dH/dl & foreign lambdas:
        dH/dl (coul-lambda) (9063 pts)
        dH/dl (vdw-lambda) (9063 pts)
        delta H to (0.6, 1) (9063 pts)
        delta H to (0.7, 1) (9063 pts)
        delta H to (0.8, 1) (9063 pts)


lambda_21/bar.xvg: 0.0 - 908.4; lambda = (0.8, 1)
    dH/dl & foreign lambdas:
        dH/dl (coul-lambda) (9085 pts)
        dH/dl (vdw-lambda) (9085 pts)
        delta H to (0.7, 1) (9085 pts)
        delta H to (0.8, 1) (9085 pts)
        delta H to (0.9, 1) (9085 pts)


lambda_22/bar.xvg: 0.0 - 910.1; lambda = (0.9, 1)
    dH/dl & foreign lambdas:
        dH/dl (coul-lambda) (9102 pts)
        dH/dl (vdw-lambda) (9102 pts)
        delta H to (0.8, 1) (9102 pts)
        delta H to (0.9, 1) (9102 pts)
        delta H to (1, 1) (9102 pts)


lambda_23/bar.xvg: 0.0 - 899.0; lambda = (1, 1)
    dH/dl & foreign lambdas:
        dH/dl (coul-lambda) (8991 pts)
        dH/dl (vdw-lambda) (8991 pts)
        delta H to (0.9, 1) (8991 pts)
        delta H to (1, 1) (8991 pts)



   Samples in time interval: 0.000 - 910.500
Removing samples outside of: 100.000 - 910.500

Temperature: 300 K

Detailed results in kT (see help for explanation):

 lam_A  lam_B      DG   +/-     s_A   +/-     s_B   +/-   stdev   +/- 
     0      1   -7.28  0.01    0.02  0.00    0.02  0.00    0.24  0.00
     1      2   -5.76  0.01    0.04  0.01    0.04  0.01    0.24  0.00
     2      3   -2.92  0.02    0.08  0.01    0.08  0.01    0.40  0.00
     3      4    2.04  0.03    0.40  0.03    0.43  0.03    0.90  0.01
     4      5    8.93  0.08    2.55  0.07    3.00  0.11    2.78  0.06
     5      6    5.10  0.08    2.54  0.12    2.18  0.07    2.52  0.06
     6      7    3.27  0.08    2.55  0.09    1.73  0.04    2.26  0.03
     7      8    2.07  0.04    1.69  0.04    1.15  0.04    1.75  0.02
     8      9    1.36  0.02    1.49  0.03    1.04  0.02    1.60  0.01
     9     10    0.79  0.03    1.13  0.02    0.81  0.01    1.40  0.01
    10     11    0.41  0.02    0.99  0.03    0.70  0.03    1.29  0.01
    11     12    0.11  0.02    0.86  0.03    0.61  0.02    1.19  0.01
    12     13   -0.13  0.01    0.75  0.02    0.53  0.01    1.10  0.01
    13     14   -0.30  0.01    0.64  0.02    0.46  0.02    1.03  0.01
    14     15   -0.42  0.02    0.59  0.02    0.43  0.01    0.99  0.01
    15     16   -0.50  0.01    0.49  0.01    0.51  0.01    1.02  0.01
    16     17   -1.65  0.01    0.63  0.01    0.71  0.01    1.18  0.01
    17     18   -1.39  0.01    0.21  0.01    0.23  0.01    0.67  0.00
    18     19   -1.88  0.02    0.26  0.01    0.27  0.01    0.73  0.01
    19     20   -2.46  0.02    0.30  0.01    0.32  0.01    0.79  0.01
    20     21   -3.11  0.02    0.34  0.02    0.34  0.02    0.83  0.01
    21     22   -3.79  0.01    0.34  0.01    0.35  0.01    0.84  0.01
    22     23   -4.50  0.02    0.37  0.02    0.38  0.02    0.89  0.00


Final results in kJ/mol:

point      0 -      1,   DG -18.15 +/-  0.02
point      1 -      2,   DG -14.36 +/-  0.03
point      2 -      3,   DG -7.29 +/-  0.04
point      3 -      4,   DG  5.08 +/-  0.06
point      4 -      5,   DG 22.28 +/-  0.19
point      5 -      6,   DG 12.73 +/-  0.20
point      6 -      7,   DG  8.16 +/-  0.20
point      7 -      8,   DG  5.18 +/-  0.10
point      8 -      9,   DG  3.40 +/-  0.06
point      9 -     10,   DG  1.98 +/-  0.07
point     10 -     11,   DG  1.02 +/-  0.04
point     11 -     12,   DG  0.28 +/-  0.05
point     12 -     13,   DG -0.32 +/-  0.02
point     13 -     14,   DG -0.75 +/-  0.03
point     14 -     15,   DG -1.04 +/-  0.04
point     15 -     16,   DG -1.25 +/-  0.02
point     16 -     17,   DG -4.11 +/-  0.02
point     17 -     18,   DG -3.48 +/-  0.03
point     18 -     19,   DG -4.70 +/-  0.06
point     19 -     20,   DG -6.12 +/-  0.06
point     20 -     21,   DG -7.75 +/-  0.06
point     21 -     22,   DG -9.45 +/-  0.03
point     22 -     23,   DG -11.24 +/-  0.05

total      0 -     23,   DG -29.91 +/-  0.44

