lambda_00/bar.xvg: 0.0 - 969.0; lambda = (0, 0)
    dH/dl & foreign lambdas:
        dH/dl (coul-lambda) (9691 pts)
        dH/dl (vdw-lambda) (9691 pts)
        delta H to (0, 0) (9691 pts)
        delta H to (0, 0.1) (9691 pts)


lambda_01/bar.xvg: 0.0 - 971.0; lambda = (0, 0.1)
    dH/dl & foreign lambdas:
        dH/dl (coul-lambda) (9711 pts)
        dH/dl (vdw-lambda) (9711 pts)
        delta H to (0, 0) (9711 pts)
        delta H to (0, 0.1) (9711 pts)
        delta H to (0, 0.2) (9711 pts)


lambda_02/bar.xvg: 0.0 - 960.8; lambda = (0, 0.2)
    dH/dl & foreign lambdas:
        dH/dl (coul-lambda) (9609 pts)
        dH/dl (vdw-lambda) (9609 pts)
        delta H to (0, 0.1) (9609 pts)
        delta H to (0, 0.2) (9609 pts)
        delta H to (0, 0.3) (9609 pts)


lambda_03/bar.xvg: 0.0 - 960.8; lambda = (0, 0.3)
    dH/dl & foreign lambdas:
        dH/dl (coul-lambda) (9609 pts)
        dH/dl (vdw-lambda) (9609 pts)
        delta H to (0, 0.2) (9609 pts)
        delta H to (0, 0.3) (9609 pts)
        delta H to (0, 0.4) (9609 pts)


lambda_04/bar.xvg: 0.0 - 960.8; lambda = (0, 0.4)
    dH/dl & foreign lambdas:
        dH/dl (coul-lambda) (9609 pts)
        dH/dl (vdw-lambda) (9609 pts)
        delta H to (0, 0.3) (9609 pts)
        delta H to (0, 0.4) (9609 pts)
        delta H to (0, 0.5) (9609 pts)


lambda_05/bar.xvg: 0.0 - 960.8; lambda = (0, 0.5)
    dH/dl & foreign lambdas:
        dH/dl (coul-lambda) (9609 pts)
        dH/dl (vdw-lambda) (9609 pts)
        delta H to (0, 0.4) (9609 pts)
        delta H to (0, 0.5) (9609 pts)
        delta H to (0, 0.55) (9609 pts)


lambda_06/bar.xvg: 0.0 - 960.8; lambda = (0, 0.55)
    dH/dl & foreign lambdas:
        dH/dl (coul-lambda) (9609 pts)
        dH/dl (vdw-lambda) (9609 pts)
        delta H to (0, 0.5) (9609 pts)
        delta H to (0, 0.55) (9609 pts)
        delta H to (0, 0.6) (9609 pts)


lambda_07/bar.xvg: 0.0 - 970.3; lambda = (0, 0.6)
    dH/dl & foreign lambdas:
        dH/dl (coul-lambda) (9704 pts)
        dH/dl (vdw-lambda) (9704 pts)
        delta H to (0, 0.55) (9704 pts)
        delta H to (0, 0.6) (9704 pts)
        delta H to (0, 0.65) (9704 pts)


lambda_08/bar.xvg: 0.0 - 967.8; lambda = (0, 0.65)
    dH/dl & foreign lambdas:
        dH/dl (coul-lambda) (9679 pts)
        dH/dl (vdw-lambda) (9679 pts)
        delta H to (0, 0.6) (9679 pts)
        delta H to (0, 0.65) (9679 pts)
        delta H to (0, 0.7) (9679 pts)


lambda_09/bar.xvg: 0.0 - 966.1; lambda = (0, 0.7)
    dH/dl & foreign lambdas:
        dH/dl (coul-lambda) (9662 pts)
        dH/dl (vdw-lambda) (9662 pts)
        delta H to (0, 0.65) (9662 pts)
        delta H to (0, 0.7) (9662 pts)
        delta H to (0, 0.75) (9662 pts)


lambda_10/bar.xvg: 0.0 - 963.9; lambda = (0, 0.75)
    dH/dl & foreign lambdas:
        dH/dl (coul-lambda) (9640 pts)
        dH/dl (vdw-lambda) (9640 pts)
        delta H to (0, 0.7) (9640 pts)
        delta H to (0, 0.75) (9640 pts)
        delta H to (0, 0.8) (9640 pts)


lambda_11/bar.xvg: 0.0 - 962.0; lambda = (0, 0.8)
    dH/dl & foreign lambdas:
        dH/dl (coul-lambda) (9621 pts)
        dH/dl (vdw-lambda) (9621 pts)
        delta H to (0, 0.75) (9621 pts)
        delta H to (0, 0.8) (9621 pts)
        delta H to (0, 0.85) (9621 pts)


lambda_12/bar.xvg: 0.0 - 960.9; lambda = (0, 0.85)
    dH/dl & foreign lambdas:
        dH/dl (coul-lambda) (9610 pts)
        dH/dl (vdw-lambda) (9610 pts)
        delta H to (0, 0.8) (9610 pts)
        delta H to (0, 0.85) (9610 pts)
        delta H to (0, 0.9) (9610 pts)


lambda_13/bar.xvg: 0.0 - 960.8; lambda = (0, 0.9)
    dH/dl & foreign lambdas:
        dH/dl (coul-lambda) (9609 pts)
        dH/dl (vdw-lambda) (9609 pts)
        delta H to (0, 0.85) (9609 pts)
        delta H to (0, 0.9) (9609 pts)
        delta H to (0, 0.95) (9609 pts)


lambda_14/bar.xvg: 0.0 - 960.8; lambda = (0, 0.95)
    dH/dl & foreign lambdas:
        dH/dl (coul-lambda) (9609 pts)
        dH/dl (vdw-lambda) (9609 pts)
        delta H to (0, 0.9) (9609 pts)
        delta H to (0, 0.95) (9609 pts)
        delta H to (0, 1) (9609 pts)


lambda_15/bar.xvg: 0.0 - 970.8; lambda = (0, 1)
    dH/dl & foreign lambdas:
        dH/dl (coul-lambda) (9709 pts)
        dH/dl (vdw-lambda) (9709 pts)
        delta H to (0, 0.95) (9709 pts)
        delta H to (0, 1) (9709 pts)
        delta H to (0.2, 1) (9709 pts)


lambda_16/bar.xvg: 0.0 - 962.3; lambda = (0.2, 1)
    dH/dl & foreign lambdas:
        dH/dl (coul-lambda) (9624 pts)
        dH/dl (vdw-lambda) (9624 pts)
        delta H to (0, 1) (9624 pts)
        delta H to (0.2, 1) (9624 pts)
        delta H to (0.4, 1) (9624 pts)


lambda_17/bar.xvg: 0.0 - 966.2; lambda = (0.4, 1)
    dH/dl & foreign lambdas:
        dH/dl (coul-lambda) (9663 pts)
        dH/dl (vdw-lambda) (9663 pts)
        delta H to (0.2, 1) (9663 pts)
        delta H to (0.4, 1) (9663 pts)
        delta H to (0.5, 1) (9663 pts)


lambda_18/bar.xvg: 0.0 - 968.2; lambda = (0.5, 1)
    dH/dl & foreign lambdas:
        dH/dl (coul-lambda) (9683 pts)
        dH/dl (vdw-lambda) (9683 pts)
        delta H to (0.4, 1) (9683 pts)
        delta H to (0.5, 1) (9683 pts)
        delta H to (0.6, 1) (9683 pts)


lambda_19/bar.xvg: 0.0 - 970.7; lambda = (0.6, 1)
    dH/dl & foreign lambdas:
        dH/dl (coul-lambda) (9708 pts)
        dH/dl (vdw-lambda) (9708 pts)
        delta H to (0.5, 1) (9708 pts)
        delta H to (0.6, 1) (9708 pts)
        delta H to (0.7, 1) (9708 pts)


lambda_20/bar.xvg: 0.0 - 960.8; lambda = (0.7, 1)
    dH/dl & foreign lambdas:
        dH/dl (coul-lambda) (9609 pts)
        dH/dl (vdw-lambda) (9609 pts)
        delta H to (0.6, 1) (9609 pts)
        delta H to (0.7, 1) (9609 pts)
        delta H to (0.8, 1) (9609 pts)


lambda_21/bar.xvg: 0.0 - 961.5; lambda = (0.8, 1)
    dH/dl & foreign lambdas:
        dH/dl (coul-lambda) (9616 pts)
        dH/dl (vdw-lambda) (9616 pts)
        delta H to (0.7, 1) (9616 pts)
        delta H to (0.8, 1) (9616 pts)
        delta H to (0.9, 1) (9616 pts)


lambda_22/bar.xvg: 0.0 - 963.3; lambda = (0.9, 1)
    dH/dl & foreign lambdas:
        dH/dl (coul-lambda) (9634 pts)
        dH/dl (vdw-lambda) (9634 pts)
        delta H to (0.8, 1) (9634 pts)
        delta H to (0.9, 1) (9634 pts)
        delta H to (1, 1) (9634 pts)


lambda_23/bar.xvg: 0.0 - 964.3; lambda = (1, 1)
    dH/dl & foreign lambdas:
        dH/dl (coul-lambda) (9644 pts)
        dH/dl (vdw-lambda) (9644 pts)
        delta H to (0.9, 1) (9644 pts)
        delta H to (1, 1) (9644 pts)



   Samples in time interval: 0.000 - 971.000
Removing samples outside of: 100.000 - 971.000

Temperature: 300 K

Detailed results in kT (see help for explanation):

 lam_A  lam_B      DG   +/-     s_A   +/-     s_B   +/-   stdev   +/- 
     0      1   -7.29  0.00    0.02  0.01    0.02  0.01    0.25  0.00
     1      2   -5.76  0.01    0.03  0.00    0.03  0.00    0.24  0.00
     2      3   -2.93  0.01    0.07  0.01    0.07  0.01    0.39  0.00
     3      4    2.06  0.01    0.39  0.02    0.42  0.02    0.90  0.01
     4      5    9.04  0.12    2.52  0.08    3.09  0.08    2.78  0.05
     5      6    5.05  0.09    2.59  0.12    2.20  0.11    2.58  0.07
     6      7    3.22  0.10    2.50  0.10    1.60  0.09    2.18  0.06
     7      8    2.00  0.05    1.86  0.09    1.25  0.06    1.82  0.05
     8      9    1.25  0.04    1.32  0.04    0.92  0.03    1.52  0.02
     9     10    0.80  0.01    1.12  0.04    0.79  0.03    1.40  0.01
    10     11    0.41  0.01    1.01  0.03    0.69  0.02    1.29  0.01
    11     12    0.10  0.02    0.86  0.01    0.60  0.01    1.18  0.01
    12     13   -0.12  0.02    0.71  0.02    0.50  0.01    1.10  0.01
    13     14   -0.28  0.01    0.67  0.01    0.47  0.01    1.05  0.01
    14     15   -0.42  0.01    0.59  0.01    0.42  0.01    0.98  0.01
    15     16   -0.50  0.01    0.51  0.02    0.53  0.02    1.00  0.01
    16     17   -1.61  0.01    0.58  0.02    0.66  0.02    1.14  0.01
    17     18   -1.34  0.01    0.20  0.01    0.22  0.00    0.66  0.00
    18     19   -1.79  0.01    0.24  0.01    0.25  0.01    0.72  0.01
    19     20   -2.34  0.02    0.30  0.01    0.31  0.00    0.78  0.01
    20     21   -2.99  0.02    0.34  0.02    0.34  0.02    0.82  0.01
    21     22   -3.67  0.02    0.34  0.02    0.35  0.02    0.85  0.01
    22     23   -4.38  0.01    0.36  0.01    0.37  0.01    0.88  0.01


Final results in kJ/mol:

point      0 -      1,   DG -18.18 +/-  0.01
point      1 -      2,   DG -14.37 +/-  0.02
point      2 -      3,   DG -7.31 +/-  0.01
point      3 -      4,   DG  5.13 +/-  0.03
point      4 -      5,   DG 22.54 +/-  0.31
point      5 -      6,   DG 12.61 +/-  0.23
point      6 -      7,   DG  8.03 +/-  0.24
point      7 -      8,   DG  5.00 +/-  0.12
point      8 -      9,   DG  3.11 +/-  0.09
point      9 -     10,   DG  1.99 +/-  0.03
point     10 -     11,   DG  1.01 +/-  0.04
point     11 -     12,   DG  0.25 +/-  0.05
point     12 -     13,   DG -0.30 +/-  0.05
point     13 -     14,   DG -0.70 +/-  0.02
point     14 -     15,   DG -1.06 +/-  0.03
point     15 -     16,   DG -1.24 +/-  0.03
point     16 -     17,   DG -4.02 +/-  0.03
point     17 -     18,   DG -3.34 +/-  0.03
point     18 -     19,   DG -4.47 +/-  0.03
point     19 -     20,   DG -5.85 +/-  0.04
point     20 -     21,   DG -7.46 +/-  0.05
point     21 -     22,   DG -9.16 +/-  0.06
point     22 -     23,   DG -10.93 +/-  0.02

total      0 -     23,   DG -28.73 +/-  0.73

