lambda_00/bar.xvg: 0.0 - 984.5; lambda = (0, 0)
    dH/dl & foreign lambdas:
        dH/dl (coul-lambda) (9846 pts)
        dH/dl (vdw-lambda) (9846 pts)
        delta H to (0, 0) (9846 pts)
        delta H to (0, 0.1) (9846 pts)


lambda_01/bar.xvg: 0.0 - 984.6; lambda = (0, 0.1)
    dH/dl & foreign lambdas:
        dH/dl (coul-lambda) (9847 pts)
        dH/dl (vdw-lambda) (9847 pts)
        delta H to (0, 0) (9847 pts)
        delta H to (0, 0.1) (9847 pts)
        delta H to (0, 0.2) (9847 pts)


lambda_02/bar.xvg: 0.0 - 984.4; lambda = (0, 0.2)
    dH/dl & foreign lambdas:
        dH/dl (coul-lambda) (9845 pts)
        dH/dl (vdw-lambda) (9845 pts)
        delta H to (0, 0.1) (9845 pts)
        delta H to (0, 0.2) (9845 pts)
        delta H to (0, 0.3) (9845 pts)


lambda_03/bar.xvg: 0.0 - 973.8; lambda = (0, 0.3)
    dH/dl & foreign lambdas:
        dH/dl (coul-lambda) (9739 pts)
        dH/dl (vdw-lambda) (9739 pts)
        delta H to (0, 0.2) (9739 pts)
        delta H to (0, 0.3) (9739 pts)
        delta H to (0, 0.4) (9739 pts)


lambda_04/bar.xvg: 0.0 - 986.1; lambda = (0, 0.4)
    dH/dl & foreign lambdas:
        dH/dl (coul-lambda) (9862 pts)
        dH/dl (vdw-lambda) (9862 pts)
        delta H to (0, 0.3) (9862 pts)
        delta H to (0, 0.4) (9862 pts)
        delta H to (0, 0.5) (9862 pts)


lambda_05/bar.xvg: 0.0 - 973.1; lambda = (0, 0.5)
    dH/dl & foreign lambdas:
        dH/dl (coul-lambda) (9732 pts)
        dH/dl (vdw-lambda) (9732 pts)
        delta H to (0, 0.4) (9732 pts)
        delta H to (0, 0.5) (9732 pts)
        delta H to (0, 0.55) (9732 pts)


lambda_06/bar.xvg: 0.0 - 985.4; lambda = (0, 0.55)
    dH/dl & foreign lambdas:
        dH/dl (coul-lambda) (9855 pts)
        dH/dl (vdw-lambda) (9855 pts)
        delta H to (0, 0.5) (9855 pts)
        delta H to (0, 0.55) (9855 pts)
        delta H to (0, 0.6) (9855 pts)


lambda_07/bar.xvg: 0.0 - 983.7; lambda = (0, 0.6)
    dH/dl & foreign lambdas:
        dH/dl (coul-lambda) (9838 pts)
        dH/dl (vdw-lambda) (9838 pts)
        delta H to (0, 0.55) (9838 pts)
        delta H to (0, 0.6) (9838 pts)
        delta H to (0, 0.65) (9838 pts)


lambda_08/bar.xvg: 0.0 - 981.6; lambda = (0, 0.65)
    dH/dl & foreign lambdas:
        dH/dl (coul-lambda) (9817 pts)
        dH/dl (vdw-lambda) (9817 pts)
        delta H to (0, 0.6) (9817 pts)
        delta H to (0, 0.65) (9817 pts)
        delta H to (0, 0.7) (9817 pts)


lambda_09/bar.xvg: 0.0 - 979.5; lambda = (0, 0.7)
    dH/dl & foreign lambdas:
        dH/dl (coul-lambda) (9796 pts)
        dH/dl (vdw-lambda) (9796 pts)
        delta H to (0, 0.65) (9796 pts)
        delta H to (0, 0.7) (9796 pts)
        delta H to (0, 0.75) (9796 pts)


lambda_10/bar.xvg: 0.0 - 977.5; lambda = (0, 0.75)
    dH/dl & foreign lambdas:
        dH/dl (coul-lambda) (9776 pts)
        dH/dl (vdw-lambda) (9776 pts)
        delta H to (0, 0.7) (9776 pts)
        delta H to (0, 0.75) (9776 pts)
        delta H to (0, 0.8) (9776 pts)


lambda_11/bar.xvg: 0.0 - 975.2; lambda = (0, 0.8)
    dH/dl & foreign lambdas:
        dH/dl (coul-lambda) (9753 pts)
        dH/dl (vdw-lambda) (9753 pts)
        delta H to (0, 0.75) (9753 pts)
        delta H to (0, 0.8) (9753 pts)
        delta H to (0, 0.85) (9753 pts)


lambda_12/bar.xvg: 0.0 - 973.5; lambda = (0, 0.85)
    dH/dl & foreign lambdas:
        dH/dl (coul-lambda) (9736 pts)
        dH/dl (vdw-lambda) (9736 pts)
        delta H to (0, 0.8) (9736 pts)
        delta H to (0, 0.85) (9736 pts)
        delta H to (0, 0.9) (9736 pts)


lambda_13/bar.xvg: 0.0 - 985.8; lambda = (0, 0.9)
    dH/dl & foreign lambdas:
        dH/dl (coul-lambda) (9859 pts)
        dH/dl (vdw-lambda) (9859 pts)
        delta H to (0, 0.85) (9859 pts)
        delta H to (0, 0.9) (9859 pts)
        delta H to (0, 0.95) (9859 pts)


lambda_14/bar.xvg: 0.0 - 985.1; lambda = (0, 0.95)
    dH/dl & foreign lambdas:
        dH/dl (coul-lambda) (9852 pts)
        dH/dl (vdw-lambda) (9852 pts)
        delta H to (0, 0.9) (9852 pts)
        delta H to (0, 0.95) (9852 pts)
        delta H to (0, 1) (9852 pts)


lambda_15/bar.xvg: 0.0 - 984.7; lambda = (0, 1)
    dH/dl & foreign lambdas:
        dH/dl (coul-lambda) (9848 pts)
        dH/dl (vdw-lambda) (9848 pts)
        delta H to (0, 0.95) (9848 pts)
        delta H to (0, 1) (9848 pts)
        delta H to (0.2, 1) (9848 pts)


lambda_16/bar.xvg: 0.0 - 975.0; lambda = (0.2, 1)
    dH/dl & foreign lambdas:
        dH/dl (coul-lambda) (9751 pts)
        dH/dl (vdw-lambda) (9751 pts)
        delta H to (0, 1) (9751 pts)
        delta H to (0.2, 1) (9751 pts)
        delta H to (0.4, 1) (9751 pts)


lambda_17/bar.xvg: 0.0 - 979.4; lambda = (0.4, 1)
    dH/dl & foreign lambdas:
        dH/dl (coul-lambda) (9795 pts)
        dH/dl (vdw-lambda) (9795 pts)
        delta H to (0.2, 1) (9795 pts)
        delta H to (0.4, 1) (9795 pts)
        delta H to (0.5, 1) (9795 pts)


lambda_18/bar.xvg: 0.0 - 981.7; lambda = (0.5, 1)
    dH/dl & foreign lambdas:
        dH/dl (coul-lambda) (9818 pts)
        dH/dl (vdw-lambda) (9818 pts)
        delta H to (0.4, 1) (9818 pts)
        delta H to (0.5, 1) (9818 pts)
        delta H to (0.6, 1) (9818 pts)


lambda_19/bar.xvg: 0.0 - 984.0; lambda = (0.6, 1)
    dH/dl & foreign lambdas:
        dH/dl (coul-lambda) (9841 pts)
        dH/dl (vdw-lambda) (9841 pts)
        delta H to (0.5, 1) (9841 pts)
        delta H to (0.6, 1) (9841 pts)
        delta H to (0.7, 1) (9841 pts)


lambda_20/bar.xvg: 0.0 - 986.2; lambda = (0.7, 1)
    dH/dl & foreign lambdas:
        dH/dl (coul-lambda) (9863 pts)
        dH/dl (vdw-lambda) (9863 pts)
        delta H to (0.6, 1) (9863 pts)
        delta H to (0.7, 1) (9863 pts)
        delta H to (0.8, 1) (9863 pts)


lambda_21/bar.xvg: 0.0 - 975.0; lambda = (0.8, 1)
    dH/dl & foreign lambdas:
        dH/dl (coul-lambda) (9751 pts)
        dH/dl (vdw-lambda) (9751 pts)
        delta H to (0.7, 1) (9751 pts)
        delta H to (0.8, 1) (9751 pts)
        delta H to (0.9, 1) (9751 pts)


lambda_22/bar.xvg: 0.0 - 976.9; lambda = (0.9, 1)
    dH/dl & foreign lambdas:
        dH/dl (coul-lambda) (9770 pts)
        dH/dl (vdw-lambda) (9770 pts)
        delta H to (0.8, 1) (9770 pts)
        delta H to (0.9, 1) (9770 pts)
        delta H to (1, 1) (9770 pts)


lambda_23/bar.xvg: 0.0 - 980.7; lambda = (1, 1)
    dH/dl & foreign lambdas:
        dH/dl (coul-lambda) (9808 pts)
        dH/dl (vdw-lambda) (9808 pts)
        delta H to (0.9, 1) (9808 pts)
        delta H to (1, 1) (9808 pts)



   Samples in time interval: 0.000 - 986.200
Removing samples outside of: 100.000 - 986.200

Temperature: 300 K

Detailed results in kT (see help for explanation):

 lam_A  lam_B      DG   +/-     s_A   +/-     s_B   +/-   stdev   +/- 
     0      1   -6.83  0.00    0.02  0.01    0.02  0.01    0.23  0.00
     1      2   -5.39  0.01    0.02  0.01    0.02  0.01    0.23  0.00
     2      3   -2.73  0.01    0.08  0.01    0.08  0.01    0.39  0.01
     3      4    1.90  0.03    0.36  0.01    0.39  0.01    0.87  0.01
     4      5    8.31  0.10    2.46  0.06    2.91  0.08    2.71  0.06
     5      6    4.70  0.09    2.31  0.04    2.01  0.07    2.41  0.05
     6      7    2.96  0.04    2.42  0.09    1.55  0.05    2.11  0.04
     7      8    1.88  0.03    1.58  0.05    1.09  0.04    1.70  0.02
     8      9    1.25  0.04    1.29  0.04    0.90  0.03    1.51  0.02
     9     10    0.76  0.03    1.13  0.01    0.78  0.01    1.38  0.01
    10     11    0.39  0.02    0.92  0.02    0.65  0.01    1.25  0.01
    11     12    0.10  0.01    0.81  0.01    0.56  0.01    1.16  0.01
    12     13   -0.12  0.01    0.70  0.01    0.48  0.01    1.08  0.00
    13     14   -0.28  0.01    0.62  0.02    0.44  0.01    1.01  0.01
    14     15   -0.42  0.01    0.57  0.01    0.42  0.00    0.96  0.01
    15     16   -0.43  0.01    0.47  0.01    0.49  0.01    0.98  0.00
    16     17   -1.57  0.01    0.64  0.01    0.74  0.01    1.17  0.00
    17     18   -1.35  0.01    0.20  0.01    0.21  0.01    0.66  0.00
    18     19   -1.82  0.01    0.25  0.01    0.27  0.01    0.72  0.00
    19     20   -2.38  0.01    0.29  0.02    0.30  0.02    0.77  0.01
    20     21   -2.97  0.02    0.29  0.01    0.30  0.02    0.79  0.00
    21     22   -3.62  0.02    0.35  0.01    0.36  0.01    0.83  0.01
    22     23   -4.33  0.02    0.35  0.02    0.36  0.02    0.86  0.01


Final results in kJ/mol:

point      0 -      1,   DG -17.03 +/-  0.01
point      1 -      2,   DG -13.45 +/-  0.02
point      2 -      3,   DG -6.81 +/-  0.02
point      3 -      4,   DG  4.75 +/-  0.07
point      4 -      5,   DG 20.72 +/-  0.25
point      5 -      6,   DG 11.71 +/-  0.23
point      6 -      7,   DG  7.37 +/-  0.10
point      7 -      8,   DG  4.68 +/-  0.07
point      8 -      9,   DG  3.12 +/-  0.09
point      9 -     10,   DG  1.90 +/-  0.06
point     10 -     11,   DG  0.97 +/-  0.04
point     11 -     12,   DG  0.24 +/-  0.02
point     12 -     13,   DG -0.30 +/-  0.04
point     13 -     14,   DG -0.69 +/-  0.02
point     14 -     15,   DG -1.04 +/-  0.02
point     15 -     16,   DG -1.08 +/-  0.04
point     16 -     17,   DG -3.90 +/-  0.01
point     17 -     18,   DG -3.37 +/-  0.01
point     18 -     19,   DG -4.54 +/-  0.03
point     19 -     20,   DG -5.93 +/-  0.02
point     20 -     21,   DG -7.41 +/-  0.04
point     21 -     22,   DG -9.03 +/-  0.04
point     22 -     23,   DG -10.79 +/-  0.06

total      0 -     23,   DG -29.89 +/-  0.56

