lambda_00/bar.xvg: 0.0 - 968.8; lambda = (0, 0)
    dH/dl & foreign lambdas:
        dH/dl (coul-lambda) (9689 pts)
        dH/dl (vdw-lambda) (9689 pts)
        delta H to (0, 0) (9689 pts)
        delta H to (0, 0.1) (9689 pts)


lambda_01/bar.xvg: 0.0 - 970.9; lambda = (0, 0.1)
    dH/dl & foreign lambdas:
        dH/dl (coul-lambda) (9710 pts)
        dH/dl (vdw-lambda) (9710 pts)
        delta H to (0, 0) (9710 pts)
        delta H to (0, 0.1) (9710 pts)
        delta H to (0, 0.2) (9710 pts)


lambda_02/bar.xvg: 0.0 - 970.8; lambda = (0, 0.2)
    dH/dl & foreign lambdas:
        dH/dl (coul-lambda) (9709 pts)
        dH/dl (vdw-lambda) (9709 pts)
        delta H to (0, 0.1) (9709 pts)
        delta H to (0, 0.2) (9709 pts)
        delta H to (0, 0.3) (9709 pts)


lambda_03/bar.xvg: 0.0 - 973.7; lambda = (0, 0.3)
    dH/dl & foreign lambdas:
        dH/dl (coul-lambda) (9738 pts)
        dH/dl (vdw-lambda) (9738 pts)
        delta H to (0, 0.2) (9738 pts)
        delta H to (0, 0.3) (9738 pts)
        delta H to (0, 0.4) (9738 pts)


lambda_04/bar.xvg: 0.0 - 972.7; lambda = (0, 0.4)
    dH/dl & foreign lambdas:
        dH/dl (coul-lambda) (9728 pts)
        dH/dl (vdw-lambda) (9728 pts)
        delta H to (0, 0.3) (9728 pts)
        delta H to (0, 0.4) (9728 pts)
        delta H to (0, 0.5) (9728 pts)


lambda_05/bar.xvg: 0.0 - 973.1; lambda = (0, 0.5)
    dH/dl & foreign lambdas:
        dH/dl (coul-lambda) (9732 pts)
        dH/dl (vdw-lambda) (9732 pts)
        delta H to (0, 0.4) (9732 pts)
        delta H to (0, 0.5) (9732 pts)
        delta H to (0, 0.55) (9732 pts)


lambda_06/bar.xvg: 0.0 - 972.0; lambda = (0, 0.55)
    dH/dl & foreign lambdas:
        dH/dl (coul-lambda) (9721 pts)
        dH/dl (vdw-lambda) (9721 pts)
        delta H to (0, 0.5) (9721 pts)
        delta H to (0, 0.55) (9721 pts)
        delta H to (0, 0.6) (9721 pts)


lambda_07/bar.xvg: 0.0 - 970.6; lambda = (0, 0.6)
    dH/dl & foreign lambdas:
        dH/dl (coul-lambda) (9707 pts)
        dH/dl (vdw-lambda) (9707 pts)
        delta H to (0, 0.55) (9707 pts)
        delta H to (0, 0.6) (9707 pts)
        delta H to (0, 0.65) (9707 pts)


lambda_08/bar.xvg: 0.0 - 981.8; lambda = (0, 0.65)
    dH/dl & foreign lambdas:
        dH/dl (coul-lambda) (9819 pts)
        dH/dl (vdw-lambda) (9819 pts)
        delta H to (0, 0.6) (9819 pts)
        delta H to (0, 0.65) (9819 pts)
        delta H to (0, 0.7) (9819 pts)


lambda_09/bar.xvg: 0.0 - 979.9; lambda = (0, 0.7)
    dH/dl & foreign lambdas:
        dH/dl (coul-lambda) (9800 pts)
        dH/dl (vdw-lambda) (9800 pts)
        delta H to (0, 0.65) (9800 pts)
        delta H to (0, 0.7) (9800 pts)
        delta H to (0, 0.75) (9800 pts)


lambda_10/bar.xvg: 0.0 - 978.0; lambda = (0, 0.75)
    dH/dl & foreign lambdas:
        dH/dl (coul-lambda) (9781 pts)
        dH/dl (vdw-lambda) (9781 pts)
        delta H to (0, 0.7) (9781 pts)
        delta H to (0, 0.75) (9781 pts)
        delta H to (0, 0.8) (9781 pts)


lambda_11/bar.xvg: 0.0 - 975.7; lambda = (0, 0.8)
    dH/dl & foreign lambdas:
        dH/dl (coul-lambda) (9758 pts)
        dH/dl (vdw-lambda) (9758 pts)
        delta H to (0, 0.75) (9758 pts)
        delta H to (0, 0.8) (9758 pts)
        delta H to (0, 0.85) (9758 pts)


lambda_12/bar.xvg: 0.0 - 974.6; lambda = (0, 0.85)
    dH/dl & foreign lambdas:
        dH/dl (coul-lambda) (9747 pts)
        dH/dl (vdw-lambda) (9747 pts)
        delta H to (0, 0.8) (9747 pts)
        delta H to (0, 0.85) (9747 pts)
        delta H to (0, 0.9) (9747 pts)


lambda_13/bar.xvg: 0.0 - 973.2; lambda = (0, 0.9)
    dH/dl & foreign lambdas:
        dH/dl (coul-lambda) (9733 pts)
        dH/dl (vdw-lambda) (9733 pts)
        delta H to (0, 0.85) (9733 pts)
        delta H to (0, 0.9) (9733 pts)
        delta H to (0, 0.95) (9733 pts)


lambda_14/bar.xvg: 0.0 - 972.3; lambda = (0, 0.95)
    dH/dl & foreign lambdas:
        dH/dl (coul-lambda) (9724 pts)
        dH/dl (vdw-lambda) (9724 pts)
        delta H to (0, 0.9) (9724 pts)
        delta H to (0, 0.95) (9724 pts)
        delta H to (0, 1) (9724 pts)


lambda_15/bar.xvg: 0.0 - 971.0; lambda = (0, 1)
    dH/dl & foreign lambdas:
        dH/dl (coul-lambda) (9711 pts)
        dH/dl (vdw-lambda) (9711 pts)
        delta H to (0, 0.95) (9711 pts)
        delta H to (0, 1) (9711 pts)
        delta H to (0.2, 1) (9711 pts)


lambda_16/bar.xvg: 0.0 - 975.7; lambda = (0.2, 1)
    dH/dl & foreign lambdas:
        dH/dl (coul-lambda) (9758 pts)
        dH/dl (vdw-lambda) (9758 pts)
        delta H to (0, 1) (9758 pts)
        delta H to (0.2, 1) (9758 pts)
        delta H to (0.4, 1) (9758 pts)


lambda_17/bar.xvg: 0.0 - 979.3; lambda = (0.4, 1)
    dH/dl & foreign lambdas:
        dH/dl (coul-lambda) (9794 pts)
        dH/dl (vdw-lambda) (9794 pts)
        delta H to (0.2, 1) (9794 pts)
        delta H to (0.4, 1) (9794 pts)
        delta H to (0.5, 1) (9794 pts)


lambda_18/bar.xvg: 0.0 - 981.8; lambda = (0.5, 1)
    dH/dl & foreign lambdas:
        dH/dl (coul-lambda) (9819 pts)
        dH/dl (vdw-lambda) (9819 pts)
        delta H to (0.4, 1) (9819 pts)
        delta H to (0.5, 1) (9819 pts)
        delta H to (0.6, 1) (9819 pts)


lambda_19/bar.xvg: 0.0 - 970.8; lambda = (0.6, 1)
    dH/dl & foreign lambdas:
        dH/dl (coul-lambda) (9709 pts)
        dH/dl (vdw-lambda) (9709 pts)
        delta H to (0.5, 1) (9709 pts)
        delta H to (0.6, 1) (9709 pts)
        delta H to (0.7, 1) (9709 pts)


lambda_20/bar.xvg: 0.0 - 973.0; lambda = (0.7, 1)
    dH/dl & foreign lambdas:
        dH/dl (coul-lambda) (9731 pts)
        dH/dl (vdw-lambda) (9731 pts)
        delta H to (0.6, 1) (9731 pts)
        delta H to (0.7, 1) (9731 pts)
        delta H to (0.8, 1) (9731 pts)


lambda_21/bar.xvg: 0.0 - 975.3; lambda = (0.8, 1)
    dH/dl & foreign lambdas:
        dH/dl (coul-lambda) (9754 pts)
        dH/dl (vdw-lambda) (9754 pts)
        delta H to (0.7, 1) (9754 pts)
        delta H to (0.8, 1) (9754 pts)
        delta H to (0.9, 1) (9754 pts)


lambda_22/bar.xvg: 0.0 - 977.1; lambda = (0.9, 1)
    dH/dl & foreign lambdas:
        dH/dl (coul-lambda) (9772 pts)
        dH/dl (vdw-lambda) (9772 pts)
        delta H to (0.8, 1) (9772 pts)
        delta H to (0.9, 1) (9772 pts)
        delta H to (1, 1) (9772 pts)


lambda_23/bar.xvg: 0.0 - 980.9; lambda = (1, 1)
    dH/dl & foreign lambdas:
        dH/dl (coul-lambda) (9810 pts)
        dH/dl (vdw-lambda) (9810 pts)
        delta H to (0.9, 1) (9810 pts)
        delta H to (1, 1) (9810 pts)



Temperature: 300 K

Detailed results in kT (see help for explanation):

 lam_A  lam_B      DG   +/-     s_A   +/-     s_B   +/-   stdev   +/- 
     0      1   -7.28  0.01    0.03  0.00    0.03  0.00    0.25  0.01
     1      2   -5.75  0.00    0.02  0.00    0.02  0.00    0.24  0.00
     2      3   -2.92  0.01    0.08  0.01    0.08  0.01    0.39  0.01
     3      4    2.04  0.03    0.38  0.02    0.42  0.03    0.89  0.01
     4      5    8.91  0.07    2.61  0.08    3.07  0.07    2.81  0.06
     5      6    5.17  0.03    2.38  0.07    2.09  0.07    2.45  0.04
     6      7    3.33  0.06    2.73  0.04    1.79  0.04    2.33  0.03
     7      8    1.98  0.02    1.78  0.05    1.19  0.02    1.78  0.02
     8      9    1.30  0.03    1.35  0.03    0.94  0.01    1.54  0.01
     9     10    0.82  0.02    1.17  0.04    0.83  0.02    1.42  0.02
    10     11    0.42  0.01    1.00  0.02    0.69  0.02    1.31  0.02
    11     12    0.12  0.01    0.86  0.01    0.59  0.01    1.20  0.00
    12     13   -0.10  0.01    0.76  0.01    0.54  0.00    1.11  0.00
    13     14   -0.28  0.01    0.67  0.01    0.48  0.01    1.05  0.01
    14     15   -0.41  0.01    0.59  0.01    0.43  0.01    0.99  0.01
    15     16   -0.50  0.01    0.49  0.02    0.51  0.02    1.02  0.01
    16     17   -1.65  0.02    0.64  0.03    0.73  0.03    1.19  0.02
    17     18   -1.42  0.02    0.23  0.01    0.24  0.01    0.68  0.01
    18     19   -1.93  0.02    0.27  0.00    0.29  0.00    0.74  0.01
    19     20   -2.51  0.01    0.30  0.02    0.31  0.02    0.80  0.01
    20     21   -3.14  0.01    0.32  0.01    0.33  0.01    0.83  0.01
    21     22   -3.86  0.02    0.39  0.01    0.40  0.01    0.88  0.01
    22     23   -4.64  0.03    0.39  0.01    0.40  0.01    0.90  0.01


Final results in kJ/mol:

point      0 -      1,   DG -18.17 +/-  0.02
point      1 -      2,   DG -14.35 +/-  0.01
point      2 -      3,   DG -7.29 +/-  0.02
point      3 -      4,   DG  5.09 +/-  0.07
point      4 -      5,   DG 22.23 +/-  0.17
point      5 -      6,   DG 12.89 +/-  0.07
point      6 -      7,   DG  8.31 +/-  0.15
point      7 -      8,   DG  4.94 +/-  0.05
point      8 -      9,   DG  3.23 +/-  0.08
point      9 -     10,   DG  2.04 +/-  0.05
point     10 -     11,   DG  1.04 +/-  0.04
point     11 -     12,   DG  0.31 +/-  0.02
point     12 -     13,   DG -0.25 +/-  0.03
point     13 -     14,   DG -0.71 +/-  0.03
point     14 -     15,   DG -1.03 +/-  0.02
point     15 -     16,   DG -1.24 +/-  0.03
point     16 -     17,   DG -4.12 +/-  0.05
point     17 -     18,   DG -3.54 +/-  0.04
point     18 -     19,   DG -4.81 +/-  0.04
point     19 -     20,   DG -6.26 +/-  0.03
point     20 -     21,   DG -7.83 +/-  0.02
point     21 -     22,   DG -9.63 +/-  0.05
point     22 -     23,   DG -11.58 +/-  0.06

total      0 -     23,   DG -30.73 +/-  0.28

