lambda_00/bar.xvg: 0.0 - 862.4; lambda = (0, 0)
    dH/dl & foreign lambdas:
        dH/dl (coul-lambda) (8625 pts)
        dH/dl (vdw-lambda) (8625 pts)
        delta H to (0, 0) (8625 pts)
        delta H to (0, 0.1) (8625 pts)


lambda_01/bar.xvg: 0.0 - 864.5; lambda = (0, 0.1)
    dH/dl & foreign lambdas:
        dH/dl (coul-lambda) (8646 pts)
        dH/dl (vdw-lambda) (8646 pts)
        delta H to (0, 0) (8646 pts)
        delta H to (0, 0.1) (8646 pts)
        delta H to (0, 0.2) (8646 pts)


lambda_02/bar.xvg: 0.0 - 864.5; lambda = (0, 0.2)
    dH/dl & foreign lambdas:
        dH/dl (coul-lambda) (8646 pts)
        dH/dl (vdw-lambda) (8646 pts)
        delta H to (0, 0.1) (8646 pts)
        delta H to (0, 0.2) (8646 pts)
        delta H to (0, 0.3) (8646 pts)


lambda_03/bar.xvg: 0.0 - 865.4; lambda = (0, 0.3)
    dH/dl & foreign lambdas:
        dH/dl (coul-lambda) (8655 pts)
        dH/dl (vdw-lambda) (8655 pts)
        delta H to (0, 0.2) (8655 pts)
        delta H to (0, 0.3) (8655 pts)
        delta H to (0, 0.4) (8655 pts)


lambda_04/bar.xvg: 0.0 - 864.8; lambda = (0, 0.4)
    dH/dl & foreign lambdas:
        dH/dl (coul-lambda) (8649 pts)
        dH/dl (vdw-lambda) (8649 pts)
        delta H to (0, 0.3) (8649 pts)
        delta H to (0, 0.4) (8649 pts)
        delta H to (0, 0.5) (8649 pts)


lambda_05/bar.xvg: 0.0 - 864.9; lambda = (0, 0.5)
    dH/dl & foreign lambdas:
        dH/dl (coul-lambda) (8650 pts)
        dH/dl (vdw-lambda) (8650 pts)
        delta H to (0, 0.4) (8650 pts)
        delta H to (0, 0.5) (8650 pts)
        delta H to (0, 0.55) (8650 pts)


lambda_06/bar.xvg: 0.0 - 864.1; lambda = (0, 0.55)
    dH/dl & foreign lambdas:
        dH/dl (coul-lambda) (8642 pts)
        dH/dl (vdw-lambda) (8642 pts)
        delta H to (0, 0.5) (8642 pts)
        delta H to (0, 0.55) (8642 pts)
        delta H to (0, 0.6) (8642 pts)


lambda_07/bar.xvg: 0.0 - 862.8; lambda = (0, 0.6)
    dH/dl & foreign lambdas:
        dH/dl (coul-lambda) (8629 pts)
        dH/dl (vdw-lambda) (8629 pts)
        delta H to (0, 0.55) (8629 pts)
        delta H to (0, 0.6) (8629 pts)
        delta H to (0, 0.65) (8629 pts)


lambda_08/bar.xvg: 0.0 - 862.4; lambda = (0, 0.65)
    dH/dl & foreign lambdas:
        dH/dl (coul-lambda) (8625 pts)
        dH/dl (vdw-lambda) (8625 pts)
        delta H to (0, 0.6) (8625 pts)
        delta H to (0, 0.65) (8625 pts)
        delta H to (0, 0.7) (8625 pts)


lambda_09/bar.xvg: 0.0 - 862.4; lambda = (0, 0.7)
    dH/dl & foreign lambdas:
        dH/dl (coul-lambda) (8625 pts)
        dH/dl (vdw-lambda) (8625 pts)
        delta H to (0, 0.65) (8625 pts)
        delta H to (0, 0.7) (8625 pts)
        delta H to (0, 0.75) (8625 pts)


lambda_10/bar.xvg: 0.0 - 870.5; lambda = (0, 0.75)
    dH/dl & foreign lambdas:
        dH/dl (coul-lambda) (8706 pts)
        dH/dl (vdw-lambda) (8706 pts)
        delta H to (0, 0.7) (8706 pts)
        delta H to (0, 0.75) (8706 pts)
        delta H to (0, 0.8) (8706 pts)


lambda_11/bar.xvg: 0.0 - 869.2; lambda = (0, 0.8)
    dH/dl & foreign lambdas:
        dH/dl (coul-lambda) (8693 pts)
        dH/dl (vdw-lambda) (8693 pts)
        delta H to (0, 0.75) (8693 pts)
        delta H to (0, 0.8) (8693 pts)
        delta H to (0, 0.85) (8693 pts)


lambda_12/bar.xvg: 0.0 - 867.4; lambda = (0, 0.85)
    dH/dl & foreign lambdas:
        dH/dl (coul-lambda) (8675 pts)
        dH/dl (vdw-lambda) (8675 pts)
        delta H to (0, 0.8) (8675 pts)
        delta H to (0, 0.85) (8675 pts)
        delta H to (0, 0.9) (8675 pts)


lambda_13/bar.xvg: 0.0 - 866.7; lambda = (0, 0.9)
    dH/dl & foreign lambdas:
        dH/dl (coul-lambda) (8668 pts)
        dH/dl (vdw-lambda) (8668 pts)
        delta H to (0, 0.85) (8668 pts)
        delta H to (0, 0.9) (8668 pts)
        delta H to (0, 0.95) (8668 pts)


lambda_14/bar.xvg: 0.0 - 865.6; lambda = (0, 0.95)
    dH/dl & foreign lambdas:
        dH/dl (coul-lambda) (8657 pts)
        dH/dl (vdw-lambda) (8657 pts)
        delta H to (0, 0.9) (8657 pts)
        delta H to (0, 0.95) (8657 pts)
        delta H to (0, 1) (8657 pts)


lambda_15/bar.xvg: 0.0 - 865.2; lambda = (0, 1)
    dH/dl & foreign lambdas:
        dH/dl (coul-lambda) (8653 pts)
        dH/dl (vdw-lambda) (8653 pts)
        delta H to (0, 0.95) (8653 pts)
        delta H to (0, 1) (8653 pts)
        delta H to (0.2, 1) (8653 pts)


lambda_16/bar.xvg: 0.0 - 870.7; lambda = (0.2, 1)
    dH/dl & foreign lambdas:
        dH/dl (coul-lambda) (8708 pts)
        dH/dl (vdw-lambda) (8708 pts)
        delta H to (0, 1) (8708 pts)
        delta H to (0.2, 1) (8708 pts)
        delta H to (0.4, 1) (8708 pts)


lambda_17/bar.xvg: 0.0 - 862.4; lambda = (0.4, 1)
    dH/dl & foreign lambdas:
        dH/dl (coul-lambda) (8625 pts)
        dH/dl (vdw-lambda) (8625 pts)
        delta H to (0.2, 1) (8625 pts)
        delta H to (0.4, 1) (8625 pts)
        delta H to (0.5, 1) (8625 pts)


lambda_18/bar.xvg: 0.0 - 862.8; lambda = (0.5, 1)
    dH/dl & foreign lambdas:
        dH/dl (coul-lambda) (8629 pts)
        dH/dl (vdw-lambda) (8629 pts)
        delta H to (0.4, 1) (8629 pts)
        delta H to (0.5, 1) (8629 pts)
        delta H to (0.6, 1) (8629 pts)


lambda_19/bar.xvg: 0.0 - 864.8; lambda = (0.6, 1)
    dH/dl & foreign lambdas:
        dH/dl (coul-lambda) (8649 pts)
        dH/dl (vdw-lambda) (8649 pts)
        delta H to (0.5, 1) (8649 pts)
        delta H to (0.6, 1) (8649 pts)
        delta H to (0.7, 1) (8649 pts)


lambda_20/bar.xvg: 0.0 - 866.7; lambda = (0.7, 1)
    dH/dl & foreign lambdas:
        dH/dl (coul-lambda) (8668 pts)
        dH/dl (vdw-lambda) (8668 pts)
        delta H to (0.6, 1) (8668 pts)
        delta H to (0.7, 1) (8668 pts)
        delta H to (0.8, 1) (8668 pts)


lambda_21/bar.xvg: 0.0 - 868.6; lambda = (0.8, 1)
    dH/dl & foreign lambdas:
        dH/dl (coul-lambda) (8687 pts)
        dH/dl (vdw-lambda) (8687 pts)
        delta H to (0.7, 1) (8687 pts)
        delta H to (0.8, 1) (8687 pts)
        delta H to (0.9, 1) (8687 pts)


lambda_22/bar.xvg: 0.0 - 870.3; lambda = (0.9, 1)
    dH/dl & foreign lambdas:
        dH/dl (coul-lambda) (8704 pts)
        dH/dl (vdw-lambda) (8704 pts)
        delta H to (0.8, 1) (8704 pts)
        delta H to (0.9, 1) (8704 pts)
        delta H to (1, 1) (8704 pts)


lambda_23/bar.xvg: 0.0 - 866.6; lambda = (1, 1)
    dH/dl & foreign lambdas:
        dH/dl (coul-lambda) (8667 pts)
        dH/dl (vdw-lambda) (8667 pts)
        delta H to (0.9, 1) (8667 pts)
        delta H to (1, 1) (8667 pts)



   Samples in time interval: 0.000 - 870.700
Removing samples outside of: 100.000 - 870.700

Temperature: 300 K

Detailed results in kT (see help for explanation):

 lam_A  lam_B      DG   +/-     s_A   +/-     s_B   +/-   stdev   +/- 
     0      1   -7.28  0.01    0.03  0.00    0.03  0.00    0.24  0.00
     1      2   -5.76  0.01    0.03  0.01    0.03  0.01    0.24  0.00
     2      3   -2.93  0.02    0.07  0.00    0.07  0.00    0.40  0.01
     3      4    2.05  0.03    0.38  0.03    0.41  0.03    0.92  0.01
     4      5    8.85  0.09    2.70  0.10    3.13  0.13    2.87  0.07
     5      6    4.94  0.07    2.49  0.10    2.08  0.12    2.44  0.07
     6      7    3.27  0.08    2.47  0.06    1.70  0.04    2.24  0.03
     7      8    2.07  0.04    1.73  0.08    1.19  0.04    1.76  0.03
     8      9    1.38  0.03    1.41  0.04    0.99  0.02    1.59  0.01
     9     10    0.85  0.02    1.18  0.03    0.83  0.02    1.43  0.01
    10     11    0.46  0.01    1.02  0.02    0.70  0.01    1.30  0.01
    11     12    0.14  0.01    0.89  0.01    0.63  0.01    1.20  0.01
    12     13   -0.11  0.01    0.75  0.02    0.52  0.01    1.10  0.01
    13     14   -0.27  0.01    0.67  0.02    0.48  0.01    1.05  0.00
    14     15   -0.41  0.01    0.60  0.01    0.43  0.01    0.98  0.01
    15     16   -0.51  0.02    0.54  0.01    0.56  0.02    1.06  0.01
    16     17   -1.78  0.01    0.70  0.01    0.78  0.02    1.23  0.01
    17     18   -1.51  0.01    0.23  0.02    0.25  0.02    0.69  0.00
    18     19   -2.05  0.02    0.28  0.02    0.30  0.02    0.77  0.00
    19     20   -2.67  0.02    0.32  0.01    0.33  0.01    0.82  0.01
    20     21   -3.34  0.02    0.34  0.02    0.35  0.01    0.86  0.01
    21     22   -4.09  0.03    0.41  0.02    0.42  0.02    0.89  0.01
    22     23   -4.91  0.02    0.40  0.03    0.40  0.04    0.91  0.02


Final results in kJ/mol:

point      0 -      1,   DG -18.16 +/-  0.02
point      1 -      2,   DG -14.38 +/-  0.02
point      2 -      3,   DG -7.31 +/-  0.04
point      3 -      4,   DG  5.10 +/-  0.07
point      4 -      5,   DG 22.07 +/-  0.22
point      5 -      6,   DG 12.33 +/-  0.18
point      6 -      7,   DG  8.15 +/-  0.20
point      7 -      8,   DG  5.17 +/-  0.11
point      8 -      9,   DG  3.43 +/-  0.07
point      9 -     10,   DG  2.12 +/-  0.04
point     10 -     11,   DG  1.14 +/-  0.03
point     11 -     12,   DG  0.36 +/-  0.02
point     12 -     13,   DG -0.27 +/-  0.03
point     13 -     14,   DG -0.68 +/-  0.02
point     14 -     15,   DG -1.03 +/-  0.03
point     15 -     16,   DG -1.28 +/-  0.04
point     16 -     17,   DG -4.43 +/-  0.03
point     17 -     18,   DG -3.77 +/-  0.03
point     18 -     19,   DG -5.11 +/-  0.05
point     19 -     20,   DG -6.65 +/-  0.05
point     20 -     21,   DG -8.33 +/-  0.05
point     21 -     22,   DG -10.21 +/-  0.07
point     22 -     23,   DG -12.24 +/-  0.04

total      0 -     23,   DG -33.98 +/-  0.58

