lambda_00/bar.xvg: 0.0 - 936.9; lambda = (0, 0)
    dH/dl & foreign lambdas:
        dH/dl (coul-lambda) (9370 pts)
        dH/dl (vdw-lambda) (9370 pts)
        delta H to (0, 0) (9370 pts)
        delta H to (0, 0.1) (9370 pts)


lambda_01/bar.xvg: 0.0 - 944.3; lambda = (0, 0.1)
    dH/dl & foreign lambdas:
        dH/dl (coul-lambda) (9444 pts)
        dH/dl (vdw-lambda) (9444 pts)
        delta H to (0, 0) (9444 pts)
        delta H to (0, 0.1) (9444 pts)
        delta H to (0, 0.2) (9444 pts)


lambda_02/bar.xvg: 0.0 - 944.4; lambda = (0, 0.2)
    dH/dl & foreign lambdas:
        dH/dl (coul-lambda) (9445 pts)
        dH/dl (vdw-lambda) (9445 pts)
        delta H to (0, 0.1) (9445 pts)
        delta H to (0, 0.2) (9445 pts)
        delta H to (0, 0.3) (9445 pts)


lambda_03/bar.xvg: 0.0 - 933.2; lambda = (0, 0.3)
    dH/dl & foreign lambdas:
        dH/dl (coul-lambda) (9333 pts)
        dH/dl (vdw-lambda) (9333 pts)
        delta H to (0, 0.2) (9333 pts)
        delta H to (0, 0.3) (9333 pts)
        delta H to (0, 0.4) (9333 pts)


lambda_04/bar.xvg: 0.0 - 945.7; lambda = (0, 0.4)
    dH/dl & foreign lambdas:
        dH/dl (coul-lambda) (9458 pts)
        dH/dl (vdw-lambda) (9458 pts)
        delta H to (0, 0.3) (9458 pts)
        delta H to (0, 0.4) (9458 pts)
        delta H to (0, 0.5) (9458 pts)


lambda_05/bar.xvg: 0.0 - 932.5; lambda = (0, 0.5)
    dH/dl & foreign lambdas:
        dH/dl (coul-lambda) (9326 pts)
        dH/dl (vdw-lambda) (9326 pts)
        delta H to (0, 0.4) (9326 pts)
        delta H to (0, 0.5) (9326 pts)
        delta H to (0, 0.55) (9326 pts)


lambda_06/bar.xvg: 0.0 - 945.3; lambda = (0, 0.55)
    dH/dl & foreign lambdas:
        dH/dl (coul-lambda) (9454 pts)
        dH/dl (vdw-lambda) (9454 pts)
        delta H to (0, 0.5) (9454 pts)
        delta H to (0, 0.55) (9454 pts)
        delta H to (0, 0.6) (9454 pts)


lambda_07/bar.xvg: 0.0 - 943.2; lambda = (0, 0.6)
    dH/dl & foreign lambdas:
        dH/dl (coul-lambda) (9433 pts)
        dH/dl (vdw-lambda) (9433 pts)
        delta H to (0, 0.55) (9433 pts)
        delta H to (0, 0.6) (9433 pts)
        delta H to (0, 0.65) (9433 pts)


lambda_08/bar.xvg: 0.0 - 941.2; lambda = (0, 0.65)
    dH/dl & foreign lambdas:
        dH/dl (coul-lambda) (9413 pts)
        dH/dl (vdw-lambda) (9413 pts)
        delta H to (0, 0.6) (9413 pts)
        delta H to (0, 0.65) (9413 pts)
        delta H to (0, 0.7) (9413 pts)


lambda_09/bar.xvg: 0.0 - 938.6; lambda = (0, 0.7)
    dH/dl & foreign lambdas:
        dH/dl (coul-lambda) (9387 pts)
        dH/dl (vdw-lambda) (9387 pts)
        delta H to (0, 0.65) (9387 pts)
        delta H to (0, 0.7) (9387 pts)
        delta H to (0, 0.75) (9387 pts)


lambda_10/bar.xvg: 0.0 - 936.8; lambda = (0, 0.75)
    dH/dl & foreign lambdas:
        dH/dl (coul-lambda) (9369 pts)
        dH/dl (vdw-lambda) (9369 pts)
        delta H to (0, 0.7) (9369 pts)
        delta H to (0, 0.75) (9369 pts)
        delta H to (0, 0.8) (9369 pts)


lambda_11/bar.xvg: 0.0 - 935.2; lambda = (0, 0.8)
    dH/dl & foreign lambdas:
        dH/dl (coul-lambda) (9353 pts)
        dH/dl (vdw-lambda) (9353 pts)
        delta H to (0, 0.75) (9353 pts)
        delta H to (0, 0.8) (9353 pts)
        delta H to (0, 0.85) (9353 pts)


lambda_12/bar.xvg: 0.0 - 933.7; lambda = (0, 0.85)
    dH/dl & foreign lambdas:
        dH/dl (coul-lambda) (9338 pts)
        dH/dl (vdw-lambda) (9338 pts)
        delta H to (0, 0.8) (9338 pts)
        delta H to (0, 0.85) (9338 pts)
        delta H to (0, 0.9) (9338 pts)


lambda_13/bar.xvg: 0.0 - 945.6; lambda = (0, 0.9)
    dH/dl & foreign lambdas:
        dH/dl (coul-lambda) (9457 pts)
        dH/dl (vdw-lambda) (9457 pts)
        delta H to (0, 0.85) (9457 pts)
        delta H to (0, 0.9) (9457 pts)
        delta H to (0, 0.95) (9457 pts)


lambda_14/bar.xvg: 0.0 - 945.0; lambda = (0, 0.95)
    dH/dl & foreign lambdas:
        dH/dl (coul-lambda) (9451 pts)
        dH/dl (vdw-lambda) (9451 pts)
        delta H to (0, 0.9) (9451 pts)
        delta H to (0, 0.95) (9451 pts)
        delta H to (0, 1) (9451 pts)


lambda_15/bar.xvg: 0.0 - 944.3; lambda = (0, 1)
    dH/dl & foreign lambdas:
        dH/dl (coul-lambda) (9444 pts)
        dH/dl (vdw-lambda) (9444 pts)
        delta H to (0, 0.95) (9444 pts)
        delta H to (0, 1) (9444 pts)
        delta H to (0.2, 1) (9444 pts)


lambda_16/bar.xvg: 0.0 - 936.2; lambda = (0.2, 1)
    dH/dl & foreign lambdas:
        dH/dl (coul-lambda) (9363 pts)
        dH/dl (vdw-lambda) (9363 pts)
        delta H to (0, 1) (9363 pts)
        delta H to (0.2, 1) (9363 pts)
        delta H to (0.4, 1) (9363 pts)


lambda_17/bar.xvg: 0.0 - 940.1; lambda = (0.4, 1)
    dH/dl & foreign lambdas:
        dH/dl (coul-lambda) (9402 pts)
        dH/dl (vdw-lambda) (9402 pts)
        delta H to (0.2, 1) (9402 pts)
        delta H to (0.4, 1) (9402 pts)
        delta H to (0.5, 1) (9402 pts)


lambda_18/bar.xvg: 0.0 - 942.2; lambda = (0.5, 1)
    dH/dl & foreign lambdas:
        dH/dl (coul-lambda) (9423 pts)
        dH/dl (vdw-lambda) (9423 pts)
        delta H to (0.4, 1) (9423 pts)
        delta H to (0.5, 1) (9423 pts)
        delta H to (0.6, 1) (9423 pts)


lambda_19/bar.xvg: 0.0 - 944.1; lambda = (0.6, 1)
    dH/dl & foreign lambdas:
        dH/dl (coul-lambda) (9442 pts)
        dH/dl (vdw-lambda) (9442 pts)
        delta H to (0.5, 1) (9442 pts)
        delta H to (0.6, 1) (9442 pts)
        delta H to (0.7, 1) (9442 pts)


lambda_20/bar.xvg: 0.0 - 933.1; lambda = (0.7, 1)
    dH/dl & foreign lambdas:
        dH/dl (coul-lambda) (9332 pts)
        dH/dl (vdw-lambda) (9332 pts)
        delta H to (0.6, 1) (9332 pts)
        delta H to (0.7, 1) (9332 pts)
        delta H to (0.8, 1) (9332 pts)


lambda_21/bar.xvg: 0.0 - 935.2; lambda = (0.8, 1)
    dH/dl & foreign lambdas:
        dH/dl (coul-lambda) (9353 pts)
        dH/dl (vdw-lambda) (9353 pts)
        delta H to (0.7, 1) (9353 pts)
        delta H to (0.8, 1) (9353 pts)
        delta H to (0.9, 1) (9353 pts)


lambda_22/bar.xvg: 0.0 - 937.0; lambda = (0.9, 1)
    dH/dl & foreign lambdas:
        dH/dl (coul-lambda) (9371 pts)
        dH/dl (vdw-lambda) (9371 pts)
        delta H to (0.8, 1) (9371 pts)
        delta H to (0.9, 1) (9371 pts)
        delta H to (1, 1) (9371 pts)


lambda_23/bar.xvg: 0.0 - 931.8; lambda = (1, 1)
    dH/dl & foreign lambdas:
        dH/dl (coul-lambda) (9319 pts)
        dH/dl (vdw-lambda) (9319 pts)
        delta H to (0.9, 1) (9319 pts)
        delta H to (1, 1) (9319 pts)



   Samples in time interval: 0.000 - 945.700
Removing samples outside of: 100.000 - 945.700

Temperature: 300 K

Detailed results in kT (see help for explanation):

 lam_A  lam_B      DG   +/-     s_A   +/-     s_B   +/-   stdev   +/- 
     0      1   -6.82  0.00    0.03  0.00    0.03  0.00    0.24  0.00
     1      2   -5.39  0.01    0.02  0.01    0.02  0.01    0.23  0.00
     2      3   -2.74  0.01    0.07  0.01    0.07  0.01    0.38  0.00
     3      4    1.90  0.03    0.37  0.03    0.41  0.03    0.89  0.01
     4      5    8.16  0.04    2.55  0.13    2.93  0.12    2.77  0.08
     5      6    4.61  0.05    2.25  0.09    1.90  0.07    2.31  0.04
     6      7    3.04  0.06    2.38  0.08    1.61  0.05    2.14  0.03
     7      8    1.90  0.04    1.60  0.03    1.11  0.03    1.70  0.01
     8      9    1.21  0.02    1.33  0.03    0.93  0.03    1.53  0.01
     9     10    0.72  0.01    1.06  0.01    0.73  0.01    1.35  0.01
    10     11    0.38  0.01    0.94  0.01    0.66  0.00    1.25  0.01
    11     12    0.11  0.01    0.79  0.01    0.55  0.01    1.14  0.01
    12     13   -0.11  0.01    0.73  0.01    0.52  0.01    1.08  0.01
    13     14   -0.29  0.01    0.60  0.01    0.43  0.01    1.00  0.01
    14     15   -0.40  0.01    0.56  0.01    0.40  0.01    0.96  0.01
    15     16   -0.52  0.01    0.50  0.02    0.52  0.02    1.03  0.01
    16     17   -1.69  0.02    0.64  0.02    0.73  0.02    1.19  0.01
    17     18   -1.43  0.00    0.22  0.00    0.23  0.00    0.67  0.01
    18     19   -1.91  0.00    0.26  0.01    0.27  0.01    0.73  0.01
    19     20   -2.49  0.02    0.31  0.02    0.32  0.02    0.78  0.01
    20     21   -3.19  0.02    0.37  0.02    0.39  0.02    0.85  0.00
    21     22   -3.90  0.02    0.33  0.02    0.34  0.02    0.87  0.01
    22     23   -4.61  0.01    0.38  0.03    0.38  0.03    0.90  0.01


Final results in kJ/mol:

point      0 -      1,   DG -17.01 +/-  0.01
point      1 -      2,   DG -13.45 +/-  0.02
point      2 -      3,   DG -6.83 +/-  0.02
point      3 -      4,   DG  4.73 +/-  0.08
point      4 -      5,   DG 20.36 +/-  0.10
point      5 -      6,   DG 11.51 +/-  0.12
point      6 -      7,   DG  7.59 +/-  0.14
point      7 -      8,   DG  4.73 +/-  0.11
point      8 -      9,   DG  3.02 +/-  0.05
point      9 -     10,   DG  1.80 +/-  0.04
point     10 -     11,   DG  0.96 +/-  0.03
point     11 -     12,   DG  0.26 +/-  0.02
point     12 -     13,   DG -0.27 +/-  0.03
point     13 -     14,   DG -0.72 +/-  0.02
point     14 -     15,   DG -1.00 +/-  0.03
point     15 -     16,   DG -1.31 +/-  0.03
point     16 -     17,   DG -4.21 +/-  0.04
point     17 -     18,   DG -3.56 +/-  0.01
point     18 -     19,   DG -4.77 +/-  0.01
point     19 -     20,   DG -6.21 +/-  0.05
point     20 -     21,   DG -7.95 +/-  0.06
point     21 -     22,   DG -9.73 +/-  0.06
point     22 -     23,   DG -11.50 +/-  0.03

total      0 -     23,   DG -33.55 +/-  0.25

