lambda_00/bar.xvg: 0.0 - 937.2; lambda = (0, 0)
    dH/dl & foreign lambdas:
        dH/dl (coul-lambda) (9373 pts)
        dH/dl (vdw-lambda) (9373 pts)
        delta H to (0, 0) (9373 pts)
        delta H to (0, 0.1) (9373 pts)


lambda_01/bar.xvg: 0.0 - 936.4; lambda = (0, 0.1)
    dH/dl & foreign lambdas:
        dH/dl (coul-lambda) (9365 pts)
        dH/dl (vdw-lambda) (9365 pts)
        delta H to (0, 0) (9365 pts)
        delta H to (0, 0.1) (9365 pts)
        delta H to (0, 0.2) (9365 pts)


lambda_02/bar.xvg: 0.0 - 936.4; lambda = (0, 0.2)
    dH/dl & foreign lambdas:
        dH/dl (coul-lambda) (9365 pts)
        dH/dl (vdw-lambda) (9365 pts)
        delta H to (0, 0.1) (9365 pts)
        delta H to (0, 0.2) (9365 pts)
        delta H to (0, 0.3) (9365 pts)


lambda_03/bar.xvg: 0.0 - 936.4; lambda = (0, 0.3)
    dH/dl & foreign lambdas:
        dH/dl (coul-lambda) (9365 pts)
        dH/dl (vdw-lambda) (9365 pts)
        delta H to (0, 0.2) (9365 pts)
        delta H to (0, 0.3) (9365 pts)
        delta H to (0, 0.4) (9365 pts)


lambda_04/bar.xvg: 0.0 - 936.4; lambda = (0, 0.4)
    dH/dl & foreign lambdas:
        dH/dl (coul-lambda) (9365 pts)
        dH/dl (vdw-lambda) (9365 pts)
        delta H to (0, 0.3) (9365 pts)
        delta H to (0, 0.4) (9365 pts)
        delta H to (0, 0.5) (9365 pts)


lambda_05/bar.xvg: 0.0 - 936.4; lambda = (0, 0.5)
    dH/dl & foreign lambdas:
        dH/dl (coul-lambda) (9365 pts)
        dH/dl (vdw-lambda) (9365 pts)
        delta H to (0, 0.4) (9365 pts)
        delta H to (0, 0.5) (9365 pts)
        delta H to (0, 0.55) (9365 pts)


lambda_06/bar.xvg: 0.0 - 936.4; lambda = (0, 0.55)
    dH/dl & foreign lambdas:
        dH/dl (coul-lambda) (9365 pts)
        dH/dl (vdw-lambda) (9365 pts)
        delta H to (0, 0.5) (9365 pts)
        delta H to (0, 0.55) (9365 pts)
        delta H to (0, 0.6) (9365 pts)


lambda_07/bar.xvg: 0.0 - 936.4; lambda = (0, 0.6)
    dH/dl & foreign lambdas:
        dH/dl (coul-lambda) (9365 pts)
        dH/dl (vdw-lambda) (9365 pts)
        delta H to (0, 0.55) (9365 pts)
        delta H to (0, 0.6) (9365 pts)
        delta H to (0, 0.65) (9365 pts)


lambda_08/bar.xvg: 0.0 - 936.4; lambda = (0, 0.65)
    dH/dl & foreign lambdas:
        dH/dl (coul-lambda) (9365 pts)
        dH/dl (vdw-lambda) (9365 pts)
        delta H to (0, 0.6) (9365 pts)
        delta H to (0, 0.65) (9365 pts)
        delta H to (0, 0.7) (9365 pts)


lambda_09/bar.xvg: 0.0 - 936.4; lambda = (0, 0.7)
    dH/dl & foreign lambdas:
        dH/dl (coul-lambda) (9365 pts)
        dH/dl (vdw-lambda) (9365 pts)
        delta H to (0, 0.65) (9365 pts)
        delta H to (0, 0.7) (9365 pts)
        delta H to (0, 0.75) (9365 pts)


lambda_10/bar.xvg: 0.0 - 937.9; lambda = (0, 0.75)
    dH/dl & foreign lambdas:
        dH/dl (coul-lambda) (9380 pts)
        dH/dl (vdw-lambda) (9380 pts)
        delta H to (0, 0.7) (9380 pts)
        delta H to (0, 0.75) (9380 pts)
        delta H to (0, 0.8) (9380 pts)


lambda_11/bar.xvg: 0.0 - 936.4; lambda = (0, 0.8)
    dH/dl & foreign lambdas:
        dH/dl (coul-lambda) (9365 pts)
        dH/dl (vdw-lambda) (9365 pts)
        delta H to (0, 0.75) (9365 pts)
        delta H to (0, 0.8) (9365 pts)
        delta H to (0, 0.85) (9365 pts)


lambda_12/bar.xvg: 0.0 - 936.4; lambda = (0, 0.85)
    dH/dl & foreign lambdas:
        dH/dl (coul-lambda) (9365 pts)
        dH/dl (vdw-lambda) (9365 pts)
        delta H to (0, 0.8) (9365 pts)
        delta H to (0, 0.85) (9365 pts)
        delta H to (0, 0.9) (9365 pts)


lambda_13/bar.xvg: 0.0 - 936.4; lambda = (0, 0.9)
    dH/dl & foreign lambdas:
        dH/dl (coul-lambda) (9365 pts)
        dH/dl (vdw-lambda) (9365 pts)
        delta H to (0, 0.85) (9365 pts)
        delta H to (0, 0.9) (9365 pts)
        delta H to (0, 0.95) (9365 pts)


lambda_14/bar.xvg: 0.0 - 936.4; lambda = (0, 0.95)
    dH/dl & foreign lambdas:
        dH/dl (coul-lambda) (9365 pts)
        dH/dl (vdw-lambda) (9365 pts)
        delta H to (0, 0.9) (9365 pts)
        delta H to (0, 0.95) (9365 pts)
        delta H to (0, 1) (9365 pts)


lambda_15/bar.xvg: 0.0 - 936.4; lambda = (0, 1)
    dH/dl & foreign lambdas:
        dH/dl (coul-lambda) (9365 pts)
        dH/dl (vdw-lambda) (9365 pts)
        delta H to (0, 0.95) (9365 pts)
        delta H to (0, 1) (9365 pts)
        delta H to (0.2, 1) (9365 pts)


lambda_16/bar.xvg: 0.0 - 936.7; lambda = (0.2, 1)
    dH/dl & foreign lambdas:
        dH/dl (coul-lambda) (9368 pts)
        dH/dl (vdw-lambda) (9368 pts)
        delta H to (0, 1) (9368 pts)
        delta H to (0.2, 1) (9368 pts)
        delta H to (0.4, 1) (9368 pts)


lambda_17/bar.xvg: 0.0 - 936.4; lambda = (0.4, 1)
    dH/dl & foreign lambdas:
        dH/dl (coul-lambda) (9365 pts)
        dH/dl (vdw-lambda) (9365 pts)
        delta H to (0.2, 1) (9365 pts)
        delta H to (0.4, 1) (9365 pts)
        delta H to (0.5, 1) (9365 pts)


lambda_18/bar.xvg: 0.0 - 936.4; lambda = (0.5, 1)
    dH/dl & foreign lambdas:
        dH/dl (coul-lambda) (9365 pts)
        dH/dl (vdw-lambda) (9365 pts)
        delta H to (0.4, 1) (9365 pts)
        delta H to (0.5, 1) (9365 pts)
        delta H to (0.6, 1) (9365 pts)


lambda_19/bar.xvg: 0.0 - 936.4; lambda = (0.6, 1)
    dH/dl & foreign lambdas:
        dH/dl (coul-lambda) (9365 pts)
        dH/dl (vdw-lambda) (9365 pts)
        delta H to (0.5, 1) (9365 pts)
        delta H to (0.6, 1) (9365 pts)
        delta H to (0.7, 1) (9365 pts)


lambda_20/bar.xvg: 0.0 - 936.4; lambda = (0.7, 1)
    dH/dl & foreign lambdas:
        dH/dl (coul-lambda) (9365 pts)
        dH/dl (vdw-lambda) (9365 pts)
        delta H to (0.6, 1) (9365 pts)
        delta H to (0.7, 1) (9365 pts)
        delta H to (0.8, 1) (9365 pts)


lambda_21/bar.xvg: 0.0 - 936.4; lambda = (0.8, 1)
    dH/dl & foreign lambdas:
        dH/dl (coul-lambda) (9365 pts)
        dH/dl (vdw-lambda) (9365 pts)
        delta H to (0.7, 1) (9365 pts)
        delta H to (0.8, 1) (9365 pts)
        delta H to (0.9, 1) (9365 pts)


lambda_22/bar.xvg: 0.0 - 937.2; lambda = (0.9, 1)
    dH/dl & foreign lambdas:
        dH/dl (coul-lambda) (9373 pts)
        dH/dl (vdw-lambda) (9373 pts)
        delta H to (0.8, 1) (9373 pts)
        delta H to (0.9, 1) (9373 pts)
        delta H to (1, 1) (9373 pts)


lambda_23/bar.xvg: 0.0 - 936.4; lambda = (1, 1)
    dH/dl & foreign lambdas:
        dH/dl (coul-lambda) (9365 pts)
        dH/dl (vdw-lambda) (9365 pts)
        delta H to (0.9, 1) (9365 pts)
        delta H to (1, 1) (9365 pts)



   Samples in time interval: 0.000 - 937.900
Removing samples outside of: 100.000 - 937.900

Temperature: 300 K

Detailed results in kT (see help for explanation):

 lam_A  lam_B      DG   +/-     s_A   +/-     s_B   +/-   stdev   +/- 
     0      1   -7.28  0.01    0.03  0.01    0.03  0.01    0.24  0.00
     1      2   -5.76  0.00    0.03  0.01    0.03  0.01    0.24  0.00
     2      3   -2.93  0.01    0.08  0.01    0.08  0.01    0.39  0.00
     3      4    2.08  0.02    0.37  0.03    0.40  0.03    0.90  0.02
     4      5    9.01  0.05    2.62  0.04    3.03  0.09    2.82  0.06
     5      6    5.12  0.04    2.55  0.08    2.18  0.05    2.50  0.04
     6      7    3.25  0.06    2.60  0.09    1.76  0.06    2.25  0.06
     7      8    2.00  0.06    1.68  0.04    1.18  0.03    1.76  0.02
     8      9    1.34  0.03    1.34  0.05    0.95  0.04    1.54  0.02
     9     10    0.86  0.02    1.17  0.04    0.82  0.03    1.43  0.01
    10     11    0.45  0.01    1.04  0.03    0.73  0.02    1.32  0.01
    11     12    0.10  0.01    0.85  0.01    0.59  0.01    1.19  0.01
    12     13   -0.10  0.01    0.74  0.02    0.52  0.01    1.11  0.01
    13     14   -0.28  0.01    0.66  0.02    0.47  0.01    1.04  0.01
    14     15   -0.41  0.01    0.60  0.01    0.44  0.01    0.99  0.01
    15     16   -0.52  0.01    0.56  0.01    0.59  0.02    1.08  0.01
    16     17   -1.84  0.02    0.73  0.01    0.82  0.02    1.26  0.01
    17     18   -1.57  0.02    0.23  0.02    0.25  0.02    0.70  0.00
    18     19   -2.10  0.02    0.29  0.01    0.30  0.01    0.76  0.00
    19     20   -2.70  0.02    0.30  0.01    0.31  0.01    0.80  0.00
    20     21   -3.36  0.01    0.34  0.02    0.35  0.02    0.84  0.01
    21     22   -4.09  0.02    0.38  0.01    0.39  0.01    0.88  0.01
    22     23   -4.84  0.02    0.36  0.02    0.36  0.03    0.89  0.01


Final results in kJ/mol:

point      0 -      1,   DG -18.17 +/-  0.01
point      1 -      2,   DG -14.36 +/-  0.01
point      2 -      3,   DG -7.30 +/-  0.01
point      3 -      4,   DG  5.18 +/-  0.04
point      4 -      5,   DG 22.47 +/-  0.13
point      5 -      6,   DG 12.77 +/-  0.11
point      6 -      7,   DG  8.10 +/-  0.15
point      7 -      8,   DG  4.98 +/-  0.15
point      8 -      9,   DG  3.35 +/-  0.08
point      9 -     10,   DG  2.14 +/-  0.05
point     10 -     11,   DG  1.11 +/-  0.03
point     11 -     12,   DG  0.26 +/-  0.02
point     12 -     13,   DG -0.26 +/-  0.03
point     13 -     14,   DG -0.69 +/-  0.03
point     14 -     15,   DG -1.03 +/-  0.02
point     15 -     16,   DG -1.30 +/-  0.03
point     16 -     17,   DG -4.60 +/-  0.06
point     17 -     18,   DG -3.90 +/-  0.04
point     18 -     19,   DG -5.24 +/-  0.05
point     19 -     20,   DG -6.75 +/-  0.05
point     20 -     21,   DG -8.38 +/-  0.03
point     21 -     22,   DG -10.21 +/-  0.05
point     22 -     23,   DG -12.07 +/-  0.04

total      0 -     23,   DG -33.88 +/-  0.56

