lambda_00/bar.xvg: 0.0 - 905.0; lambda = (0, 0)
    dH/dl & foreign lambdas:
        dH/dl (coul-lambda) (9051 pts)
        dH/dl (vdw-lambda) (9051 pts)
        delta H to (0, 0) (9051 pts)
        delta H to (0, 0.1) (9051 pts)


lambda_01/bar.xvg: 0.0 - 904.6; lambda = (0, 0.1)
    dH/dl & foreign lambdas:
        dH/dl (coul-lambda) (9047 pts)
        dH/dl (vdw-lambda) (9047 pts)
        delta H to (0, 0) (9047 pts)
        delta H to (0, 0.1) (9047 pts)
        delta H to (0, 0.2) (9047 pts)


lambda_02/bar.xvg: 0.0 - 904.5; lambda = (0, 0.2)
    dH/dl & foreign lambdas:
        dH/dl (coul-lambda) (9046 pts)
        dH/dl (vdw-lambda) (9046 pts)
        delta H to (0, 0.1) (9046 pts)
        delta H to (0, 0.2) (9046 pts)
        delta H to (0, 0.3) (9046 pts)


lambda_03/bar.xvg: 0.0 - 906.0; lambda = (0, 0.3)
    dH/dl & foreign lambdas:
        dH/dl (coul-lambda) (9061 pts)
        dH/dl (vdw-lambda) (9061 pts)
        delta H to (0, 0.2) (9061 pts)
        delta H to (0, 0.3) (9061 pts)
        delta H to (0, 0.4) (9061 pts)


lambda_04/bar.xvg: 0.0 - 905.3; lambda = (0, 0.4)
    dH/dl & foreign lambdas:
        dH/dl (coul-lambda) (9054 pts)
        dH/dl (vdw-lambda) (9054 pts)
        delta H to (0, 0.3) (9054 pts)
        delta H to (0, 0.4) (9054 pts)
        delta H to (0, 0.5) (9054 pts)


lambda_05/bar.xvg: 0.0 - 905.5; lambda = (0, 0.5)
    dH/dl & foreign lambdas:
        dH/dl (coul-lambda) (9056 pts)
        dH/dl (vdw-lambda) (9056 pts)
        delta H to (0, 0.4) (9056 pts)
        delta H to (0, 0.5) (9056 pts)
        delta H to (0, 0.55) (9056 pts)


lambda_06/bar.xvg: 0.0 - 904.4; lambda = (0, 0.55)
    dH/dl & foreign lambdas:
        dH/dl (coul-lambda) (9045 pts)
        dH/dl (vdw-lambda) (9045 pts)
        delta H to (0, 0.5) (9045 pts)
        delta H to (0, 0.55) (9045 pts)
        delta H to (0, 0.6) (9045 pts)


lambda_07/bar.xvg: 0.0 - 903.2; lambda = (0, 0.6)
    dH/dl & foreign lambdas:
        dH/dl (coul-lambda) (9033 pts)
        dH/dl (vdw-lambda) (9033 pts)
        delta H to (0, 0.55) (9033 pts)
        delta H to (0, 0.6) (9033 pts)
        delta H to (0, 0.65) (9033 pts)


lambda_08/bar.xvg: 0.0 - 903.2; lambda = (0, 0.65)
    dH/dl & foreign lambdas:
        dH/dl (coul-lambda) (9033 pts)
        dH/dl (vdw-lambda) (9033 pts)
        delta H to (0, 0.6) (9033 pts)
        delta H to (0, 0.65) (9033 pts)
        delta H to (0, 0.7) (9033 pts)


lambda_09/bar.xvg: 0.0 - 903.2; lambda = (0, 0.7)
    dH/dl & foreign lambdas:
        dH/dl (coul-lambda) (9033 pts)
        dH/dl (vdw-lambda) (9033 pts)
        delta H to (0, 0.65) (9033 pts)
        delta H to (0, 0.7) (9033 pts)
        delta H to (0, 0.75) (9033 pts)


lambda_10/bar.xvg: 0.0 - 903.2; lambda = (0, 0.75)
    dH/dl & foreign lambdas:
        dH/dl (coul-lambda) (9033 pts)
        dH/dl (vdw-lambda) (9033 pts)
        delta H to (0, 0.7) (9033 pts)
        delta H to (0, 0.75) (9033 pts)
        delta H to (0, 0.8) (9033 pts)


lambda_11/bar.xvg: 0.0 - 908.6; lambda = (0, 0.8)
    dH/dl & foreign lambdas:
        dH/dl (coul-lambda) (9087 pts)
        dH/dl (vdw-lambda) (9087 pts)
        delta H to (0, 0.75) (9087 pts)
        delta H to (0, 0.8) (9087 pts)
        delta H to (0, 0.85) (9087 pts)


lambda_12/bar.xvg: 0.0 - 907.2; lambda = (0, 0.85)
    dH/dl & foreign lambdas:
        dH/dl (coul-lambda) (9073 pts)
        dH/dl (vdw-lambda) (9073 pts)
        delta H to (0, 0.8) (9073 pts)
        delta H to (0, 0.85) (9073 pts)
        delta H to (0, 0.9) (9073 pts)


lambda_13/bar.xvg: 0.0 - 906.4; lambda = (0, 0.9)
    dH/dl & foreign lambdas:
        dH/dl (coul-lambda) (9065 pts)
        dH/dl (vdw-lambda) (9065 pts)
        delta H to (0, 0.85) (9065 pts)
        delta H to (0, 0.9) (9065 pts)
        delta H to (0, 0.95) (9065 pts)


lambda_14/bar.xvg: 0.0 - 905.6; lambda = (0, 0.95)
    dH/dl & foreign lambdas:
        dH/dl (coul-lambda) (9057 pts)
        dH/dl (vdw-lambda) (9057 pts)
        delta H to (0, 0.9) (9057 pts)
        delta H to (0, 0.95) (9057 pts)
        delta H to (0, 1) (9057 pts)


lambda_15/bar.xvg: 0.0 - 904.7; lambda = (0, 1)
    dH/dl & foreign lambdas:
        dH/dl (coul-lambda) (9048 pts)
        dH/dl (vdw-lambda) (9048 pts)
        delta H to (0, 0.95) (9048 pts)
        delta H to (0, 1) (9048 pts)
        delta H to (0.2, 1) (9048 pts)


lambda_16/bar.xvg: 0.0 - 903.2; lambda = (0.2, 1)
    dH/dl & foreign lambdas:
        dH/dl (coul-lambda) (9033 pts)
        dH/dl (vdw-lambda) (9033 pts)
        delta H to (0, 1) (9033 pts)
        delta H to (0.2, 1) (9033 pts)
        delta H to (0.4, 1) (9033 pts)


lambda_17/bar.xvg: 0.0 - 903.2; lambda = (0.4, 1)
    dH/dl & foreign lambdas:
        dH/dl (coul-lambda) (9033 pts)
        dH/dl (vdw-lambda) (9033 pts)
        delta H to (0.2, 1) (9033 pts)
        delta H to (0.4, 1) (9033 pts)
        delta H to (0.5, 1) (9033 pts)


lambda_18/bar.xvg: 0.0 - 903.2; lambda = (0.5, 1)
    dH/dl & foreign lambdas:
        dH/dl (coul-lambda) (9033 pts)
        dH/dl (vdw-lambda) (9033 pts)
        delta H to (0.4, 1) (9033 pts)
        delta H to (0.5, 1) (9033 pts)
        delta H to (0.6, 1) (9033 pts)


lambda_19/bar.xvg: 0.0 - 904.1; lambda = (0.6, 1)
    dH/dl & foreign lambdas:
        dH/dl (coul-lambda) (9042 pts)
        dH/dl (vdw-lambda) (9042 pts)
        delta H to (0.5, 1) (9042 pts)
        delta H to (0.6, 1) (9042 pts)
        delta H to (0.7, 1) (9042 pts)


lambda_20/bar.xvg: 0.0 - 905.8; lambda = (0.7, 1)
    dH/dl & foreign lambdas:
        dH/dl (coul-lambda) (9059 pts)
        dH/dl (vdw-lambda) (9059 pts)
        delta H to (0.6, 1) (9059 pts)
        delta H to (0.7, 1) (9059 pts)
        delta H to (0.8, 1) (9059 pts)


lambda_21/bar.xvg: 0.0 - 908.2; lambda = (0.8, 1)
    dH/dl & foreign lambdas:
        dH/dl (coul-lambda) (9083 pts)
        dH/dl (vdw-lambda) (9083 pts)
        delta H to (0.7, 1) (9083 pts)
        delta H to (0.8, 1) (9083 pts)
        delta H to (0.9, 1) (9083 pts)


lambda_22/bar.xvg: 0.0 - 909.8; lambda = (0.9, 1)
    dH/dl & foreign lambdas:
        dH/dl (coul-lambda) (9099 pts)
        dH/dl (vdw-lambda) (9099 pts)
        delta H to (0.8, 1) (9099 pts)
        delta H to (0.9, 1) (9099 pts)
        delta H to (1, 1) (9099 pts)


lambda_23/bar.xvg: 0.0 - 903.2; lambda = (1, 1)
    dH/dl & foreign lambdas:
        dH/dl (coul-lambda) (9033 pts)
        dH/dl (vdw-lambda) (9033 pts)
        delta H to (0.9, 1) (9033 pts)
        delta H to (1, 1) (9033 pts)



   Samples in time interval: 0.000 - 909.800
Removing samples outside of: 100.000 - 909.800

Temperature: 300 K

Detailed results in kT (see help for explanation):

 lam_A  lam_B      DG   +/-     s_A   +/-     s_B   +/-   stdev   +/- 
     0      1   -7.28  0.01    0.03  0.01    0.03  0.01    0.24  0.00
     1      2   -5.75  0.00    0.02  0.01    0.02  0.01    0.24  0.00
     2      3   -2.91  0.01    0.09  0.01    0.09  0.01    0.39  0.01
     3      4    2.04  0.05    0.39  0.03    0.42  0.03    0.90  0.02
     4      5    8.92  0.12    2.60  0.06    3.00  0.11    2.79  0.06
     5      6    5.05  0.09    2.58  0.06    2.24  0.05    2.54  0.06
     6      7    3.25  0.07    2.41  0.09    1.60  0.07    2.17  0.06
     7      8    2.10  0.04    1.82  0.03    1.23  0.02    1.80  0.01
     8      9    1.36  0.03    1.41  0.03    1.01  0.02    1.58  0.02
     9     10    0.79  0.02    1.17  0.01    0.81  0.01    1.41  0.00
    10     11    0.42  0.01    0.98  0.02    0.70  0.02    1.29  0.01
    11     12    0.11  0.01    0.87  0.02    0.60  0.01    1.19  0.01
    12     13   -0.12  0.01    0.74  0.02    0.52  0.01    1.11  0.00
    13     14   -0.27  0.02    0.66  0.02    0.46  0.02    1.04  0.01
    14     15   -0.40  0.01    0.63  0.02    0.45  0.01    1.01  0.01
    15     16   -0.48  0.01    0.50  0.01    0.52  0.01    1.00  0.01
    16     17   -1.58  0.01    0.58  0.02    0.65  0.02    1.13  0.01
    17     18   -1.32  0.01    0.21  0.01    0.22  0.01    0.65  0.01
    18     19   -1.80  0.02    0.25  0.01    0.27  0.01    0.71  0.00
    19     20   -2.33  0.01    0.27  0.01    0.28  0.01    0.76  0.00
    20     21   -2.95  0.01    0.34  0.01    0.35  0.01    0.82  0.01
    21     22   -3.62  0.02    0.31  0.01    0.32  0.01    0.83  0.01
    22     23   -4.32  0.02    0.38  0.02    0.39  0.02    0.87  0.01


Final results in kJ/mol:

point      0 -      1,   DG -18.16 +/-  0.02
point      1 -      2,   DG -14.35 +/-  0.01
point      2 -      3,   DG -7.27 +/-  0.02
point      3 -      4,   DG  5.09 +/-  0.12
point      4 -      5,   DG 22.25 +/-  0.31
point      5 -      6,   DG 12.60 +/-  0.22
point      6 -      7,   DG  8.10 +/-  0.17
point      7 -      8,   DG  5.24 +/-  0.09
point      8 -      9,   DG  3.38 +/-  0.07
point      9 -     10,   DG  1.98 +/-  0.06
point     10 -     11,   DG  1.04 +/-  0.03
point     11 -     12,   DG  0.26 +/-  0.01
point     12 -     13,   DG -0.30 +/-  0.02
point     13 -     14,   DG -0.67 +/-  0.04
point     14 -     15,   DG -0.99 +/-  0.03
point     15 -     16,   DG -1.20 +/-  0.03
point     16 -     17,   DG -3.93 +/-  0.03
point     17 -     18,   DG -3.30 +/-  0.03
point     18 -     19,   DG -4.48 +/-  0.04
point     19 -     20,   DG -5.82 +/-  0.02
point     20 -     21,   DG -7.37 +/-  0.02
point     21 -     22,   DG -9.03 +/-  0.05
point     22 -     23,   DG -10.78 +/-  0.04

total      0 -     23,   DG -27.67 +/-  0.56

