lambda_00/bar.xvg: 0.0 - 937.0; lambda = (0, 0)
    dH/dl & foreign lambdas:
        dH/dl (coul-lambda) (9371 pts)
        dH/dl (vdw-lambda) (9371 pts)
        delta H to (0, 0) (9371 pts)
        delta H to (0, 0.1) (9371 pts)


lambda_01/bar.xvg: 0.0 - 944.4; lambda = (0, 0.1)
    dH/dl & foreign lambdas:
        dH/dl (coul-lambda) (9445 pts)
        dH/dl (vdw-lambda) (9445 pts)
        delta H to (0, 0) (9445 pts)
        delta H to (0, 0.1) (9445 pts)
        delta H to (0, 0.2) (9445 pts)


lambda_02/bar.xvg: 0.0 - 944.5; lambda = (0, 0.2)
    dH/dl & foreign lambdas:
        dH/dl (coul-lambda) (9446 pts)
        dH/dl (vdw-lambda) (9446 pts)
        delta H to (0, 0.1) (9446 pts)
        delta H to (0, 0.2) (9446 pts)
        delta H to (0, 0.3) (9446 pts)


lambda_03/bar.xvg: 0.0 - 946.8; lambda = (0, 0.3)
    dH/dl & foreign lambdas:
        dH/dl (coul-lambda) (9469 pts)
        dH/dl (vdw-lambda) (9469 pts)
        delta H to (0, 0.2) (9469 pts)
        delta H to (0, 0.3) (9469 pts)
        delta H to (0, 0.4) (9469 pts)


lambda_04/bar.xvg: 0.0 - 946.0; lambda = (0, 0.4)
    dH/dl & foreign lambdas:
        dH/dl (coul-lambda) (9461 pts)
        dH/dl (vdw-lambda) (9461 pts)
        delta H to (0, 0.3) (9461 pts)
        delta H to (0, 0.4) (9461 pts)
        delta H to (0, 0.5) (9461 pts)


lambda_05/bar.xvg: 0.0 - 946.2; lambda = (0, 0.5)
    dH/dl & foreign lambdas:
        dH/dl (coul-lambda) (9463 pts)
        dH/dl (vdw-lambda) (9463 pts)
        delta H to (0, 0.4) (9463 pts)
        delta H to (0, 0.5) (9463 pts)
        delta H to (0, 0.55) (9463 pts)


lambda_06/bar.xvg: 0.0 - 945.0; lambda = (0, 0.55)
    dH/dl & foreign lambdas:
        dH/dl (coul-lambda) (9451 pts)
        dH/dl (vdw-lambda) (9451 pts)
        delta H to (0, 0.5) (9451 pts)
        delta H to (0, 0.55) (9451 pts)
        delta H to (0, 0.6) (9451 pts)


lambda_07/bar.xvg: 0.0 - 943.0; lambda = (0, 0.6)
    dH/dl & foreign lambdas:
        dH/dl (coul-lambda) (9431 pts)
        dH/dl (vdw-lambda) (9431 pts)
        delta H to (0, 0.55) (9431 pts)
        delta H to (0, 0.6) (9431 pts)
        delta H to (0, 0.65) (9431 pts)


lambda_08/bar.xvg: 0.0 - 941.0; lambda = (0, 0.65)
    dH/dl & foreign lambdas:
        dH/dl (coul-lambda) (9411 pts)
        dH/dl (vdw-lambda) (9411 pts)
        delta H to (0, 0.6) (9411 pts)
        delta H to (0, 0.65) (9411 pts)
        delta H to (0, 0.7) (9411 pts)


lambda_09/bar.xvg: 0.0 - 938.6; lambda = (0, 0.7)
    dH/dl & foreign lambdas:
        dH/dl (coul-lambda) (9387 pts)
        dH/dl (vdw-lambda) (9387 pts)
        delta H to (0, 0.65) (9387 pts)
        delta H to (0, 0.7) (9387 pts)
        delta H to (0, 0.75) (9387 pts)


lambda_10/bar.xvg: 0.0 - 936.5; lambda = (0, 0.75)
    dH/dl & foreign lambdas:
        dH/dl (coul-lambda) (9366 pts)
        dH/dl (vdw-lambda) (9366 pts)
        delta H to (0, 0.7) (9366 pts)
        delta H to (0, 0.75) (9366 pts)
        delta H to (0, 0.8) (9366 pts)


lambda_11/bar.xvg: 0.0 - 948.1; lambda = (0, 0.8)
    dH/dl & foreign lambdas:
        dH/dl (coul-lambda) (9482 pts)
        dH/dl (vdw-lambda) (9482 pts)
        delta H to (0, 0.75) (9482 pts)
        delta H to (0, 0.8) (9482 pts)
        delta H to (0, 0.85) (9482 pts)


lambda_12/bar.xvg: 0.0 - 946.7; lambda = (0, 0.85)
    dH/dl & foreign lambdas:
        dH/dl (coul-lambda) (9468 pts)
        dH/dl (vdw-lambda) (9468 pts)
        delta H to (0, 0.8) (9468 pts)
        delta H to (0, 0.85) (9468 pts)
        delta H to (0, 0.9) (9468 pts)


lambda_13/bar.xvg: 0.0 - 945.7; lambda = (0, 0.9)
    dH/dl & foreign lambdas:
        dH/dl (coul-lambda) (9458 pts)
        dH/dl (vdw-lambda) (9458 pts)
        delta H to (0, 0.85) (9458 pts)
        delta H to (0, 0.9) (9458 pts)
        delta H to (0, 0.95) (9458 pts)


lambda_14/bar.xvg: 0.0 - 944.9; lambda = (0, 0.95)
    dH/dl & foreign lambdas:
        dH/dl (coul-lambda) (9450 pts)
        dH/dl (vdw-lambda) (9450 pts)
        delta H to (0, 0.9) (9450 pts)
        delta H to (0, 0.95) (9450 pts)
        delta H to (0, 1) (9450 pts)


lambda_15/bar.xvg: 0.0 - 945.3; lambda = (0, 1)
    dH/dl & foreign lambdas:
        dH/dl (coul-lambda) (9454 pts)
        dH/dl (vdw-lambda) (9454 pts)
        delta H to (0, 0.95) (9454 pts)
        delta H to (0, 1) (9454 pts)
        delta H to (0.2, 1) (9454 pts)


lambda_16/bar.xvg: 0.0 - 936.6; lambda = (0.2, 1)
    dH/dl & foreign lambdas:
        dH/dl (coul-lambda) (9367 pts)
        dH/dl (vdw-lambda) (9367 pts)
        delta H to (0, 1) (9367 pts)
        delta H to (0.2, 1) (9367 pts)
        delta H to (0.4, 1) (9367 pts)


lambda_17/bar.xvg: 0.0 - 940.6; lambda = (0.4, 1)
    dH/dl & foreign lambdas:
        dH/dl (coul-lambda) (9407 pts)
        dH/dl (vdw-lambda) (9407 pts)
        delta H to (0.2, 1) (9407 pts)
        delta H to (0.4, 1) (9407 pts)
        delta H to (0.5, 1) (9407 pts)


lambda_18/bar.xvg: 0.0 - 942.7; lambda = (0.5, 1)
    dH/dl & foreign lambdas:
        dH/dl (coul-lambda) (9428 pts)
        dH/dl (vdw-lambda) (9428 pts)
        delta H to (0.4, 1) (9428 pts)
        delta H to (0.5, 1) (9428 pts)
        delta H to (0.6, 1) (9428 pts)


lambda_19/bar.xvg: 0.0 - 944.9; lambda = (0.6, 1)
    dH/dl & foreign lambdas:
        dH/dl (coul-lambda) (9450 pts)
        dH/dl (vdw-lambda) (9450 pts)
        delta H to (0.5, 1) (9450 pts)
        delta H to (0.6, 1) (9450 pts)
        delta H to (0.7, 1) (9450 pts)


lambda_20/bar.xvg: 0.0 - 946.8; lambda = (0.7, 1)
    dH/dl & foreign lambdas:
        dH/dl (coul-lambda) (9469 pts)
        dH/dl (vdw-lambda) (9469 pts)
        delta H to (0.6, 1) (9469 pts)
        delta H to (0.7, 1) (9469 pts)
        delta H to (0.8, 1) (9469 pts)


lambda_21/bar.xvg: 0.0 - 935.6; lambda = (0.8, 1)
    dH/dl & foreign lambdas:
        dH/dl (coul-lambda) (9357 pts)
        dH/dl (vdw-lambda) (9357 pts)
        delta H to (0.7, 1) (9357 pts)
        delta H to (0.8, 1) (9357 pts)
        delta H to (0.9, 1) (9357 pts)


lambda_22/bar.xvg: 0.0 - 937.6; lambda = (0.9, 1)
    dH/dl & foreign lambdas:
        dH/dl (coul-lambda) (9377 pts)
        dH/dl (vdw-lambda) (9377 pts)
        delta H to (0.8, 1) (9377 pts)
        delta H to (0.9, 1) (9377 pts)
        delta H to (1, 1) (9377 pts)


lambda_23/bar.xvg: 0.0 - 948.7; lambda = (1, 1)
    dH/dl & foreign lambdas:
        dH/dl (coul-lambda) (9488 pts)
        dH/dl (vdw-lambda) (9488 pts)
        delta H to (0.9, 1) (9488 pts)
        delta H to (1, 1) (9488 pts)



   Samples in time interval: 0.000 - 948.700
Removing samples outside of: 100.000 - 948.700

Temperature: 300 K

Detailed results in kT (see help for explanation):

 lam_A  lam_B      DG   +/-     s_A   +/-     s_B   +/-   stdev   +/- 
     0      1   -6.82  0.01    0.02  0.00    0.02  0.00    0.24  0.00
     1      2   -5.40  0.01    0.03  0.01    0.03  0.01    0.23  0.00
     2      3   -2.75  0.01    0.05  0.01    0.06  0.01    0.37  0.00
     3      4    1.94  0.03    0.35  0.02    0.38  0.02    0.86  0.01
     4      5    8.49  0.10    2.40  0.04    2.89  0.06    2.68  0.04
     5      6    4.70  0.09    2.48  0.03    2.05  0.05    2.41  0.03
     6      7    2.96  0.04    2.35  0.13    1.65  0.05    2.15  0.05
     7      8    1.79  0.05    1.50  0.06    1.04  0.04    1.65  0.03
     8      9    1.18  0.01    1.29  0.02    0.89  0.02    1.49  0.01
     9     10    0.69  0.02    1.07  0.01    0.75  0.01    1.35  0.01
    10     11    0.32  0.01    0.90  0.02    0.62  0.02    1.22  0.01
    11     12    0.06  0.01    0.76  0.01    0.53  0.01    1.13  0.01
    12     13   -0.14  0.01    0.69  0.01    0.48  0.01    1.05  0.01
    13     14   -0.29  0.01    0.58  0.01    0.42  0.01    0.98  0.01
    14     15   -0.41  0.01    0.54  0.01    0.39  0.01    0.94  0.00
    15     16   -0.54  0.02    0.59  0.01    0.62  0.01    1.09  0.01
    16     17   -1.87  0.01    0.71  0.02    0.80  0.02    1.25  0.01
    17     18   -1.59  0.02    0.25  0.00    0.27  0.00    0.72  0.00
    18     19   -2.15  0.01    0.29  0.01    0.30  0.01    0.77  0.01
    19     20   -2.77  0.01    0.33  0.01    0.34  0.01    0.83  0.00
    20     21   -3.46  0.01    0.34  0.02    0.36  0.02    0.88  0.01
    21     22   -4.26  0.03    0.44  0.02    0.45  0.02    0.94  0.01
    22     23   -5.17  0.03    0.45  0.02    0.45  0.02    0.95  0.01


Final results in kJ/mol:

point      0 -      1,   DG -17.02 +/-  0.02
point      1 -      2,   DG -13.46 +/-  0.02
point      2 -      3,   DG -6.86 +/-  0.03
point      3 -      4,   DG  4.84 +/-  0.06
point      4 -      5,   DG 21.18 +/-  0.25
point      5 -      6,   DG 11.72 +/-  0.22
point      6 -      7,   DG  7.37 +/-  0.11
point      7 -      8,   DG  4.47 +/-  0.12
point      8 -      9,   DG  2.94 +/-  0.03
point      9 -     10,   DG  1.72 +/-  0.04
point     10 -     11,   DG  0.79 +/-  0.03
point     11 -     12,   DG  0.16 +/-  0.03
point     12 -     13,   DG -0.36 +/-  0.02
point     13 -     14,   DG -0.73 +/-  0.02
point     14 -     15,   DG -1.01 +/-  0.01
point     15 -     16,   DG -1.35 +/-  0.05
point     16 -     17,   DG -4.65 +/-  0.03
point     17 -     18,   DG -3.96 +/-  0.04
point     18 -     19,   DG -5.35 +/-  0.02
point     19 -     20,   DG -6.92 +/-  0.03
point     20 -     21,   DG -8.64 +/-  0.03
point     21 -     22,   DG -10.63 +/-  0.06
point     22 -     23,   DG -12.89 +/-  0.09

total      0 -     23,   DG -38.64 +/-  0.46

