lambda_00/bar.xvg: 0.0 - 953.1; lambda = (0, 0)
    dH/dl & foreign lambdas:
        dH/dl (coul-lambda) (9532 pts)
        dH/dl (vdw-lambda) (9532 pts)
        delta H to (0, 0) (9532 pts)
        delta H to (0, 0.1) (9532 pts)


lambda_01/bar.xvg: 0.0 - 944.4; lambda = (0, 0.1)
    dH/dl & foreign lambdas:
        dH/dl (coul-lambda) (9445 pts)
        dH/dl (vdw-lambda) (9445 pts)
        delta H to (0, 0) (9445 pts)
        delta H to (0, 0.1) (9445 pts)
        delta H to (0, 0.2) (9445 pts)


lambda_02/bar.xvg: 0.0 - 944.4; lambda = (0, 0.2)
    dH/dl & foreign lambdas:
        dH/dl (coul-lambda) (9445 pts)
        dH/dl (vdw-lambda) (9445 pts)
        delta H to (0, 0.1) (9445 pts)
        delta H to (0, 0.2) (9445 pts)
        delta H to (0, 0.3) (9445 pts)


lambda_03/bar.xvg: 0.0 - 946.8; lambda = (0, 0.3)
    dH/dl & foreign lambdas:
        dH/dl (coul-lambda) (9469 pts)
        dH/dl (vdw-lambda) (9469 pts)
        delta H to (0, 0.2) (9469 pts)
        delta H to (0, 0.3) (9469 pts)
        delta H to (0, 0.4) (9469 pts)


lambda_04/bar.xvg: 0.0 - 945.9; lambda = (0, 0.4)
    dH/dl & foreign lambdas:
        dH/dl (coul-lambda) (9460 pts)
        dH/dl (vdw-lambda) (9460 pts)
        delta H to (0, 0.3) (9460 pts)
        delta H to (0, 0.4) (9460 pts)
        delta H to (0, 0.5) (9460 pts)


lambda_05/bar.xvg: 0.0 - 946.1; lambda = (0, 0.5)
    dH/dl & foreign lambdas:
        dH/dl (coul-lambda) (9462 pts)
        dH/dl (vdw-lambda) (9462 pts)
        delta H to (0, 0.4) (9462 pts)
        delta H to (0, 0.5) (9462 pts)
        delta H to (0, 0.55) (9462 pts)


lambda_06/bar.xvg: 0.0 - 945.0; lambda = (0, 0.55)
    dH/dl & foreign lambdas:
        dH/dl (coul-lambda) (9451 pts)
        dH/dl (vdw-lambda) (9451 pts)
        delta H to (0, 0.5) (9451 pts)
        delta H to (0, 0.55) (9451 pts)
        delta H to (0, 0.6) (9451 pts)


lambda_07/bar.xvg: 0.0 - 943.5; lambda = (0, 0.6)
    dH/dl & foreign lambdas:
        dH/dl (coul-lambda) (9436 pts)
        dH/dl (vdw-lambda) (9436 pts)
        delta H to (0, 0.55) (9436 pts)
        delta H to (0, 0.6) (9436 pts)
        delta H to (0, 0.65) (9436 pts)


lambda_08/bar.xvg: 0.0 - 941.5; lambda = (0, 0.65)
    dH/dl & foreign lambdas:
        dH/dl (coul-lambda) (9416 pts)
        dH/dl (vdw-lambda) (9416 pts)
        delta H to (0, 0.6) (9416 pts)
        delta H to (0, 0.65) (9416 pts)
        delta H to (0, 0.7) (9416 pts)


lambda_09/bar.xvg: 0.0 - 953.2; lambda = (0, 0.7)
    dH/dl & foreign lambdas:
        dH/dl (coul-lambda) (9533 pts)
        dH/dl (vdw-lambda) (9533 pts)
        delta H to (0, 0.65) (9533 pts)
        delta H to (0, 0.7) (9533 pts)
        delta H to (0, 0.75) (9533 pts)


lambda_10/bar.xvg: 0.0 - 950.5; lambda = (0, 0.75)
    dH/dl & foreign lambdas:
        dH/dl (coul-lambda) (9506 pts)
        dH/dl (vdw-lambda) (9506 pts)
        delta H to (0, 0.7) (9506 pts)
        delta H to (0, 0.75) (9506 pts)
        delta H to (0, 0.8) (9506 pts)


lambda_11/bar.xvg: 0.0 - 949.0; lambda = (0, 0.8)
    dH/dl & foreign lambdas:
        dH/dl (coul-lambda) (9491 pts)
        dH/dl (vdw-lambda) (9491 pts)
        delta H to (0, 0.75) (9491 pts)
        delta H to (0, 0.8) (9491 pts)
        delta H to (0, 0.85) (9491 pts)


lambda_12/bar.xvg: 0.0 - 947.4; lambda = (0, 0.85)
    dH/dl & foreign lambdas:
        dH/dl (coul-lambda) (9475 pts)
        dH/dl (vdw-lambda) (9475 pts)
        delta H to (0, 0.8) (9475 pts)
        delta H to (0, 0.85) (9475 pts)
        delta H to (0, 0.9) (9475 pts)


lambda_13/bar.xvg: 0.0 - 946.3; lambda = (0, 0.9)
    dH/dl & foreign lambdas:
        dH/dl (coul-lambda) (9464 pts)
        dH/dl (vdw-lambda) (9464 pts)
        delta H to (0, 0.85) (9464 pts)
        delta H to (0, 0.9) (9464 pts)
        delta H to (0, 0.95) (9464 pts)


lambda_14/bar.xvg: 0.0 - 945.4; lambda = (0, 0.95)
    dH/dl & foreign lambdas:
        dH/dl (coul-lambda) (9455 pts)
        dH/dl (vdw-lambda) (9455 pts)
        delta H to (0, 0.9) (9455 pts)
        delta H to (0, 0.95) (9455 pts)
        delta H to (0, 1) (9455 pts)


lambda_15/bar.xvg: 0.0 - 944.8; lambda = (0, 1)
    dH/dl & foreign lambdas:
        dH/dl (coul-lambda) (9449 pts)
        dH/dl (vdw-lambda) (9449 pts)
        delta H to (0, 0.95) (9449 pts)
        delta H to (0, 1) (9449 pts)
        delta H to (0.2, 1) (9449 pts)


lambda_16/bar.xvg: 0.0 - 949.6; lambda = (0.2, 1)
    dH/dl & foreign lambdas:
        dH/dl (coul-lambda) (9497 pts)
        dH/dl (vdw-lambda) (9497 pts)
        delta H to (0, 1) (9497 pts)
        delta H to (0.2, 1) (9497 pts)
        delta H to (0.4, 1) (9497 pts)


lambda_17/bar.xvg: 0.0 - 953.6; lambda = (0.4, 1)
    dH/dl & foreign lambdas:
        dH/dl (coul-lambda) (9537 pts)
        dH/dl (vdw-lambda) (9537 pts)
        delta H to (0.2, 1) (9537 pts)
        delta H to (0.4, 1) (9537 pts)
        delta H to (0.5, 1) (9537 pts)


lambda_18/bar.xvg: 0.0 - 942.3; lambda = (0.5, 1)
    dH/dl & foreign lambdas:
        dH/dl (coul-lambda) (9424 pts)
        dH/dl (vdw-lambda) (9424 pts)
        delta H to (0.4, 1) (9424 pts)
        delta H to (0.5, 1) (9424 pts)
        delta H to (0.6, 1) (9424 pts)


lambda_19/bar.xvg: 0.0 - 944.3; lambda = (0.6, 1)
    dH/dl & foreign lambdas:
        dH/dl (coul-lambda) (9444 pts)
        dH/dl (vdw-lambda) (9444 pts)
        delta H to (0.5, 1) (9444 pts)
        delta H to (0.6, 1) (9444 pts)
        delta H to (0.7, 1) (9444 pts)


lambda_20/bar.xvg: 0.0 - 946.2; lambda = (0.7, 1)
    dH/dl & foreign lambdas:
        dH/dl (coul-lambda) (9463 pts)
        dH/dl (vdw-lambda) (9463 pts)
        delta H to (0.6, 1) (9463 pts)
        delta H to (0.7, 1) (9463 pts)
        delta H to (0.8, 1) (9463 pts)


lambda_21/bar.xvg: 0.0 - 948.6; lambda = (0.8, 1)
    dH/dl & foreign lambdas:
        dH/dl (coul-lambda) (9487 pts)
        dH/dl (vdw-lambda) (9487 pts)
        delta H to (0.7, 1) (9487 pts)
        delta H to (0.8, 1) (9487 pts)
        delta H to (0.9, 1) (9487 pts)


lambda_22/bar.xvg: 0.0 - 950.4; lambda = (0.9, 1)
    dH/dl & foreign lambdas:
        dH/dl (coul-lambda) (9505 pts)
        dH/dl (vdw-lambda) (9505 pts)
        delta H to (0.8, 1) (9505 pts)
        delta H to (0.9, 1) (9505 pts)
        delta H to (1, 1) (9505 pts)


lambda_23/bar.xvg: 0.0 - 948.2; lambda = (1, 1)
    dH/dl & foreign lambdas:
        dH/dl (coul-lambda) (9483 pts)
        dH/dl (vdw-lambda) (9483 pts)
        delta H to (0.9, 1) (9483 pts)
        delta H to (1, 1) (9483 pts)



   Samples in time interval: 0.000 - 953.600
Removing samples outside of: 100.000 - 953.600

Temperature: 300 K

Detailed results in kT (see help for explanation):

 lam_A  lam_B      DG   +/-     s_A   +/-     s_B   +/-   stdev   +/- 
     0      1   -7.28  0.01    0.04  0.01    0.04  0.01    0.24  0.00
     1      2   -5.76  0.00    0.03  0.00    0.03  0.00    0.24  0.00
     2      3   -2.91  0.01    0.08  0.01    0.08  0.01    0.39  0.01
     3      4    2.08  0.02    0.36  0.01    0.40  0.02    0.88  0.02
     4      5    8.98  0.12    2.65  0.06    3.14  0.11    2.87  0.05
     5      6    5.09  0.16    2.46  0.06    2.14  0.12    2.49  0.07
     6      7    3.24  0.06    2.62  0.05    1.71  0.04    2.24  0.04
     7      8    2.00  0.03    1.73  0.06    1.18  0.03    1.76  0.02
     8      9    1.32  0.02    1.35  0.02    0.95  0.02    1.54  0.01
     9     10    0.84  0.01    1.16  0.04    0.83  0.02    1.42  0.02
    10     11    0.42  0.01    1.01  0.03    0.70  0.02    1.30  0.01
    11     12    0.12  0.01    0.85  0.02    0.59  0.01    1.19  0.01
    12     13   -0.09  0.01    0.73  0.01    0.51  0.01    1.10  0.01
    13     14   -0.26  0.01    0.67  0.01    0.48  0.01    1.05  0.01
    14     15   -0.42  0.01    0.60  0.01    0.43  0.01    0.99  0.00
    15     16   -0.51  0.02    0.51  0.01    0.54  0.01    1.04  0.01
    16     17   -1.71  0.01    0.67  0.01    0.75  0.01    1.20  0.01
    17     18   -1.45  0.01    0.22  0.01    0.23  0.01    0.68  0.00
    18     19   -1.93  0.01    0.25  0.02    0.26  0.02    0.73  0.01
    19     20   -2.49  0.02    0.30  0.02    0.31  0.02    0.79  0.01
    20     21   -3.17  0.00    0.36  0.02    0.37  0.02    0.83  0.00
    21     22   -3.88  0.01    0.34  0.02    0.35  0.02    0.85  0.01
    22     23   -4.62  0.03    0.39  0.02    0.40  0.02    0.89  0.01


Final results in kJ/mol:

point      0 -      1,   DG -18.15 +/-  0.02
point      1 -      2,   DG -14.36 +/-  0.01
point      2 -      3,   DG -7.26 +/-  0.02
point      3 -      4,   DG  5.19 +/-  0.05
point      4 -      5,   DG 22.41 +/-  0.30
point      5 -      6,   DG 12.69 +/-  0.40
point      6 -      7,   DG  8.07 +/-  0.15
point      7 -      8,   DG  4.98 +/-  0.07
point      8 -      9,   DG  3.29 +/-  0.04
point      9 -     10,   DG  2.08 +/-  0.03
point     10 -     11,   DG  1.05 +/-  0.03
point     11 -     12,   DG  0.29 +/-  0.02
point     12 -     13,   DG -0.24 +/-  0.03
point     13 -     14,   DG -0.65 +/-  0.02
point     14 -     15,   DG -1.04 +/-  0.03
point     15 -     16,   DG -1.27 +/-  0.04
point     16 -     17,   DG -4.27 +/-  0.03
point     17 -     18,   DG -3.61 +/-  0.03
point     18 -     19,   DG -4.81 +/-  0.03
point     19 -     20,   DG -6.22 +/-  0.05
point     20 -     21,   DG -7.90 +/-  0.01
point     21 -     22,   DG -9.67 +/-  0.02
point     22 -     23,   DG -11.53 +/-  0.06

total      0 -     23,   DG -30.92 +/-  0.83

