lambda_00/bar.xvg: 0.0 - 953.0; lambda = (0, 0)
    dH/dl & foreign lambdas:
        dH/dl (coul-lambda) (9531 pts)
        dH/dl (vdw-lambda) (9531 pts)
        delta H to (0, 0) (9531 pts)
        delta H to (0, 0.1) (9531 pts)


lambda_01/bar.xvg: 0.0 - 957.7; lambda = (0, 0.1)
    dH/dl & foreign lambdas:
        dH/dl (coul-lambda) (9578 pts)
        dH/dl (vdw-lambda) (9578 pts)
        delta H to (0, 0) (9578 pts)
        delta H to (0, 0.1) (9578 pts)
        delta H to (0, 0.2) (9578 pts)


lambda_02/bar.xvg: 0.0 - 957.5; lambda = (0, 0.2)
    dH/dl & foreign lambdas:
        dH/dl (coul-lambda) (9576 pts)
        dH/dl (vdw-lambda) (9576 pts)
        delta H to (0, 0.1) (9576 pts)
        delta H to (0, 0.2) (9576 pts)
        delta H to (0, 0.3) (9576 pts)


lambda_03/bar.xvg: 0.0 - 946.9; lambda = (0, 0.3)
    dH/dl & foreign lambdas:
        dH/dl (coul-lambda) (9470 pts)
        dH/dl (vdw-lambda) (9470 pts)
        delta H to (0, 0.2) (9470 pts)
        delta H to (0, 0.3) (9470 pts)
        delta H to (0, 0.4) (9470 pts)


lambda_04/bar.xvg: 0.0 - 946.0; lambda = (0, 0.4)
    dH/dl & foreign lambdas:
        dH/dl (coul-lambda) (9461 pts)
        dH/dl (vdw-lambda) (9461 pts)
        delta H to (0, 0.3) (9461 pts)
        delta H to (0, 0.4) (9461 pts)
        delta H to (0, 0.5) (9461 pts)


lambda_05/bar.xvg: 0.0 - 959.4; lambda = (0, 0.5)
    dH/dl & foreign lambdas:
        dH/dl (coul-lambda) (9595 pts)
        dH/dl (vdw-lambda) (9595 pts)
        delta H to (0, 0.4) (9595 pts)
        delta H to (0, 0.5) (9595 pts)
        delta H to (0, 0.55) (9595 pts)


lambda_06/bar.xvg: 0.0 - 958.6; lambda = (0, 0.55)
    dH/dl & foreign lambdas:
        dH/dl (coul-lambda) (9587 pts)
        dH/dl (vdw-lambda) (9587 pts)
        delta H to (0, 0.5) (9587 pts)
        delta H to (0, 0.55) (9587 pts)
        delta H to (0, 0.6) (9587 pts)


lambda_07/bar.xvg: 0.0 - 957.1; lambda = (0, 0.6)
    dH/dl & foreign lambdas:
        dH/dl (coul-lambda) (9572 pts)
        dH/dl (vdw-lambda) (9572 pts)
        delta H to (0, 0.55) (9572 pts)
        delta H to (0, 0.6) (9572 pts)
        delta H to (0, 0.65) (9572 pts)


lambda_08/bar.xvg: 0.0 - 955.1; lambda = (0, 0.65)
    dH/dl & foreign lambdas:
        dH/dl (coul-lambda) (9552 pts)
        dH/dl (vdw-lambda) (9552 pts)
        delta H to (0, 0.6) (9552 pts)
        delta H to (0, 0.65) (9552 pts)
        delta H to (0, 0.7) (9552 pts)


lambda_09/bar.xvg: 0.0 - 952.5; lambda = (0, 0.7)
    dH/dl & foreign lambdas:
        dH/dl (coul-lambda) (9526 pts)
        dH/dl (vdw-lambda) (9526 pts)
        delta H to (0, 0.65) (9526 pts)
        delta H to (0, 0.7) (9526 pts)
        delta H to (0, 0.75) (9526 pts)


lambda_10/bar.xvg: 0.0 - 950.9; lambda = (0, 0.75)
    dH/dl & foreign lambdas:
        dH/dl (coul-lambda) (9510 pts)
        dH/dl (vdw-lambda) (9510 pts)
        delta H to (0, 0.7) (9510 pts)
        delta H to (0, 0.75) (9510 pts)
        delta H to (0, 0.8) (9510 pts)


lambda_11/bar.xvg: 0.0 - 949.1; lambda = (0, 0.8)
    dH/dl & foreign lambdas:
        dH/dl (coul-lambda) (9492 pts)
        dH/dl (vdw-lambda) (9492 pts)
        delta H to (0, 0.75) (9492 pts)
        delta H to (0, 0.8) (9492 pts)
        delta H to (0, 0.85) (9492 pts)


lambda_12/bar.xvg: 0.0 - 947.3; lambda = (0, 0.85)
    dH/dl & foreign lambdas:
        dH/dl (coul-lambda) (9474 pts)
        dH/dl (vdw-lambda) (9474 pts)
        delta H to (0, 0.8) (9474 pts)
        delta H to (0, 0.85) (9474 pts)
        delta H to (0, 0.9) (9474 pts)


lambda_13/bar.xvg: 0.0 - 959.4; lambda = (0, 0.9)
    dH/dl & foreign lambdas:
        dH/dl (coul-lambda) (9595 pts)
        dH/dl (vdw-lambda) (9595 pts)
        delta H to (0, 0.85) (9595 pts)
        delta H to (0, 0.9) (9595 pts)
        delta H to (0, 0.95) (9595 pts)


lambda_14/bar.xvg: 0.0 - 959.2; lambda = (0, 0.95)
    dH/dl & foreign lambdas:
        dH/dl (coul-lambda) (9593 pts)
        dH/dl (vdw-lambda) (9593 pts)
        delta H to (0, 0.9) (9593 pts)
        delta H to (0, 0.95) (9593 pts)
        delta H to (0, 1) (9593 pts)


lambda_15/bar.xvg: 0.0 - 958.1; lambda = (0, 1)
    dH/dl & foreign lambdas:
        dH/dl (coul-lambda) (9582 pts)
        dH/dl (vdw-lambda) (9582 pts)
        delta H to (0, 0.95) (9582 pts)
        delta H to (0, 1) (9582 pts)
        delta H to (0.2, 1) (9582 pts)


lambda_16/bar.xvg: 0.0 - 949.8; lambda = (0.2, 1)
    dH/dl & foreign lambdas:
        dH/dl (coul-lambda) (9499 pts)
        dH/dl (vdw-lambda) (9499 pts)
        delta H to (0, 1) (9499 pts)
        delta H to (0.2, 1) (9499 pts)
        delta H to (0.4, 1) (9499 pts)


lambda_17/bar.xvg: 0.0 - 953.8; lambda = (0.4, 1)
    dH/dl & foreign lambdas:
        dH/dl (coul-lambda) (9539 pts)
        dH/dl (vdw-lambda) (9539 pts)
        delta H to (0.2, 1) (9539 pts)
        delta H to (0.4, 1) (9539 pts)
        delta H to (0.5, 1) (9539 pts)


lambda_18/bar.xvg: 0.0 - 955.7; lambda = (0.5, 1)
    dH/dl & foreign lambdas:
        dH/dl (coul-lambda) (9558 pts)
        dH/dl (vdw-lambda) (9558 pts)
        delta H to (0.4, 1) (9558 pts)
        delta H to (0.5, 1) (9558 pts)
        delta H to (0.6, 1) (9558 pts)


lambda_19/bar.xvg: 0.0 - 957.8; lambda = (0.6, 1)
    dH/dl & foreign lambdas:
        dH/dl (coul-lambda) (9579 pts)
        dH/dl (vdw-lambda) (9579 pts)
        delta H to (0.5, 1) (9579 pts)
        delta H to (0.6, 1) (9579 pts)
        delta H to (0.7, 1) (9579 pts)


lambda_20/bar.xvg: 0.0 - 946.7; lambda = (0.7, 1)
    dH/dl & foreign lambdas:
        dH/dl (coul-lambda) (9468 pts)
        dH/dl (vdw-lambda) (9468 pts)
        delta H to (0.6, 1) (9468 pts)
        delta H to (0.7, 1) (9468 pts)
        delta H to (0.8, 1) (9468 pts)


lambda_21/bar.xvg: 0.0 - 949.0; lambda = (0.8, 1)
    dH/dl & foreign lambdas:
        dH/dl (coul-lambda) (9491 pts)
        dH/dl (vdw-lambda) (9491 pts)
        delta H to (0.7, 1) (9491 pts)
        delta H to (0.8, 1) (9491 pts)
        delta H to (0.9, 1) (9491 pts)


lambda_22/bar.xvg: 0.0 - 950.7; lambda = (0.9, 1)
    dH/dl & foreign lambdas:
        dH/dl (coul-lambda) (9508 pts)
        dH/dl (vdw-lambda) (9508 pts)
        delta H to (0.8, 1) (9508 pts)
        delta H to (0.9, 1) (9508 pts)
        delta H to (1, 1) (9508 pts)


lambda_23/bar.xvg: 0.0 - 948.5; lambda = (1, 1)
    dH/dl & foreign lambdas:
        dH/dl (coul-lambda) (9486 pts)
        dH/dl (vdw-lambda) (9486 pts)
        delta H to (0.9, 1) (9486 pts)
        delta H to (1, 1) (9486 pts)



   Samples in time interval: 0.000 - 959.400
Removing samples outside of: 100.000 - 959.400

Temperature: 300 K

Detailed results in kT (see help for explanation):

 lam_A  lam_B      DG   +/-     s_A   +/-     s_B   +/-   stdev   +/- 
     0      1   -7.28  0.01    0.04  0.01    0.04  0.01    0.25  0.00
     1      2   -5.77  0.01    0.02  0.01    0.02  0.01    0.25  0.00
     2      3   -2.93  0.01    0.07  0.01    0.07  0.01    0.38  0.00
     3      4    2.05  0.02    0.41  0.01    0.45  0.01    0.90  0.01
     4      5    8.89  0.02    2.56  0.03    2.95  0.07    2.79  0.02
     5      6    5.04  0.10    2.60  0.06    2.22  0.07    2.53  0.03
     6      7    3.18  0.05    2.49  0.13    1.67  0.06    2.21  0.05
     7      8    2.02  0.01    1.70  0.05    1.19  0.02    1.77  0.02
     8      9    1.31  0.02    1.39  0.03    0.98  0.02    1.56  0.01
     9     10    0.80  0.01    1.15  0.04    0.81  0.02    1.41  0.02
    10     11    0.40  0.01    1.00  0.02    0.70  0.01    1.29  0.01
    11     12    0.11  0.01    0.85  0.01    0.60  0.01    1.19  0.01
    12     13   -0.13  0.01    0.76  0.02    0.54  0.01    1.11  0.01
    13     14   -0.30  0.01    0.64  0.01    0.45  0.01    1.03  0.00
    14     15   -0.41  0.01    0.60  0.01    0.43  0.01    0.99  0.01
    15     16   -0.54  0.02    0.52  0.02    0.55  0.01    1.06  0.01
    16     17   -1.81  0.02    0.72  0.02    0.82  0.03    1.25  0.01
    17     18   -1.53  0.01    0.22  0.02    0.23  0.02    0.69  0.01
    18     19   -2.04  0.01    0.28  0.01    0.30  0.01    0.77  0.01
    19     20   -2.67  0.02    0.33  0.01    0.34  0.01    0.81  0.01
    20     21   -3.37  0.02    0.36  0.02    0.37  0.02    0.85  0.01
    21     22   -4.16  0.01    0.41  0.02    0.42  0.02    0.91  0.01
    22     23   -4.98  0.03    0.40  0.02    0.41  0.02    0.93  0.01


Final results in kJ/mol:

point      0 -      1,   DG -18.16 +/-  0.02
point      1 -      2,   DG -14.40 +/-  0.02
point      2 -      3,   DG -7.30 +/-  0.02
point      3 -      4,   DG  5.11 +/-  0.05
point      4 -      5,   DG 22.18 +/-  0.06
point      5 -      6,   DG 12.58 +/-  0.25
point      6 -      7,   DG  7.93 +/-  0.13
point      7 -      8,   DG  5.03 +/-  0.03
point      8 -      9,   DG  3.26 +/-  0.06
point      9 -     10,   DG  1.99 +/-  0.03
point     10 -     11,   DG  1.01 +/-  0.03
point     11 -     12,   DG  0.27 +/-  0.03
point     12 -     13,   DG -0.32 +/-  0.03
point     13 -     14,   DG -0.74 +/-  0.02
point     14 -     15,   DG -1.02 +/-  0.03
point     15 -     16,   DG -1.34 +/-  0.04
point     16 -     17,   DG -4.52 +/-  0.04
point     17 -     18,   DG -3.82 +/-  0.02
point     18 -     19,   DG -5.10 +/-  0.03
point     19 -     20,   DG -6.66 +/-  0.05
point     20 -     21,   DG -8.41 +/-  0.04
point     21 -     22,   DG -10.37 +/-  0.03
point     22 -     23,   DG -12.42 +/-  0.06

total      0 -     23,   DG -35.21 +/-  0.51

