lambda_00/bar.xvg: 0.0 - 953.0; lambda = (0, 0)
    dH/dl & foreign lambdas:
        dH/dl (coul-lambda) (9531 pts)
        dH/dl (vdw-lambda) (9531 pts)
        delta H to (0, 0) (9531 pts)
        delta H to (0, 0.1) (9531 pts)


lambda_01/bar.xvg: 0.0 - 944.6; lambda = (0, 0.1)
    dH/dl & foreign lambdas:
        dH/dl (coul-lambda) (9447 pts)
        dH/dl (vdw-lambda) (9447 pts)
        delta H to (0, 0) (9447 pts)
        delta H to (0, 0.1) (9447 pts)
        delta H to (0, 0.2) (9447 pts)


lambda_02/bar.xvg: 0.0 - 944.3; lambda = (0, 0.2)
    dH/dl & foreign lambdas:
        dH/dl (coul-lambda) (9444 pts)
        dH/dl (vdw-lambda) (9444 pts)
        delta H to (0, 0.1) (9444 pts)
        delta H to (0, 0.2) (9444 pts)
        delta H to (0, 0.3) (9444 pts)


lambda_03/bar.xvg: 0.0 - 946.3; lambda = (0, 0.3)
    dH/dl & foreign lambdas:
        dH/dl (coul-lambda) (9464 pts)
        dH/dl (vdw-lambda) (9464 pts)
        delta H to (0, 0.2) (9464 pts)
        delta H to (0, 0.3) (9464 pts)
        delta H to (0, 0.4) (9464 pts)


lambda_04/bar.xvg: 0.0 - 945.5; lambda = (0, 0.4)
    dH/dl & foreign lambdas:
        dH/dl (coul-lambda) (9456 pts)
        dH/dl (vdw-lambda) (9456 pts)
        delta H to (0, 0.3) (9456 pts)
        delta H to (0, 0.4) (9456 pts)
        delta H to (0, 0.5) (9456 pts)


lambda_05/bar.xvg: 0.0 - 946.1; lambda = (0, 0.5)
    dH/dl & foreign lambdas:
        dH/dl (coul-lambda) (9462 pts)
        dH/dl (vdw-lambda) (9462 pts)
        delta H to (0, 0.4) (9462 pts)
        delta H to (0, 0.5) (9462 pts)
        delta H to (0, 0.55) (9462 pts)


lambda_06/bar.xvg: 0.0 - 945.0; lambda = (0, 0.55)
    dH/dl & foreign lambdas:
        dH/dl (coul-lambda) (9451 pts)
        dH/dl (vdw-lambda) (9451 pts)
        delta H to (0, 0.5) (9451 pts)
        delta H to (0, 0.55) (9451 pts)
        delta H to (0, 0.6) (9451 pts)


lambda_07/bar.xvg: 0.0 - 956.6; lambda = (0, 0.6)
    dH/dl & foreign lambdas:
        dH/dl (coul-lambda) (9567 pts)
        dH/dl (vdw-lambda) (9567 pts)
        delta H to (0, 0.55) (9567 pts)
        delta H to (0, 0.6) (9567 pts)
        delta H to (0, 0.65) (9567 pts)


lambda_08/bar.xvg: 0.0 - 954.6; lambda = (0, 0.65)
    dH/dl & foreign lambdas:
        dH/dl (coul-lambda) (9547 pts)
        dH/dl (vdw-lambda) (9547 pts)
        delta H to (0, 0.6) (9547 pts)
        delta H to (0, 0.65) (9547 pts)
        delta H to (0, 0.7) (9547 pts)


lambda_09/bar.xvg: 0.0 - 952.1; lambda = (0, 0.7)
    dH/dl & foreign lambdas:
        dH/dl (coul-lambda) (9522 pts)
        dH/dl (vdw-lambda) (9522 pts)
        delta H to (0, 0.65) (9522 pts)
        delta H to (0, 0.7) (9522 pts)
        delta H to (0, 0.75) (9522 pts)


lambda_10/bar.xvg: 0.0 - 950.2; lambda = (0, 0.75)
    dH/dl & foreign lambdas:
        dH/dl (coul-lambda) (9503 pts)
        dH/dl (vdw-lambda) (9503 pts)
        delta H to (0, 0.7) (9503 pts)
        delta H to (0, 0.75) (9503 pts)
        delta H to (0, 0.8) (9503 pts)


lambda_11/bar.xvg: 0.0 - 948.1; lambda = (0, 0.8)
    dH/dl & foreign lambdas:
        dH/dl (coul-lambda) (9482 pts)
        dH/dl (vdw-lambda) (9482 pts)
        delta H to (0, 0.75) (9482 pts)
        delta H to (0, 0.8) (9482 pts)
        delta H to (0, 0.85) (9482 pts)


lambda_12/bar.xvg: 0.0 - 946.5; lambda = (0, 0.85)
    dH/dl & foreign lambdas:
        dH/dl (coul-lambda) (9466 pts)
        dH/dl (vdw-lambda) (9466 pts)
        delta H to (0, 0.8) (9466 pts)
        delta H to (0, 0.85) (9466 pts)
        delta H to (0, 0.9) (9466 pts)


lambda_13/bar.xvg: 0.0 - 945.7; lambda = (0, 0.9)
    dH/dl & foreign lambdas:
        dH/dl (coul-lambda) (9458 pts)
        dH/dl (vdw-lambda) (9458 pts)
        delta H to (0, 0.85) (9458 pts)
        delta H to (0, 0.9) (9458 pts)
        delta H to (0, 0.95) (9458 pts)


lambda_14/bar.xvg: 0.0 - 945.2; lambda = (0, 0.95)
    dH/dl & foreign lambdas:
        dH/dl (coul-lambda) (9453 pts)
        dH/dl (vdw-lambda) (9453 pts)
        delta H to (0, 0.9) (9453 pts)
        delta H to (0, 0.95) (9453 pts)
        delta H to (0, 1) (9453 pts)


lambda_15/bar.xvg: 0.0 - 944.9; lambda = (0, 1)
    dH/dl & foreign lambdas:
        dH/dl (coul-lambda) (9450 pts)
        dH/dl (vdw-lambda) (9450 pts)
        delta H to (0, 0.95) (9450 pts)
        delta H to (0, 1) (9450 pts)
        delta H to (0.2, 1) (9450 pts)


lambda_16/bar.xvg: 0.0 - 949.9; lambda = (0.2, 1)
    dH/dl & foreign lambdas:
        dH/dl (coul-lambda) (9500 pts)
        dH/dl (vdw-lambda) (9500 pts)
        delta H to (0, 1) (9500 pts)
        delta H to (0.2, 1) (9500 pts)
        delta H to (0.4, 1) (9500 pts)


lambda_17/bar.xvg: 0.0 - 953.9; lambda = (0.4, 1)
    dH/dl & foreign lambdas:
        dH/dl (coul-lambda) (9540 pts)
        dH/dl (vdw-lambda) (9540 pts)
        delta H to (0.2, 1) (9540 pts)
        delta H to (0.4, 1) (9540 pts)
        delta H to (0.5, 1) (9540 pts)


lambda_18/bar.xvg: 0.0 - 956.0; lambda = (0.5, 1)
    dH/dl & foreign lambdas:
        dH/dl (coul-lambda) (9561 pts)
        dH/dl (vdw-lambda) (9561 pts)
        delta H to (0.4, 1) (9561 pts)
        delta H to (0.5, 1) (9561 pts)
        delta H to (0.6, 1) (9561 pts)


lambda_19/bar.xvg: 0.0 - 944.8; lambda = (0.6, 1)
    dH/dl & foreign lambdas:
        dH/dl (coul-lambda) (9449 pts)
        dH/dl (vdw-lambda) (9449 pts)
        delta H to (0.5, 1) (9449 pts)
        delta H to (0.6, 1) (9449 pts)
        delta H to (0.7, 1) (9449 pts)


lambda_20/bar.xvg: 0.0 - 946.9; lambda = (0.7, 1)
    dH/dl & foreign lambdas:
        dH/dl (coul-lambda) (9470 pts)
        dH/dl (vdw-lambda) (9470 pts)
        delta H to (0.6, 1) (9470 pts)
        delta H to (0.7, 1) (9470 pts)
        delta H to (0.8, 1) (9470 pts)


lambda_21/bar.xvg: 0.0 - 949.1; lambda = (0.8, 1)
    dH/dl & foreign lambdas:
        dH/dl (coul-lambda) (9492 pts)
        dH/dl (vdw-lambda) (9492 pts)
        delta H to (0.7, 1) (9492 pts)
        delta H to (0.8, 1) (9492 pts)
        delta H to (0.9, 1) (9492 pts)


lambda_22/bar.xvg: 0.0 - 950.8; lambda = (0.9, 1)
    dH/dl & foreign lambdas:
        dH/dl (coul-lambda) (9509 pts)
        dH/dl (vdw-lambda) (9509 pts)
        delta H to (0.8, 1) (9509 pts)
        delta H to (0.9, 1) (9509 pts)
        delta H to (1, 1) (9509 pts)


lambda_23/bar.xvg: 0.0 - 948.5; lambda = (1, 1)
    dH/dl & foreign lambdas:
        dH/dl (coul-lambda) (9486 pts)
        dH/dl (vdw-lambda) (9486 pts)
        delta H to (0.9, 1) (9486 pts)
        delta H to (1, 1) (9486 pts)



   Samples in time interval: 0.000 - 956.600
Removing samples outside of: 100.000 - 956.600

Temperature: 300 K

Detailed results in kT (see help for explanation):

 lam_A  lam_B      DG   +/-     s_A   +/-     s_B   +/-   stdev   +/- 
     0      1   -6.42  0.01    0.02  0.00    0.02  0.00    0.22  0.00
     1      2   -5.08  0.01    0.03  0.00    0.03  0.00    0.22  0.00
     2      3   -2.57  0.01    0.08  0.00    0.08  0.00    0.37  0.00
     3      4    1.81  0.03    0.31  0.02    0.34  0.02    0.84  0.01
     4      5    7.90  0.06    2.33  0.08    2.81  0.16    2.60  0.08
     5      6    4.45  0.09    2.15  0.08    1.78  0.12    2.25  0.06
     6      7    2.96  0.07    2.31  0.03    1.55  0.03    2.07  0.01
     7      8    1.86  0.04    1.55  0.05    1.07  0.04    1.67  0.04
     8      9    1.23  0.03    1.25  0.04    0.88  0.03    1.47  0.02
     9     10    0.77  0.02    1.04  0.06    0.73  0.04    1.33  0.02
    10     11    0.42  0.03    0.91  0.02    0.63  0.03    1.24  0.02
    11     12    0.13  0.02    0.79  0.01    0.55  0.01    1.12  0.01
    12     13   -0.08  0.01    0.66  0.02    0.46  0.02    1.04  0.01
    13     14   -0.23  0.02    0.60  0.01    0.42  0.01    0.99  0.00
    14     15   -0.34  0.01    0.53  0.01    0.38  0.00    0.94  0.01
    15     16   -0.48  0.01    0.53  0.01    0.55  0.01    1.05  0.01
    16     17   -1.73  0.01    0.69  0.02    0.78  0.02    1.22  0.01
    17     18   -1.49  0.01    0.24  0.01    0.25  0.01    0.69  0.01
    18     19   -1.99  0.01    0.25  0.01    0.27  0.01    0.75  0.01
    19     20   -2.58  0.02    0.32  0.02    0.33  0.02    0.80  0.01
    20     21   -3.23  0.02    0.32  0.01    0.33  0.01    0.82  0.01
    21     22   -3.95  0.01    0.40  0.02    0.41  0.02    0.87  0.01
    22     23   -4.72  0.02    0.35  0.02    0.36  0.02    0.88  0.01


Final results in kJ/mol:

point      0 -      1,   DG -16.01 +/-  0.02
point      1 -      2,   DG -12.67 +/-  0.01
point      2 -      3,   DG -6.42 +/-  0.03
point      3 -      4,   DG  4.50 +/-  0.07
point      4 -      5,   DG 19.70 +/-  0.15
point      5 -      6,   DG 11.10 +/-  0.23
point      6 -      7,   DG  7.39 +/-  0.17
point      7 -      8,   DG  4.64 +/-  0.11
point      8 -      9,   DG  3.06 +/-  0.06
point      9 -     10,   DG  1.92 +/-  0.05
point     10 -     11,   DG  1.04 +/-  0.08
point     11 -     12,   DG  0.31 +/-  0.05
point     12 -     13,   DG -0.19 +/-  0.02
point     13 -     14,   DG -0.57 +/-  0.04
point     14 -     15,   DG -0.84 +/-  0.02
point     15 -     16,   DG -1.21 +/-  0.01
point     16 -     17,   DG -4.31 +/-  0.03
point     17 -     18,   DG -3.71 +/-  0.02
point     18 -     19,   DG -4.97 +/-  0.04
point     19 -     20,   DG -6.43 +/-  0.04
point     20 -     21,   DG -8.05 +/-  0.06
point     21 -     22,   DG -9.86 +/-  0.03
point     22 -     23,   DG -11.76 +/-  0.05

total      0 -     23,   DG -33.33 +/-  0.41

