lambda_00/bar.xvg: 0.0 - 285.4; lambda = (0, 0)
    dH/dl & foreign lambdas:
        dH/dl (coul-lambda) (2855 pts)
        dH/dl (vdw-lambda) (2855 pts)
        delta H to (0, 0) (2855 pts)
        delta H to (0, 0.1) (2855 pts)


lambda_01/bar.xvg: 0.0 - 291.9; lambda = (0, 0.1)
    dH/dl & foreign lambdas:
        dH/dl (coul-lambda) (2920 pts)
        dH/dl (vdw-lambda) (2920 pts)
        delta H to (0, 0) (2920 pts)
        delta H to (0, 0.1) (2920 pts)
        delta H to (0, 0.2) (2920 pts)


lambda_02/bar.xvg: 0.0 - 292.0; lambda = (0, 0.2)
    dH/dl & foreign lambdas:
        dH/dl (coul-lambda) (2921 pts)
        dH/dl (vdw-lambda) (2921 pts)
        delta H to (0, 0.1) (2921 pts)
        delta H to (0, 0.2) (2921 pts)
        delta H to (0, 0.3) (2921 pts)


lambda_03/bar.xvg: 0.0 - 295.9; lambda = (0, 0.3)
    dH/dl & foreign lambdas:
        dH/dl (coul-lambda) (2960 pts)
        dH/dl (vdw-lambda) (2960 pts)
        delta H to (0, 0.2) (2960 pts)
        delta H to (0, 0.3) (2960 pts)
        delta H to (0, 0.4) (2960 pts)


lambda_04/bar.xvg: 0.0 - 295.8; lambda = (0, 0.4)
    dH/dl & foreign lambdas:
        dH/dl (coul-lambda) (2959 pts)
        dH/dl (vdw-lambda) (2959 pts)
        delta H to (0, 0.3) (2959 pts)
        delta H to (0, 0.4) (2959 pts)
        delta H to (0, 0.5) (2959 pts)


lambda_05/bar.xvg: 0.0 - 296.1; lambda = (0, 0.5)
    dH/dl & foreign lambdas:
        dH/dl (coul-lambda) (2962 pts)
        dH/dl (vdw-lambda) (2962 pts)
        delta H to (0, 0.4) (2962 pts)
        delta H to (0, 0.5) (2962 pts)
        delta H to (0, 0.55) (2962 pts)


lambda_06/bar.xvg: 0.0 - 294.6; lambda = (0, 0.55)
    dH/dl & foreign lambdas:
        dH/dl (coul-lambda) (2947 pts)
        dH/dl (vdw-lambda) (2947 pts)
        delta H to (0, 0.5) (2947 pts)
        delta H to (0, 0.55) (2947 pts)
        delta H to (0, 0.6) (2947 pts)


lambda_07/bar.xvg: 0.0 - 293.3; lambda = (0, 0.6)
    dH/dl & foreign lambdas:
        dH/dl (coul-lambda) (2934 pts)
        dH/dl (vdw-lambda) (2934 pts)
        delta H to (0, 0.55) (2934 pts)
        delta H to (0, 0.6) (2934 pts)
        delta H to (0, 0.65) (2934 pts)


lambda_08/bar.xvg: 0.0 - 292.3; lambda = (0, 0.65)
    dH/dl & foreign lambdas:
        dH/dl (coul-lambda) (2924 pts)
        dH/dl (vdw-lambda) (2924 pts)
        delta H to (0, 0.6) (2924 pts)
        delta H to (0, 0.65) (2924 pts)
        delta H to (0, 0.7) (2924 pts)


lambda_09/bar.xvg: 0.0 - 291.3; lambda = (0, 0.7)
    dH/dl & foreign lambdas:
        dH/dl (coul-lambda) (2914 pts)
        dH/dl (vdw-lambda) (2914 pts)
        delta H to (0, 0.65) (2914 pts)
        delta H to (0, 0.7) (2914 pts)
        delta H to (0, 0.75) (2914 pts)


lambda_10/bar.xvg: 0.0 - 290.8; lambda = (0, 0.75)
    dH/dl & foreign lambdas:
        dH/dl (coul-lambda) (2909 pts)
        dH/dl (vdw-lambda) (2909 pts)
        delta H to (0, 0.7) (2909 pts)
        delta H to (0, 0.75) (2909 pts)
        delta H to (0, 0.8) (2909 pts)


lambda_11/bar.xvg: 0.0 - 290.4; lambda = (0, 0.8)
    dH/dl & foreign lambdas:
        dH/dl (coul-lambda) (2905 pts)
        dH/dl (vdw-lambda) (2905 pts)
        delta H to (0, 0.75) (2905 pts)
        delta H to (0, 0.8) (2905 pts)
        delta H to (0, 0.85) (2905 pts)


lambda_12/bar.xvg: 0.0 - 290.2; lambda = (0, 0.85)
    dH/dl & foreign lambdas:
        dH/dl (coul-lambda) (2903 pts)
        dH/dl (vdw-lambda) (2903 pts)
        delta H to (0, 0.8) (2903 pts)
        delta H to (0, 0.85) (2903 pts)
        delta H to (0, 0.9) (2903 pts)


lambda_13/bar.xvg: 0.0 - 289.8; lambda = (0, 0.9)
    dH/dl & foreign lambdas:
        dH/dl (coul-lambda) (2899 pts)
        dH/dl (vdw-lambda) (2899 pts)
        delta H to (0, 0.85) (2899 pts)
        delta H to (0, 0.9) (2899 pts)
        delta H to (0, 0.95) (2899 pts)


lambda_14/bar.xvg: 0.0 - 289.5; lambda = (0, 0.95)
    dH/dl & foreign lambdas:
        dH/dl (coul-lambda) (2896 pts)
        dH/dl (vdw-lambda) (2896 pts)
        delta H to (0, 0.9) (2896 pts)
        delta H to (0, 0.95) (2896 pts)
        delta H to (0, 1) (2896 pts)


lambda_15/bar.xvg: 0.0 - 290.1; lambda = (0, 1)
    dH/dl & foreign lambdas:
        dH/dl (coul-lambda) (2902 pts)
        dH/dl (vdw-lambda) (2902 pts)
        delta H to (0, 0.95) (2902 pts)
        delta H to (0, 1) (2902 pts)
        delta H to (0.2, 1) (2902 pts)


lambda_16/bar.xvg: 0.0 - 289.6; lambda = (0.2, 1)
    dH/dl & foreign lambdas:
        dH/dl (coul-lambda) (2897 pts)
        dH/dl (vdw-lambda) (2897 pts)
        delta H to (0, 1) (2897 pts)
        delta H to (0.2, 1) (2897 pts)
        delta H to (0.4, 1) (2897 pts)


lambda_17/bar.xvg: 0.0 - 290.9; lambda = (0.4, 1)
    dH/dl & foreign lambdas:
        dH/dl (coul-lambda) (2910 pts)
        dH/dl (vdw-lambda) (2910 pts)
        delta H to (0.2, 1) (2910 pts)
        delta H to (0.4, 1) (2910 pts)
        delta H to (0.5, 1) (2910 pts)


lambda_18/bar.xvg: 0.0 - 291.7; lambda = (0.5, 1)
    dH/dl & foreign lambdas:
        dH/dl (coul-lambda) (2918 pts)
        dH/dl (vdw-lambda) (2918 pts)
        delta H to (0.4, 1) (2918 pts)
        delta H to (0.5, 1) (2918 pts)
        delta H to (0.6, 1) (2918 pts)


lambda_19/bar.xvg: 0.0 - 292.3; lambda = (0.6, 1)
    dH/dl & foreign lambdas:
        dH/dl (coul-lambda) (2924 pts)
        dH/dl (vdw-lambda) (2924 pts)
        delta H to (0.5, 1) (2924 pts)
        delta H to (0.6, 1) (2924 pts)
        delta H to (0.7, 1) (2924 pts)


lambda_20/bar.xvg: 0.0 - 293.0; lambda = (0.7, 1)
    dH/dl & foreign lambdas:
        dH/dl (coul-lambda) (2931 pts)
        dH/dl (vdw-lambda) (2931 pts)
        delta H to (0.6, 1) (2931 pts)
        delta H to (0.7, 1) (2931 pts)
        delta H to (0.8, 1) (2931 pts)


lambda_21/bar.xvg: 0.0 - 293.5; lambda = (0.8, 1)
    dH/dl & foreign lambdas:
        dH/dl (coul-lambda) (2936 pts)
        dH/dl (vdw-lambda) (2936 pts)
        delta H to (0.7, 1) (2936 pts)
        delta H to (0.8, 1) (2936 pts)
        delta H to (0.9, 1) (2936 pts)


lambda_22/bar.xvg: 0.0 - 294.0; lambda = (0.9, 1)
    dH/dl & foreign lambdas:
        dH/dl (coul-lambda) (2941 pts)
        dH/dl (vdw-lambda) (2941 pts)
        delta H to (0.8, 1) (2941 pts)
        delta H to (0.9, 1) (2941 pts)
        delta H to (1, 1) (2941 pts)


lambda_23/bar.xvg: 0.0 - 293.7; lambda = (1, 1)
    dH/dl & foreign lambdas:
        dH/dl (coul-lambda) (2938 pts)
        dH/dl (vdw-lambda) (2938 pts)
        delta H to (0.9, 1) (2938 pts)
        delta H to (1, 1) (2938 pts)



   Samples in time interval: 0.000 - 296.100
Removing samples outside of: 100.000 - 296.100

Temperature: 300 K

Detailed results in kT (see help for explanation):

 lam_A  lam_B      DG   +/-     s_A   +/-     s_B   +/-   stdev   +/- 
     0      1   -2.41  0.01    0.02  0.01    0.02  0.01    0.13  0.00
     1      2   -1.90  0.00   -0.00  0.01   -0.00  0.01    0.14  0.00
     2      3   -0.97  0.01    0.04  0.01    0.04  0.01    0.24  0.01
     3      4    0.62  0.02    0.16  0.02    0.17  0.02    0.54  0.02
     4      5    2.62  0.08    1.03  0.07    1.10  0.05    1.51  0.02
     5      6    1.49  0.03    0.65  0.08    0.55  0.06    1.13  0.04
     6      7    1.17  0.03    0.73  0.09    0.54  0.07    1.14  0.03
     7      8    0.82  0.06    0.62  0.06    0.42  0.03    1.02  0.06
     8      9    0.55  0.03    0.55  0.04    0.36  0.03    0.92  0.03
     9     10    0.35  0.02    0.43  0.04    0.29  0.03    0.83  0.02
    10     11    0.20  0.02    0.38  0.03    0.27  0.02    0.77  0.01
    11     12    0.07  0.02    0.31  0.03    0.22  0.02    0.71  0.02
    12     13    0.00  0.01    0.25  0.01    0.18  0.01    0.66  0.01
    13     14   -0.03  0.02    0.25  0.02    0.18  0.01    0.64  0.01
    14     15   -0.08  0.01    0.22  0.01    0.16  0.01    0.61  0.01
    15     16   -0.53  0.03    0.46  0.03    0.50  0.03    0.98  0.02
    16     17   -1.62  0.02    0.59  0.03    0.65  0.03    1.12  0.00
    17     18   -1.29  0.02    0.15  0.02    0.16  0.02    0.59  0.01
    18     19   -1.65  0.02    0.21  0.03    0.22  0.03    0.65  0.01
    19     20   -2.10  0.02    0.23  0.01    0.24  0.01    0.70  0.01
    20     21   -2.64  0.04    0.30  0.03    0.30  0.03    0.74  0.02
    21     22   -3.22  0.06    0.27  0.02    0.28  0.02    0.77  0.01
    22     23   -3.86  0.03    0.35  0.04    0.36  0.03    0.82  0.02


Final results in kJ/mol:

point      0 -      1,   DG -6.02 +/-  0.02
point      1 -      2,   DG -4.75 +/-  0.01
point      2 -      3,   DG -2.41 +/-  0.03
point      3 -      4,   DG  1.54 +/-  0.06
point      4 -      5,   DG  6.53 +/-  0.20
point      5 -      6,   DG  3.71 +/-  0.07
point      6 -      7,   DG  2.91 +/-  0.07
point      7 -      8,   DG  2.04 +/-  0.14
point      8 -      9,   DG  1.38 +/-  0.06
point      9 -     10,   DG  0.88 +/-  0.05
point     10 -     11,   DG  0.50 +/-  0.06
point     11 -     12,   DG  0.18 +/-  0.06
point     12 -     13,   DG  0.01 +/-  0.04
point     13 -     14,   DG -0.08 +/-  0.04
point     14 -     15,   DG -0.20 +/-  0.03
point     15 -     16,   DG -1.33 +/-  0.07
point     16 -     17,   DG -4.05 +/-  0.06
point     17 -     18,   DG -3.21 +/-  0.06
point     18 -     19,   DG -4.12 +/-  0.04
point     19 -     20,   DG -5.25 +/-  0.06
point     20 -     21,   DG -6.59 +/-  0.10
point     21 -     22,   DG -8.03 +/-  0.15
point     22 -     23,   DG -9.62 +/-  0.07

total      0 -     23,   DG -36.00 +/-  0.63

