lambda_00/bar.xvg: 0.0 - 984.6; lambda = (0, 0)
    dH/dl & foreign lambdas:
        dH/dl (coul-lambda) (9847 pts)
        dH/dl (vdw-lambda) (9847 pts)
        delta H to (0, 0) (9847 pts)
        delta H to (0, 0.1) (9847 pts)


lambda_01/bar.xvg: 0.0 - 984.3; lambda = (0, 0.1)
    dH/dl & foreign lambdas:
        dH/dl (coul-lambda) (9844 pts)
        dH/dl (vdw-lambda) (9844 pts)
        delta H to (0, 0) (9844 pts)
        delta H to (0, 0.1) (9844 pts)
        delta H to (0, 0.2) (9844 pts)


lambda_02/bar.xvg: 0.0 - 984.3; lambda = (0, 0.2)
    dH/dl & foreign lambdas:
        dH/dl (coul-lambda) (9844 pts)
        dH/dl (vdw-lambda) (9844 pts)
        delta H to (0, 0.1) (9844 pts)
        delta H to (0, 0.2) (9844 pts)
        delta H to (0, 0.3) (9844 pts)


lambda_03/bar.xvg: 0.0 - 987.1; lambda = (0, 0.3)
    dH/dl & foreign lambdas:
        dH/dl (coul-lambda) (9872 pts)
        dH/dl (vdw-lambda) (9872 pts)
        delta H to (0, 0.2) (9872 pts)
        delta H to (0, 0.3) (9872 pts)
        delta H to (0, 0.4) (9872 pts)


lambda_04/bar.xvg: 0.0 - 986.1; lambda = (0, 0.4)
    dH/dl & foreign lambdas:
        dH/dl (coul-lambda) (9862 pts)
        dH/dl (vdw-lambda) (9862 pts)
        delta H to (0, 0.3) (9862 pts)
        delta H to (0, 0.4) (9862 pts)
        delta H to (0, 0.5) (9862 pts)


lambda_05/bar.xvg: 0.0 - 986.5; lambda = (0, 0.5)
    dH/dl & foreign lambdas:
        dH/dl (coul-lambda) (9866 pts)
        dH/dl (vdw-lambda) (9866 pts)
        delta H to (0, 0.4) (9866 pts)
        delta H to (0, 0.5) (9866 pts)
        delta H to (0, 0.55) (9866 pts)


lambda_06/bar.xvg: 0.0 - 985.4; lambda = (0, 0.55)
    dH/dl & foreign lambdas:
        dH/dl (coul-lambda) (9855 pts)
        dH/dl (vdw-lambda) (9855 pts)
        delta H to (0, 0.5) (9855 pts)
        delta H to (0, 0.55) (9855 pts)
        delta H to (0, 0.6) (9855 pts)


lambda_07/bar.xvg: 0.0 - 983.6; lambda = (0, 0.6)
    dH/dl & foreign lambdas:
        dH/dl (coul-lambda) (9837 pts)
        dH/dl (vdw-lambda) (9837 pts)
        delta H to (0, 0.55) (9837 pts)
        delta H to (0, 0.6) (9837 pts)
        delta H to (0, 0.65) (9837 pts)


lambda_08/bar.xvg: 0.0 - 981.4; lambda = (0, 0.65)
    dH/dl & foreign lambdas:
        dH/dl (coul-lambda) (9815 pts)
        dH/dl (vdw-lambda) (9815 pts)
        delta H to (0, 0.6) (9815 pts)
        delta H to (0, 0.65) (9815 pts)
        delta H to (0, 0.7) (9815 pts)


lambda_09/bar.xvg: 0.0 - 979.0; lambda = (0, 0.7)
    dH/dl & foreign lambdas:
        dH/dl (coul-lambda) (9791 pts)
        dH/dl (vdw-lambda) (9791 pts)
        delta H to (0, 0.65) (9791 pts)
        delta H to (0, 0.7) (9791 pts)
        delta H to (0, 0.75) (9791 pts)


lambda_10/bar.xvg: 0.0 - 990.1; lambda = (0, 0.75)
    dH/dl & foreign lambdas:
        dH/dl (coul-lambda) (9902 pts)
        dH/dl (vdw-lambda) (9902 pts)
        delta H to (0, 0.7) (9902 pts)
        delta H to (0, 0.75) (9902 pts)
        delta H to (0, 0.8) (9902 pts)


lambda_11/bar.xvg: 0.0 - 988.1; lambda = (0, 0.8)
    dH/dl & foreign lambdas:
        dH/dl (coul-lambda) (9882 pts)
        dH/dl (vdw-lambda) (9882 pts)
        delta H to (0, 0.75) (9882 pts)
        delta H to (0, 0.8) (9882 pts)
        delta H to (0, 0.85) (9882 pts)


lambda_12/bar.xvg: 0.0 - 986.9; lambda = (0, 0.85)
    dH/dl & foreign lambdas:
        dH/dl (coul-lambda) (9870 pts)
        dH/dl (vdw-lambda) (9870 pts)
        delta H to (0, 0.8) (9870 pts)
        delta H to (0, 0.85) (9870 pts)
        delta H to (0, 0.9) (9870 pts)


lambda_13/bar.xvg: 0.0 - 985.7; lambda = (0, 0.9)
    dH/dl & foreign lambdas:
        dH/dl (coul-lambda) (9858 pts)
        dH/dl (vdw-lambda) (9858 pts)
        delta H to (0, 0.85) (9858 pts)
        delta H to (0, 0.9) (9858 pts)
        delta H to (0, 0.95) (9858 pts)


lambda_14/bar.xvg: 0.0 - 984.7; lambda = (0, 0.95)
    dH/dl & foreign lambdas:
        dH/dl (coul-lambda) (9848 pts)
        dH/dl (vdw-lambda) (9848 pts)
        delta H to (0, 0.9) (9848 pts)
        delta H to (0, 0.95) (9848 pts)
        delta H to (0, 1) (9848 pts)


lambda_15/bar.xvg: 0.0 - 984.4; lambda = (0, 1)
    dH/dl & foreign lambdas:
        dH/dl (coul-lambda) (9845 pts)
        dH/dl (vdw-lambda) (9845 pts)
        delta H to (0, 0.95) (9845 pts)
        delta H to (0, 1) (9845 pts)
        delta H to (0.2, 1) (9845 pts)


lambda_16/bar.xvg: 0.0 - 988.4; lambda = (0.2, 1)
    dH/dl & foreign lambdas:
        dH/dl (coul-lambda) (9885 pts)
        dH/dl (vdw-lambda) (9885 pts)
        delta H to (0, 1) (9885 pts)
        delta H to (0.2, 1) (9885 pts)
        delta H to (0.4, 1) (9885 pts)


lambda_17/bar.xvg: 0.0 - 979.5; lambda = (0.4, 1)
    dH/dl & foreign lambdas:
        dH/dl (coul-lambda) (9796 pts)
        dH/dl (vdw-lambda) (9796 pts)
        delta H to (0.2, 1) (9796 pts)
        delta H to (0.4, 1) (9796 pts)
        delta H to (0.5, 1) (9796 pts)


lambda_18/bar.xvg: 0.0 - 981.9; lambda = (0.5, 1)
    dH/dl & foreign lambdas:
        dH/dl (coul-lambda) (9820 pts)
        dH/dl (vdw-lambda) (9820 pts)
        delta H to (0.4, 1) (9820 pts)
        delta H to (0.5, 1) (9820 pts)
        delta H to (0.6, 1) (9820 pts)


lambda_19/bar.xvg: 0.0 - 984.1; lambda = (0.6, 1)
    dH/dl & foreign lambdas:
        dH/dl (coul-lambda) (9842 pts)
        dH/dl (vdw-lambda) (9842 pts)
        delta H to (0.5, 1) (9842 pts)
        delta H to (0.6, 1) (9842 pts)
        delta H to (0.7, 1) (9842 pts)


lambda_20/bar.xvg: 0.0 - 986.2; lambda = (0.7, 1)
    dH/dl & foreign lambdas:
        dH/dl (coul-lambda) (9863 pts)
        dH/dl (vdw-lambda) (9863 pts)
        delta H to (0.6, 1) (9863 pts)
        delta H to (0.7, 1) (9863 pts)
        delta H to (0.8, 1) (9863 pts)


lambda_21/bar.xvg: 0.0 - 988.3; lambda = (0.8, 1)
    dH/dl & foreign lambdas:
        dH/dl (coul-lambda) (9884 pts)
        dH/dl (vdw-lambda) (9884 pts)
        delta H to (0.7, 1) (9884 pts)
        delta H to (0.8, 1) (9884 pts)
        delta H to (0.9, 1) (9884 pts)


lambda_22/bar.xvg: 0.0 - 990.4; lambda = (0.9, 1)
    dH/dl & foreign lambdas:
        dH/dl (coul-lambda) (9905 pts)
        dH/dl (vdw-lambda) (9905 pts)
        delta H to (0.8, 1) (9905 pts)
        delta H to (0.9, 1) (9905 pts)
        delta H to (1, 1) (9905 pts)


lambda_23/bar.xvg: 0.0 - 980.7; lambda = (1, 1)
    dH/dl & foreign lambdas:
        dH/dl (coul-lambda) (9808 pts)
        dH/dl (vdw-lambda) (9808 pts)
        delta H to (0.9, 1) (9808 pts)
        delta H to (1, 1) (9808 pts)



   Samples in time interval: 0.000 - 990.400
Removing samples outside of: 100.000 - 990.400

Temperature: 300 K

Detailed results in kT (see help for explanation):

 lam_A  lam_B      DG   +/-     s_A   +/-     s_B   +/-   stdev   +/- 
     0      1   -6.82  0.01    0.03  0.01    0.03  0.01    0.24  0.00
     1      2   -5.39  0.00    0.01  0.01    0.01  0.01    0.23  0.00
     2      3   -2.74  0.01    0.08  0.00    0.08  0.00    0.38  0.01
     3      4    1.90  0.02    0.35  0.03    0.38  0.03    0.88  0.02
     4      5    8.29  0.07    2.49  0.04    2.94  0.07    2.73  0.04
     5      6    4.69  0.05    2.26  0.07    1.94  0.06    2.33  0.04
     6      7    3.08  0.07    2.38  0.10    1.53  0.07    2.11  0.05
     7      8    1.99  0.04    1.69  0.05    1.19  0.03    1.75  0.03
     8      9    1.23  0.03    1.32  0.01    0.92  0.01    1.50  0.01
     9     10    0.73  0.02    1.07  0.02    0.76  0.02    1.35  0.01
    10     11    0.35  0.00    0.92  0.01    0.64  0.01    1.22  0.00
    11     12    0.08  0.01    0.78  0.01    0.55  0.01    1.13  0.01
    12     13   -0.13  0.01    0.69  0.01    0.48  0.01    1.05  0.01
    13     14   -0.29  0.01    0.60  0.01    0.42  0.01    0.98  0.00
    14     15   -0.40  0.01    0.54  0.01    0.39  0.01    0.94  0.01
    15     16   -0.47  0.02    0.49  0.01    0.52  0.02    1.00  0.01
    16     17   -1.62  0.02    0.62  0.01    0.71  0.01    1.18  0.00
    17     18   -1.38  0.01    0.22  0.01    0.23  0.01    0.66  0.00
    18     19   -1.86  0.02    0.25  0.02    0.27  0.02    0.72  0.01
    19     20   -2.41  0.02    0.29  0.01    0.29  0.01    0.77  0.00
    20     21   -3.02  0.01    0.31  0.01    0.32  0.02    0.80  0.01
    21     22   -3.70  0.01    0.36  0.02    0.37  0.02    0.83  0.01
    22     23   -4.39  0.03    0.32  0.01    0.32  0.01    0.84  0.00


Final results in kJ/mol:

point      0 -      1,   DG -17.02 +/-  0.02
point      1 -      2,   DG -13.44 +/-  0.01
point      2 -      3,   DG -6.83 +/-  0.03
point      3 -      4,   DG  4.74 +/-  0.06
point      4 -      5,   DG 20.67 +/-  0.17
point      5 -      6,   DG 11.71 +/-  0.12
point      6 -      7,   DG  7.69 +/-  0.18
point      7 -      8,   DG  4.96 +/-  0.09
point      8 -      9,   DG  3.06 +/-  0.07
point      9 -     10,   DG  1.82 +/-  0.05
point     10 -     11,   DG  0.87 +/-  0.01
point     11 -     12,   DG  0.20 +/-  0.04
point     12 -     13,   DG -0.33 +/-  0.03
point     13 -     14,   DG -0.73 +/-  0.02
point     14 -     15,   DG -1.01 +/-  0.02
point     15 -     16,   DG -1.18 +/-  0.05
point     16 -     17,   DG -4.03 +/-  0.06
point     17 -     18,   DG -3.44 +/-  0.03
point     18 -     19,   DG -4.65 +/-  0.06
point     19 -     20,   DG -6.02 +/-  0.06
point     20 -     21,   DG -7.53 +/-  0.02
point     21 -     22,   DG -9.23 +/-  0.03
point     22 -     23,   DG -10.94 +/-  0.07

total      0 -     23,   DG -30.67 +/-  0.44

