lambda_00/bar.xvg: 0.0 - 984.8; lambda = (0, 0)
    dH/dl & foreign lambdas:
        dH/dl (coul-lambda) (9849 pts)
        dH/dl (vdw-lambda) (9849 pts)
        delta H to (0, 0) (9849 pts)
        delta H to (0, 0.1) (9849 pts)


lambda_01/bar.xvg: 0.0 - 984.4; lambda = (0, 0.1)
    dH/dl & foreign lambdas:
        dH/dl (coul-lambda) (9845 pts)
        dH/dl (vdw-lambda) (9845 pts)
        delta H to (0, 0) (9845 pts)
        delta H to (0, 0.1) (9845 pts)
        delta H to (0, 0.2) (9845 pts)


lambda_02/bar.xvg: 0.0 - 984.2; lambda = (0, 0.2)
    dH/dl & foreign lambdas:
        dH/dl (coul-lambda) (9843 pts)
        dH/dl (vdw-lambda) (9843 pts)
        delta H to (0, 0.1) (9843 pts)
        delta H to (0, 0.2) (9843 pts)
        delta H to (0, 0.3) (9843 pts)


lambda_03/bar.xvg: 0.0 - 987.2; lambda = (0, 0.3)
    dH/dl & foreign lambdas:
        dH/dl (coul-lambda) (9873 pts)
        dH/dl (vdw-lambda) (9873 pts)
        delta H to (0, 0.2) (9873 pts)
        delta H to (0, 0.3) (9873 pts)
        delta H to (0, 0.4) (9873 pts)


lambda_04/bar.xvg: 0.0 - 986.2; lambda = (0, 0.4)
    dH/dl & foreign lambdas:
        dH/dl (coul-lambda) (9863 pts)
        dH/dl (vdw-lambda) (9863 pts)
        delta H to (0, 0.3) (9863 pts)
        delta H to (0, 0.4) (9863 pts)
        delta H to (0, 0.5) (9863 pts)


lambda_05/bar.xvg: 0.0 - 986.7; lambda = (0, 0.5)
    dH/dl & foreign lambdas:
        dH/dl (coul-lambda) (9868 pts)
        dH/dl (vdw-lambda) (9868 pts)
        delta H to (0, 0.4) (9868 pts)
        delta H to (0, 0.5) (9868 pts)
        delta H to (0, 0.55) (9868 pts)


lambda_06/bar.xvg: 0.0 - 985.5; lambda = (0, 0.55)
    dH/dl & foreign lambdas:
        dH/dl (coul-lambda) (9856 pts)
        dH/dl (vdw-lambda) (9856 pts)
        delta H to (0, 0.5) (9856 pts)
        delta H to (0, 0.55) (9856 pts)
        delta H to (0, 0.6) (9856 pts)


lambda_07/bar.xvg: 0.0 - 983.6; lambda = (0, 0.6)
    dH/dl & foreign lambdas:
        dH/dl (coul-lambda) (9837 pts)
        dH/dl (vdw-lambda) (9837 pts)
        delta H to (0, 0.55) (9837 pts)
        delta H to (0, 0.6) (9837 pts)
        delta H to (0, 0.65) (9837 pts)


lambda_08/bar.xvg: 0.0 - 981.5; lambda = (0, 0.65)
    dH/dl & foreign lambdas:
        dH/dl (coul-lambda) (9816 pts)
        dH/dl (vdw-lambda) (9816 pts)
        delta H to (0, 0.6) (9816 pts)
        delta H to (0, 0.65) (9816 pts)
        delta H to (0, 0.7) (9816 pts)


lambda_09/bar.xvg: 0.0 - 979.6; lambda = (0, 0.7)
    dH/dl & foreign lambdas:
        dH/dl (coul-lambda) (9797 pts)
        dH/dl (vdw-lambda) (9797 pts)
        delta H to (0, 0.65) (9797 pts)
        delta H to (0, 0.7) (9797 pts)
        delta H to (0, 0.75) (9797 pts)


lambda_10/bar.xvg: 0.0 - 990.3; lambda = (0, 0.75)
    dH/dl & foreign lambdas:
        dH/dl (coul-lambda) (9904 pts)
        dH/dl (vdw-lambda) (9904 pts)
        delta H to (0, 0.7) (9904 pts)
        delta H to (0, 0.75) (9904 pts)
        delta H to (0, 0.8) (9904 pts)


lambda_11/bar.xvg: 0.0 - 988.6; lambda = (0, 0.8)
    dH/dl & foreign lambdas:
        dH/dl (coul-lambda) (9887 pts)
        dH/dl (vdw-lambda) (9887 pts)
        delta H to (0, 0.75) (9887 pts)
        delta H to (0, 0.8) (9887 pts)
        delta H to (0, 0.85) (9887 pts)


lambda_12/bar.xvg: 0.0 - 987.1; lambda = (0, 0.85)
    dH/dl & foreign lambdas:
        dH/dl (coul-lambda) (9872 pts)
        dH/dl (vdw-lambda) (9872 pts)
        delta H to (0, 0.8) (9872 pts)
        delta H to (0, 0.85) (9872 pts)
        delta H to (0, 0.9) (9872 pts)


lambda_13/bar.xvg: 0.0 - 986.2; lambda = (0, 0.9)
    dH/dl & foreign lambdas:
        dH/dl (coul-lambda) (9863 pts)
        dH/dl (vdw-lambda) (9863 pts)
        delta H to (0, 0.85) (9863 pts)
        delta H to (0, 0.9) (9863 pts)
        delta H to (0, 0.95) (9863 pts)


lambda_14/bar.xvg: 0.0 - 984.8; lambda = (0, 0.95)
    dH/dl & foreign lambdas:
        dH/dl (coul-lambda) (9849 pts)
        dH/dl (vdw-lambda) (9849 pts)
        delta H to (0, 0.9) (9849 pts)
        delta H to (0, 0.95) (9849 pts)
        delta H to (0, 1) (9849 pts)


lambda_15/bar.xvg: 0.0 - 984.2; lambda = (0, 1)
    dH/dl & foreign lambdas:
        dH/dl (coul-lambda) (9843 pts)
        dH/dl (vdw-lambda) (9843 pts)
        delta H to (0, 0.95) (9843 pts)
        delta H to (0, 1) (9843 pts)
        delta H to (0.2, 1) (9843 pts)


lambda_16/bar.xvg: 0.0 - 989.5; lambda = (0.2, 1)
    dH/dl & foreign lambdas:
        dH/dl (coul-lambda) (9896 pts)
        dH/dl (vdw-lambda) (9896 pts)
        delta H to (0, 1) (9896 pts)
        delta H to (0.2, 1) (9896 pts)
        delta H to (0.4, 1) (9896 pts)


lambda_17/bar.xvg: 0.0 - 980.0; lambda = (0.4, 1)
    dH/dl & foreign lambdas:
        dH/dl (coul-lambda) (9801 pts)
        dH/dl (vdw-lambda) (9801 pts)
        delta H to (0.2, 1) (9801 pts)
        delta H to (0.4, 1) (9801 pts)
        delta H to (0.5, 1) (9801 pts)


lambda_18/bar.xvg: 0.0 - 982.6; lambda = (0.5, 1)
    dH/dl & foreign lambdas:
        dH/dl (coul-lambda) (9827 pts)
        dH/dl (vdw-lambda) (9827 pts)
        delta H to (0.4, 1) (9827 pts)
        delta H to (0.5, 1) (9827 pts)
        delta H to (0.6, 1) (9827 pts)


lambda_19/bar.xvg: 0.0 - 984.8; lambda = (0.6, 1)
    dH/dl & foreign lambdas:
        dH/dl (coul-lambda) (9849 pts)
        dH/dl (vdw-lambda) (9849 pts)
        delta H to (0.5, 1) (9849 pts)
        delta H to (0.6, 1) (9849 pts)
        delta H to (0.7, 1) (9849 pts)


lambda_20/bar.xvg: 0.0 - 987.0; lambda = (0.7, 1)
    dH/dl & foreign lambdas:
        dH/dl (coul-lambda) (9871 pts)
        dH/dl (vdw-lambda) (9871 pts)
        delta H to (0.6, 1) (9871 pts)
        delta H to (0.7, 1) (9871 pts)
        delta H to (0.8, 1) (9871 pts)


lambda_21/bar.xvg: 0.0 - 989.3; lambda = (0.8, 1)
    dH/dl & foreign lambdas:
        dH/dl (coul-lambda) (9894 pts)
        dH/dl (vdw-lambda) (9894 pts)
        delta H to (0.7, 1) (9894 pts)
        delta H to (0.8, 1) (9894 pts)
        delta H to (0.9, 1) (9894 pts)


lambda_22/bar.xvg: 0.0 - 977.8; lambda = (0.9, 1)
    dH/dl & foreign lambdas:
        dH/dl (coul-lambda) (9779 pts)
        dH/dl (vdw-lambda) (9779 pts)
        delta H to (0.8, 1) (9779 pts)
        delta H to (0.9, 1) (9779 pts)
        delta H to (1, 1) (9779 pts)


lambda_23/bar.xvg: 0.0 - 981.4; lambda = (1, 1)
    dH/dl & foreign lambdas:
        dH/dl (coul-lambda) (9815 pts)
        dH/dl (vdw-lambda) (9815 pts)
        delta H to (0.9, 1) (9815 pts)
        delta H to (1, 1) (9815 pts)



   Samples in time interval: 0.000 - 990.300
Removing samples outside of: 100.000 - 990.300

Temperature: 300 K

Detailed results in kT (see help for explanation):

 lam_A  lam_B      DG   +/-     s_A   +/-     s_B   +/-   stdev   +/- 
     0      1   -6.41  0.01    0.02  0.01    0.02  0.01    0.23  0.00
     1      2   -5.07  0.01    0.03  0.00    0.03  0.00    0.23  0.00
     2      3   -2.58  0.01    0.08  0.01    0.08  0.01    0.36  0.00
     3      4    1.81  0.02    0.30  0.01    0.33  0.01    0.84  0.01
     4      5    7.96  0.10    2.28  0.04    2.62  0.01    2.54  0.03
     5      6    4.67  0.06    2.15  0.10    1.89  0.08    2.27  0.07
     6      7    3.09  0.11    2.34  0.11    1.59  0.07    2.12  0.05
     7      8    1.93  0.05    1.60  0.08    1.09  0.05    1.69  0.04
     8      9    1.28  0.03    1.27  0.06    0.89  0.04    1.48  0.02
     9     10    0.82  0.03    1.06  0.03    0.76  0.02    1.35  0.02
    10     11    0.44  0.02    0.91  0.02    0.63  0.01    1.24  0.01
    11     12    0.16  0.01    0.80  0.02    0.55  0.01    1.15  0.01
    12     13   -0.06  0.01    0.68  0.01    0.48  0.01    1.05  0.00
    13     14   -0.22  0.00    0.59  0.01    0.42  0.01    0.99  0.01
    14     15   -0.34  0.00    0.54  0.01    0.39  0.01    0.94  0.00
    15     16   -0.52  0.01    0.52  0.01    0.54  0.01    1.05  0.01
    16     17   -1.72  0.02    0.66  0.01    0.74  0.01    1.20  0.00
    17     18   -1.46  0.01    0.23  0.02    0.25  0.02    0.69  0.01
    18     19   -1.99  0.01    0.28  0.01    0.29  0.01    0.75  0.00
    19     20   -2.58  0.01    0.30  0.01    0.31  0.01    0.81  0.01
    20     21   -3.25  0.02    0.36  0.02    0.38  0.02    0.87  0.01
    21     22   -4.04  0.01    0.42  0.02    0.43  0.02    0.92  0.01
    22     23   -4.88  0.02    0.41  0.02    0.42  0.02    0.94  0.01


Final results in kJ/mol:

point      0 -      1,   DG -15.99 +/-  0.02
point      1 -      2,   DG -12.64 +/-  0.01
point      2 -      3,   DG -6.43 +/-  0.03
point      3 -      4,   DG  4.50 +/-  0.05
point      4 -      5,   DG 19.85 +/-  0.24
point      5 -      6,   DG 11.65 +/-  0.16
point      6 -      7,   DG  7.70 +/-  0.28
point      7 -      8,   DG  4.82 +/-  0.13
point      8 -      9,   DG  3.20 +/-  0.06
point      9 -     10,   DG  2.03 +/-  0.07
point     10 -     11,   DG  1.10 +/-  0.05
point     11 -     12,   DG  0.39 +/-  0.03
point     12 -     13,   DG -0.16 +/-  0.03
point     13 -     14,   DG -0.55 +/-  0.01
point     14 -     15,   DG -0.85 +/-  0.01
point     15 -     16,   DG -1.29 +/-  0.03
point     16 -     17,   DG -4.28 +/-  0.05
point     17 -     18,   DG -3.64 +/-  0.02
point     18 -     19,   DG -4.95 +/-  0.03
point     19 -     20,   DG -6.42 +/-  0.03
point     20 -     21,   DG -8.11 +/-  0.05
point     21 -     22,   DG -10.09 +/-  0.04
point     22 -     23,   DG -12.18 +/-  0.05

total      0 -     23,   DG -32.37 +/-  0.28

