lambda_00/bar.xvg: 0.0 - 984.6; lambda = (0, 0)
    dH/dl & foreign lambdas:
        dH/dl (coul-lambda) (9847 pts)
        dH/dl (vdw-lambda) (9847 pts)
        delta H to (0, 0) (9847 pts)
        delta H to (0, 0.1) (9847 pts)


lambda_01/bar.xvg: 0.0 - 997.7; lambda = (0, 0.1)
    dH/dl & foreign lambdas:
        dH/dl (coul-lambda) (9978 pts)
        dH/dl (vdw-lambda) (9978 pts)
        delta H to (0, 0) (9978 pts)
        delta H to (0, 0.1) (9978 pts)
        delta H to (0, 0.2) (9978 pts)


lambda_02/bar.xvg: 0.0 - 984.6; lambda = (0, 0.2)
    dH/dl & foreign lambdas:
        dH/dl (coul-lambda) (9847 pts)
        dH/dl (vdw-lambda) (9847 pts)
        delta H to (0, 0.1) (9847 pts)
        delta H to (0, 0.2) (9847 pts)
        delta H to (0, 0.3) (9847 pts)


lambda_03/bar.xvg: 0.0 - 987.5; lambda = (0, 0.3)
    dH/dl & foreign lambdas:
        dH/dl (coul-lambda) (9876 pts)
        dH/dl (vdw-lambda) (9876 pts)
        delta H to (0, 0.2) (9876 pts)
        delta H to (0, 0.3) (9876 pts)
        delta H to (0, 0.4) (9876 pts)


lambda_04/bar.xvg: 0.0 - 986.1; lambda = (0, 0.4)
    dH/dl & foreign lambdas:
        dH/dl (coul-lambda) (9862 pts)
        dH/dl (vdw-lambda) (9862 pts)
        delta H to (0, 0.3) (9862 pts)
        delta H to (0, 0.4) (9862 pts)
        delta H to (0, 0.5) (9862 pts)


lambda_05/bar.xvg: 0.0 - 986.8; lambda = (0, 0.5)
    dH/dl & foreign lambdas:
        dH/dl (coul-lambda) (9869 pts)
        dH/dl (vdw-lambda) (9869 pts)
        delta H to (0, 0.4) (9869 pts)
        delta H to (0, 0.5) (9869 pts)
        delta H to (0, 0.55) (9869 pts)


lambda_06/bar.xvg: 0.0 - 985.7; lambda = (0, 0.55)
    dH/dl & foreign lambdas:
        dH/dl (coul-lambda) (9858 pts)
        dH/dl (vdw-lambda) (9858 pts)
        delta H to (0, 0.5) (9858 pts)
        delta H to (0, 0.55) (9858 pts)
        delta H to (0, 0.6) (9858 pts)


lambda_07/bar.xvg: 0.0 - 997.6; lambda = (0, 0.6)
    dH/dl & foreign lambdas:
        dH/dl (coul-lambda) (9977 pts)
        dH/dl (vdw-lambda) (9977 pts)
        delta H to (0, 0.55) (9977 pts)
        delta H to (0, 0.6) (9977 pts)
        delta H to (0, 0.65) (9977 pts)


lambda_08/bar.xvg: 0.0 - 995.4; lambda = (0, 0.65)
    dH/dl & foreign lambdas:
        dH/dl (coul-lambda) (9955 pts)
        dH/dl (vdw-lambda) (9955 pts)
        delta H to (0, 0.6) (9955 pts)
        delta H to (0, 0.65) (9955 pts)
        delta H to (0, 0.7) (9955 pts)


lambda_09/bar.xvg: 0.0 - 993.5; lambda = (0, 0.7)
    dH/dl & foreign lambdas:
        dH/dl (coul-lambda) (9936 pts)
        dH/dl (vdw-lambda) (9936 pts)
        delta H to (0, 0.65) (9936 pts)
        delta H to (0, 0.7) (9936 pts)
        delta H to (0, 0.75) (9936 pts)


lambda_10/bar.xvg: 0.0 - 991.1; lambda = (0, 0.75)
    dH/dl & foreign lambdas:
        dH/dl (coul-lambda) (9912 pts)
        dH/dl (vdw-lambda) (9912 pts)
        delta H to (0, 0.7) (9912 pts)
        delta H to (0, 0.75) (9912 pts)
        delta H to (0, 0.8) (9912 pts)


lambda_11/bar.xvg: 0.0 - 988.7; lambda = (0, 0.8)
    dH/dl & foreign lambdas:
        dH/dl (coul-lambda) (9888 pts)
        dH/dl (vdw-lambda) (9888 pts)
        delta H to (0, 0.75) (9888 pts)
        delta H to (0, 0.8) (9888 pts)
        delta H to (0, 0.85) (9888 pts)


lambda_12/bar.xvg: 0.0 - 987.5; lambda = (0, 0.85)
    dH/dl & foreign lambdas:
        dH/dl (coul-lambda) (9876 pts)
        dH/dl (vdw-lambda) (9876 pts)
        delta H to (0, 0.8) (9876 pts)
        delta H to (0, 0.85) (9876 pts)
        delta H to (0, 0.9) (9876 pts)


lambda_13/bar.xvg: 0.0 - 986.3; lambda = (0, 0.9)
    dH/dl & foreign lambdas:
        dH/dl (coul-lambda) (9864 pts)
        dH/dl (vdw-lambda) (9864 pts)
        delta H to (0, 0.85) (9864 pts)
        delta H to (0, 0.9) (9864 pts)
        delta H to (0, 0.95) (9864 pts)


lambda_14/bar.xvg: 0.0 - 985.4; lambda = (0, 0.95)
    dH/dl & foreign lambdas:
        dH/dl (coul-lambda) (9855 pts)
        dH/dl (vdw-lambda) (9855 pts)
        delta H to (0, 0.9) (9855 pts)
        delta H to (0, 0.95) (9855 pts)
        delta H to (0, 1) (9855 pts)


lambda_15/bar.xvg: 0.0 - 985.2; lambda = (0, 1)
    dH/dl & foreign lambdas:
        dH/dl (coul-lambda) (9853 pts)
        dH/dl (vdw-lambda) (9853 pts)
        delta H to (0, 0.95) (9853 pts)
        delta H to (0, 1) (9853 pts)
        delta H to (0.2, 1) (9853 pts)


lambda_16/bar.xvg: 0.0 - 989.3; lambda = (0.2, 1)
    dH/dl & foreign lambdas:
        dH/dl (coul-lambda) (9894 pts)
        dH/dl (vdw-lambda) (9894 pts)
        delta H to (0, 1) (9894 pts)
        delta H to (0.2, 1) (9894 pts)
        delta H to (0.4, 1) (9894 pts)


lambda_17/bar.xvg: 0.0 - 993.4; lambda = (0.4, 1)
    dH/dl & foreign lambdas:
        dH/dl (coul-lambda) (9935 pts)
        dH/dl (vdw-lambda) (9935 pts)
        delta H to (0.2, 1) (9935 pts)
        delta H to (0.4, 1) (9935 pts)
        delta H to (0.5, 1) (9935 pts)


lambda_18/bar.xvg: 0.0 - 995.6; lambda = (0.5, 1)
    dH/dl & foreign lambdas:
        dH/dl (coul-lambda) (9957 pts)
        dH/dl (vdw-lambda) (9957 pts)
        delta H to (0.4, 1) (9957 pts)
        delta H to (0.5, 1) (9957 pts)
        delta H to (0.6, 1) (9957 pts)


lambda_19/bar.xvg: 0.0 - 984.6; lambda = (0.6, 1)
    dH/dl & foreign lambdas:
        dH/dl (coul-lambda) (9847 pts)
        dH/dl (vdw-lambda) (9847 pts)
        delta H to (0.5, 1) (9847 pts)
        delta H to (0.6, 1) (9847 pts)
        delta H to (0.7, 1) (9847 pts)


lambda_20/bar.xvg: 0.0 - 986.7; lambda = (0.7, 1)
    dH/dl & foreign lambdas:
        dH/dl (coul-lambda) (9868 pts)
        dH/dl (vdw-lambda) (9868 pts)
        delta H to (0.6, 1) (9868 pts)
        delta H to (0.7, 1) (9868 pts)
        delta H to (0.8, 1) (9868 pts)


lambda_21/bar.xvg: 0.0 - 988.9; lambda = (0.8, 1)
    dH/dl & foreign lambdas:
        dH/dl (coul-lambda) (9890 pts)
        dH/dl (vdw-lambda) (9890 pts)
        delta H to (0.7, 1) (9890 pts)
        delta H to (0.8, 1) (9890 pts)
        delta H to (0.9, 1) (9890 pts)


lambda_22/bar.xvg: 0.0 - 990.9; lambda = (0.9, 1)
    dH/dl & foreign lambdas:
        dH/dl (coul-lambda) (9910 pts)
        dH/dl (vdw-lambda) (9910 pts)
        delta H to (0.8, 1) (9910 pts)
        delta H to (0.9, 1) (9910 pts)
        delta H to (1, 1) (9910 pts)


lambda_23/bar.xvg: 0.0 - 997.6; lambda = (1, 1)
    dH/dl & foreign lambdas:
        dH/dl (coul-lambda) (9977 pts)
        dH/dl (vdw-lambda) (9977 pts)
        delta H to (0.9, 1) (9977 pts)
        delta H to (1, 1) (9977 pts)



Temperature: 300 K

Detailed results in kT (see help for explanation):

 lam_A  lam_B      DG   +/-     s_A   +/-     s_B   +/-   stdev   +/- 
     0      1   -7.29  0.00    0.04  0.01    0.04  0.01    0.25  0.00
     1      2   -5.76  0.00    0.02  0.01    0.02  0.01    0.24  0.00
     2      3   -2.92  0.01    0.08  0.01    0.08  0.01    0.39  0.00
     3      4    2.11  0.01    0.34  0.02    0.37  0.01    0.87  0.01
     4      5    9.02  0.06    2.76  0.07    3.35  0.09    3.00  0.08
     5      6    4.93  0.10    2.47  0.07    2.04  0.07    2.44  0.06
     6      7    3.29  0.03    2.46  0.08    1.72  0.05    2.24  0.06
     7      8    2.02  0.03    1.78  0.05    1.20  0.04    1.80  0.02
     8      9    1.32  0.03    1.35  0.02    0.93  0.01    1.55  0.02
     9     10    0.82  0.01    1.18  0.02    0.83  0.02    1.42  0.01
    10     11    0.38  0.01    1.02  0.02    0.70  0.01    1.30  0.01
    11     12    0.09  0.01    0.81  0.02    0.57  0.01    1.17  0.01
    12     13   -0.11  0.02    0.74  0.01    0.52  0.01    1.10  0.01
    13     14   -0.29  0.01    0.66  0.01    0.47  0.01    1.04  0.01
    14     15   -0.43  0.01    0.58  0.02    0.41  0.01    0.98  0.01
    15     16   -0.52  0.01    0.56  0.02    0.60  0.02    1.07  0.01
    16     17   -1.79  0.02    0.67  0.02    0.76  0.02    1.23  0.01
    17     18   -1.51  0.00    0.24  0.01    0.26  0.02    0.70  0.01
    18     19   -2.06  0.01    0.29  0.01    0.30  0.01    0.77  0.01
    19     20   -2.67  0.01    0.31  0.02    0.32  0.02    0.81  0.01
    20     21   -3.35  0.02    0.37  0.01    0.38  0.01    0.86  0.01
    21     22   -4.12  0.02    0.39  0.02    0.41  0.02    0.90  0.01
    22     23   -4.95  0.02    0.42  0.02    0.43  0.02    0.93  0.01


Final results in kJ/mol:

point      0 -      1,   DG -18.19 +/-  0.01
point      1 -      2,   DG -14.38 +/-  0.01
point      2 -      3,   DG -7.27 +/-  0.02
point      3 -      4,   DG  5.27 +/-  0.02
point      4 -      5,   DG 22.50 +/-  0.16
point      5 -      6,   DG 12.29 +/-  0.24
point      6 -      7,   DG  8.22 +/-  0.07
point      7 -      8,   DG  5.05 +/-  0.08
point      8 -      9,   DG  3.29 +/-  0.07
point      9 -     10,   DG  2.05 +/-  0.03
point     10 -     11,   DG  0.96 +/-  0.03
point     11 -     12,   DG  0.22 +/-  0.03
point     12 -     13,   DG -0.28 +/-  0.04
point     13 -     14,   DG -0.73 +/-  0.04
point     14 -     15,   DG -1.07 +/-  0.02
point     15 -     16,   DG -1.30 +/-  0.01
point     16 -     17,   DG -4.46 +/-  0.05
point     17 -     18,   DG -3.78 +/-  0.01
point     18 -     19,   DG -5.13 +/-  0.03
point     19 -     20,   DG -6.65 +/-  0.03
point     20 -     21,   DG -8.36 +/-  0.06
point     21 -     22,   DG -10.29 +/-  0.04
point     22 -     23,   DG -12.35 +/-  0.04

total      0 -     23,   DG -34.39 +/-  0.30

