lambda_00/bar.xvg: 0.0 - 921.2; lambda = (0, 0)
    dH/dl & foreign lambdas:
        dH/dl (coul-lambda) (9213 pts)
        dH/dl (vdw-lambda) (9213 pts)
        delta H to (0, 0) (9213 pts)
        delta H to (0, 0.1) (9213 pts)


lambda_01/bar.xvg: 0.0 - 917.6; lambda = (0, 0.1)
    dH/dl & foreign lambdas:
        dH/dl (coul-lambda) (9177 pts)
        dH/dl (vdw-lambda) (9177 pts)
        delta H to (0, 0) (9177 pts)
        delta H to (0, 0.1) (9177 pts)
        delta H to (0, 0.2) (9177 pts)


lambda_02/bar.xvg: 0.0 - 917.9; lambda = (0, 0.2)
    dH/dl & foreign lambdas:
        dH/dl (coul-lambda) (9180 pts)
        dH/dl (vdw-lambda) (9180 pts)
        delta H to (0, 0.1) (9180 pts)
        delta H to (0, 0.2) (9180 pts)
        delta H to (0, 0.3) (9180 pts)


lambda_03/bar.xvg: 0.0 - 919.6; lambda = (0, 0.3)
    dH/dl & foreign lambdas:
        dH/dl (coul-lambda) (9197 pts)
        dH/dl (vdw-lambda) (9197 pts)
        delta H to (0, 0.2) (9197 pts)
        delta H to (0, 0.3) (9197 pts)
        delta H to (0, 0.4) (9197 pts)


lambda_04/bar.xvg: 0.0 - 918.9; lambda = (0, 0.4)
    dH/dl & foreign lambdas:
        dH/dl (coul-lambda) (9190 pts)
        dH/dl (vdw-lambda) (9190 pts)
        delta H to (0, 0.3) (9190 pts)
        delta H to (0, 0.4) (9190 pts)
        delta H to (0, 0.5) (9190 pts)


lambda_05/bar.xvg: 0.0 - 918.8; lambda = (0, 0.5)
    dH/dl & foreign lambdas:
        dH/dl (coul-lambda) (9189 pts)
        dH/dl (vdw-lambda) (9189 pts)
        delta H to (0, 0.4) (9189 pts)
        delta H to (0, 0.5) (9189 pts)
        delta H to (0, 0.55) (9189 pts)


lambda_06/bar.xvg: 0.0 - 918.1; lambda = (0, 0.55)
    dH/dl & foreign lambdas:
        dH/dl (coul-lambda) (9182 pts)
        dH/dl (vdw-lambda) (9182 pts)
        delta H to (0, 0.5) (9182 pts)
        delta H to (0, 0.55) (9182 pts)
        delta H to (0, 0.6) (9182 pts)


lambda_07/bar.xvg: 0.0 - 916.8; lambda = (0, 0.6)
    dH/dl & foreign lambdas:
        dH/dl (coul-lambda) (9169 pts)
        dH/dl (vdw-lambda) (9169 pts)
        delta H to (0, 0.55) (9169 pts)
        delta H to (0, 0.6) (9169 pts)
        delta H to (0, 0.65) (9169 pts)


lambda_08/bar.xvg: 0.0 - 914.6; lambda = (0, 0.65)
    dH/dl & foreign lambdas:
        dH/dl (coul-lambda) (9147 pts)
        dH/dl (vdw-lambda) (9147 pts)
        delta H to (0, 0.6) (9147 pts)
        delta H to (0, 0.65) (9147 pts)
        delta H to (0, 0.7) (9147 pts)


lambda_09/bar.xvg: 0.0 - 912.9; lambda = (0, 0.7)
    dH/dl & foreign lambdas:
        dH/dl (coul-lambda) (9130 pts)
        dH/dl (vdw-lambda) (9130 pts)
        delta H to (0, 0.65) (9130 pts)
        delta H to (0, 0.7) (9130 pts)
        delta H to (0, 0.75) (9130 pts)


lambda_10/bar.xvg: 0.0 - 924.0; lambda = (0, 0.75)
    dH/dl & foreign lambdas:
        dH/dl (coul-lambda) (9241 pts)
        dH/dl (vdw-lambda) (9241 pts)
        delta H to (0, 0.7) (9241 pts)
        delta H to (0, 0.75) (9241 pts)
        delta H to (0, 0.8) (9241 pts)


lambda_11/bar.xvg: 0.0 - 922.1; lambda = (0, 0.8)
    dH/dl & foreign lambdas:
        dH/dl (coul-lambda) (9222 pts)
        dH/dl (vdw-lambda) (9222 pts)
        delta H to (0, 0.75) (9222 pts)
        delta H to (0, 0.8) (9222 pts)
        delta H to (0, 0.85) (9222 pts)


lambda_12/bar.xvg: 0.0 - 920.5; lambda = (0, 0.85)
    dH/dl & foreign lambdas:
        dH/dl (coul-lambda) (9206 pts)
        dH/dl (vdw-lambda) (9206 pts)
        delta H to (0, 0.8) (9206 pts)
        delta H to (0, 0.85) (9206 pts)
        delta H to (0, 0.9) (9206 pts)


lambda_13/bar.xvg: 0.0 - 919.5; lambda = (0, 0.9)
    dH/dl & foreign lambdas:
        dH/dl (coul-lambda) (9196 pts)
        dH/dl (vdw-lambda) (9196 pts)
        delta H to (0, 0.85) (9196 pts)
        delta H to (0, 0.9) (9196 pts)
        delta H to (0, 0.95) (9196 pts)


lambda_14/bar.xvg: 0.0 - 918.5; lambda = (0, 0.95)
    dH/dl & foreign lambdas:
        dH/dl (coul-lambda) (9186 pts)
        dH/dl (vdw-lambda) (9186 pts)
        delta H to (0, 0.9) (9186 pts)
        delta H to (0, 0.95) (9186 pts)
        delta H to (0, 1) (9186 pts)


lambda_15/bar.xvg: 0.0 - 918.2; lambda = (0, 1)
    dH/dl & foreign lambdas:
        dH/dl (coul-lambda) (9183 pts)
        dH/dl (vdw-lambda) (9183 pts)
        delta H to (0, 0.95) (9183 pts)
        delta H to (0, 1) (9183 pts)
        delta H to (0.2, 1) (9183 pts)


lambda_16/bar.xvg: 0.0 - 923.1; lambda = (0.2, 1)
    dH/dl & foreign lambdas:
        dH/dl (coul-lambda) (9232 pts)
        dH/dl (vdw-lambda) (9232 pts)
        delta H to (0, 1) (9232 pts)
        delta H to (0.2, 1) (9232 pts)
        delta H to (0.4, 1) (9232 pts)


lambda_17/bar.xvg: 0.0 - 913.7; lambda = (0.4, 1)
    dH/dl & foreign lambdas:
        dH/dl (coul-lambda) (9138 pts)
        dH/dl (vdw-lambda) (9138 pts)
        delta H to (0.2, 1) (9138 pts)
        delta H to (0.4, 1) (9138 pts)
        delta H to (0.5, 1) (9138 pts)


lambda_18/bar.xvg: 0.0 - 915.7; lambda = (0.5, 1)
    dH/dl & foreign lambdas:
        dH/dl (coul-lambda) (9158 pts)
        dH/dl (vdw-lambda) (9158 pts)
        delta H to (0.4, 1) (9158 pts)
        delta H to (0.5, 1) (9158 pts)
        delta H to (0.6, 1) (9158 pts)


lambda_19/bar.xvg: 0.0 - 918.0; lambda = (0.6, 1)
    dH/dl & foreign lambdas:
        dH/dl (coul-lambda) (9181 pts)
        dH/dl (vdw-lambda) (9181 pts)
        delta H to (0.5, 1) (9181 pts)
        delta H to (0.6, 1) (9181 pts)
        delta H to (0.7, 1) (9181 pts)


lambda_20/bar.xvg: 0.0 - 919.7; lambda = (0.7, 1)
    dH/dl & foreign lambdas:
        dH/dl (coul-lambda) (9198 pts)
        dH/dl (vdw-lambda) (9198 pts)
        delta H to (0.6, 1) (9198 pts)
        delta H to (0.7, 1) (9198 pts)
        delta H to (0.8, 1) (9198 pts)


lambda_21/bar.xvg: 0.0 - 921.8; lambda = (0.8, 1)
    dH/dl & foreign lambdas:
        dH/dl (coul-lambda) (9219 pts)
        dH/dl (vdw-lambda) (9219 pts)
        delta H to (0.7, 1) (9219 pts)
        delta H to (0.8, 1) (9219 pts)
        delta H to (0.9, 1) (9219 pts)


lambda_22/bar.xvg: 0.0 - 923.8; lambda = (0.9, 1)
    dH/dl & foreign lambdas:
        dH/dl (coul-lambda) (9239 pts)
        dH/dl (vdw-lambda) (9239 pts)
        delta H to (0.8, 1) (9239 pts)
        delta H to (0.9, 1) (9239 pts)
        delta H to (1, 1) (9239 pts)


lambda_23/bar.xvg: 0.0 - 915.6; lambda = (1, 1)
    dH/dl & foreign lambdas:
        dH/dl (coul-lambda) (9157 pts)
        dH/dl (vdw-lambda) (9157 pts)
        delta H to (0.9, 1) (9157 pts)
        delta H to (1, 1) (9157 pts)



   Samples in time interval: 0.000 - 924.000
Removing samples outside of: 100.000 - 924.000

Temperature: 300 K

Detailed results in kT (see help for explanation):

 lam_A  lam_B      DG   +/-     s_A   +/-     s_B   +/-   stdev   +/- 
     0      1   -7.28  0.01    0.03  0.00    0.03  0.00    0.25  0.01
     1      2   -5.75  0.01    0.02  0.01    0.02  0.01    0.24  0.00
     2      3   -2.91  0.01    0.09  0.01    0.10  0.01    0.39  0.00
     3      4    2.03  0.03    0.40  0.01    0.43  0.00    0.92  0.01
     4      5    8.71  0.15    2.75  0.13    3.06  0.07    2.88  0.09
     5      6    4.92  0.08    2.45  0.13    2.10  0.08    2.43  0.07
     6      7    3.17  0.04    2.50  0.04    1.70  0.01    2.22  0.02
     7      8    1.98  0.04    1.67  0.04    1.18  0.02    1.75  0.02
     8      9    1.29  0.02    1.34  0.06    0.92  0.04    1.55  0.02
     9     10    0.81  0.02    1.18  0.04    0.83  0.02    1.42  0.02
    10     11    0.42  0.01    0.98  0.02    0.68  0.01    1.28  0.01
    11     12    0.12  0.00    0.87  0.01    0.61  0.01    1.19  0.00
    12     13   -0.13  0.01    0.74  0.02    0.52  0.01    1.10  0.01
    13     14   -0.29  0.01    0.64  0.01    0.46  0.01    1.03  0.00
    14     15   -0.43  0.02    0.59  0.01    0.43  0.01    0.98  0.01
    15     16   -0.49  0.01    0.49  0.01    0.51  0.01    1.03  0.01
    16     17   -1.68  0.02    0.68  0.02    0.76  0.02    1.21  0.01
    17     18   -1.45  0.01    0.23  0.02    0.25  0.02    0.69  0.01
    18     19   -1.98  0.02    0.28  0.01    0.29  0.01    0.74  0.00
    19     20   -2.56  0.03    0.29  0.02    0.30  0.02    0.79  0.01
    20     21   -3.18  0.02    0.32  0.02    0.33  0.02    0.83  0.01
    21     22   -3.90  0.02    0.39  0.02    0.40  0.02    0.88  0.01
    22     23   -4.70  0.01    0.40  0.03    0.41  0.03    0.90  0.01


Final results in kJ/mol:

point      0 -      1,   DG -18.15 +/-  0.02
point      1 -      2,   DG -14.34 +/-  0.01
point      2 -      3,   DG -7.25 +/-  0.03
point      3 -      4,   DG  5.07 +/-  0.07
point      4 -      5,   DG 21.72 +/-  0.38
point      5 -      6,   DG 12.28 +/-  0.19
point      6 -      7,   DG  7.90 +/-  0.09
point      7 -      8,   DG  4.93 +/-  0.11
point      8 -      9,   DG  3.23 +/-  0.05
point      9 -     10,   DG  2.02 +/-  0.04
point     10 -     11,   DG  1.04 +/-  0.02
point     11 -     12,   DG  0.29 +/-  0.01
point     12 -     13,   DG -0.32 +/-  0.02
point     13 -     14,   DG -0.73 +/-  0.03
point     14 -     15,   DG -1.07 +/-  0.04
point     15 -     16,   DG -1.22 +/-  0.02
point     16 -     17,   DG -4.18 +/-  0.04
point     17 -     18,   DG -3.62 +/-  0.04
point     18 -     19,   DG -4.93 +/-  0.05
point     19 -     20,   DG -6.39 +/-  0.06
point     20 -     21,   DG -7.94 +/-  0.06
point     21 -     22,   DG -9.73 +/-  0.05
point     22 -     23,   DG -11.73 +/-  0.03

total      0 -     23,   DG -33.15 +/-  0.68

