lambda_00/bar.xvg: 0.0 - 634.8; lambda = (0, 0)
    dH/dl & foreign lambdas:
        dH/dl (coul-lambda) (6349 pts)
        dH/dl (vdw-lambda) (6349 pts)
        delta H to (0, 0) (6349 pts)
        delta H to (0, 0.1) (6349 pts)


lambda_01/bar.xvg: 0.0 - 624.6; lambda = (0, 0.1)
    dH/dl & foreign lambdas:
        dH/dl (coul-lambda) (6247 pts)
        dH/dl (vdw-lambda) (6247 pts)
        delta H to (0, 0) (6247 pts)
        delta H to (0, 0.1) (6247 pts)
        delta H to (0, 0.2) (6247 pts)


lambda_02/bar.xvg: 0.0 - 624.7; lambda = (0, 0.2)
    dH/dl & foreign lambdas:
        dH/dl (coul-lambda) (6248 pts)
        dH/dl (vdw-lambda) (6248 pts)
        delta H to (0, 0.1) (6248 pts)
        delta H to (0, 0.2) (6248 pts)
        delta H to (0, 0.3) (6248 pts)


lambda_03/bar.xvg: 0.0 - 634.8; lambda = (0, 0.3)
    dH/dl & foreign lambdas:
        dH/dl (coul-lambda) (6349 pts)
        dH/dl (vdw-lambda) (6349 pts)
        delta H to (0, 0.2) (6349 pts)
        delta H to (0, 0.3) (6349 pts)
        delta H to (0, 0.4) (6349 pts)


lambda_04/bar.xvg: 0.0 - 633.8; lambda = (0, 0.4)
    dH/dl & foreign lambdas:
        dH/dl (coul-lambda) (6339 pts)
        dH/dl (vdw-lambda) (6339 pts)
        delta H to (0, 0.3) (6339 pts)
        delta H to (0, 0.4) (6339 pts)
        delta H to (0, 0.5) (6339 pts)


lambda_05/bar.xvg: 0.0 - 634.3; lambda = (0, 0.5)
    dH/dl & foreign lambdas:
        dH/dl (coul-lambda) (6344 pts)
        dH/dl (vdw-lambda) (6344 pts)
        delta H to (0, 0.4) (6344 pts)
        delta H to (0, 0.5) (6344 pts)
        delta H to (0, 0.55) (6344 pts)


lambda_06/bar.xvg: 0.0 - 632.4; lambda = (0, 0.55)
    dH/dl & foreign lambdas:
        dH/dl (coul-lambda) (6325 pts)
        dH/dl (vdw-lambda) (6325 pts)
        delta H to (0, 0.5) (6325 pts)
        delta H to (0, 0.55) (6325 pts)
        delta H to (0, 0.6) (6325 pts)


lambda_07/bar.xvg: 0.0 - 630.0; lambda = (0, 0.6)
    dH/dl & foreign lambdas:
        dH/dl (coul-lambda) (6301 pts)
        dH/dl (vdw-lambda) (6301 pts)
        delta H to (0, 0.55) (6301 pts)
        delta H to (0, 0.6) (6301 pts)
        delta H to (0, 0.65) (6301 pts)


lambda_08/bar.xvg: 0.0 - 627.4; lambda = (0, 0.65)
    dH/dl & foreign lambdas:
        dH/dl (coul-lambda) (6275 pts)
        dH/dl (vdw-lambda) (6275 pts)
        delta H to (0, 0.6) (6275 pts)
        delta H to (0, 0.65) (6275 pts)
        delta H to (0, 0.7) (6275 pts)


lambda_09/bar.xvg: 0.0 - 625.8; lambda = (0, 0.7)
    dH/dl & foreign lambdas:
        dH/dl (coul-lambda) (6259 pts)
        dH/dl (vdw-lambda) (6259 pts)
        delta H to (0, 0.65) (6259 pts)
        delta H to (0, 0.7) (6259 pts)
        delta H to (0, 0.75) (6259 pts)


lambda_10/bar.xvg: 0.0 - 623.7; lambda = (0, 0.75)
    dH/dl & foreign lambdas:
        dH/dl (coul-lambda) (6238 pts)
        dH/dl (vdw-lambda) (6238 pts)
        delta H to (0, 0.7) (6238 pts)
        delta H to (0, 0.75) (6238 pts)
        delta H to (0, 0.8) (6238 pts)


lambda_11/bar.xvg: 0.0 - 635.2; lambda = (0, 0.8)
    dH/dl & foreign lambdas:
        dH/dl (coul-lambda) (6353 pts)
        dH/dl (vdw-lambda) (6353 pts)
        delta H to (0, 0.75) (6353 pts)
        delta H to (0, 0.8) (6353 pts)
        delta H to (0, 0.85) (6353 pts)


lambda_12/bar.xvg: 0.0 - 634.2; lambda = (0, 0.85)
    dH/dl & foreign lambdas:
        dH/dl (coul-lambda) (6343 pts)
        dH/dl (vdw-lambda) (6343 pts)
        delta H to (0, 0.8) (6343 pts)
        delta H to (0, 0.85) (6343 pts)
        delta H to (0, 0.9) (6343 pts)


lambda_13/bar.xvg: 0.0 - 632.8; lambda = (0, 0.9)
    dH/dl & foreign lambdas:
        dH/dl (coul-lambda) (6329 pts)
        dH/dl (vdw-lambda) (6329 pts)
        delta H to (0, 0.85) (6329 pts)
        delta H to (0, 0.9) (6329 pts)
        delta H to (0, 0.95) (6329 pts)


lambda_14/bar.xvg: 0.0 - 631.9; lambda = (0, 0.95)
    dH/dl & foreign lambdas:
        dH/dl (coul-lambda) (6320 pts)
        dH/dl (vdw-lambda) (6320 pts)
        delta H to (0, 0.9) (6320 pts)
        delta H to (0, 0.95) (6320 pts)
        delta H to (0, 1) (6320 pts)


lambda_15/bar.xvg: 0.0 - 624.2; lambda = (0, 1)
    dH/dl & foreign lambdas:
        dH/dl (coul-lambda) (6243 pts)
        dH/dl (vdw-lambda) (6243 pts)
        delta H to (0, 0.95) (6243 pts)
        delta H to (0, 1) (6243 pts)
        delta H to (0.2, 1) (6243 pts)


lambda_16/bar.xvg: 0.0 - 623.2; lambda = (0.2, 1)
    dH/dl & foreign lambdas:
        dH/dl (coul-lambda) (6233 pts)
        dH/dl (vdw-lambda) (6233 pts)
        delta H to (0, 1) (6233 pts)
        delta H to (0.2, 1) (6233 pts)
        delta H to (0.4, 1) (6233 pts)


lambda_17/bar.xvg: 0.0 - 633.2; lambda = (0.4, 1)
    dH/dl & foreign lambdas:
        dH/dl (coul-lambda) (6333 pts)
        dH/dl (vdw-lambda) (6333 pts)
        delta H to (0.2, 1) (6333 pts)
        delta H to (0.4, 1) (6333 pts)
        delta H to (0.5, 1) (6333 pts)


lambda_18/bar.xvg: 0.0 - 630.1; lambda = (0.5, 1)
    dH/dl & foreign lambdas:
        dH/dl (coul-lambda) (6302 pts)
        dH/dl (vdw-lambda) (6302 pts)
        delta H to (0.4, 1) (6302 pts)
        delta H to (0.5, 1) (6302 pts)
        delta H to (0.6, 1) (6302 pts)


lambda_19/bar.xvg: 0.0 - 630.1; lambda = (0.6, 1)
    dH/dl & foreign lambdas:
        dH/dl (coul-lambda) (6302 pts)
        dH/dl (vdw-lambda) (6302 pts)
        delta H to (0.5, 1) (6302 pts)
        delta H to (0.6, 1) (6302 pts)
        delta H to (0.7, 1) (6302 pts)


lambda_20/bar.xvg: 0.0 - 630.0; lambda = (0.7, 1)
    dH/dl & foreign lambdas:
        dH/dl (coul-lambda) (6301 pts)
        dH/dl (vdw-lambda) (6301 pts)
        delta H to (0.6, 1) (6301 pts)
        delta H to (0.7, 1) (6301 pts)
        delta H to (0.8, 1) (6301 pts)


lambda_21/bar.xvg: 0.0 - 629.6; lambda = (0.8, 1)
    dH/dl & foreign lambdas:
        dH/dl (coul-lambda) (6297 pts)
        dH/dl (vdw-lambda) (6297 pts)
        delta H to (0.7, 1) (6297 pts)
        delta H to (0.8, 1) (6297 pts)
        delta H to (0.9, 1) (6297 pts)


lambda_22/bar.xvg: 0.0 - 630.1; lambda = (0.9, 1)
    dH/dl & foreign lambdas:
        dH/dl (coul-lambda) (6302 pts)
        dH/dl (vdw-lambda) (6302 pts)
        delta H to (0.8, 1) (6302 pts)
        delta H to (0.9, 1) (6302 pts)
        delta H to (1, 1) (6302 pts)


lambda_23/bar.xvg: 0.0 - 620.4; lambda = (1, 1)
    dH/dl & foreign lambdas:
        dH/dl (coul-lambda) (6205 pts)
        dH/dl (vdw-lambda) (6205 pts)
        delta H to (0.9, 1) (6205 pts)
        delta H to (1, 1) (6205 pts)



   Samples in time interval: 0.000 - 635.200
Removing samples outside of: 100.000 - 635.200

Temperature: 300 K

Detailed results in kT (see help for explanation):

 lam_A  lam_B      DG   +/-     s_A   +/-     s_B   +/-   stdev   +/- 
     0      1   -3.75  0.00    0.01  0.01    0.01  0.01    0.16  0.00
     1      2   -2.97  0.01    0.01  0.00    0.01  0.00    0.16  0.00
     2      3   -1.52  0.01    0.03  0.01    0.03  0.01    0.28  0.00
     3      4    1.07  0.02    0.18  0.03    0.20  0.03    0.63  0.01
     4      5    4.79  0.07    1.22  0.04    1.42  0.06    1.72  0.03
     5      6    3.01  0.06    1.21  0.06    1.11  0.06    1.65  0.01
     6      7    2.07  0.04    1.52  0.06    0.99  0.03    1.61  0.02
     7      8    1.32  0.04    1.07  0.05    0.73  0.04    1.30  0.02
     8      9    0.92  0.03    0.73  0.03    0.52  0.02    1.13  0.02
     9     10    0.67  0.03    0.71  0.03    0.50  0.02    1.07  0.02
    10     11    0.42  0.01    0.60  0.02    0.42  0.01    0.98  0.01
    11     12    0.23  0.01    0.51  0.01    0.35  0.01    0.90  0.00
    12     13    0.10  0.02    0.46  0.02    0.33  0.01    0.85  0.01
    13     14   -0.02  0.01    0.39  0.01    0.27  0.01    0.79  0.01
    14     15   -0.09  0.01    0.36  0.01    0.26  0.01    0.76  0.00
    15     16    0.02  0.00    0.01  0.00    0.01  0.00    0.12  0.00
    16     17    0.01  0.00    0.01  0.00    0.01  0.00    0.12  0.00
    17     18   -0.00  0.00    0.00  0.00    0.00  0.00    0.06  0.00
    18     19   -0.01  0.00    0.00  0.00    0.00  0.00    0.06  0.00
    19     20   -0.01  0.00    0.00  0.00    0.00  0.00    0.06  0.00
    20     21   -0.01  0.00    0.00  0.00    0.00  0.00    0.06  0.00
    21     22   -0.02  0.00    0.00  0.00    0.00  0.00    0.06  0.00
    22     23   -0.02  0.00    0.00  0.00    0.00  0.00    0.06  0.00


Final results in kJ/mol:

point      0 -      1,   DG -9.36 +/-  0.01
point      1 -      2,   DG -7.41 +/-  0.01
point      2 -      3,   DG -3.78 +/-  0.02
point      3 -      4,   DG  2.67 +/-  0.05
point      4 -      5,   DG 11.94 +/-  0.18
point      5 -      6,   DG  7.50 +/-  0.15
point      6 -      7,   DG  5.17 +/-  0.09
point      7 -      8,   DG  3.30 +/-  0.09
point      8 -      9,   DG  2.31 +/-  0.07
point      9 -     10,   DG  1.67 +/-  0.07
point     10 -     11,   DG  1.04 +/-  0.03
point     11 -     12,   DG  0.58 +/-  0.03
point     12 -     13,   DG  0.24 +/-  0.05
point     13 -     14,   DG -0.04 +/-  0.02
point     14 -     15,   DG -0.22 +/-  0.02
point     15 -     16,   DG  0.05 +/-  0.00
point     16 -     17,   DG  0.02 +/-  0.00
point     17 -     18,   DG -0.00 +/-  0.00
point     18 -     19,   DG -0.01 +/-  0.00
point     19 -     20,   DG -0.02 +/-  0.00
point     20 -     21,   DG -0.03 +/-  0.00
point     21 -     22,   DG -0.04 +/-  0.00
point     22 -     23,   DG -0.05 +/-  0.00

total      0 -     23,   DG 15.51 +/-  0.31

