lambda_00/bar.xvg: 0.0 - 825.6; lambda = (0, 0)
    dH/dl & foreign lambdas:
        dH/dl (coul-lambda) (8257 pts)
        dH/dl (vdw-lambda) (8257 pts)
        delta H to (0, 0) (8257 pts)
        delta H to (0, 0.1) (8257 pts)


lambda_01/bar.xvg: 0.0 - 837.7; lambda = (0, 0.1)
    dH/dl & foreign lambdas:
        dH/dl (coul-lambda) (8378 pts)
        dH/dl (vdw-lambda) (8378 pts)
        delta H to (0, 0) (8378 pts)
        delta H to (0, 0.1) (8378 pts)
        delta H to (0, 0.2) (8378 pts)


lambda_02/bar.xvg: 0.0 - 837.9; lambda = (0, 0.2)
    dH/dl & foreign lambdas:
        dH/dl (coul-lambda) (8380 pts)
        dH/dl (vdw-lambda) (8380 pts)
        delta H to (0, 0.1) (8380 pts)
        delta H to (0, 0.2) (8380 pts)
        delta H to (0, 0.3) (8380 pts)


lambda_03/bar.xvg: 0.0 - 838.5; lambda = (0, 0.3)
    dH/dl & foreign lambdas:
        dH/dl (coul-lambda) (8386 pts)
        dH/dl (vdw-lambda) (8386 pts)
        delta H to (0, 0.2) (8386 pts)
        delta H to (0, 0.3) (8386 pts)
        delta H to (0, 0.4) (8386 pts)


lambda_04/bar.xvg: 0.0 - 837.6; lambda = (0, 0.4)
    dH/dl & foreign lambdas:
        dH/dl (coul-lambda) (8377 pts)
        dH/dl (vdw-lambda) (8377 pts)
        delta H to (0, 0.3) (8377 pts)
        delta H to (0, 0.4) (8377 pts)
        delta H to (0, 0.5) (8377 pts)


lambda_05/bar.xvg: 0.0 - 838.1; lambda = (0, 0.5)
    dH/dl & foreign lambdas:
        dH/dl (coul-lambda) (8382 pts)
        dH/dl (vdw-lambda) (8382 pts)
        delta H to (0, 0.4) (8382 pts)
        delta H to (0, 0.5) (8382 pts)
        delta H to (0, 0.55) (8382 pts)


lambda_06/bar.xvg: 0.0 - 836.8; lambda = (0, 0.55)
    dH/dl & foreign lambdas:
        dH/dl (coul-lambda) (8369 pts)
        dH/dl (vdw-lambda) (8369 pts)
        delta H to (0, 0.5) (8369 pts)
        delta H to (0, 0.55) (8369 pts)
        delta H to (0, 0.6) (8369 pts)


lambda_07/bar.xvg: 0.0 - 835.2; lambda = (0, 0.6)
    dH/dl & foreign lambdas:
        dH/dl (coul-lambda) (8353 pts)
        dH/dl (vdw-lambda) (8353 pts)
        delta H to (0, 0.55) (8353 pts)
        delta H to (0, 0.6) (8353 pts)
        delta H to (0, 0.65) (8353 pts)


lambda_08/bar.xvg: 0.0 - 833.1; lambda = (0, 0.65)
    dH/dl & foreign lambdas:
        dH/dl (coul-lambda) (8332 pts)
        dH/dl (vdw-lambda) (8332 pts)
        delta H to (0, 0.6) (8332 pts)
        delta H to (0, 0.65) (8332 pts)
        delta H to (0, 0.7) (8332 pts)


lambda_09/bar.xvg: 0.0 - 831.5; lambda = (0, 0.7)
    dH/dl & foreign lambdas:
        dH/dl (coul-lambda) (8316 pts)
        dH/dl (vdw-lambda) (8316 pts)
        delta H to (0, 0.65) (8316 pts)
        delta H to (0, 0.7) (8316 pts)
        delta H to (0, 0.75) (8316 pts)


lambda_10/bar.xvg: 0.0 - 829.4; lambda = (0, 0.75)
    dH/dl & foreign lambdas:
        dH/dl (coul-lambda) (8295 pts)
        dH/dl (vdw-lambda) (8295 pts)
        delta H to (0, 0.7) (8295 pts)
        delta H to (0, 0.75) (8295 pts)
        delta H to (0, 0.8) (8295 pts)


lambda_11/bar.xvg: 0.0 - 827.9; lambda = (0, 0.8)
    dH/dl & foreign lambdas:
        dH/dl (coul-lambda) (8280 pts)
        dH/dl (vdw-lambda) (8280 pts)
        delta H to (0, 0.75) (8280 pts)
        delta H to (0, 0.8) (8280 pts)
        delta H to (0, 0.85) (8280 pts)


lambda_12/bar.xvg: 0.0 - 826.7; lambda = (0, 0.85)
    dH/dl & foreign lambdas:
        dH/dl (coul-lambda) (8268 pts)
        dH/dl (vdw-lambda) (8268 pts)
        delta H to (0, 0.8) (8268 pts)
        delta H to (0, 0.85) (8268 pts)
        delta H to (0, 0.9) (8268 pts)


lambda_13/bar.xvg: 0.0 - 839.0; lambda = (0, 0.9)
    dH/dl & foreign lambdas:
        dH/dl (coul-lambda) (8391 pts)
        dH/dl (vdw-lambda) (8391 pts)
        delta H to (0, 0.85) (8391 pts)
        delta H to (0, 0.9) (8391 pts)
        delta H to (0, 0.95) (8391 pts)


lambda_14/bar.xvg: 0.0 - 838.1; lambda = (0, 0.95)
    dH/dl & foreign lambdas:
        dH/dl (coul-lambda) (8382 pts)
        dH/dl (vdw-lambda) (8382 pts)
        delta H to (0, 0.9) (8382 pts)
        delta H to (0, 0.95) (8382 pts)
        delta H to (0, 1) (8382 pts)


lambda_15/bar.xvg: 0.0 - 837.8; lambda = (0, 1)
    dH/dl & foreign lambdas:
        dH/dl (coul-lambda) (8379 pts)
        dH/dl (vdw-lambda) (8379 pts)
        delta H to (0, 0.95) (8379 pts)
        delta H to (0, 1) (8379 pts)
        delta H to (0.2, 1) (8379 pts)


lambda_16/bar.xvg: 0.0 - 830.5; lambda = (0.2, 1)
    dH/dl & foreign lambdas:
        dH/dl (coul-lambda) (8306 pts)
        dH/dl (vdw-lambda) (8306 pts)
        delta H to (0, 1) (8306 pts)
        delta H to (0.2, 1) (8306 pts)
        delta H to (0.4, 1) (8306 pts)


lambda_17/bar.xvg: 0.0 - 833.8; lambda = (0.4, 1)
    dH/dl & foreign lambdas:
        dH/dl (coul-lambda) (8339 pts)
        dH/dl (vdw-lambda) (8339 pts)
        delta H to (0.2, 1) (8339 pts)
        delta H to (0.4, 1) (8339 pts)
        delta H to (0.5, 1) (8339 pts)


lambda_18/bar.xvg: 0.0 - 835.8; lambda = (0.5, 1)
    dH/dl & foreign lambdas:
        dH/dl (coul-lambda) (8359 pts)
        dH/dl (vdw-lambda) (8359 pts)
        delta H to (0.4, 1) (8359 pts)
        delta H to (0.5, 1) (8359 pts)
        delta H to (0.6, 1) (8359 pts)


lambda_19/bar.xvg: 0.0 - 837.7; lambda = (0.6, 1)
    dH/dl & foreign lambdas:
        dH/dl (coul-lambda) (8378 pts)
        dH/dl (vdw-lambda) (8378 pts)
        delta H to (0.5, 1) (8378 pts)
        delta H to (0.6, 1) (8378 pts)
        delta H to (0.7, 1) (8378 pts)


lambda_20/bar.xvg: 0.0 - 826.5; lambda = (0.7, 1)
    dH/dl & foreign lambdas:
        dH/dl (coul-lambda) (8266 pts)
        dH/dl (vdw-lambda) (8266 pts)
        delta H to (0.6, 1) (8266 pts)
        delta H to (0.7, 1) (8266 pts)
        delta H to (0.8, 1) (8266 pts)


lambda_21/bar.xvg: 0.0 - 828.2; lambda = (0.8, 1)
    dH/dl & foreign lambdas:
        dH/dl (coul-lambda) (8283 pts)
        dH/dl (vdw-lambda) (8283 pts)
        delta H to (0.7, 1) (8283 pts)
        delta H to (0.8, 1) (8283 pts)
        delta H to (0.9, 1) (8283 pts)


lambda_22/bar.xvg: 0.0 - 829.8; lambda = (0.9, 1)
    dH/dl & foreign lambdas:
        dH/dl (coul-lambda) (8299 pts)
        dH/dl (vdw-lambda) (8299 pts)
        delta H to (0.8, 1) (8299 pts)
        delta H to (0.9, 1) (8299 pts)
        delta H to (1, 1) (8299 pts)


lambda_23/bar.xvg: 0.0 - 833.7; lambda = (1, 1)
    dH/dl & foreign lambdas:
        dH/dl (coul-lambda) (8338 pts)
        dH/dl (vdw-lambda) (8338 pts)
        delta H to (0.9, 1) (8338 pts)
        delta H to (1, 1) (8338 pts)



   Samples in time interval: 0.000 - 839.000
Removing samples outside of: 100.000 - 839.000

Temperature: 300 K

Detailed results in kT (see help for explanation):

 lam_A  lam_B      DG   +/-     s_A   +/-     s_B   +/-   stdev   +/- 
     0      1   -6.83  0.01    0.02  0.01    0.02  0.01    0.24  0.00
     1      2   -5.39  0.01    0.03  0.01    0.03  0.01    0.24  0.00
     2      3   -2.72  0.01    0.07  0.01    0.07  0.01    0.38  0.01
     3      4    1.92  0.03    0.39  0.02    0.43  0.02    0.89  0.01
     4      5    8.34  0.07    2.40  0.08    2.80  0.09    2.63  0.05
     5      6    4.61  0.08    2.52  0.07    2.10  0.03    2.45  0.04
     6      7    2.90  0.03    2.22  0.08    1.52  0.02    2.06  0.03
     7      8    1.84  0.02    1.58  0.02    1.11  0.02    1.69  0.01
     8      9    1.18  0.03    1.27  0.02    0.89  0.02    1.50  0.02
     9     10    0.69  0.03    1.09  0.01    0.75  0.01    1.36  0.01
    10     11    0.33  0.02    0.92  0.02    0.65  0.02    1.23  0.01
    11     12    0.05  0.01    0.76  0.02    0.53  0.01    1.13  0.01
    12     13   -0.13  0.01    0.69  0.01    0.48  0.01    1.07  0.00
    13     14   -0.28  0.01    0.61  0.01    0.43  0.01    1.00  0.01
    14     15   -0.41  0.01    0.56  0.01    0.41  0.01    0.95  0.00
    15     16   -0.50  0.01    0.49  0.01    0.51  0.01    1.01  0.01
    16     17   -1.65  0.02    0.65  0.02    0.74  0.02    1.18  0.01
    17     18   -1.41  0.01    0.22  0.01    0.24  0.01    0.68  0.01
    18     19   -1.92  0.01    0.27  0.01    0.29  0.01    0.75  0.01
    19     20   -2.52  0.02    0.32  0.01    0.33  0.01    0.81  0.01
    20     21   -3.18  0.01    0.33  0.02    0.33  0.02    0.84  0.01
    21     22   -3.89  0.02    0.37  0.01    0.38  0.01    0.87  0.00
    22     23   -4.66  0.02    0.39  0.03    0.39  0.03    0.89  0.01


Final results in kJ/mol:

point      0 -      1,   DG -17.03 +/-  0.02
point      1 -      2,   DG -13.45 +/-  0.02
point      2 -      3,   DG -6.79 +/-  0.02
point      3 -      4,   DG  4.80 +/-  0.06
point      4 -      5,   DG 20.80 +/-  0.18
point      5 -      6,   DG 11.51 +/-  0.20
point      6 -      7,   DG  7.24 +/-  0.06
point      7 -      8,   DG  4.60 +/-  0.06
point      8 -      9,   DG  2.94 +/-  0.07
point      9 -     10,   DG  1.72 +/-  0.07
point     10 -     11,   DG  0.81 +/-  0.05
point     11 -     12,   DG  0.13 +/-  0.02
point     12 -     13,   DG -0.32 +/-  0.01
point     13 -     14,   DG -0.69 +/-  0.02
point     14 -     15,   DG -1.02 +/-  0.02
point     15 -     16,   DG -1.24 +/-  0.03
point     16 -     17,   DG -4.11 +/-  0.04
point     17 -     18,   DG -3.53 +/-  0.02
point     18 -     19,   DG -4.80 +/-  0.02
point     19 -     20,   DG -6.30 +/-  0.04
point     20 -     21,   DG -7.93 +/-  0.02
point     21 -     22,   DG -9.70 +/-  0.06
point     22 -     23,   DG -11.61 +/-  0.05

total      0 -     23,   DG -33.96 +/-  0.51

