lambda_00/bar.xvg: 0.0 - 873.5; lambda = (0, 0)
    dH/dl & foreign lambdas:
        dH/dl (coul-lambda) (8736 pts)
        dH/dl (vdw-lambda) (8736 pts)
        delta H to (0, 0) (8736 pts)
        delta H to (0, 0.1) (8736 pts)


lambda_01/bar.xvg: 0.0 - 877.7; lambda = (0, 0.1)
    dH/dl & foreign lambdas:
        dH/dl (coul-lambda) (8778 pts)
        dH/dl (vdw-lambda) (8778 pts)
        delta H to (0, 0) (8778 pts)
        delta H to (0, 0.1) (8778 pts)
        delta H to (0, 0.2) (8778 pts)


lambda_02/bar.xvg: 0.0 - 877.9; lambda = (0, 0.2)
    dH/dl & foreign lambdas:
        dH/dl (coul-lambda) (8780 pts)
        dH/dl (vdw-lambda) (8780 pts)
        delta H to (0, 0.1) (8780 pts)
        delta H to (0, 0.2) (8780 pts)
        delta H to (0, 0.3) (8780 pts)


lambda_03/bar.xvg: 0.0 - 879.2; lambda = (0, 0.3)
    dH/dl & foreign lambdas:
        dH/dl (coul-lambda) (8793 pts)
        dH/dl (vdw-lambda) (8793 pts)
        delta H to (0, 0.2) (8793 pts)
        delta H to (0, 0.3) (8793 pts)
        delta H to (0, 0.4) (8793 pts)


lambda_04/bar.xvg: 0.0 - 878.1; lambda = (0, 0.4)
    dH/dl & foreign lambdas:
        dH/dl (coul-lambda) (8782 pts)
        dH/dl (vdw-lambda) (8782 pts)
        delta H to (0, 0.3) (8782 pts)
        delta H to (0, 0.4) (8782 pts)
        delta H to (0, 0.5) (8782 pts)


lambda_05/bar.xvg: 0.0 - 878.2; lambda = (0, 0.5)
    dH/dl & foreign lambdas:
        dH/dl (coul-lambda) (8783 pts)
        dH/dl (vdw-lambda) (8783 pts)
        delta H to (0, 0.4) (8783 pts)
        delta H to (0, 0.5) (8783 pts)
        delta H to (0, 0.55) (8783 pts)


lambda_06/bar.xvg: 0.0 - 877.4; lambda = (0, 0.55)
    dH/dl & foreign lambdas:
        dH/dl (coul-lambda) (8775 pts)
        dH/dl (vdw-lambda) (8775 pts)
        delta H to (0, 0.5) (8775 pts)
        delta H to (0, 0.55) (8775 pts)
        delta H to (0, 0.6) (8775 pts)


lambda_07/bar.xvg: 0.0 - 876.0; lambda = (0, 0.6)
    dH/dl & foreign lambdas:
        dH/dl (coul-lambda) (8761 pts)
        dH/dl (vdw-lambda) (8761 pts)
        delta H to (0, 0.55) (8761 pts)
        delta H to (0, 0.6) (8761 pts)
        delta H to (0, 0.65) (8761 pts)


lambda_08/bar.xvg: 0.0 - 874.4; lambda = (0, 0.65)
    dH/dl & foreign lambdas:
        dH/dl (coul-lambda) (8745 pts)
        dH/dl (vdw-lambda) (8745 pts)
        delta H to (0, 0.6) (8745 pts)
        delta H to (0, 0.65) (8745 pts)
        delta H to (0, 0.7) (8745 pts)


lambda_09/bar.xvg: 0.0 - 872.2; lambda = (0, 0.7)
    dH/dl & foreign lambdas:
        dH/dl (coul-lambda) (8723 pts)
        dH/dl (vdw-lambda) (8723 pts)
        delta H to (0, 0.65) (8723 pts)
        delta H to (0, 0.7) (8723 pts)
        delta H to (0, 0.75) (8723 pts)


lambda_10/bar.xvg: 0.0 - 870.4; lambda = (0, 0.75)
    dH/dl & foreign lambdas:
        dH/dl (coul-lambda) (8705 pts)
        dH/dl (vdw-lambda) (8705 pts)
        delta H to (0, 0.7) (8705 pts)
        delta H to (0, 0.75) (8705 pts)
        delta H to (0, 0.8) (8705 pts)


lambda_11/bar.xvg: 0.0 - 868.8; lambda = (0, 0.8)
    dH/dl & foreign lambdas:
        dH/dl (coul-lambda) (8689 pts)
        dH/dl (vdw-lambda) (8689 pts)
        delta H to (0, 0.75) (8689 pts)
        delta H to (0, 0.8) (8689 pts)
        delta H to (0, 0.85) (8689 pts)


lambda_12/bar.xvg: 0.0 - 867.2; lambda = (0, 0.85)
    dH/dl & foreign lambdas:
        dH/dl (coul-lambda) (8673 pts)
        dH/dl (vdw-lambda) (8673 pts)
        delta H to (0, 0.8) (8673 pts)
        delta H to (0, 0.85) (8673 pts)
        delta H to (0, 0.9) (8673 pts)


lambda_13/bar.xvg: 0.0 - 879.4; lambda = (0, 0.9)
    dH/dl & foreign lambdas:
        dH/dl (coul-lambda) (8795 pts)
        dH/dl (vdw-lambda) (8795 pts)
        delta H to (0, 0.85) (8795 pts)
        delta H to (0, 0.9) (8795 pts)
        delta H to (0, 0.95) (8795 pts)


lambda_14/bar.xvg: 0.0 - 878.8; lambda = (0, 0.95)
    dH/dl & foreign lambdas:
        dH/dl (coul-lambda) (8789 pts)
        dH/dl (vdw-lambda) (8789 pts)
        delta H to (0, 0.9) (8789 pts)
        delta H to (0, 0.95) (8789 pts)
        delta H to (0, 1) (8789 pts)


lambda_15/bar.xvg: 0.0 - 878.0; lambda = (0, 1)
    dH/dl & foreign lambdas:
        dH/dl (coul-lambda) (8781 pts)
        dH/dl (vdw-lambda) (8781 pts)
        delta H to (0, 0.95) (8781 pts)
        delta H to (0, 1) (8781 pts)
        delta H to (0.2, 1) (8781 pts)


lambda_16/bar.xvg: 0.0 - 870.7; lambda = (0.2, 1)
    dH/dl & foreign lambdas:
        dH/dl (coul-lambda) (8708 pts)
        dH/dl (vdw-lambda) (8708 pts)
        delta H to (0, 1) (8708 pts)
        delta H to (0.2, 1) (8708 pts)
        delta H to (0.4, 1) (8708 pts)


lambda_17/bar.xvg: 0.0 - 874.2; lambda = (0.4, 1)
    dH/dl & foreign lambdas:
        dH/dl (coul-lambda) (8743 pts)
        dH/dl (vdw-lambda) (8743 pts)
        delta H to (0.2, 1) (8743 pts)
        delta H to (0.4, 1) (8743 pts)
        delta H to (0.5, 1) (8743 pts)


lambda_18/bar.xvg: 0.0 - 876.1; lambda = (0.5, 1)
    dH/dl & foreign lambdas:
        dH/dl (coul-lambda) (8762 pts)
        dH/dl (vdw-lambda) (8762 pts)
        delta H to (0.4, 1) (8762 pts)
        delta H to (0.5, 1) (8762 pts)
        delta H to (0.6, 1) (8762 pts)


lambda_19/bar.xvg: 0.0 - 878.2; lambda = (0.6, 1)
    dH/dl & foreign lambdas:
        dH/dl (coul-lambda) (8783 pts)
        dH/dl (vdw-lambda) (8783 pts)
        delta H to (0.5, 1) (8783 pts)
        delta H to (0.6, 1) (8783 pts)
        delta H to (0.7, 1) (8783 pts)


lambda_20/bar.xvg: 0.0 - 866.9; lambda = (0.7, 1)
    dH/dl & foreign lambdas:
        dH/dl (coul-lambda) (8670 pts)
        dH/dl (vdw-lambda) (8670 pts)
        delta H to (0.6, 1) (8670 pts)
        delta H to (0.7, 1) (8670 pts)
        delta H to (0.8, 1) (8670 pts)


lambda_21/bar.xvg: 0.0 - 868.7; lambda = (0.8, 1)
    dH/dl & foreign lambdas:
        dH/dl (coul-lambda) (8688 pts)
        dH/dl (vdw-lambda) (8688 pts)
        delta H to (0.7, 1) (8688 pts)
        delta H to (0.8, 1) (8688 pts)
        delta H to (0.9, 1) (8688 pts)


lambda_22/bar.xvg: 0.0 - 870.6; lambda = (0.9, 1)
    dH/dl & foreign lambdas:
        dH/dl (coul-lambda) (8707 pts)
        dH/dl (vdw-lambda) (8707 pts)
        delta H to (0.8, 1) (8707 pts)
        delta H to (0.9, 1) (8707 pts)
        delta H to (1, 1) (8707 pts)


lambda_23/bar.xvg: 0.0 - 866.6; lambda = (1, 1)
    dH/dl & foreign lambdas:
        dH/dl (coul-lambda) (8667 pts)
        dH/dl (vdw-lambda) (8667 pts)
        delta H to (0.9, 1) (8667 pts)
        delta H to (1, 1) (8667 pts)



   Samples in time interval: 0.000 - 879.400
Removing samples outside of: 100.000 - 879.400

Temperature: 300 K

Detailed results in kT (see help for explanation):

 lam_A  lam_B      DG   +/-     s_A   +/-     s_B   +/-   stdev   +/- 
     0      1   -7.29  0.01    0.02  0.01    0.02  0.01    0.24  0.00
     1      2   -5.76  0.00    0.03  0.00    0.03  0.00    0.24  0.00
     2      3   -2.92  0.01    0.07  0.00    0.07  0.00    0.38  0.00
     3      4    2.06  0.03    0.38  0.02    0.42  0.03    0.91  0.01
     4      5    8.81  0.13    2.73  0.03    3.21  0.09    2.89  0.03
     5      6    4.82  0.09    2.51  0.13    2.06  0.09    2.45  0.06
     6      7    3.18  0.07    2.40  0.15    1.66  0.08    2.19  0.08
     7      8    1.99  0.07    1.75  0.05    1.17  0.03    1.75  0.03
     8      9    1.29  0.04    1.40  0.06    0.98  0.04    1.55  0.03
     9     10    0.80  0.01    1.11  0.02    0.79  0.01    1.40  0.01
    10     11    0.42  0.01    1.01  0.02    0.70  0.01    1.30  0.01
    11     12    0.12  0.01    0.85  0.02    0.60  0.02    1.19  0.01
    12     13   -0.12  0.01    0.77  0.01    0.54  0.01    1.11  0.00
    13     14   -0.30  0.01    0.65  0.01    0.46  0.01    1.03  0.01
    14     15   -0.42  0.01    0.60  0.01    0.43  0.01    0.98  0.00
    15     16   -0.56  0.01    0.55  0.01    0.57  0.01    1.07  0.01
    16     17   -1.85  0.02    0.72  0.02    0.82  0.02    1.26  0.01
    17     18   -1.58  0.01    0.24  0.02    0.26  0.02    0.72  0.01
    18     19   -2.14  0.02    0.30  0.01    0.31  0.01    0.79  0.01
    19     20   -2.79  0.01    0.33  0.01    0.35  0.01    0.83  0.00
    20     21   -3.49  0.01    0.36  0.01    0.37  0.01    0.87  0.01
    21     22   -4.29  0.01    0.43  0.03    0.44  0.03    0.92  0.01
    22     23   -5.13  0.01    0.41  0.03    0.41  0.03    0.92  0.01


Final results in kJ/mol:

point      0 -      1,   DG -18.17 +/-  0.01
point      1 -      2,   DG -14.36 +/-  0.01
point      2 -      3,   DG -7.28 +/-  0.02
point      3 -      4,   DG  5.14 +/-  0.08
point      4 -      5,   DG 21.98 +/-  0.31
point      5 -      6,   DG 12.03 +/-  0.22
point      6 -      7,   DG  7.94 +/-  0.17
point      7 -      8,   DG  4.97 +/-  0.17
point      8 -      9,   DG  3.22 +/-  0.10
point      9 -     10,   DG  1.99 +/-  0.03
point     10 -     11,   DG  1.05 +/-  0.03
point     11 -     12,   DG  0.31 +/-  0.03
point     12 -     13,   DG -0.30 +/-  0.02
point     13 -     14,   DG -0.74 +/-  0.02
point     14 -     15,   DG -1.05 +/-  0.03
point     15 -     16,   DG -1.40 +/-  0.04
point     16 -     17,   DG -4.62 +/-  0.05
point     17 -     18,   DG -3.94 +/-  0.03
point     18 -     19,   DG -5.34 +/-  0.06
point     19 -     20,   DG -6.95 +/-  0.04
point     20 -     21,   DG -8.70 +/-  0.03
point     21 -     22,   DG -10.69 +/-  0.03
point     22 -     23,   DG -12.81 +/-  0.02

total      0 -     23,   DG -37.72 +/-  0.56

