lambda_00/bar.xvg: 0.0 - 889.2; lambda = (0, 0)
    dH/dl & foreign lambdas:
        dH/dl (coul-lambda) (8893 pts)
        dH/dl (vdw-lambda) (8893 pts)
        delta H to (0, 0) (8893 pts)
        delta H to (0, 0.1) (8893 pts)


lambda_01/bar.xvg: 0.0 - 891.0; lambda = (0, 0.1)
    dH/dl & foreign lambdas:
        dH/dl (coul-lambda) (8911 pts)
        dH/dl (vdw-lambda) (8911 pts)
        delta H to (0, 0) (8911 pts)
        delta H to (0, 0.1) (8911 pts)
        delta H to (0, 0.2) (8911 pts)


lambda_02/bar.xvg: 0.0 - 891.2; lambda = (0, 0.2)
    dH/dl & foreign lambdas:
        dH/dl (coul-lambda) (8913 pts)
        dH/dl (vdw-lambda) (8913 pts)
        delta H to (0, 0.1) (8913 pts)
        delta H to (0, 0.2) (8913 pts)
        delta H to (0, 0.3) (8913 pts)


lambda_03/bar.xvg: 0.0 - 892.5; lambda = (0, 0.3)
    dH/dl & foreign lambdas:
        dH/dl (coul-lambda) (8926 pts)
        dH/dl (vdw-lambda) (8926 pts)
        delta H to (0, 0.2) (8926 pts)
        delta H to (0, 0.3) (8926 pts)
        delta H to (0, 0.4) (8926 pts)


lambda_04/bar.xvg: 0.0 - 891.5; lambda = (0, 0.4)
    dH/dl & foreign lambdas:
        dH/dl (coul-lambda) (8916 pts)
        dH/dl (vdw-lambda) (8916 pts)
        delta H to (0, 0.3) (8916 pts)
        delta H to (0, 0.4) (8916 pts)
        delta H to (0, 0.5) (8916 pts)


lambda_05/bar.xvg: 0.0 - 892.0; lambda = (0, 0.5)
    dH/dl & foreign lambdas:
        dH/dl (coul-lambda) (8921 pts)
        dH/dl (vdw-lambda) (8921 pts)
        delta H to (0, 0.4) (8921 pts)
        delta H to (0, 0.5) (8921 pts)
        delta H to (0, 0.55) (8921 pts)


lambda_06/bar.xvg: 0.0 - 891.0; lambda = (0, 0.55)
    dH/dl & foreign lambdas:
        dH/dl (coul-lambda) (8911 pts)
        dH/dl (vdw-lambda) (8911 pts)
        delta H to (0, 0.5) (8911 pts)
        delta H to (0, 0.55) (8911 pts)
        delta H to (0, 0.6) (8911 pts)


lambda_07/bar.xvg: 0.0 - 889.5; lambda = (0, 0.6)
    dH/dl & foreign lambdas:
        dH/dl (coul-lambda) (8896 pts)
        dH/dl (vdw-lambda) (8896 pts)
        delta H to (0, 0.55) (8896 pts)
        delta H to (0, 0.6) (8896 pts)
        delta H to (0, 0.65) (8896 pts)


lambda_08/bar.xvg: 0.0 - 887.9; lambda = (0, 0.65)
    dH/dl & foreign lambdas:
        dH/dl (coul-lambda) (8880 pts)
        dH/dl (vdw-lambda) (8880 pts)
        delta H to (0, 0.6) (8880 pts)
        delta H to (0, 0.65) (8880 pts)
        delta H to (0, 0.7) (8880 pts)


lambda_09/bar.xvg: 0.0 - 887.2; lambda = (0, 0.7)
    dH/dl & foreign lambdas:
        dH/dl (coul-lambda) (8873 pts)
        dH/dl (vdw-lambda) (8873 pts)
        delta H to (0, 0.65) (8873 pts)
        delta H to (0, 0.7) (8873 pts)
        delta H to (0, 0.75) (8873 pts)


lambda_10/bar.xvg: 0.0 - 897.3; lambda = (0, 0.75)
    dH/dl & foreign lambdas:
        dH/dl (coul-lambda) (8974 pts)
        dH/dl (vdw-lambda) (8974 pts)
        delta H to (0, 0.7) (8974 pts)
        delta H to (0, 0.75) (8974 pts)
        delta H to (0, 0.8) (8974 pts)


lambda_11/bar.xvg: 0.0 - 895.7; lambda = (0, 0.8)
    dH/dl & foreign lambdas:
        dH/dl (coul-lambda) (8958 pts)
        dH/dl (vdw-lambda) (8958 pts)
        delta H to (0, 0.75) (8958 pts)
        delta H to (0, 0.8) (8958 pts)
        delta H to (0, 0.85) (8958 pts)


lambda_12/bar.xvg: 0.0 - 894.5; lambda = (0, 0.85)
    dH/dl & foreign lambdas:
        dH/dl (coul-lambda) (8946 pts)
        dH/dl (vdw-lambda) (8946 pts)
        delta H to (0, 0.8) (8946 pts)
        delta H to (0, 0.85) (8946 pts)
        delta H to (0, 0.9) (8946 pts)


lambda_13/bar.xvg: 0.0 - 892.8; lambda = (0, 0.9)
    dH/dl & foreign lambdas:
        dH/dl (coul-lambda) (8929 pts)
        dH/dl (vdw-lambda) (8929 pts)
        delta H to (0, 0.85) (8929 pts)
        delta H to (0, 0.9) (8929 pts)
        delta H to (0, 0.95) (8929 pts)


lambda_14/bar.xvg: 0.0 - 892.0; lambda = (0, 0.95)
    dH/dl & foreign lambdas:
        dH/dl (coul-lambda) (8921 pts)
        dH/dl (vdw-lambda) (8921 pts)
        delta H to (0, 0.9) (8921 pts)
        delta H to (0, 0.95) (8921 pts)
        delta H to (0, 1) (8921 pts)


lambda_15/bar.xvg: 0.0 - 891.7; lambda = (0, 1)
    dH/dl & foreign lambdas:
        dH/dl (coul-lambda) (8918 pts)
        dH/dl (vdw-lambda) (8918 pts)
        delta H to (0, 0.95) (8918 pts)
        delta H to (0, 1) (8918 pts)
        delta H to (0.2, 1) (8918 pts)


lambda_16/bar.xvg: 0.0 - 896.6; lambda = (0.2, 1)
    dH/dl & foreign lambdas:
        dH/dl (coul-lambda) (8967 pts)
        dH/dl (vdw-lambda) (8967 pts)
        delta H to (0, 1) (8967 pts)
        delta H to (0.2, 1) (8967 pts)
        delta H to (0.4, 1) (8967 pts)


lambda_17/bar.xvg: 0.0 - 887.2; lambda = (0.4, 1)
    dH/dl & foreign lambdas:
        dH/dl (coul-lambda) (8873 pts)
        dH/dl (vdw-lambda) (8873 pts)
        delta H to (0.2, 1) (8873 pts)
        delta H to (0.4, 1) (8873 pts)
        delta H to (0.5, 1) (8873 pts)


lambda_18/bar.xvg: 0.0 - 889.4; lambda = (0.5, 1)
    dH/dl & foreign lambdas:
        dH/dl (coul-lambda) (8895 pts)
        dH/dl (vdw-lambda) (8895 pts)
        delta H to (0.4, 1) (8895 pts)
        delta H to (0.5, 1) (8895 pts)
        delta H to (0.6, 1) (8895 pts)


lambda_19/bar.xvg: 0.0 - 891.1; lambda = (0.6, 1)
    dH/dl & foreign lambdas:
        dH/dl (coul-lambda) (8912 pts)
        dH/dl (vdw-lambda) (8912 pts)
        delta H to (0.5, 1) (8912 pts)
        delta H to (0.6, 1) (8912 pts)
        delta H to (0.7, 1) (8912 pts)


lambda_20/bar.xvg: 0.0 - 893.0; lambda = (0.7, 1)
    dH/dl & foreign lambdas:
        dH/dl (coul-lambda) (8931 pts)
        dH/dl (vdw-lambda) (8931 pts)
        delta H to (0.6, 1) (8931 pts)
        delta H to (0.7, 1) (8931 pts)
        delta H to (0.8, 1) (8931 pts)


lambda_21/bar.xvg: 0.0 - 895.1; lambda = (0.8, 1)
    dH/dl & foreign lambdas:
        dH/dl (coul-lambda) (8952 pts)
        dH/dl (vdw-lambda) (8952 pts)
        delta H to (0.7, 1) (8952 pts)
        delta H to (0.8, 1) (8952 pts)
        delta H to (0.9, 1) (8952 pts)


lambda_22/bar.xvg: 0.0 - 896.9; lambda = (0.9, 1)
    dH/dl & foreign lambdas:
        dH/dl (coul-lambda) (8970 pts)
        dH/dl (vdw-lambda) (8970 pts)
        delta H to (0.8, 1) (8970 pts)
        delta H to (0.9, 1) (8970 pts)
        delta H to (1, 1) (8970 pts)


lambda_23/bar.xvg: 0.0 - 887.2; lambda = (1, 1)
    dH/dl & foreign lambdas:
        dH/dl (coul-lambda) (8873 pts)
        dH/dl (vdw-lambda) (8873 pts)
        delta H to (0.9, 1) (8873 pts)
        delta H to (1, 1) (8873 pts)



   Samples in time interval: 0.000 - 897.300
Removing samples outside of: 100.000 - 897.300

Temperature: 300 K

Detailed results in kT (see help for explanation):

 lam_A  lam_B      DG   +/-     s_A   +/-     s_B   +/-   stdev   +/- 
     0      1   -7.28  0.01    0.03  0.01    0.03  0.01    0.24  0.00
     1      2   -5.77  0.01    0.03  0.01    0.03  0.01    0.24  0.00
     2      3   -2.94  0.01    0.07  0.01    0.07  0.01    0.39  0.00
     3      4    2.07  0.02    0.35  0.04    0.38  0.04    0.89  0.02
     4      5    9.04  0.07    2.62  0.10    3.13  0.16    2.87  0.09
     5      6    5.07  0.08    2.55  0.07    2.23  0.10    2.49  0.06
     6      7    3.25  0.06    2.45  0.08    1.60  0.05    2.22  0.04
     7      8    2.10  0.03    1.83  0.06    1.24  0.03    1.82  0.02
     8      9    1.35  0.02    1.40  0.02    0.97  0.01    1.57  0.01
     9     10    0.83  0.03    1.19  0.02    0.83  0.01    1.43  0.01
    10     11    0.44  0.03    1.00  0.02    0.70  0.01    1.30  0.02
    11     12    0.15  0.02    0.86  0.02    0.59  0.01    1.20  0.01
    12     13   -0.07  0.01    0.79  0.01    0.55  0.01    1.14  0.01
    13     14   -0.28  0.01    0.69  0.01    0.48  0.01    1.06  0.01
    14     15   -0.43  0.01    0.61  0.00    0.43  0.00    0.99  0.00
    15     16   -0.49  0.02    0.53  0.01    0.55  0.02    1.03  0.01
    16     17   -1.70  0.01    0.66  0.03    0.75  0.03    1.20  0.01
    17     18   -1.46  0.01    0.23  0.01    0.25  0.01    0.69  0.01
    18     19   -1.96  0.01    0.25  0.01    0.27  0.01    0.75  0.00
    19     20   -2.54  0.02    0.32  0.01    0.33  0.01    0.81  0.01
    20     21   -3.21  0.03    0.34  0.01    0.35  0.01    0.84  0.01
    21     22   -3.97  0.03    0.42  0.01    0.43  0.01    0.90  0.01
    22     23   -4.79  0.02    0.39  0.01    0.39  0.02    0.91  0.01


Final results in kJ/mol:

point      0 -      1,   DG -18.16 +/-  0.02
point      1 -      2,   DG -14.39 +/-  0.02
point      2 -      3,   DG -7.32 +/-  0.02
point      3 -      4,   DG  5.17 +/-  0.05
point      4 -      5,   DG 22.56 +/-  0.18
point      5 -      6,   DG 12.66 +/-  0.21
point      6 -      7,   DG  8.11 +/-  0.14
point      7 -      8,   DG  5.25 +/-  0.06
point      8 -      9,   DG  3.37 +/-  0.05
point      9 -     10,   DG  2.08 +/-  0.07
point     10 -     11,   DG  1.10 +/-  0.07
point     11 -     12,   DG  0.38 +/-  0.04
point     12 -     13,   DG -0.17 +/-  0.02
point     13 -     14,   DG -0.70 +/-  0.02
point     14 -     15,   DG -1.08 +/-  0.03
point     15 -     16,   DG -1.21 +/-  0.05
point     16 -     17,   DG -4.23 +/-  0.03
point     17 -     18,   DG -3.64 +/-  0.03
point     18 -     19,   DG -4.89 +/-  0.03
point     19 -     20,   DG -6.34 +/-  0.05
point     20 -     21,   DG -8.00 +/-  0.07
point     21 -     22,   DG -9.90 +/-  0.07
point     22 -     23,   DG -11.95 +/-  0.05

total      0 -     23,   DG -31.31 +/-  0.58

